현재 road 878 junction 95 / 시험 road 912 junction 98
같은 id·같은 지오메트리 0 / 같은 id 다른 지오메트리 828 / 사라진 id 50 / 새 id 84
  새 id 범위: [1998, 1999, 2000, 2001, 2002] ... [2077, 2078, 2079, 2080, 2081]
  다른 지오메트리 예시(최대 20): [(1170, 124.68, 152.98, 292.62, '-1', '-1'), (1171, 14.58, 96.1, 786.01, '-1', '-1'), (1172, 119.06, 2.52, 360.97, '-1', '-1'), (1173, 109.9, 100.8, 344.18, '-1', '-1'), (1174, 17.26, 52.96, 190.77, '-1', '-1'), (1175, 73.39, 10.46, 213.47, '-1', '-1'), (1176, 137.84, 58.93, 196.5, '-1', '-1'), (1177, 108.01, 60.04, 158.31, '-1', '-1'), (1178, 294.89, 20.31, 230.29, '-1', '-1'), (1179, 140.04, 32.18, 440.77, '-1', '-1'), (1180, 44.73, 63.07, 370.57, '-1', '-1'), (1181, 0.2, 81.12, 306.47, '-1', '-1'), (1182, 73.47, 143.24, 264.86, '-1', '-1'), (1183, 0.2, 88.1, 284.18, '-1', '-1'), (1184, 75.94, 20.14, 443.22, '-1', '-1'), (1185, 52.06, 73.9, 484.84, '-1', '-1'), (1186, 82.99, 12.99, 417.22, '-1', '-1'), (1187, 70.59, 57.85, 280.14, '-1', '-1'), (1188, 62.56, 3.06, 269.99, '-1', '-1'), (1189, 0.2, 82.6, 295.41, '-1', '-1')]
[legacy] 15 road 중 유지 0, 변경 [1247, 1914, 1356, 1917, 1355, 1446, 1172, 1428, 1240, 1695, 1239, 1426, 1238, 1564, 1278]
[north] 17 road 중 유지 0, 변경 [1247, 1914, 1356, 1917, 1355, 1447, 1373, 1673, 1374, 1591, 1375, 1689, 1376, 1625, 1377, 1640, 1378]
[south] 15 road 중 유지 0, 변경 [1247, 1914, 1356, 1917, 1355, 1446, 1172, 1428, 1240, 1695, 1239, 1426, 1238, 1563, 1237]
[middle] 19 road 중 유지 0, 변경 [1247, 1914, 1356, 1917, 1355, 1447, 1373, 1673, 1374, 1592, 1283, 1617, 1284, 1606, 1285, 1597, 1286, 1838, 1327]
  r1446: 변경/없음
  r1428: 변경/없음
  r1564: 변경/없음
  r1592: 변경/없음
  r1838: 변경/없음
  r1333: 변경/없음
  r1327: 변경/없음
  r1278: 변경/없음
  r1378: 변경/없음
  r1237: 변경/없음
junction 연결 목록까지 같은 것 0/95, 달라진 것 [1, 2, 3, 5, 6, 7, 8, 9, 10, 11, 12, 13, 14, 16, 18, 19, 20, 21, 22, 23, 24, 25, 27, 28, 29, 30, 31, 32, 33, 34, 35, 36, 37, 38, 39, 40, 41, 42, 43, 44, 45, 46, 47, 48, 49, 50, 51, 52, 53, 54, 57, 58, 59, 60, 61, 62, 63, 64, 65, 66, 67, 68, 69, 70, 71, 72, 73, 74, 76, 77, 78, 79, 80, 81, 82, 84, 85, 86, 87, 88, 90, 91, 93, 94, 95, 96, 100, 101, 102, 103, 105, 106, 107, 108, 109], 새 junction [4, 15, 26, 55, 56, 75, 83, 89, 92, 97, 98, 99, 104, 110, 111, 112, 113, 114]

road1333(시험): 변경 | 정문에서 도달: True
정문에서 도달 가능한 최근접 차선 -> 후문B 경계횡단점: road1442 s=2.0 거리 1.2m (현재 맵 217.2m)
  경로: [1247, 1864, 1381, 1841, 1275, 1883, 1274, 1977, 1415, 1981, 1271, 1925, 1171, 1442]

새 road 반경 (회전 30°이상 또는 R2min<9):
  r1999 j1 len 9.89 회전 -126.8/-180.0 평균R 4.47 R2min 1.94 
  r2000 j112 len 9.89 회전 -126.8/180.0 평균R 4.47 R2min 1.94 
  r2002 j99 len 10.44 회전 93.6/98.7 평균R 6.39 R2min 3.54 
  r2004 j99 len 10.87 회전 -85.7/-80.6 평균R 7.27 R2min 4.21 
  r2005 j99 len 10.87 회전 85.7/80.6 평균R 7.27 R2min 4.19 
  r2007 j99 len 12.91 회전 -94.2/-94.3 평균R 7.85 R2min 5.23 
  r2008 j99 len 12.91 회전 94.2/94.3 평균R 7.85 R2min 5.23 
  r2010 j99 len 13.33 회전 -86.4/-86.4 평균R 8.85 R2min 6.37 
  r2011 j99 len 9.89 회전 -126.8/180.0 평균R 4.47 R2min 1.94 
  r2012 j99 len 13.33 회전 86.4/86.4 평균R 8.85 R2min 6.36 
  r2014 j99 len 10.44 회전 -93.5/-98.7 평균R 6.4 R2min 3.54 
  r2015 j99 len 9.89 회전 -126.8/-180.0 평균R 4.47 R2min 1.94 
  r2016 j21 len 29.91 회전 59.5/59.6 평균R 28.78 R2min 22.23 
  r2018 j21 len 52.6 회전 -170.9/-173.2 평균R 17.64 R2min 0.89 
  r2019 j21 len 52.6 회전 170.9/173.2 평균R 17.64 R2min 0.9 
  r2020 j21 len 43.94 회전 50.4/52.8 평균R 49.93 R2min 36.38 
  r2022 j21 len 9.89 회전 -126.8/-180.0 평균R 4.47 R2min 1.94 
  r2025 j21 len 16.81 회전 -120.3/-120.3 평균R 8.01 R2min 3.63 
  r2026 j21 len 16.81 회전 120.3/120.3 평균R 8.01 R2min 3.63 
  r2027 j21 len 43.94 회전 -50.4/-52.8 평균R 49.92 R2min 36.38 
  r2028 j21 len 29.91 회전 -59.6/-59.6 평균R 28.77 R2min 22.23 
  r2030 j13 len 34.36 회전 -84.6/-85.1 평균R 23.28 R2min 3.31 
  r2031 j13 len 54.71 회전 -166.8/-166.8 평균R 18.79 R2min 1.15 
  r2032 j13 len 54.71 회전 166.8/166.8 평균R 18.79 R2min 1.16 
  r2034 j13 len 36.51 회전 -91.7/-98.3 평균R 22.82 R2min 1.48 
  r2035 j13 len 36.51 회전 98.1/98.3 평균R 21.32 R2min 1.34 
  r2036 j13 len 34.36 회전 85.1/85.1 평균R 23.14 R2min 3.0 
  r2037 j13 len 13.62 회전 -84.2/-84.3 평균R 9.27 R2min 6.33 
  r2038 j13 len 13.62 회전 84.2/84.3 평균R 9.26 R2min 6.32 
  r2041 j13 len 9.89 회전 -126.8/-180.0 평균R 4.47 R2min 1.94 
  r2042 j36 len 15.63 회전 86.8/86.8 평균R 10.32 R2min 6.1 
  r2044 j36 len 12.59 회전 -91.5/-91.6 평균R 7.88 R2min 5.41 
  r2045 j36 len 9.89 회전 -126.8/-180.0 평균R 4.47 R2min 1.94 
  r2046 j36 len 12.59 회전 91.5/91.6 평균R 7.88 R2min 5.41 
  r2048 j36 len 12.41 회전 -87.2/-86.5 평균R 8.16 R2min 5.82 
  r2049 j36 len 9.89 회전 -126.8/180.0 평균R 4.47 R2min 1.94 
  r2050 j36 len 12.41 회전 87.2/86.5 평균R 8.15 R2min 5.82 
  r2052 j36 len 8.93 회전 -94.4/-95.2 평균R 5.42 R2min 2.59 
  r2053 j36 len 9.89 회전 -126.8/180.0 평균R 4.47 R2min 1.94 
  r2054 j36 len 8.93 회전 94.3/95.1 평균R 5.43 R2min 2.59 
  r2056 j36 len 15.63 회전 -86.8/-86.8 평균R 10.31 R2min 6.12 
  r2058 j51 len 29.62 회전 -64.1/-64.2 평균R 26.49 R2min 8.84 
  r2059 j51 len 18.43 회전 -125.0/-123.9 평균R 8.44 R2min 3.46 
  r2060 j51 len 18.43 회전 125.1/123.9 평균R 8.44 R2min 3.45 
  r2061 j51 len 30.4 회전 -50.7/-55.0 평균R 34.37 R2min 26.24 
  r2062 j51 len 27.85 회전 -119.0/-120.3 평균R 13.41 R2min 5.84 
  r2063 j51 len 9.89 회전 -126.8/180.0 평균R 4.47 R2min 1.94 
  r2064 j51 len 27.87 회전 119.1/120.4 평균R 13.41 R2min 5.84 
  r2065 j51 len 29.62 회전 64.2/64.2 평균R 26.42 R2min 8.75 
  r2066 j51 len 15.28 회전 -111.5/-114.6 평균R 7.85 R2min 4.16 
  r2067 j51 len 15.29 회전 111.6/114.7 평균R 7.85 R2min 4.16 
  r2068 j51 len 30.4 회전 50.7/55.0 평균R 34.38 R2min 26.24 
  r2070 j5 len 25.27 회전 87.8/88.0 평균R 16.49 R2min 4.58 
  r2072 j5 len 13.32 회전 -79.5/-79.5 평균R 9.6 R2min 6.63 
  r2073 j5 len 13.32 회전 79.5/79.5 평균R 9.6 R2min 6.63 
  r2074 j5 len 23.67 회전 -12.8/-12.5 평균R 105.98 R2min 4.81 
  r2075 j5 len 25.9 회전 -101.5/-101.5 평균R 14.62 R2min 4.64 
  r2076 j5 len 25.9 회전 101.3/101.5 평균R 14.65 R2min 4.63 
  r2078 j5 len 12.52 회전 -90.9/-90.9 평균R 7.89 R2min 5.46 
  r2079 j5 len 12.52 회전 90.9/90.9 평균R 7.89 R2min 5.46 
  r2080 j5 len 23.67 회전 12.1/12.5 평균R 111.62 R2min 4.83 
  r2081 j5 len 25.27 회전 -88.0/-88.0 평균R 16.45 R2min 4.58 
경로 위 새 road: []
경로 위 모든 road 중 평균R<9(회전>=30):  [(1864, '4.47'), (1841, '7.92'), (1442, '4.47')]
