road1247 junction -1 len 152.98 laneOffset []
    ('center', '0', 'none', None)
    ('right', '-1', 'driving', ('3.35', '0', '0', '0'))
    ('right', '-2', 'sidewalk', ('2.80', '0', '0', '0'))
    CARLA lane-1 폭 3.35 | 오른쪽 이웃 Sidewalk 폭 2.8 | 왼쪽 이웃 None
road1356 junction -1 len 37.05 laneOffset []
    ('center', '0', 'none', None)
    ('right', '-1', 'driving', ('3.35', '0', '0', '0'))
    ('right', '-2', 'sidewalk', ('2.80', '0', '0', '0'))
    CARLA lane-1 폭 3.35 | 오른쪽 이웃 Sidewalk 폭 2.8 | 왼쪽 이웃 None
road1917 junction 107 len 2.97 laneOffset []
    ('center', '0', 'none', None)
    ('right', '-1', 'driving', ('3.35', '0.00', '0.00', '0.00'))
    ('right', '-2', 'sidewalk', ('2.80', '0.00', '0.00', '0.00'))
    CARLA lane-1 폭 3.35 | 오른쪽 이웃 Sidewalk 폭 2.8 | 왼쪽 이웃 None
road1355 junction -1 len 56.07 laneOffset []
    ('center', '0', 'none', None)
    ('right', '-1', 'driving', ('3.35', '0', '0', '0'))
    ('right', '-2', 'sidewalk', ('2.80', '0', '0', '0'))
    CARLA lane-1 폭 3.35 | 오른쪽 이웃 Sidewalk 폭 2.8 | 왼쪽 이웃 None
road1914 junction 1 len 4.29 laneOffset []
    ('center', '0', 'none', None)
    ('right', '-1', 'driving', ('3.35', '0.00', '0.00', '0.00'))
    ('right', '-2', 'sidewalk', ('2.80', '0.00', '0.00', '0.00'))
    CARLA lane-1 폭 3.35 | 오른쪽 이웃 Sidewalk 폭 2.8 | 왼쪽 이웃 None
차량: 차량 bbox 반길이 1.8527 반폭 0.8943, 연석선 t=-3.35

침범 tick 상세 (north)
  t=0.05 road1247 s=0.00 junc=False lat -0.00 폭 3.35 corner_off 1 steer +0.00 speed 0.00 yaw 87.2 center_on_sidewalk False
  t=0.10 road1247 s=0.00 junc=False lat -0.00 폭 3.35 corner_off 1 steer +0.00 speed 0.00 yaw 87.2 center_on_sidewalk False
  t=0.15 road1247 s=0.00 junc=False lat -0.00 폭 3.35 corner_off 1 steer +0.00 speed 0.00 yaw 87.2 center_on_sidewalk False
  t=0.20 road1247 s=0.00 junc=False lat -0.00 폭 3.35 corner_off 1 steer +0.00 speed 0.00 yaw 87.2 center_on_sidewalk False
  t=0.25 road1247 s=0.00 junc=False lat -0.00 폭 3.35 corner_off 1 steer +0.00 speed 0.00 yaw 87.2 center_on_sidewalk False
  t=0.30 road1247 s=0.00 junc=False lat -0.00 폭 3.35 corner_off 1 steer +0.00 speed 0.00 yaw 87.2 center_on_sidewalk False
  t=0.35 road1247 s=0.00 junc=False lat -0.00 폭 3.35 corner_off 1 steer +0.00 speed 0.00 yaw 87.2 center_on_sidewalk False
  t=0.40 road1247 s=0.00 junc=False lat -0.00 폭 3.35 corner_off 1 steer +0.00 speed 0.00 yaw 87.2 center_on_sidewalk False
  t=0.45 road1247 s=0.00 junc=False lat -0.00 폭 3.35 corner_off 1 steer +0.00 speed 0.00 yaw 87.2 center_on_sidewalk False
  t=0.50 road1247 s=0.00 junc=False lat -0.00 폭 3.35 corner_off 1 steer +0.00 speed 0.00 yaw 87.2 center_on_sidewalk False
  t=0.55 road1247 s=0.00 junc=False lat -0.00 폭 3.35 corner_off 1 steer +0.00 speed 0.00 yaw 87.2 center_on_sidewalk False
  t=0.60 road1247 s=0.00 junc=False lat -0.00 폭 3.35 corner_off 1 steer +0.00 speed 0.00 yaw 87.2 center_on_sidewalk False
  t=0.65 road1247 s=0.00 junc=False lat -0.00 폭 3.35 corner_off 1 steer +0.00 speed 0.00 yaw 87.2 center_on_sidewalk False
  t=0.70 road1247 s=0.00 junc=False lat -0.00 폭 3.35 corner_off 1 steer +0.00 speed 0.00 yaw 87.2 center_on_sidewalk False
  t=0.75 road1247 s=0.00 junc=False lat -0.00 폭 3.35 corner_off 1 steer +0.00 speed 0.00 yaw 87.2 center_on_sidewalk False
  t=0.80 road1247 s=0.01 junc=False lat -0.00 폭 3.35 corner_off 1 steer +0.00 speed 0.34 yaw 87.2 center_on_sidewalk False
  t=0.85 road1247 s=0.04 junc=False lat -0.00 폭 3.35 corner_off 1 steer +0.00 speed 0.94 yaw 87.2 center_on_sidewalk False
  t=0.90 road1247 s=0.10 junc=False lat -0.00 폭 3.35 corner_off 1 steer +0.00 speed 1.28 yaw 87.2 center_on_sidewalk False
  t=0.95 road1247 s=0.17 junc=False lat +0.00 폭 3.35 corner_off 1 steer +0.00 speed 1.44 yaw 87.2 center_on_sidewalk False
  t=1.00 road1247 s=0.25 junc=False lat -0.00 폭 3.35 corner_off 1 steer +0.00 speed 1.49 yaw 87.2 center_on_sidewalk False
  t=1.05 road1247 s=0.32 junc=False lat +0.00 폭 3.35 corner_off 1 steer -0.00 speed 1.57 yaw 87.2 center_on_sidewalk False
  t=1.10 road1247 s=0.41 junc=False lat +0.00 폭 3.35 corner_off 1 steer +0.00 speed 1.67 yaw 87.2 center_on_sidewalk False
  t=39.10 road1356 s=33.91 junc=False lat +0.47 폭 3.35 corner_off 1 steer +0.05 speed 5.03 yaw 39.5 center_on_sidewalk True
  t=39.15 road1356 s=34.16 junc=False lat +0.52 폭 3.35 corner_off 1 steer +0.04 speed 5.02 yaw 39.8 center_on_sidewalk True
  t=39.20 road1356 s=34.40 junc=False lat +0.57 폭 3.35 corner_off 1 steer +0.04 speed 4.92 yaw 40.1 center_on_sidewalk True
  t=39.90 road1917 s=2.00 junc=True lat +0.37 폭 3.35 corner_off 1 steer -0.02 speed 4.89 yaw 40.0 center_on_sidewalk False
  t=39.95 road1917 s=2.22 junc=True lat +0.26 폭 3.35 corner_off 1 steer -0.02 speed 5.00 yaw 39.9 center_on_sidewalk False
  t=40.00 road1917 s=2.45 junc=True lat +0.14 폭 3.35 corner_off 1 steer -0.02 speed 5.09 yaw 39.7 center_on_sidewalk False

== 인도 조회 대상 lane 식별 ==
t=0.05 center: sidewalk None driving (1247, -1, 0.0)
t=39.05 center: sidewalk (1916, -2, 5.57) driving (1356, -1, 33.67)
t=39.10 center: sidewalk (1916, -2, 5.66) driving (1356, -1, 33.91)
t=39.15 center: sidewalk (1916, -2, 5.75) driving (1356, -1, 34.16)
t=39.20 center: sidewalk (1916, -2, 5.85) driving (1356, -1, 34.41)
t=39.25 center: sidewalk (1916, -2, 5.93) driving (1356, -1, 34.63)
t=39.30 center: sidewalk (1916, -2, 6.0) driving (1356, -1, 34.85)
t=39.35 center: sidewalk (1916, -2, 6.0) driving (1356, -1, 35.04)
t=39.40 center: sidewalk (1916, -2, 6.0) driving (1356, -1, 35.22)
t=39.45 center: sidewalk (1916, -2, 6.0) driving (1356, -1, 35.42)
t=39.50 center: sidewalk (1916, -2, 6.0) driving (1356, -1, 35.61)
t=39.55 center: sidewalk (1916, -2, 6.0) driving (1356, -1, 35.82)
t=39.60 center: sidewalk (1916, -2, 6.23) driving (1356, -1, 36.03)
t=39.65 center: sidewalk (1916, -2, 6.38) driving (1917, -1, 0.98)
t=39.70 center: sidewalk None driving (1917, -1, 1.17)
t=39.75 center: sidewalk None driving (1917, -1, 1.37)
t=39.80 center: sidewalk None driving (1917, -1, 1.57)
t=39.85 center: sidewalk None driving (1917, -1, 1.78)
t=39.90 center: sidewalk None driving (1917, -1, 2.0)
t=39.95 center: sidewalk None driving (1917, -1, 2.22)
t=40.00 center: sidewalk None driving (1917, -1, 2.45)
t=40.05 center: sidewalk None driving (1917, -1, 2.68)

== j107 앞뒤 접선 ==
road1356 s=37.04 yaw 29.04 pos (310.05,-933.87)
road1917 s=0.01 yaw 66.90 pos (309.34,-934.66)
road1917 s=2.96 yaw 66.90 pos (310.50,-931.95)
road1355 s=0.01 yaw 35.98 pos (311.07,-931.23)
road1914 s=0.01 yaw 36.76 pos (275.45,-956.53)
road1914 s=4.28 yaw 39.19 pos (278.58,-953.74)
road1247 s=152.97 yaw 36.74 pos (275.43,-956.55)
road1356 s=0.01 yaw 39.17 pos (278.59,-953.73)
road1247 s=0 이전: [(1380, 8.9, True)]
spawn 근처: []
