
[legacy] 15 road (road, junction, 회전 체인/끝점/앞뒤접선, 평균R, R2min@s, 직전 road 길이, 주행)
  r1247 j-1 회전 -50.5/-50.5/- 평균R 173.65 R2min 10.28@95.5 직전 0.0m | 통과 진입 0.1km/h 최대lat -0.92m 차선밖 0tick *
  r1914 j1 회전 2.4/2.4/2.4 평균R 101.01 R2min 14.0@1.0 직전 153.0m | 통과 진입 20.7km/h 최대lat +0.17m 차선밖 0tick
  r1356 j-1 회전 -10.1/-10.1/- 평균R 209.6 R2min 13.11@12.0 직전 4.3m | 통과 진입 16.6km/h 최대lat +0.92m 차선밖 0tick
  r1917 j107 회전 0.0/0.0/6.9 평균R 1000000.0 R2min 1000000.0@1.0 직전 37.1m | 통과 진입 19.5km/h 최대lat +0.79m 차선밖 0tick
  r1355 j-1 회전 -0.2/-0.2/- 평균R 1000000.0 R2min 255.78@51.5 직전 3.0m | 통과 진입 15.6km/h 최대lat +0.68m 차선밖 0tick
  r1446 j42 회전 78.4/78.8/78.8 평균R 10.12 R2min 7.4@5.0 직전 56.1m | 통과 진입 19.1km/h 최대lat +1.73m 차선밖 11tick *
  r1172 j-1 회전 0.1/0.1/- 평균R 1000000.0 R2min 3492.15@40.0 직전 13.9m | 통과 진입 20.5km/h 최대lat +1.07m 차선밖 0tick
  r1428 j10 회전 -68.1/-68.6/-68.6 평균R 11.9 R2min 6.48@1.5 직전 119.1m | 통과 진입 19.0km/h 최대lat -1.39m 차선밖 0tick *
  r1240 j-1 회전 -1.4/-1.4/- 평균R 6102.57 R2min 20.88@120.0 직전 14.2m | 통과 진입 18.1km/h 최대lat -0.68m 차선밖 0tick
  r1695 j60 회전 4.8/4.8/4.8 평균R 179.8 R2min 67.16@8.5 직전 149.5m | 통과 진입 19.0km/h 최대lat +0.16m 차선밖 0tick
  r1239 j-1 회전 -17.0/-17.0/- 평균R 171.11 R2min 28.28@23.0 직전 15.1m | 통과 진입 19.0km/h 최대lat -0.36m 차선밖 0tick
  r1426 j84 회전 -5.5/-5.5/-5.5 평균R 181.34 R2min 62.98@7.5 직전 50.6m | 통과 진입 19.1km/h 최대lat -0.19m 차선밖 0tick
  r1238 j-1 회전 0.0/0.0/- 평균R 1000000.0 R2min 1000000.0@1.0 직전 17.4m | 통과 진입 16.9km/h 최대lat -0.53m 차선밖 0tick
  r1564 j36 회전 -82.0/-82.4/-82.4 평균R 9.02 R2min 6.42@4.5 직전 34.4m | 통과 진입 22.2km/h 최대lat -1.64m 차선밖 0tick *
  r1278 j-1 회전 0.0/0.0/- 평균R 1000000.0 R2min 501.05@44.5 직전 13.0m | 미통과 진입 14.6km/h 최대lat -1.04m 차선밖 0tick

[north] 17 road (road, junction, 회전 체인/끝점/앞뒤접선, 평균R, R2min@s, 직전 road 길이, 주행)
  r1247 j-1 회전 -50.5/-50.5/- 평균R 173.65 R2min 10.28@95.5 직전 0.0m | 통과 진입 0.0km/h 최대lat -0.95m 차선밖 0tick *
  r1914 j1 회전 2.4/2.4/2.4 평균R 101.01 R2min 14.0@1.0 직전 153.0m | 통과 진입 14.6km/h 최대lat +0.18m 차선밖 0tick
  r1356 j-1 회전 -10.1/-10.1/- 평균R 209.6 R2min 13.11@12.0 직전 4.3m | 통과 진입 19.3km/h 최대lat +0.92m 차선밖 0tick
  r1917 j107 회전 0.0/0.0/6.9 평균R 1000000.0 R2min 1000000.0@1.0 직전 37.1m | 통과 진입 15.8km/h 최대lat +0.90m 차선밖 0tick
  r1355 j-1 회전 -0.2/-0.2/- 평균R 1000000.0 R2min 255.78@51.5 직전 3.0m | 통과 진입 18.6km/h 최대lat -0.33m 차선밖 0tick
  r1447 j42 회전 0.0/0.0/0.0 평균R 1000000.0 R2min 42428.66@8.0 직전 56.1m | 통과 진입 14.8km/h 최대lat +0.00m 차선밖 0tick
  r1373 j-1 회전 -0.0/-0.0/- 평균R 1000000.0 R2min 57657.37@12.0 직전 16.3m | 통과 진입 22.4km/h 최대lat +0.00m 차선밖 0tick
  r1673 j58 회전 0.0/0.0/0.0 평균R 1000000.0 R2min 61682.73@7.5 직전 60.1m | 통과 진입 18.8km/h 최대lat -0.00m 차선밖 0tick
  r1374 j-1 회전 -0.4/-0.4/- 평균R 1000000.0 R2min 792.18@49.0 직전 15.3m | 통과 진입 18.9km/h 최대lat -0.01m 차선밖 0tick
  r1591 j44 회전 -0.0/-0.0/-0.0 평균R 1000000.0 R2min 14646.27@8.0 직전 81.7m | 통과 진입 18.9km/h 최대lat +0.03m 차선밖 0tick
  r1375 j-1 회전 0.0/0.0/- 평균R 1000000.0 R2min 1000000.0@1.0 직전 15.4m | 통과 진입 18.6km/h 최대lat +0.02m 차선밖 0tick
  r1689 j59 회전 -0.0/-0.0/-0.0 평균R 1000000.0 R2min 50065.82@8.0 직전 4.0m | 통과 진입 17.9km/h 최대lat +0.02m 차선밖 0tick
  r1376 j-1 회전 0.0/0.0/- 평균R 1000000.0 R2min 1000000.0@1.0 직전 15.3m | 통과 진입 14.7km/h 최대lat +0.00m 차선밖 0tick
  r1625 j47 회전 -0.0/-0.0/-0.0 평균R 1000000.0 R2min 12196.3@7.5 직전 15.1m | 통과 진입 19.6km/h 최대lat +0.00m 차선밖 0tick
  r1377 j-1 회전 0.0/0.0/- 평균R 1000000.0 R2min 11803.34@22.5 직전 15.3m | 통과 진입 15.0km/h 최대lat +0.00m 차선밖 0tick
  r1640 j51 회전 0.0/0.0/0.0 평균R 1000000.0 R2min 70185.72@7.5 직전 37.7m | 통과 진입 21.0km/h 최대lat +0.00m 차선밖 0tick
  r1378 j-1 회전 -101.5/-101.5/- 평균R 124.77 R2min 1.05@158.0 직전 15.3m | 미통과 진입 17.8km/h 최대lat +0.01m 차선밖 0tick *

[south] 15 road (road, junction, 회전 체인/끝점/앞뒤접선, 평균R, R2min@s, 직전 road 길이, 주행)
  r1247 j-1 회전 -50.5/-50.5/- 평균R 173.65 R2min 10.28@95.5 직전 0.0m | 통과 진입 0.0km/h 최대lat -0.94m 차선밖 0tick *
  r1914 j1 회전 2.4/2.4/2.4 평균R 101.01 R2min 14.0@1.0 직전 153.0m | 통과 진입 14.6km/h 최대lat +0.18m 차선밖 0tick
  r1356 j-1 회전 -10.1/-10.1/- 평균R 209.6 R2min 13.11@12.0 직전 4.3m | 통과 진입 19.4km/h 최대lat +0.95m 차선밖 0tick
  r1917 j107 회전 0.0/0.0/6.9 평균R 1000000.0 R2min 1000000.0@1.0 직전 37.1m | 통과 진입 15.8km/h 최대lat +0.86m 차선밖 0tick
  r1355 j-1 회전 -0.2/-0.2/- 평균R 1000000.0 R2min 255.78@51.5 직전 3.0m | 통과 진입 18.4km/h 최대lat +0.64m 차선밖 0tick
  r1446 j42 회전 78.4/78.8/78.8 평균R 10.12 R2min 7.4@5.0 직전 56.1m | 통과 진입 14.4km/h 최대lat +1.77m 차선밖 10tick *
  r1172 j-1 회전 0.1/0.1/- 평균R 1000000.0 R2min 3492.15@40.0 직전 13.9m | 통과 진입 14.8km/h 최대lat +1.19m 차선밖 0tick
  r1428 j10 회전 -68.1/-68.6/-68.6 평균R 11.9 R2min 6.48@1.5 직전 119.1m | 통과 진입 19.2km/h 최대lat -1.39m 차선밖 0tick *
  r1240 j-1 회전 -1.4/-1.4/- 평균R 6102.57 R2min 20.88@120.0 직전 14.2m | 통과 진입 18.3km/h 최대lat -0.65m 차선밖 0tick
  r1695 j60 회전 4.8/4.8/4.8 평균R 179.8 R2min 67.16@8.5 직전 149.5m | 통과 진입 22.2km/h 최대lat +0.15m 차선밖 0tick
  r1239 j-1 회전 -17.0/-17.0/- 평균R 171.11 R2min 28.28@23.0 직전 15.1m | 통과 진입 17.0km/h 최대lat -0.35m 차선밖 0tick
  r1426 j84 회전 -5.5/-5.5/-5.5 평균R 181.34 R2min 62.98@7.5 직전 50.6m | 통과 진입 18.7km/h 최대lat -0.19m 차선밖 0tick
  r1238 j-1 회전 0.0/0.0/- 평균R 1000000.0 R2min 1000000.0@1.0 직전 17.4m | 통과 진입 19.5km/h 최대lat -0.04m 차선밖 0tick
  r1563 j36 회전 -0.0/-0.0/-0.0 평균R 1000000.0 R2min 50614.14@7.5 직전 34.4m | 통과 진입 23.0km/h 최대lat +0.02m 차선밖 0tick
  r1237 j-1 회전 2.9/2.9/- 평균R 2591.47 R2min 46.72@108.0 직전 15.4m | 미통과 진입 16.6km/h 최대lat +0.00m 차선밖 0tick

[middle] 19 road (road, junction, 회전 체인/끝점/앞뒤접선, 평균R, R2min@s, 직전 road 길이, 주행)
  r1247 j-1 회전 -50.5/-50.5/- 평균R 173.65 R2min 10.28@95.5 직전 0.0m | 통과 진입 0.0km/h 최대lat -0.94m 차선밖 0tick *
  r1914 j1 회전 2.4/2.4/2.4 평균R 101.01 R2min 14.0@1.0 직전 153.0m | 통과 진입 18.0km/h 최대lat +0.18m 차선밖 0tick
  r1356 j-1 회전 -10.1/-10.1/- 평균R 209.6 R2min 13.11@12.0 직전 4.3m | 통과 진입 19.1km/h 최대lat +0.93m 차선밖 0tick
  r1917 j107 회전 0.0/0.0/6.9 평균R 1000000.0 R2min 1000000.0@1.0 직전 37.1m | 통과 진입 15.2km/h 최대lat +0.85m 차선밖 0tick
  r1355 j-1 회전 -0.2/-0.2/- 평균R 1000000.0 R2min 255.78@51.5 직전 3.0m | 통과 진입 17.9km/h 최대lat -0.34m 차선밖 0tick
  r1447 j42 회전 0.0/0.0/0.0 평균R 1000000.0 R2min 42428.66@8.0 직전 56.1m | 통과 진입 21.6km/h 최대lat -0.00m 차선밖 0tick
  r1373 j-1 회전 -0.0/-0.0/- 평균R 1000000.0 R2min 57657.37@12.0 직전 16.3m | 통과 진입 19.4km/h 최대lat +0.00m 차선밖 0tick
  r1673 j58 회전 0.0/0.0/0.0 평균R 1000000.0 R2min 61682.73@7.5 직전 60.1m | 통과 진입 16.3km/h 최대lat -0.00m 차선밖 0tick
  r1374 j-1 회전 -0.4/-0.4/- 평균R 1000000.0 R2min 792.18@49.0 직전 15.3m | 통과 진입 21.8km/h 최대lat -0.40m 차선밖 0tick
  r1592 j44 회전 -97.2/-97.6/-97.8 평균R 7.82 R2min 5.02@6.5 직전 81.7m | 미통과 진입 18.9km/h 최대lat -1.91m 차선밖 19tick *
  r1283 j-1 회전 -0.3/-0.3/- 평균R 1000000.0 R2min 383.39@1.0 직전 13.3m | 미도달
  r1617 j43 회전 0.1/0.1/0.2 평균R 1000000.0 R2min 2296.25@8.0 직전 6.7m | 미도달
  r1284 j-1 회전 6.3/6.3/- 평균R 287.95 R2min 77.42@10.0 직전 15.5m | 미도달
  r1606 j45 회전 4.1/4.1/3.8 평균R 208.58 R2min 81.75@7.5 직전 31.8m | 미도달
  r1285 j-1 회전 1.0/1.0/- 평균R 4223.55 R2min 130.83@60.0 직전 14.9m | 미도달
  r1597 j46 회전 23.5/23.5/23.5 평균R 43.91 R2min 12.45@6.5 직전 73.5m | 미도달
  r1286 j-1 회전 83.4/83.4/- 평균R 10.33 R2min 1.29@9.5 직전 18.0m | 미도달 *
  r1838 j48 회전 -71.4/-82.7/-82.9 평균R 5.73 R2min 1.5@1.0 직전 15.0m | 미도달 *
  r1327 j-1 회전 -45.6/-45.6/- 평균R 94.78 R2min 11.3@12.5 직전 8.3m | 미도달 *
