옛 878 중 지오메트리 일치(비용<0.05) 871, 불일치 7
불일치 상위: [(0.63, 1220, 1274), (0.63, 1898, 1978), (1.25, 1349, 1408), (7.59, 1327, 1382), (7.59, 1840, 1908), (15.18, 1199, 1250), (243.76, 1333, 1392)]
id 차이(trial-old) 분포 상위: [(62, 459), (84, 99), (55, 79), (51, 78), (77, 48), (54, 29)]
[legacy] 지오메트리 전부 유지 / 새 id [1301, 1998, 1417, 2001, 1416, 1508, 1223, 1490, 1294, 1757, 1293, 1488, 1292, 1626, 1333]
[north] 지오메트리 전부 유지 / 새 id [1301, 1998, 1417, 2001, 1416, 1509, 1434, 1735, 1435, 1653, 1436, 1751, 1437, 1687, 1438, 1702, 1439]
[south] 지오메트리 전부 유지 / 새 id [1301, 1998, 1417, 2001, 1416, 1508, 1223, 1490, 1294, 1757, 1293, 1488, 1292, 1625, 1291]
[middle] 지오메트리 일부 변경 / 새 id [1301, 1998, 1417, 2001, 1416, 1509, 1434, 1735, 1435, 1654, 1338, 1679, 1339, 1668, 1340, 1659, 1341, 1900, 1382]
  r1446 -> 시험 r1508 (비용 0.000)
  r1428 -> 시험 r1490 (비용 0.000)
  r1564 -> 시험 r1626 (비용 0.000)
  r1592 -> 시험 r1654 (비용 0.000)
  r1838 -> 시험 r1900 (비용 0.000)
  r1333 -> 시험 r1392 (비용 243.762)
  r1327 -> 시험 r1382 (비용 7.592)
  r1237 -> 시험 r1291 (비용 0.000)
  r1378 -> 시험 r1439 (비용 0.000)
  r1278 -> 시험 r1333 (비용 0.000)

시험 맵 정문 출발 road: r1301 (옛 1247 -> 시험 r1301)
옛 road1333(시험 r1392) 정문에서 도달: False
정문에서 도달 가능한 최근접 차선 -> 후문B 경계횡단점: 시험 r1442 s=2.0 거리 1.2m (현재 맵 217.2m)
  경로(시험 id, 괄호=옛 id 또는 new): ['1301(1247)', '1998(1914)', '1417(1356)', '2001(1917)', '1416(1355)', '1508(1446)', '1223(1172)', '1490(1428)', '1294(1240)', '1757(1695)', '1293(1239)', '1488(1426)', '1292(1238)', '1625(1563)', '1291(1237)', '1481(1419)', '1273(1219)', '1851(1789)', '1272(1218)', '1643(1581)', '1277(1223)', '1633(1571)', '1276(1222)', '1845(1783)', '1275(1221)', '1883(1821)', '1274(new)', '1977(new)', '1415(new)', '1981(new)', '1271(new)', '1925(new)', '1171(new)', '1442(new)']
  경로 길이 약 1443m
  경로 위 커브(회전>=30 또는 R2min<9) (시험id, 옛id, 회전, 평균R, R2min): [(1301, 1247, '-50.5', '173.65', '10.28'), (1508, 1446, '78.8', '10.12', '7.4'), (1490, 1428, '-68.6', '11.9', '6.48'), (1977, 'new', '35.8', '10.95', '5.25'), (1415, 'new', '-89.0', '11.51', '3.22'), (1981, 'new', '51.3', '9.3', '8.43'), (1442, 'new', '-126.8', '4.47', '1.94')]
  남문 road1237(시험 r1291) 경유: True
  남문 경유 경로 길이 약 1443m, 커브: [(1301, 1247, '-50.5', '173.65'), (1508, 1446, '78.8', '10.12'), (1490, 1428, '-68.6', '11.9'), (1977, 'new', '35.8', '10.95'), (1415, 'new', '-89.0', '11.51'), (1981, 'new', '51.3', '9.3'), (1442, 'new', '-126.8', '4.47')]
  남문 경유 경로: ['1301(1247)', '1998(1914)', '1417(1356)', '2001(1917)', '1416(1355)', '1508(1446)', '1223(1172)', '1490(1428)', '1294(1240)', '1757(1695)', '1293(1239)', '1488(1426)', '1292(1238)', '1625(1563)', '1291(1237)', '1481(1419)', '1273(1219)', '1851(1789)', '1272(1218)', '1643(1581)', '1277(1223)', '1633(1571)', '1276(1222)', '1845(1783)', '1275(1221)', '1883(1821)', '1274(new)', '1977(new)', '1415(new)', '1981(new)', '1271(new)', '1925(new)', '1171(new)', '1442(new)']

중문: 옛 road1327(시험 r1382) 끝 next -> [(1908, 'new'), (1907, 'new'), (1906, 'new')]
