graph nodes 877 edges 1281
#1 694m 19 road, 최소 평균R 5.73(r1838) | 급커브 [(1592, -98, 7.8), (1286, 83, 10.3), (1838, -83, 5.7)]
    [1247, 1914, 1356, 1917, 1355, 1447, 1373, 1673, 1374, 1592, 1283, 1617, 1284, 1606, 1285, 1597, 1286, 1838, 1327]
#2 777m 23 road, 최소 평균R 5.73(r1838) | 급커브 [(1672, 90, 7.9), (1299, -92, 77.8), (1681, -85, 8.4), (1686, -93, 7.9), (1589, 82, 9.0), (1286, 83, 10.3), (1838, -83, 5.7)]
    [1247, 1914, 1356, 1917, 1355, 1447, 1373, 1672, 1299, 1681, 1300, 1686, 1243, 1589, 1283, 1617, 1284, 1606, 1285, 1597, 1286, 1838, 1327]
#3 782m 27 road, 최소 평균R 4.47(r1676) | 급커브 [(1688, 93, 7.9), (1676, -127, 4.5), (1686, -93, 7.9), (1589, 82, 9.0), (1286, 83, 10.3), (1838, -83, 5.7)]
    [1247, 1914, 1356, 1917, 1355, 1447, 1373, 1673, 1374, 1591, 1375, 1688, 1171, 1676, 1300, 1686, 1243, 1589, 1283, 1617, 1284, 1606, 1285, 1597, 1286, 1838, 1327]
#4 807m 19 road, 최소 평균R 5.73(r1838) | 급커브 [(1592, -98, 7.8), (1607, -88, 7.9), (1158, -154, 72.5), (1601, -90, 7.9), (1286, 83, 10.3), (1838, -83, 5.7)]
    [1247, 1914, 1356, 1917, 1355, 1447, 1373, 1673, 1374, 1592, 1283, 1617, 1284, 1607, 1158, 1601, 1286, 1838, 1327]
#5 815m 23 road, 최소 평균R 7.89(r1641) | 급커브 [(1641, -91, 7.9), (1630, -36, 19.3), (1162, 32, 76.2), (1835, 75, 8.5)]
    [1247, 1914, 1356, 1917, 1355, 1447, 1373, 1673, 1374, 1591, 1375, 1689, 1376, 1625, 1377, 1641, 1163, 1630, 1162, 1985, 1161, 1835, 1327]
#6 834m 25 road, 최소 평균R 7.89(r1641) | 급커브 [(1641, -91, 7.9), (1629, 54, 12.3), (1895, -100, 10.7), (1981, 64, 26.4), (1835, 75, 8.5)]
    [1247, 1914, 1356, 1917, 1355, 1447, 1373, 1673, 1374, 1591, 1375, 1689, 1376, 1625, 1377, 1641, 1163, 1629, 1213, 1895, 1379, 1981, 1161, 1835, 1327]
#7 843m 27 road, 최소 평균R 4.47(r1588) | 급커브 [(1626, -91, 7.9), (1159, -175, 20.3), (1588, -127, 4.5), (1286, 83, 10.3), (1838, -83, 5.7)]
    [1247, 1914, 1356, 1917, 1355, 1447, 1373, 1673, 1374, 1591, 1375, 1689, 1376, 1626, 1159, 1614, 1155, 1588, 1283, 1617, 1284, 1606, 1285, 1597, 1286, 1838, 1327]
#8 849m 27 road, 최소 평균R 4.47(r1618) | 급커브 [(1592, -98, 7.8), (1618, -127, 4.5), (1587, -82, 9.0), (1641, -91, 7.9), (1630, -36, 19.3), (1162, 32, 76.2), (1835, 75, 8.5)]
    [1247, 1914, 1356, 1917, 1355, 1447, 1373, 1673, 1374, 1592, 1283, 1618, 1155, 1587, 1375, 1689, 1376, 1625, 1377, 1641, 1163, 1630, 1162, 1985, 1161, 1835, 1327]
#9 858m 23 road, 최소 평균R 5.73(r1838) | 급커브 [(1626, -91, 7.9), (1159, -175, 20.3), (1613, 168, 26.0), (1286, 83, 10.3), (1838, -83, 5.7)]
    [1247, 1914, 1356, 1917, 1355, 1447, 1373, 1673, 1374, 1591, 1375, 1689, 1376, 1626, 1159, 1613, 1284, 1606, 1285, 1597, 1286, 1838, 1327]
#10 860m 27 road, 최소 평균R 4.47(r1596) | 급커브 [(1641, -91, 7.9), (1630, -36, 19.3), (1162, 32, 76.2), (1160, -83, 10.3), (1596, -127, 4.5), (1286, 83, 10.3), (1838, -83, 5.7)]
    [1247, 1914, 1356, 1917, 1355, 1447, 1373, 1673, 1374, 1591, 1375, 1689, 1376, 1625, 1377, 1641, 1163, 1630, 1162, 1985, 1161, 1836, 1160, 1596, 1286, 1838, 1327]
#11 860m 23 road, 최소 평균R 7.89(r1641) | 급커브 [(1672, 90, 7.9), (1299, -92, 77.8), (1681, -85, 8.4), (1685, 87, 8.4), (1641, -91, 7.9), (1630, -36, 19.3), (1162, 32, 76.2), (1835, 75, 8.5)]
    [1247, 1914, 1356, 1917, 1355, 1447, 1373, 1672, 1299, 1681, 1300, 1685, 1376, 1625, 1377, 1641, 1163, 1630, 1162, 1985, 1161, 1835, 1327]
#12 864m 27 road, 최소 평균R 4.47(r1676) | 급커브 [(1688, 93, 7.9), (1676, -127, 4.5), (1685, 87, 8.4), (1641, -91, 7.9), (1630, -36, 19.3), (1162, 32, 76.2), (1835, 75, 8.5)]
    [1247, 1914, 1356, 1917, 1355, 1447, 1373, 1673, 1374, 1591, 1375, 1688, 1171, 1676, 1300, 1685, 1376, 1625, 1377, 1641, 1163, 1630, 1162, 1985, 1161, 1835, 1327]
#13 866m 23 road, 최소 평균R 7.82(r1592) | 급커브 [(1592, -98, 7.8), (1288, 175, 20.3), (1620, -89, 8.0), (1641, -91, 7.9), (1630, -36, 19.3), (1162, 32, 76.2), (1835, 75, 8.5)]
    [1247, 1914, 1356, 1917, 1355, 1447, 1373, 1673, 1374, 1592, 1283, 1616, 1288, 1620, 1377, 1641, 1163, 1630, 1162, 1985, 1161, 1835, 1327]
#14 868m 29 road, 최소 평균R 4.47(r1618) | 급커브 [(1592, -98, 7.8), (1618, -127, 4.5), (1587, -82, 9.0), (1641, -91, 7.9), (1629, 54, 12.3), (1895, -100, 10.7), (1981, 64, 26.4), (1835, 75, 8.5)]
    [1247, 1914, 1356, 1917, 1355, 1447, 1373, 1673, 1374, 1592, 1283, 1618, 1155, 1587, 1375, 1689, 1376, 1625, 1377, 1641, 1163, 1629, 1213, 1895, 1379, 1981, 1161, 1835, 1327]
#15 878m 29 road, 최소 평균R 4.47(r1596) | 급커브 [(1641, -91, 7.9), (1629, 54, 12.3), (1895, -100, 10.7), (1981, 64, 26.4), (1160, -83, 10.3), (1596, -127, 4.5), (1286, 83, 10.3), (1838, -83, 5.7)]
    [1247, 1914, 1356, 1917, 1355, 1447, 1373, 1673, 1374, 1591, 1375, 1689, 1376, 1625, 1377, 1641, 1163, 1629, 1213, 1895, 1379, 1981, 1161, 1836, 1160, 1596, 1286, 1838, 1327]
#16 879m 25 road, 최소 평균R 7.89(r1641) | 급커브 [(1672, 90, 7.9), (1299, -92, 77.8), (1681, -85, 8.4), (1685, 87, 8.4), (1641, -91, 7.9), (1629, 54, 12.3), (1895, -100, 10.7), (1981, 64, 26.4), (1835, 75, 8.5)]
    [1247, 1914, 1356, 1917, 1355, 1447, 1373, 1672, 1299, 1681, 1300, 1685, 1376, 1625, 1377, 1641, 1163, 1629, 1213, 1895, 1379, 1981, 1161, 1835, 1327]
#17 883m 29 road, 최소 평균R 4.47(r1676) | 급커브 [(1688, 93, 7.9), (1676, -127, 4.5), (1685, 87, 8.4), (1641, -91, 7.9), (1629, 54, 12.3), (1895, -100, 10.7), (1981, 64, 26.4), (1835, 75, 8.5)]
    [1247, 1914, 1356, 1917, 1355, 1447, 1373, 1673, 1374, 1591, 1375, 1688, 1171, 1676, 1300, 1685, 1376, 1625, 1377, 1641, 1163, 1629, 1213, 1895, 1379, 1981, 1161, 1835, 1327]
#18 885m 25 road, 최소 평균R 7.82(r1592) | 급커브 [(1592, -98, 7.8), (1288, 175, 20.3), (1620, -89, 8.0), (1641, -91, 7.9), (1629, 54, 12.3), (1895, -100, 10.7), (1981, 64, 26.4), (1835, 75, 8.5)]
    [1247, 1914, 1356, 1917, 1355, 1447, 1373, 1673, 1374, 1592, 1283, 1616, 1288, 1620, 1377, 1641, 1163, 1629, 1213, 1895, 1379, 1981, 1161, 1835, 1327]
#19 888m 27 road, 최소 평균R 4.47(r1588) | 급커브 [(1672, 90, 7.9), (1299, -92, 77.8), (1681, -85, 8.4), (1685, 87, 8.4), (1626, -91, 7.9), (1159, -175, 20.3), (1588, -127, 4.5), (1286, 83, 10.3), (1838, -83, 5.7)]
    [1247, 1914, 1356, 1917, 1355, 1447, 1373, 1672, 1299, 1681, 1300, 1685, 1376, 1626, 1159, 1614, 1155, 1588, 1283, 1617, 1284, 1606, 1285, 1597, 1286, 1838, 1327]
#20 890m 23 road, 최소 평균R 5.73(r1838) | 급커브 [(1672, 90, 7.9), (1299, -92, 77.8), (1681, -85, 8.4), (1686, -93, 7.9), (1589, 82, 9.0), (1607, -88, 7.9), (1158, -154, 72.5), (1601, -90, 7.9), (1286, 83, 10.3), (1838, -83, 5.7)]
    [1247, 1914, 1356, 1917, 1355, 1447, 1373, 1672, 1299, 1681, 1300, 1686, 1243, 1589, 1283, 1617, 1284, 1607, 1158, 1601, 1286, 1838, 1327]
#21 892m 31 road, 최소 평균R 4.47(r1588) | 급커브 [(1688, 93, 7.9), (1676, -127, 4.5), (1685, 87, 8.4), (1626, -91, 7.9), (1159, -175, 20.3), (1588, -127, 4.5), (1286, 83, 10.3), (1838, -83, 5.7)]
    [1247, 1914, 1356, 1917, 1355, 1447, 1373, 1673, 1374, 1591, 1375, 1688, 1171, 1676, 1300, 1685, 1376, 1626, 1159, 1614, 1155, 1588, 1283, 1617, 1284, 1606, 1285, 1597, 1286, 1838, 1327]
#22 893m 27 road, 최소 평균R 4.47(r1618) | 급커브 [(1592, -98, 7.8), (1618, -127, 4.5), (1587, -82, 9.0), (1626, -91, 7.9), (1159, -175, 20.3), (1613, 168, 26.0), (1286, 83, 10.3), (1838, -83, 5.7)]
    [1247, 1914, 1356, 1917, 1355, 1447, 1373, 1673, 1374, 1592, 1283, 1618, 1155, 1587, 1375, 1689, 1376, 1626, 1159, 1613, 1284, 1606, 1285, 1597, 1286, 1838, 1327]
#23 894m 31 road, 최소 평균R 4.47(r1642) | 급커브 [(1642, -127, 4.5), (1589, 82, 9.0), (1286, 83, 10.3), (1838, -83, 5.7)]
    [1247, 1914, 1356, 1917, 1355, 1447, 1373, 1673, 1374, 1591, 1375, 1689, 1376, 1625, 1377, 1642, 1245, 1623, 1244, 1683, 1243, 1589, 1283, 1617, 1284, 1606, 1285, 1597, 1286, 1838, 1327]
#24 894m 31 road, 최소 평균R 4.47(r1596) | 급커브 [(1592, -98, 7.8), (1618, -127, 4.5), (1587, -82, 9.0), (1641, -91, 7.9), (1630, -36, 19.3), (1162, 32, 76.2), (1160, -83, 10.3), (1596, -127, 4.5), (1286, 83, 10.3), (1838, -83, 5.7)]
    [1247, 1914, 1356, 1917, 1355, 1447, 1373, 1673, 1374, 1592, 1283, 1618, 1155, 1587, 1375, 1689, 1376, 1625, 1377, 1641, 1163, 1630, 1162, 1985, 1161, 1836, 1160, 1596, 1286, 1838, 1327]
#25 894m 27 road, 최소 평균R 4.47(r1676) | 급커브 [(1688, 93, 7.9), (1676, -127, 4.5), (1686, -93, 7.9), (1589, 82, 9.0), (1607, -88, 7.9), (1158, -154, 72.5), (1601, -90, 7.9), (1286, 83, 10.3), (1838, -83, 5.7)]
    [1247, 1914, 1356, 1917, 1355, 1447, 1373, 1673, 1374, 1591, 1375, 1688, 1171, 1676, 1300, 1686, 1243, 1589, 1283, 1617, 1284, 1607, 1158, 1601, 1286, 1838, 1327]
#26 899m 31 road, 최소 평균R 4.47(r1618) | 급커브 [(1592, -98, 7.8), (1618, -127, 4.5), (1587, -82, 9.0), (1688, 93, 7.9), (1676, -127, 4.5), (1685, 87, 8.4), (1641, -91, 7.9), (1630, -36, 19.3), (1162, 32, 76.2), (1835, 75, 8.5)]
    [1247, 1914, 1356, 1917, 1355, 1447, 1373, 1673, 1374, 1592, 1283, 1618, 1155, 1587, 1375, 1688, 1171, 1676, 1300, 1685, 1376, 1625, 1377, 1641, 1163, 1630, 1162, 1985, 1161, 1835, 1327]
#27 904m 23 road, 최소 평균R 5.73(r1838) | 급커브 [(1672, 90, 7.9), (1299, -92, 77.8), (1681, -85, 8.4), (1685, 87, 8.4), (1626, -91, 7.9), (1159, -175, 20.3), (1613, 168, 26.0), (1286, 83, 10.3), (1838, -83, 5.7)]
    [1247, 1914, 1356, 1917, 1355, 1447, 1373, 1672, 1299, 1681, 1300, 1685, 1376, 1626, 1159, 1613, 1284, 1606, 1285, 1597, 1286, 1838, 1327]
#28 905m 27 road, 최소 평균R 4.47(r1596) | 급커브 [(1672, 90, 7.9), (1299, -92, 77.8), (1681, -85, 8.4), (1685, 87, 8.4), (1641, -91, 7.9), (1630, -36, 19.3), (1162, 32, 76.2), (1160, -83, 10.3), (1596, -127, 4.5), (1286, 83, 10.3), (1838, -83, 5.7)]
    [1247, 1914, 1356, 1917, 1355, 1447, 1373, 1672, 1299, 1681, 1300, 1685, 1376, 1625, 1377, 1641, 1163, 1630, 1162, 1985, 1161, 1836, 1160, 1596, 1286, 1838, 1327]
#29 908m 27 road, 최소 평균R 4.47(r1676) | 급커브 [(1688, 93, 7.9), (1676, -127, 4.5), (1685, 87, 8.4), (1626, -91, 7.9), (1159, -175, 20.3), (1613, 168, 26.0), (1286, 83, 10.3), (1838, -83, 5.7)]
    [1247, 1914, 1356, 1917, 1355, 1447, 1373, 1673, 1374, 1591, 1375, 1688, 1171, 1676, 1300, 1685, 1376, 1626, 1159, 1613, 1284, 1606, 1285, 1597, 1286, 1838, 1327]
#30 909m 31 road, 최소 평균R 4.47(r1596) | 급커브 [(1688, 93, 7.9), (1676, -127, 4.5), (1685, 87, 8.4), (1641, -91, 7.9), (1630, -36, 19.3), (1162, 32, 76.2), (1160, -83, 10.3), (1596, -127, 4.5), (1286, 83, 10.3), (1838, -83, 5.7)]
    [1247, 1914, 1356, 1917, 1355, 1447, 1373, 1673, 1374, 1591, 1375, 1688, 1171, 1676, 1300, 1685, 1376, 1625, 1377, 1641, 1163, 1630, 1162, 1985, 1161, 1836, 1160, 1596, 1286, 1838, 1327]
#31 910m 23 road, 최소 평균R 4.47(r1621) | 급커브 [(1592, -98, 7.8), (1288, 175, 20.3), (1621, -127, 4.5), (1159, -175, 20.3), (1613, 168, 26.0), (1286, 83, 10.3), (1838, -83, 5.7)]
    [1247, 1914, 1356, 1917, 1355, 1447, 1373, 1673, 1374, 1592, 1283, 1616, 1288, 1621, 1159, 1613, 1284, 1606, 1285, 1597, 1286, 1838, 1327]
#32 911m 27 road, 최소 평균R 4.47(r1596) | 급커브 [(1592, -98, 7.8), (1288, 175, 20.3), (1620, -89, 8.0), (1641, -91, 7.9), (1630, -36, 19.3), (1162, 32, 76.2), (1160, -83, 10.3), (1596, -127, 4.5), (1286, 83, 10.3), (1838, -83, 5.7)]
    [1247, 1914, 1356, 1917, 1355, 1447, 1373, 1673, 1374, 1592, 1283, 1616, 1288, 1620, 1377, 1641, 1163, 1630, 1162, 1985, 1161, 1836, 1160, 1596, 1286, 1838, 1327]
#33 912m 33 road, 최소 평균R 4.47(r1596) | 급커브 [(1592, -98, 7.8), (1618, -127, 4.5), (1587, -82, 9.0), (1641, -91, 7.9), (1629, 54, 12.3), (1895, -100, 10.7), (1981, 64, 26.4), (1160, -83, 10.3), (1596, -127, 4.5), (1286, 83, 10.3), (1838, -83, 5.7)]
    [1247, 1914, 1356, 1917, 1355, 1447, 1373, 1673, 1374, 1592, 1283, 1618, 1155, 1587, 1375, 1689, 1376, 1625, 1377, 1641, 1163, 1629, 1213, 1895, 1379, 1981, 1161, 1836, 1160, 1596, 1286, 1838, 1327]
#34 917m 33 road, 최소 평균R 4.47(r1618) | 급커브 [(1592, -98, 7.8), (1618, -127, 4.5), (1587, -82, 9.0), (1688, 93, 7.9), (1676, -127, 4.5), (1685, 87, 8.4), (1641, -91, 7.9), (1629, 54, 12.3), (1895, -100, 10.7), (1981, 64, 26.4), (1835, 75, 8.5)]
    [1247, 1914, 1356, 1917, 1355, 1447, 1373, 1673, 1374, 1592, 1283, 1618, 1155, 1587, 1375, 1688, 1171, 1676, 1300, 1685, 1376, 1625, 1377, 1641, 1163, 1629, 1213, 1895, 1379, 1981, 1161, 1835, 1327]
#35 923m 29 road, 최소 평균R 4.47(r1596) | 급커브 [(1672, 90, 7.9), (1299, -92, 77.8), (1681, -85, 8.4), (1685, 87, 8.4), (1641, -91, 7.9), (1629, 54, 12.3), (1895, -100, 10.7), (1981, 64, 26.4), (1160, -83, 10.3), (1596, -127, 4.5), (1286, 83, 10.3), (1838, -83, 5.7)]
    [1247, 1914, 1356, 1917, 1355, 1447, 1373, 1672, 1299, 1681, 1300, 1685, 1376, 1625, 1377, 1641, 1163, 1629, 1213, 1895, 1379, 1981, 1161, 1836, 1160, 1596, 1286, 1838, 1327]
#36 927m 33 road, 최소 평균R 4.47(r1596) | 급커브 [(1688, 93, 7.9), (1676, -127, 4.5), (1685, 87, 8.4), (1641, -91, 7.9), (1629, 54, 12.3), (1895, -100, 10.7), (1981, 64, 26.4), (1160, -83, 10.3), (1596, -127, 4.5), (1286, 83, 10.3), (1838, -83, 5.7)]
    [1247, 1914, 1356, 1917, 1355, 1447, 1373, 1673, 1374, 1591, 1375, 1688, 1171, 1676, 1300, 1685, 1376, 1625, 1377, 1641, 1163, 1629, 1213, 1895, 1379, 1981, 1161, 1836, 1160, 1596, 1286, 1838, 1327]
#37 929m 29 road, 최소 평균R 4.47(r1596) | 급커브 [(1592, -98, 7.8), (1288, 175, 20.3), (1620, -89, 8.0), (1641, -91, 7.9), (1629, 54, 12.3), (1895, -100, 10.7), (1981, 64, 26.4), (1160, -83, 10.3), (1596, -127, 4.5), (1286, 83, 10.3), (1838, -83, 5.7)]
    [1247, 1914, 1356, 1917, 1355, 1447, 1373, 1673, 1374, 1592, 1283, 1616, 1288, 1620, 1377, 1641, 1163, 1629, 1213, 1895, 1379, 1981, 1161, 1836, 1160, 1596, 1286, 1838, 1327]
#38 932m 29 road, 최소 평균R 4.47(r1890) | 급커브 [(1641, -91, 7.9), (1629, 54, 12.3), (1894, 61, 19.2), (1890, -127, 4.5), (1981, 64, 26.4), (1835, 75, 8.5)]
    [1247, 1914, 1356, 1917, 1355, 1447, 1373, 1673, 1374, 1591, 1375, 1689, 1376, 1625, 1377, 1641, 1163, 1629, 1213, 1894, 1212, 1890, 1341, 1891, 1379, 1981, 1161, 1835, 1327]
#39 933m 31 road, 최소 평균R 4.47(r1618) | 급커브 [(1672, 90, 7.9), (1299, -92, 77.8), (1681, -85, 8.4), (1686, -93, 7.9), (1589, 82, 9.0), (1618, -127, 4.5), (1587, -82, 9.0), (1641, -91, 7.9), (1630, -36, 19.3), (1162, 32, 76.2), (1835, 75, 8.5)]
    [1247, 1914, 1356, 1917, 1355, 1447, 1373, 1672, 1299, 1681, 1300, 1686, 1243, 1589, 1283, 1618, 1155, 1587, 1375, 1689, 1376, 1625, 1377, 1641, 1163, 1630, 1162, 1985, 1161, 1835, 1327]
#40 936m 31 road, 최소 평균R 4.47(r1615) | 급커브 [(1626, -91, 7.9), (1159, -175, 20.3), (1615, -127, 4.5), (1288, 175, 20.3), (1619, 91, 7.9), (1589, 82, 9.0), (1286, 83, 10.3), (1838, -83, 5.7)]
    [1247, 1914, 1356, 1917, 1355, 1447, 1373, 1673, 1374, 1591, 1375, 1689, 1376, 1626, 1159, 1615, 1288, 1619, 1244, 1683, 1243, 1589, 1283, 1617, 1284, 1606, 1285, 1597, 1286, 1838, 1327]

평균R 9m 미만 커브(회전>=30°)를 모두 피해 road1327 에 가는 경로: 없음
R2min 9m 미만 road 를 모두 피해 가는 경로: 없음
road1327 선행: [1834, 1835, 1838] | 1838 선행: [1286]
