junctions 95 connectors 618
경계 밖(2m 여유) 또는 다른 junction 상자 침범 커넥터: 118
  그중 경계 밖 점이 있는 것: 0  다른 junction 침범: 118
  {'road': 1612, 'junction': 43, 'length': 76.1, 'out_pts': 0, 'n_pts': 77, 'max_from_center': 25.2, 'jbox': '16.0x18.8', 'overlaps_junctions': '44 59', 'on_route': ''}
  {'road': 1613, 'junction': 43, 'length': 76.1, 'out_pts': 0, 'n_pts': 77, 'max_from_center': 22.0, 'jbox': '16.0x18.8', 'overlaps_junctions': '44', 'on_route': ''}
  {'road': 1751, 'junction': 68, 'length': 40.6, 'out_pts': 0, 'n_pts': 41, 'max_from_center': 17.6, 'jbox': '18.9x18.4', 'overlaps_junctions': '67', 'on_route': ''}
  {'road': 1750, 'junction': 68, 'length': 37.9, 'out_pts': 0, 'n_pts': 38, 'max_from_center': 20.6, 'jbox': '18.9x18.4', 'overlaps_junctions': '67', 'on_route': ''}
  {'road': 1756, 'junction': 68, 'length': 37.9, 'out_pts': 0, 'n_pts': 38, 'max_from_center': 21.0, 'jbox': '18.9x18.4', 'overlaps_junctions': '67', 'on_route': ''}
  {'road': 1749, 'junction': 68, 'length': 32.9, 'out_pts': 0, 'n_pts': 33, 'max_from_center': 17.6, 'jbox': '18.9x18.4', 'overlaps_junctions': '67', 'on_route': ''}
  {'road': 1760, 'junction': 68, 'length': 32.9, 'out_pts': 0, 'n_pts': 33, 'max_from_center': 18.3, 'jbox': '18.9x18.4', 'overlaps_junctions': '67', 'on_route': ''}
  {'road': 1752, 'junction': 68, 'length': 27.9, 'out_pts': 0, 'n_pts': 28, 'max_from_center': 17.9, 'jbox': '18.9x18.4', 'overlaps_junctions': '67', 'on_route': ''}
  {'road': 1814, 'junction': 82, 'length': 25.7, 'out_pts': 0, 'n_pts': 26, 'max_from_center': 12.8, 'jbox': '14.0x11.4', 'overlaps_junctions': '95', 'on_route': ''}
  {'road': 1821, 'junction': 82, 'length': 25.7, 'out_pts': 0, 'n_pts': 26, 'max_from_center': 13.6, 'jbox': '14.0x11.4', 'overlaps_junctions': '95', 'on_route': ''}
  {'road': 1822, 'junction': 82, 'length': 25.5, 'out_pts': 0, 'n_pts': 26, 'max_from_center': 13.6, 'jbox': '14.0x11.4', 'overlaps_junctions': '95', 'on_route': ''}
  {'road': 1478, 'junction': 20, 'length': 22.5, 'out_pts': 0, 'n_pts': 23, 'max_from_center': 10.7, 'jbox': '10.9x8.5', 'overlaps_junctions': '11', 'on_route': ''}
  {'road': 1810, 'junction': 82, 'length': 21.9, 'out_pts': 0, 'n_pts': 22, 'max_from_center': 14.4, 'jbox': '14.0x11.4', 'overlaps_junctions': '95', 'on_route': ''}
  {'road': 1818, 'junction': 82, 'length': 21.9, 'out_pts': 0, 'n_pts': 22, 'max_from_center': 12.6, 'jbox': '14.0x11.4', 'overlaps_junctions': '95', 'on_route': ''}
  {'road': 1815, 'junction': 82, 'length': 19.9, 'out_pts': 0, 'n_pts': 20, 'max_from_center': 12.3, 'jbox': '14.0x11.4', 'overlaps_junctions': '95', 'on_route': ''}
  {'road': 1817, 'junction': 82, 'length': 19.9, 'out_pts': 0, 'n_pts': 20, 'max_from_center': 11.6, 'jbox': '14.0x11.4', 'overlaps_junctions': '95', 'on_route': ''}
  {'road': 1423, 'junction': 84, 'length': 19.1, 'out_pts': 0, 'n_pts': 20, 'max_from_center': 9.1, 'jbox': '10.0x10.6', 'overlaps_junctions': '94', 'on_route': ''}
  {'road': 1424, 'junction': 84, 'length': 17.9, 'out_pts': 0, 'n_pts': 18, 'max_from_center': 9.3, 'jbox': '10.0x10.6', 'overlaps_junctions': '94', 'on_route': ''}
  {'road': 1426, 'junction': 84, 'length': 17.4, 'out_pts': 0, 'n_pts': 18, 'max_from_center': 9.8, 'jbox': '10.0x10.6', 'overlaps_junctions': '94', 'on_route': 'legacy south'}
  {'road': 1922, 'junction': 95, 'length': 16.2, 'out_pts': 0, 'n_pts': 17, 'max_from_center': 8.4, 'jbox': '9.3x9.0', 'overlaps_junctions': '82', 'on_route': ''}
  {'road': 1929, 'junction': 95, 'length': 16.2, 'out_pts': 0, 'n_pts': 17, 'max_from_center': 8.4, 'jbox': '9.3x9.0', 'overlaps_junctions': '82', 'on_route': ''}
  {'road': 1413, 'junction': 105, 'length': 16.0, 'out_pts': 0, 'n_pts': 16, 'max_from_center': 8.1, 'jbox': '9.3x8.3', 'overlaps_junctions': '93', 'on_route': ''}
  {'road': 1419, 'junction': 105, 'length': 16.0, 'out_pts': 0, 'n_pts': 16, 'max_from_center': 8.2, 'jbox': '9.3x8.3', 'overlaps_junctions': '93', 'on_route': ''}
  {'road': 1403, 'junction': 93, 'length': 15.6, 'out_pts': 0, 'n_pts': 16, 'max_from_center': 7.8, 'jbox': '9.1x8.8', 'overlaps_junctions': '105', 'on_route': ''}
  {'road': 1410, 'junction': 93, 'length': 15.6, 'out_pts': 0, 'n_pts': 16, 'max_from_center': 8.2, 'jbox': '9.1x8.8', 'overlaps_junctions': '105', 'on_route': ''}

== 루트 경로 차선(반폭 1.675m) 안으로 들어오는 경로 밖 커넥터 ==
[legacy] 28개: {1423: (84, 10, 19.1), 1425: (84, 8, 17.9), 1429: (10, 7, 9.9), 1916: (107, 7, 9.9), 1427: (10, 6, 15.9), 1433: (10, 6, 15.0), 1436: (42, 6, 17.0), 1447: (42, 6, 16.3), 1560: (36, 6, 13.3), 1563: (36, 6, 15.4), 1696: (60, 6, 13.6), 1559: (36, 5, 9.9), 1691: (60, 5, 13.1), 1697: (60, 5, 9.9), 1424: (84, 4, 17.9)}
[north] 34개: {1442: (42, 7, 13.8), 1446: (42, 7, 13.9), 1669: (58, 7, 12.4), 1672: (58, 7, 12.4), 1688: (59, 7, 12.8), 1916: (107, 7, 9.9), 1437: (42, 6, 13.6), 1448: (42, 6, 12.6), 1592: (44, 6, 13.3), 1612: (43, 6, 76.1), 1613: (43, 6, 76.1), 1626: (47, 6, 12.5), 1641: (51, 6, 12.5), 1685: (59, 6, 12.7), 1449: (42, 5, 9.9)}
[south] 32개: {1423: (84, 10, 19.1), 1425: (84, 8, 17.9), 1429: (10, 7, 9.9), 1916: (107, 7, 9.9), 1427: (10, 6, 15.9), 1433: (10, 6, 15.0), 1436: (42, 6, 17.0), 1447: (42, 6, 16.3), 1558: (36, 6, 13.3), 1696: (60, 6, 13.6), 1564: (36, 5, 13.0), 1691: (60, 5, 13.1), 1697: (60, 5, 9.9), 1424: (84, 4, 17.9), 1432: (10, 4, 9.9)}
[middle] 42개: {1613: (43, 27, 76.1), 1839: (48, 9, 9.9), 1442: (42, 7, 13.8), 1446: (42, 7, 13.9), 1591: (44, 7, 15.4), 1598: (46, 7, 13.8), 1669: (58, 7, 12.4), 1672: (58, 7, 12.4), 1835: (48, 7, 11.0), 1916: (107, 7, 9.9), 1437: (42, 6, 13.6), 1448: (42, 6, 12.6), 1593: (44, 6, 9.9), 1601: (46, 6, 12.4), 1607: (45, 6, 12.2)}

== junction 경계상자 겹침 쌍 16 == [(12, 22), (12, 23), (22, 24), (93, 105), (84, 94), (29, 31), (44, 59), (43, 44), (43, 59), (67, 68), (69, 70), (79, 96), (82, 95), (76, 77), (28, 30), (11, 20)]
루트별 junction: {'legacy': [1, 10, 36, 42, 60, 84, 107], 'north': [1, 42, 44, 47, 51, 58, 59, 107], 'south': [1, 10, 36, 42, 60, 84, 107], 'middle': [1, 42, 43, 44, 45, 46, 48, 58, 107]}
  legacy: 겹침 쌍에 속한 junction [(84, 94)]
  north: 겹침 쌍에 속한 junction [(44, 59), (43, 44), (43, 59)]
  south: 겹침 쌍에 속한 junction [(84, 94)]
  middle: 겹침 쌍에 속한 junction [(44, 59), (43, 44), (43, 59)]

== 커넥터 굴곡(길이/현) 상위 + U턴(앞뒤 접선 |turn|>=150) ==
  r1613 j43 길이 76.1m 현 12.3m 비 6.2 앞뒤접선 141.4
  r1948 j11 길이 54.7m 현 10.0m 비 5.5 앞뒤접선 166.8
  r1935 j19 길이 52.6m 현 12.8m 비 4.1 앞뒤접선 173.2
  r1612 j43 길이 76.1m 현 19.0m 비 4.0 앞뒤접선 -141.5
  r1947 j11 길이 54.7m 현 16.1m 비 3.4 앞뒤접선 -166.8
  r1934 j19 길이 52.6m 현 16.3m 비 3.2 앞뒤접선 -173.2
  r1752 j68 길이 27.9m 현 9.2m 비 3.0 앞뒤접선 150.8
  r1723 j63 길이 9.9m 현 3.7m 비 2.7 앞뒤접선 -180.0
  r1584 j108 길이 9.9m 현 3.7m 비 2.7 앞뒤접선 -180.0
  r1574 j37 길이 9.9m 현 3.7m 비 2.7 앞뒤접선 180.0
  r1687 j59 길이 9.9m 현 3.7m 비 2.7 앞뒤접선 -180.0
  r1705 j62 길이 9.9m 현 3.7m 비 2.7 앞뒤접선 180.0
U턴 커넥터 139개, 길이 중앙값 9.9m, 30m 이상 [(1948, 11, 54.7), (1935, 19, 52.6), (1947, 11, 54.7), (1934, 19, 52.6), (1751, 68, 40.6)]
