road 수 878 | (왼쪽 driving 수, 오른쪽 driving 수) -> road 수: {(0, 1): 878}
laneSection 2개 이상 road: 0

[legacy] 15 road, 역방향/확인필요 []
  road1247 xodr lane-1 driving=True | 시작 | 주행 s 0.0->153.0 증가비 0.98 | 순방향
  road1914 xodr lane-1 driving=True | next()->lane-1 s=0.45 | 주행 s 0.3->4.3 증가비 1.00 | 순방향
  road1356 xodr lane-1 driving=True | next()->lane-1 s=0.45 | 주행 s 0.2->36.1 증가비 1.00 | 순방향
  road1917 xodr lane-1 driving=True | next()->lane-1 s=0.45 | 주행 s 1.1->3.0 증가비 1.00 | 순방향
  road1355 xodr lane-1 driving=True | next()->lane-1 s=0.45 | 주행 s 0.7->56.0 증가비 1.00 | 순방향
  road1446 xodr lane-1 driving=True | next()->lane-1 s=0.45 | 주행 s 0.2->13.8 증가비 1.00 | 순방향
  road1172 xodr lane-1 driving=True | next()->lane-1 s=0.45 | 주행 s 1.5->118.3 증가비 1.00 | 순방향
  road1428 xodr lane-1 driving=True | next()->lane-1 s=0.45 | 주행 s 9.8->11.7 증가비 1.00 | 순방향
  road1240 xodr lane-1 driving=True | next()->lane-1 s=0.45 | 주행 s 0.6->149.3 증가비 1.00 | 순방향
  road1695 xodr lane-1 driving=True | next()->lane-1 s=0.45 | 주행 s 0.8->15.0 증가비 1.00 | 순방향
  road1239 xodr lane-1 driving=True | next()->lane-1 s=0.45 | 주행 s 0.1->50.5 증가비 1.00 | 순방향
  road1426 xodr lane-1 driving=True | next()->lane-1 s=0.45 | 주행 s 0.1->17.3 증가비 1.00 | 순방향
  road1238 xodr lane-1 driving=True | next()->lane-1 s=0.45 | 주행 s 0.1->34.1 증가비 1.00 | 순방향
  road1564 xodr lane-1 driving=True | next()->lane-1 s=0.45 | 주행 s 0.1->3.4 증가비 1.00 | 순방향
  road1278 xodr lane-1 driving=True | next()->lane-1 s=0.45 | 주행 s 0.8->95.4 증가비 1.00 | 순방향

[north] 17 road, 역방향/확인필요 []
  road1247 xodr lane-1 driving=True | 시작 | 주행 s 0.0->152.8 증가비 0.98 | 순방향
  road1914 xodr lane-1 driving=True | next()->lane-1 s=0.45 | 주행 s 0.0->4.2 증가비 1.00 | 순방향
  road1356 xodr lane-1 driving=True | next()->lane-1 s=0.45 | 주행 s 0.1->36.0 증가비 1.00 | 순방향
  road1917 xodr lane-1 driving=True | next()->lane-1 s=0.45 | 주행 s 1.0->2.9 증가비 1.00 | 순방향
  road1355 xodr lane-1 driving=True | next()->lane-1 s=0.45 | 주행 s 0.7->55.9 증가비 1.00 | 순방향
  road1447 xodr lane-1 driving=True | next()->lane-1 s=0.45 | 주행 s 0.2->15.9 증가비 1.00 | 순방향
  road1373 xodr lane-1 driving=True | next()->lane-1 s=0.45 | 주행 s 0.2->59.9 증가비 1.00 | 순방향
  road1673 xodr lane-1 driving=True | next()->lane-1 s=0.45 | 주행 s 0.1->15.0 증가비 1.00 | 순방향
  road1374 xodr lane-1 driving=True | next()->lane-1 s=0.45 | 주행 s 0.0->81.5 증가비 1.00 | 순방향
  road1591 xodr lane-1 driving=True | next()->lane-1 s=0.45 | 주행 s 0.1->15.4 증가비 1.00 | 순방향
  road1375 xodr lane-1 driving=True | next()->lane-1 s=0.45 | 주행 s 0.2->3.9 증가비 1.00 | 순방향
  road1689 xodr lane-1 driving=True | next()->lane-1 s=0.45 | 주행 s 1.2->15.0 증가비 1.00 | 순방향
  road1376 xodr lane-1 driving=True | next()->lane-1 s=0.45 | 주행 s 0.1->14.9 증가비 1.00 | 순방향
  road1625 xodr lane-1 driving=True | next()->lane-1 s=0.45 | 주행 s 0.1->15.1 증가비 1.00 | 순방향
  road1377 xodr lane-1 driving=True | next()->lane-1 s=0.45 | 주행 s 0.0->37.7 증가비 1.00 | 순방향
  road1640 xodr lane-1 driving=True | next()->lane-1 s=0.45 | 주행 s 0.2->15.2 증가비 1.00 | 순방향
  road1378 xodr lane-1 driving=True | next()->lane-1 s=0.45 | 주행 s 0.1->77.1 증가비 1.00 | 순방향

[south] 15 road, 역방향/확인필요 []
  road1247 xodr lane-1 driving=True | 시작 | 주행 s 0.0->152.8 증가비 0.98 | 순방향
  road1914 xodr lane-1 driving=True | next()->lane-1 s=0.45 | 주행 s 0.0->4.2 증가비 1.00 | 순방향
  road1356 xodr lane-1 driving=True | next()->lane-1 s=0.45 | 주행 s 0.1->36.1 증가비 1.00 | 순방향
  road1917 xodr lane-1 driving=True | next()->lane-1 s=0.45 | 주행 s 1.1->3.0 증가비 1.00 | 순방향
  road1355 xodr lane-1 driving=True | next()->lane-1 s=0.45 | 주행 s 0.5->55.9 증가비 1.00 | 순방향
  road1446 xodr lane-1 driving=True | next()->lane-1 s=0.45 | 주행 s 0.0->13.7 증가비 1.00 | 순방향
  road1172 xodr lane-1 driving=True | next()->lane-1 s=0.45 | 주행 s 0.1->118.3 증가비 1.00 | 순방향
  road1428 xodr lane-1 driving=True | next()->lane-1 s=0.45 | 주행 s 9.7->11.8 증가비 1.00 | 순방향
  road1240 xodr lane-1 driving=True | next()->lane-1 s=0.45 | 주행 s 0.8->149.4 증가비 1.00 | 순방향
  road1695 xodr lane-1 driving=True | next()->lane-1 s=0.45 | 주행 s 0.8->15.0 증가비 1.00 | 순방향
  road1239 xodr lane-1 driving=True | next()->lane-1 s=0.45 | 주행 s 0.1->50.5 증가비 1.00 | 순방향
  road1426 xodr lane-1 driving=True | next()->lane-1 s=0.45 | 주행 s 0.1->17.4 증가비 1.00 | 순방향
  road1238 xodr lane-1 driving=True | next()->lane-1 s=0.45 | 주행 s 0.2->34.1 증가비 1.00 | 순방향
  road1563 xodr lane-1 driving=True | next()->lane-1 s=0.45 | 주행 s 0.1->15.3 증가비 1.00 | 순방향
  road1237 xodr lane-1 driving=True | next()->lane-1 s=0.45 | 주행 s 0.1->46.1 증가비 1.00 | 순방향

[middle] 19 road, 역방향/확인필요 []
  road1247 xodr lane-1 driving=True | 시작 | 주행 s 0.0->152.8 증가비 0.98 | 순방향
  road1914 xodr lane-1 driving=True | next()->lane-1 s=0.45 | 주행 s 0.0->4.3 증가비 1.00 | 순방향
  road1356 xodr lane-1 driving=True | next()->lane-1 s=0.45 | 주행 s 0.2->36.1 증가비 1.00 | 순방향
  road1917 xodr lane-1 driving=True | next()->lane-1 s=0.45 | 주행 s 1.1->3.0 증가비 1.00 | 순방향
  road1355 xodr lane-1 driving=True | next()->lane-1 s=0.45 | 주행 s 0.6->56.0 증가비 1.00 | 순방향
  road1447 xodr lane-1 driving=True | next()->lane-1 s=0.45 | 주행 s 0.2->16.2 증가비 1.00 | 순방향
  road1373 xodr lane-1 driving=True | next()->lane-1 s=0.45 | 주행 s 0.1->60.0 증가비 1.00 | 순방향
  road1673 xodr lane-1 driving=True | next()->lane-1 s=0.45 | 주행 s 0.1->15.2 증가비 1.00 | 순방향
  road1374 xodr lane-1 driving=True | next()->lane-1 s=0.45 | 주행 s 0.2->81.0 증가비 1.00 | 순방향
  road1592 xodr lane-1 driving=True | next()->lane-1 s=0.45 | 주행 s 2.5->4.2 증가비 1.00 | 순방향
  road1283 xodr lane-1 driving=True | next()->lane-1 s=0.45 | 주행 표본 0 | 순방향
  road1617 xodr lane-1 driving=True | next()->lane-1 s=0.45 | 주행 표본 0 | 순방향
  road1284 xodr lane-1 driving=True | next()->lane-1 s=0.45 | 주행 표본 0 | 순방향
  road1606 xodr lane-1 driving=True | next()->lane-1 s=0.45 | 주행 표본 0 | 순방향
  road1285 xodr lane-1 driving=True | next()->lane-1 s=0.45 | 주행 표본 0 | 순방향
  road1597 xodr lane-1 driving=True | next()->lane-1 s=0.45 | 주행 표본 0 | 순방향
  road1286 xodr lane-1 driving=True | next()->lane-1 s=0.45 | 주행 표본 0 | 순방향
  road1838 xodr lane-1 driving=True | next()->lane-1 s=0.45 | 주행 표본 0 | 순방향
  road1327 xodr lane-1 driving=True | next()->lane-1 s=0.45 | 주행 표본 0 | 순방향
