s13 TM(비동기): 로그 끝 t=106.674 / record 판정 종료 없음(로그 끝까지 계속)
   차선 이탈(차체) 5구간, 중앙선 쪽 3: r1247 -1 차체0.02/중심0.00, r1917 +1 차체0.28/중심0.00, r1446 +1 차체0.68/중심0.00, r1428 -1 차체0.20/중심0.00, r1695 -1 차체5.42/중심4.52
s14: 로그 끝 t=52.3 / record 판정 종료 없음(로그 끝까지 계속)
   차선 이탈(차체) 3구간, 중앙선 쪽 1: r1247 -1 차체0.18/중심0.00, r1356 +1 차체0.12/중심0.00, r1446 +1 차체0.94/중심0.05
s15a: 로그 끝 t=77.55 / record 판정 종료 없음(로그 끝까지 계속)
   차선 이탈(차체) 4구간, 중앙선 쪽 2: r1247 -1 차체0.16/중심0.00, r1356 +1 차체0.14/중심0.00, r1446 +1 차체0.97/중심0.08, r1428 -1 차체0.64/중심0.00
s15b: 로그 끝 t=153.15 / record 판정 종료 없음(로그 끝까지 계속)
   차선 이탈(차체) 5구간, 중앙선 쪽 3: r1247 -1 차체0.15/중심0.00, r1356 +1 차체0.12/중심0.00, r1446 +1 차체0.93/중심0.04, r1428 -1 차체0.63/중심0.00, r1564 -1 차체0.81/중심0.00
s16: 로그 끝 t=153.1 / record 판정 종료 없음(로그 끝까지 계속)
   차선 이탈(차체) 5구간, 중앙선 쪽 3: r1247 -1 차체0.17/중심0.00, r1356 +1 차체0.14/중심0.00, r1446 +1 차체1.00/중심0.10, r1428 -1 차체0.61/중심0.00, r1564 -1 차체0.80/중심0.00
s17: 로그 끝 t=153.35 / record 판정 종료 없음(로그 끝까지 계속)
   차선 이탈(차체) 5구간, 중앙선 쪽 3: r1247 -1 차체0.14/중심0.00, r1356 +1 차체0.14/중심0.00, r1446 +1 차체0.95/중심0.05, r1428 -1 차체0.61/중심0.00, r1564 -1 차체0.86/중심0.00
s17v: 로그 끝 t=153.35 / record 판정 종료 없음(로그 끝까지 계속)
   차선 이탈(차체) 5구간, 중앙선 쪽 3: r1247 -1 차체0.16/중심0.00, r1356 +1 차체0.14/중심0.00, r1446 +1 차체0.93/중심0.04, r1428 -1 차체0.63/중심0.00, r1564 -1 차체0.85/중심0.00
s18 north: 로그 끝 t=123.1 / record 판정 종료 없음(로그 끝까지 계속)
   차선 이탈(차체) 2구간, 중앙선 쪽 1: r1247 -1 차체0.17/중심0.00, r1356 +1 차체0.14/중심0.00
s18 south: 로그 끝 t=143.75 / record 판정 종료 없음(로그 끝까지 계속)
   차선 이탈(차체) 4구간, 중앙선 쪽 2: r1247 -1 차체0.16/중심0.00, r1356 +1 차체0.17/중심0.00, r1446 +1 차체0.99/중심0.09, r1428 -1 차체0.61/중심0.00
s18 middle: 로그 끝 t=87.1 / record 판정 종료 없음(로그 끝까지 계속)
   차선 이탈(차체) 3구간, 중앙선 쪽 2: r1247 -1 차체0.16/중심0.00, r1356 +1 차체0.15/중심0.00, r1592 -1 차체1.13/중심0.23
road_radius 검산: {1446: (10.12, 7.4), 1428: (11.9, 6.48), 1564: (9.02, 6.42), 1592: (7.82, 5.02), 1838: (5.73, 1.5), 1286: (10.33, 1.29)}
