# s19 scope 로그. UTURN_DEG=135.0
[v1] road 878 / edge 1236 / U턴형 커넥터 143
  r1915 j1 길이 9.89 자체회전 -126.8 앞뒤접선 -180.0 U턴형=True
  r1449 j42 길이 9.89 자체회전 -126.8 앞뒤접선 -180.0 U턴형=True
  r1429 j10 길이 9.89 자체회전 -126.8 앞뒤접선 -180.0 U턴형=True
  r1697 j60 길이 9.89 자체회전 -126.8 앞뒤접선 -180.0 U턴형=True
  r1612 j43 길이 76.13 자체회전 -167.8 앞뒤접선 -128.3 U턴형=False
  r1613 j43 길이 76.13 자체회전 +167.8 앞뒤접선 +128.2 U턴형=False
  r1770 j73 길이 9.89 자체회전 -126.8 앞뒤접선 -180.0 U턴형=True
  r1827 j6 길이 9.89 자체회전 -126.8 앞뒤접선 -180.0 U턴형=True

## 1-1 양성재 (frozen_v1)
양성재 way442760311 building=university, 중심 CARLA (164.8,-531.1) TM (-356.7,37.5)
  후보 r1182 s=50 건물까지 35.0m 정문부터 1008.6m 25 road U턴커넥터 [1770]
  후보 r1311 s=24 건물까지 38.4m 정문부터 708.3m 19 road U턴커넥터 없음
  후보 r1123 s=16 건물까지 45.0m 정문부터 631.4m 17 road U턴커넥터 없음
  후보 r1186 s=44 건물까지 46.0m 정문부터 907.1m 23 road U턴커넥터 [1770]
  후보 r1250 s=37 건물까지 48.4m 정문부터 1210.9m 29 road U턴커넥터 없음
  후보 r1315 s=39 건물까지 49.4m 정문부터 809.2m 21 road U턴커넥터 없음
  후보 r1313 s=75 건물까지 54.2m 정문부터 840.1m 21 road U턴커넥터 [1748]
  후보 r1215 s=68 건물까지 54.9m 정문에서 도달 불가
  후보 r1184 s=0 건물까지 55.4m 정문부터 679.3m 19 road U턴커넥터 없음
  후보 r1193 s=35 건물까지 56.8m 정문부터 721.9m 19 road U턴커넥터 [1751]
  후보 r1344 s=5 건물까지 57.3m 정문부터 710.9m 21 road U턴커넥터 없음
  후보 r1346 s=22 건물까지 58.2m 정문부터 806.7m 23 road U턴커넥터 없음
채택 후보 r1123 s=22.0 junction=False 건물까지 45.7m 정문부터 637.4m 17 road
  경로 1247,1914,1356,1917,1355,1446,1172,1427,1127,1699,1126,1726,1125,1733,1124,1826,1123
  커브 r1247 일반 -50.5° 평균R 173.65 R2min 10.28
  커브 r1446 j42 +78.8° 평균R 10.12 R2min 7.40
  커브 r1123 일반 -57.9° 평균R 52.40 R2min 10.28
  최소 반경 커브 (1446, 10.116764667987045, 7.401364705079903)
  south 와 공통 앞부분 7 road (~r1172), 이후 j10 에서 south 는 r1428 / 양성재는 r1427 (회전 +1.7°)

## 1-2 루프 (frozen_v1)
정문 진입 r1247 의 반대 방향 반쪽(나가는 쪽): r1120 s=148 (3.35m)
r1247 선행 road: [1380] (각 앞뒤접선 [-180.0])
  north r1378 s=78 -> 정문 나가는 쪽: U턴허용 경로없음 / U턴금지 경로없음
  north r1378 s=78 -> 정문 진입 r1247(순환 완성): U턴허용 경로없음 / U턴금지 경로없음
  south r1237 s=47 -> 정문 나가는 쪽: U턴허용 경로없음 / U턴금지 경로없음
  south r1237 s=47 -> 정문 진입 r1247(순환 완성): U턴허용 경로없음 / U턴금지 경로없음
  middle r1327 s=70 -> 정문 나가는 쪽: U턴허용 경로없음 / U턴금지 경로없음
  middle r1327 s=70 -> 정문 진입 r1247(순환 완성): U턴허용 경로없음 / U턴금지 경로없음
  yangseong r1123 s=22 -> 정문 나가는 쪽: U턴허용 경로없음 / U턴금지 경로없음
  yangseong r1123 s=22 -> 정문 진입 r1247(순환 완성): U턴허용 경로없음 / U턴금지 경로없음
r1247 에 도달할 수 있는 road 전체: [1120, 1247, 1380, 1915] -> 정문 구간은 들어오기만 가능
  r1914 j1 선행 [1247] 후속 [1356] 앞뒤접선 +2.4
  r1915 j1 선행 [1247] 후속 [1120] 앞뒤접선 -180.0
  r1380 j2 선행 [1120] 후속 [1247] 앞뒤접선 -180.0
  [frozen_v1] 정류장 간 이동 (행=출발, U턴금지 / 없으면 U턴허용)
    north: south U턴필요 788m [1665] | middle U턴필요 659m [1665] | yangseong U턴필요 1023m [1665]
    south: north 815m | middle 924m | yangseong 903m
    middle: north U턴필요 384m [1840] | south U턴필요 622m [1840] | yangseong U턴필요 829m [1840]
    yangseong: north 1271m | south 1147m | middle 1375m
  U턴 없이 서로 오갈 수 있는 핵심 도로망(최대 강연결 성분): 441 road / 전체 878
    north r1378 핵심망 안=False
    south r1237 핵심망 안=True
    middle r1327 핵심망 안=False
    yangseong r1123 핵심망 안=True
    정문 r1247 핵심망 안=False, 나가는 쪽 r1120 핵심망 안=False

## 1-2 후문 루프 (시험 재변환 맵 _trial_s18_gates, 채택 안 됨)
[trial] road 912 / edge 1282 / U턴형 150; 정문 r1247 -> r1301
후문B 경계점 최근접 도달 차선 r1442 s=8 (1.2m) junction=4 U턴형=True
후문 정차 후보 r1171 s=91.1 경계점까지 5.3m 정문부터 1436m 33 road
  경로 1301,1998,1417,2001,1416,1508,1223,1490,1294,1757,1293,1488,1292,1625,1291,1481,1273,1851,1272,1643,1277,1633,1276,1845,1275,1883,1274,1977,1415,1981,1271,1925,1171
  커브 r1301 일반 -50.5° 평균R 173.65 R2min 10.28
  커브 r1508 j44 +78.8° 평균R 10.12 R2min 7.40
  커브 r1490 j12 -68.6° 평균R 11.90 R2min 6.48
  커브 r1977 j111 +20.8° 평균R 10.95 R2min 5.25
  커브 r1415 일반 -89.0° 평균R 11.51 R2min 3.22
  커브 r1981 j109 +26.9° 평균R 9.30 R2min 8.43
  r1171 후속 [1442] (앞뒤접선 [-180.0])
  후문 -> 정문 나가는 쪽: U턴허용 경로없음 / U턴금지 경로없음
  후문 -> 정문 진입(순환 완성): U턴허용 경로없음 / U턴금지 경로없음
  시험 맵 정류장 번호: {'north': (1439, 78.0), 'south': (1291, 47.0), 'middle': (1382, 70.0), 'yangseong': (1174, 22.0), 'back': (1171, 91.10158918)} (middle 은 형상 변경 road, s18 D-3 대응 r1327->r1382)
  [trial] 정류장 간 이동 (행=출발, U턴금지 / 없으면 U턴허용)
    north: south U턴필요 788m [1727] | middle U턴필요 659m [1727] | yangseong U턴필요 1023m [1727] | back U턴필요 1494m [1727]
    south: north 815m | middle 924m | yangseong 903m | back 706m
    middle: north U턴필요 369m [1908] | south U턴필요 607m [1908] | yangseong U턴필요 814m [1908] | back U턴필요 1313m [1908]
    yangseong: north 1271m | south 1147m | middle 1375m | back 1283m
    back: north U턴필요 1216m [1442] | south U턴필요 828m [1442, 1624] | middle U턴필요 1325m [1442] | yangseong U턴필요 1304m [1442]
  시험 맵 핵심 도로망 441 road. 정류장 핵심망 안: {'north': False, 'south': True, 'middle': False, 'yangseong': True, 'back': False}
  핵심망 위 후문 최근접 r1270 s=116 경계점까지 351.8m junction=-1

## 1-2 OSM 수준 예측 (변환 대상 way 방향 그래프, 되돌아가기=U턴 금지)
  [S0 현재(73)] 간선 1279
    (north 시작 노드 4400580257, 정차 방향 36°)
    north -> 정문 입구(공도 접점): U턴금지 없음 / U턴허용 없음
    (south 시작 노드 4400580248, 정차 방향 27°)
    south -> 정문 입구(공도 접점): U턴금지 없음 / U턴허용 없음
    (middle 시작 노드 4437127634, 정차 방향 -73°)
    middle -> 정문 입구(공도 접점): U턴금지 없음 / U턴허용 없음
    (yangseong 시작 노드 9000000000013, 정차 방향 66°)
    yangseong -> 정문 입구(공도 접점): U턴금지 없음 / U턴허용 없음
    정문 입구 -> 캠퍼스 -> 정문 입구 순환(U턴금지): 없음
    정문 광장 j1 노드 출발 -> 다시 j1 순환(U턴금지): 없음
  [S1 +후문7+중문2] 간선 1311
    (north 시작 노드 4400580257, 정차 방향 36°)
    north -> 정문 입구(공도 접점): U턴금지 없음 / U턴허용 없음
    (south 시작 노드 4400580248, 정차 방향 27°)
    south -> 정문 입구(공도 접점): U턴금지 없음 / U턴허용 없음
    (middle 시작 노드 4437127634, 정차 방향 -73°)
    middle -> 정문 입구(공도 접점): U턴금지 없음 / U턴허용 없음
    (yangseong 시작 노드 9000000000013, 정차 방향 66°)
    yangseong -> 정문 입구(공도 접점): U턴금지 없음 / U턴허용 없음
    (back 시작 노드 4727599760, 정차 방향 12°)
    back -> 정문 입구(공도 접점): U턴금지 없음 / U턴허용 없음
    정문 입구 -> 캠퍼스 -> 정문 입구 순환(U턴금지): 없음
    정문 광장 j1 노드 출발 -> 다시 j1 순환(U턴금지): 없음
    후문 출발 -> 다시 후문 순환(U턴금지): 없음
  [S2 S1+정문출구1] 간선 1317
    (north 시작 노드 4400580257, 정차 방향 36°)
    north -> 정문 입구(공도 접점): U턴금지 없음 / U턴허용 618m
    (south 시작 노드 4400580248, 정차 방향 27°)
    south -> 정문 입구(공도 접점): U턴금지 1057m / U턴허용 741m
    (middle 시작 노드 4437127634, 정차 방향 -73°)
    middle -> 정문 입구(공도 접점): U턴금지 없음 / U턴허용 703m
    (yangseong 시작 노드 9000000000013, 정차 방향 66°)
    yangseong -> 정문 입구(공도 접점): U턴금지 1519m / U턴허용 644m
    (back 시작 노드 4727599760, 정차 방향 12°)
    back -> 정문 입구(공도 접점): U턴금지 없음 / U턴허용 1422m
    정문 입구 -> 캠퍼스 -> 정문 입구 순환(U턴금지): 965m
    정문 광장 j1 노드 출발 -> 다시 j1 순환(U턴금지): 671m
    후문 출발 -> 다시 후문 순환(U턴금지): 없음
  [종점형 전수] 미변환 service way 145개를 S2 에 하나씩 추가
    north: U턴 없이 정문 가는 길이 생기는 way 0개 []
    middle: U턴 없이 정문 가는 길이 생기는 way 0개 []
    back: U턴 없이 정문 가는 길이 생기는 way 0개 []
  시험 맵에서 새로 생긴 일반 road(대응표에 없는 번호) 16개: [1171, 1250, 1251, 1252, 1271, 1274, 1302, 1382, 1383, 1384, 1390, 1391, 1392, 1408, 1414, 1415]
    r1171 길이 96.1 시작(1077,-225) 선행 [1920, 1921, 1925] 후속 [1442] 정문도달=True
    r1250 길이 67.8 시작(663,-981) 선행 [1902, 1905, 1908] 후속 [1894, 1895, 1896] 정문도달=True
    r1251 길이 67.6 시작(739,-968) 선행 [] 후속 [1904, 1905] 정문도달=False
    r1252 길이 29.7 시작(689,-1016) 선행 [] 후속 [1902, 1903] 정문도달=False
    r1271 길이 80.3 시작(992,-268) 선행 [1980, 1981] 후속 [1924, 1925, 1926] 정문도달=True
    r1274 길이 137.3 시작(856,-366) 선행 [1873, 1878, 1879, 1883] 후속 [1977, 1978] 정문도달=True
    r1302 길이 96.1 시작(1171,-207) 선행 [1442] 후속 [1918, 1919, 1920] 정문도달=True
    r1382 길이 67.8 시작(624,-929) 선행 [1896, 1897, 1900] 후속 [1906, 1907, 1908] 정문도달=True
    r1383 길이 67.6 시작(673,-984) 선행 [1903, 1906] 후속 [] 정문도달=True
    r1384 길이 29.7 시작(670,-995) 선행 [1904, 1907] 후속 [] 정문도달=True
    r1390 길이 237.7 시작(1066,-221) 선행 [1919, 1923, 1924] 후속 [] 정문도달=True
    r1391 길이 80.3 시작(1063,-232) 선행 [1918, 1922, 1926] 후속 [1979, 1980] 정문도달=True
    r1392 길이 240.6 시작(1022,-99) 선행 [] 후속 [1921, 1922, 1923] 정문도달=False
    r1408 길이 137.3 시작(968,-287) 선행 [1975, 1978] 후속 [1875, 1876, 1877, 1878] 정문도달=True
    r1414 길이 15.9 시작(988,-276) 선행 [1979, 1982] 후속 [1975, 1976] 정문도달=True
    r1415 길이 17.9 시작(969,-280) 선행 [1976, 1977] 후속 [1981, 1982] 정문도달=True
