road  junc  len   turn  avgR  R2min  next-ok
1247  -1     153.0  -50.5 173.65  10.28 ok
1914  1        4.3   +2.4 101.01  14.00 ok
1356  -1      37.1  -10.1 209.60  13.11 ok
1917  107      3.0   +0.0    inf    inf ok
1355  -1      56.1   -0.2 19293.81 255.78 ok
1446  42      13.9  +78.8  10.12   7.40 ok
1172  -1     119.1   +0.1 57101.81 3492.15 ok
1427  10      15.9   +1.7 545.10 197.49 ok
1127  -1      20.3   +0.0    inf    inf ok
1699  9       15.0   -5.0 171.94  65.39 ok
1126  -1      60.0   +3.9 871.76  31.82 ok
1726  8       15.5   +0.0 76536.91 29450.48 ok
1125  -1      58.9   +0.0    inf    inf ok
1733  7       16.9   -0.0 46393.57 15910.75 ok
1124  -1      10.5   +1.8 333.77  59.15 ok
1826  6       15.9  -23.4  39.06  12.80 ok
1123  -1      53.0  -57.9  52.40  10.28 
connectors {1914: 1, 1917: 107, 1446: 42, 1427: 10, 1699: 9, 1726: 8, 1733: 7, 1826: 6}
route length to s=22: 637.4m (spawn 오프셋 미반영)
south 공통 7 road: [1247, 1914, 1356, 1917, 1355, 1446, 1172]; 분기 south r1428 / ys r1427
정차점 r1123 s=22 (214.55,-549.61) junction=False lane_type=Driving
r1123 끝 next -> r1774 j5 turn=+0.0
r1123 끝 next -> r1773 j5 turn=+87.4
j10 r1427 turn 1.7 r1428 turn -68.6
s=  4.0 yaw=   93.7
s=  8.0 yaw=   93.7
s= 12.0 yaw=   87.6
s= 16.0 yaw=   67.0
s= 20.0 yaw=   65.9
s= 24.0 yaw=   65.6
s= 28.0 yaw=   60.3
s= 32.0 yaw=   48.6
s= 36.0 yaw=   48.4
s= 40.0 yaw=   48.1
s= 44.0 yaw=   47.2
s= 48.0 yaw=   47.3
s= 52.0 yaw=   40.3
