map_sha256=bf835cdfad0cea65 새 조건: 정지(<0.5m/s 5s) + 정차점 2m 이내
20260919_005233 route=legacy    옛 미완주            새 미완주                      같음 | 정차점 최소거리  546.48m 정체조건 충족 t=7.01
20260919_231354 route=legacy    옛 미완주            새 미완주                      같음 | 정차점 최소거리  476.84m 정체조건 충족 t=25.30
20260922_213404 route=legacy    옛 미완주            새 미완주                      같음 | 정차점 최소거리  476.84m 정체조건 충족 t=25.27
20260922_213844 route=legacy    옛 미완주            새 미완주                      같음 | 정차점 최소거리  476.85m 정체조건 충족 t=25.25
20260924_113337 route=legacy    옛 미완주            새 미완주                      같음 | 정차점 최소거리  165.43m 정체조건 충족 t=113.15
20260924_182607 route=legacy    옛 미완주            새 미완주                      같음 | 정차점 최소거리  160.22m
20260924_231850 route=legacy    옛 미완주            새 미완주                      같음 | 정차점 최소거리  312.17m
20260925_112842 route=legacy    옛 미완주            새 미완주                      같음 | 정차점 최소거리  291.59m
20260925_113316 route=legacy    옛 완주 t=153.15    새 완주 t=153.15              같음 | 정차점 최소거리    4.97m
20260926_144047 route=legacy    옛 완주 t=153.10    새 완주 t=153.10              같음 | 정차점 최소거리    4.77m
20260926_180655 route=legacy    옛 완주 t=153.35    새 완주 t=153.35              같음 | 정차점 최소거리    4.98m
20260926_181143 route=legacy    옛 완주 t=153.35    새 완주 t=153.35              같음 | 정차점 최소거리    4.97m
20260928_224708 route=north     옛 완주 t=123.10    새 완주 t=123.10              같음 | 정차점 최소거리    0.93m
20260928_224907 route=south     옛 완주 t=143.75    새 완주 t=143.75              같음 | 정차점 최소거리    0.92m
20260928_225108 route=middle    옛 미완주            새 미완주                      같음 | 정차점 최소거리  243.06m
20261002_012601 route=middle    옛 완주 t=136.75    새 완주 t=136.75              같음 | 정차점 최소거리    0.90m
20261002_012739 route=yangseong 옛 완주 t=125.60    새 완주 t=125.60              같음 | 정차점 최소거리    0.96m
20261002_012938 route=legacy    옛 완주 t=153.35    새 완주 t=153.35              같음 | 정차점 최소거리    4.80m
20261002_013011 route=yangseong 옛 미완주            새 완주 t=130.60 (정지 근접)      변경 | 정차점 최소거리    1.06m
20261002_013224 route=yangseong 옛 완주 t=125.50    새 완주 t=125.50              같음 | 정차점 최소거리    0.98m
20261002_013252 route=north     옛 완주 t=123.35    새 완주 t=123.35              같음 | 정차점 최소거리    0.92m
합계 21개, 변경 1개
