xodr cbnu_internal_only_localtm_tags73_smooth.xodr sha256 bf835cdfad0cea65
proj +proj=tmerc +lat_0=36.627298 +lon_0=127.456394 +ellps=WGS84 / offset 521.51 493.61
자기검사: junction 90개, 노드 투영 vs 커넥터 시작점 평균 거리 중앙값 3.35m
건물 18개 -> /home/gyumin/campus_mobility_sim/map/data/processed/s22_buildings.csv
개신문화관 (E2) way452267232 (36.628217,127.459391) carla(789.53,-595.63) 77.7x74.8m yaw124.2 차선끝까지59.7m 인도끝까지56.9m
경영대학 본관 (N13) way446440341 (36.630199,127.457106) carla(585.17,-815.54) 83.8x50.8m yaw36.8 차선끝까지28.2m 인도끝까지25.4m
구학생회관 (S14) way452267229 (36.628023,127.454457) carla(348.28,-574.02) 38.7x17.9m yaw168.3 차선끝까지14.9m 인도끝까지12.1m
대학본부 (N10) way442595862 (36.630022,127.454726) carla(372.30,-795.84) 50.6x21.2m yaw125.9 차선끝까지46.3m 인도끝까지43.5m
등용관 (S17-6) way452601527 (36.627169,127.451257) carla(62.01,-479.27) 45.1x14.5m yaw91.6 차선끝까지15.0m 인도끝까지12.2m
명덕관 (S17-2) way442760314 (36.627283,127.452728) carla(193.60,-491.98) 75.3x14.3m yaw124.7 차선끝까지18.7m 인도끝까지15.9m
법학관 (N18) way692592588 (36.631043,127.459603) carla(808.51,-909.17) 78.7x40.2m yaw8.1 차선끝까지32.7m 인도끝까지29.9m
사회과학대학 본관 (N15) way446440345 (36.629617,127.457619) carla(631.03,-750.92) 71.5x64.4m yaw37.9 차선끝까지22.4m 인도끝까지19.6m
신민관 (S17-3) way442760312 (36.627265,127.452110) carla(138.30,-489.92) 49.3x14.8m yaw35.6 차선끝까지4.7m 인도끝까지1.9m
신학생회관 (E3) way452264484 (36.627599,127.458860) carla(742.05,-527.02) 60.8x43.8m yaw36.1 차선끝까지33.3m 인도끝까지30.5m
양성재 way442760311 (36.627604,127.452295) carla(154.91,-527.53) 13.3x13.0m yaw170.1 차선끝까지36.5m 인도끝까지33.7m
양현재 관리동 (S17-7) way452601526 (36.627030,127.450261) carla(-27.08,-463.87) 47.9x39.6m yaw2.4 차선끝까지24.2m 인도끝까지21.5m
인문사회관 (N14) way446440344 (36.631082,127.456839) carla(561.33,-913.53) 79.1x35.6m yaw126.0 차선끝까지14.6m 인도끝까지11.8m
자연과학대학 본관 (S1-1) way452270376 (36.627773,127.456646) carla(544.02,-546.27) 121.5x25.2m yaw23.7 차선끝까지21.7m 인도끝까지18.9m
중앙도서관 구관 (N12) way442066135 (36.628527,127.457535) carla(623.58,-629.98) 83.2x45.6m yaw35.2 차선끝까지58.2m 인도끝까지55.4m
중앙도서관 신관 (N12) way648686778 (36.628238,127.458035) carla(668.32,-597.94) 62.1x25.2m yaw126.0 차선끝까지61.7m 인도끝까지58.9m
지선관 (S17-1) way442760316 (36.627973,127.452294) carla(154.80,-568.52) 38.3x37.8m yaw124.6 차선끝까지13.0m 인도끝까지10.2m
청운관 (S17-5) way452601528 (36.627351,127.450369) carla(-17.42,-499.51) 52.6x15.8m yaw2.6 차선끝까지32.3m 인도끝까지29.5m
