
# frozen_v1 (bf835cdfad0cea65), 종점 road1898 s=5.0
road 878, U턴형 커넥터 143, 출발 r1247 s=0.0, 종점 r1898 s=5.0

## 후보 A 정문 -> 남문 -> 후문 방향
road 수 28, 총 거리 1221.9m
seq [1247, 1914, 1356, 1917, 1355, 1446, 1172, 1428, 1240, 1695, 1239, 1426, 1238, 1563, 1237, 1419, 1219, 1789, 1218, 1581, 1223, 1571, 1222, 1783, 1221, 1821, 1220, 1898]
방향: 연속 27쌍 중 next() 간선 아님 0  / U턴형 커넥터 [1898]
정류장 통과(정문부터 거리): 남문 r1237 s=47 @730m
회전(|각| >= 20°, road 전체 통과분) 3회
  r1247(일반) -50.5° 좌 평균R 173.65 R2min 10.28
  r1446(j42) +78.8° 우 평균R 10.12 R2min 7.40
  r1428(j10) -68.6° 좌 평균R 11.90 R2min 6.48
최소 R2(2m 창, 경로 구간) 2.44m @ r1898 s=4.0
최소 R2(종점 회차 커넥터 제외) 6.48m @ r1428 s=1.5
최소 평균R(회전 road) 10.12m @ r1446 -> 9m 이상: 예

## 후보 B 정문 -> 양성재 -> 후문 방향
road 수 50, 총 거리 1705.7m
seq [1247, 1914, 1356, 1917, 1355, 1446, 1172, 1427, 1127, 1699, 1126, 1726, 1125, 1733, 1124, 1826, 1123, 1773, 1343, 1842, 1330, 1862, 1200, 1458, 1130, 1493, 1129, 1956, 1267, 1398, 1359, 1515, 1360, 1519, 1361, 1796, 1190, 1866, 1189, 1786, 1218, 1581, 1223, 1571, 1222, 1783, 1221, 1821, 1220, 1898]
방향: 연속 49쌍 중 next() 간선 아님 0  / U턴형 커넥터 [1898]
정류장 통과(정문부터 거리): 양성재 r1123 s=22 @637m
회전(|각| >= 20°, road 전체 통과분) 12회
  r1247(일반) -50.5° 좌 평균R 173.65 R2min 10.28
  r1446(j42) +78.8° 우 평균R 10.12 R2min 7.40
  r1826(j6) -23.4° 좌 평균R 39.06 R2min 12.80
  r1123(일반) -57.9° 좌 평균R 52.40 R2min 10.28
  r1773(j5) +87.4° 우 평균R 8.09 R2min 5.77
  r1842(j90) -46.4° 좌 평균R 19.55 R2min 12.80
  r1862(j88) -63.8° 좌 평균R 18.40 R2min 15.54
  r1398(j22) -67.7° 좌 평균R 11.49 R2min 2.77
  r1361(일반) +38.7° 우 평균R 81.35 R2min 9.08
  r1796(j78) +64.4° 우 평균R 12.90 R2min 6.12
  r1190(일반) -68.9° 좌 평균R 72.80 R2min 1.32
  r1786(j77) +90.6° 우 평균R 5.54 R2min 1.88
최소 R2(2m 창, 경로 구간) 1.32m @ r1190 s=12.5
최소 평균R(회전 road) 5.54m @ r1786 -> 9m 이상: 아니오

## 후보 C1 정문 -> 양성재 -> 남문 -> 후문 방향
road 수 58, 총 거리 2276.4m
seq [1247, 1914, 1356, 1917, 1355, 1446, 1172, 1427, 1127, 1699, 1126, 1726, 1125, 1733, 1124, 1826, 1123, 1773, 1343, 1842, 1330, 1862, 1200, 1459, 1258, 1991, 1249, 1771, 1250, 1828, 1251, 1734, 1252, 1727, 1253, 1700, 1254, 1433, 1240, 1695, 1239, 1426, 1238, 1563, 1237, 1419, 1219, 1789, 1218, 1581, 1223, 1571, 1222, 1783, 1221, 1821, 1220, 1898]
방향: 연속 57쌍 중 next() 간선 아님 0  / U턴형 커넥터 [1898]
정류장 통과(정문부터 거리): 양성재 r1123 s=22 @637m, 남문 r1237 s=47 @1784m
회전(|각| >= 20°, road 전체 통과분) 13회
  r1247(일반) -50.5° 좌 평균R 173.65 R2min 10.28
  r1446(j42) +78.8° 우 평균R 10.12 R2min 7.40
  r1826(j6) -23.4° 좌 평균R 39.06 R2min 12.80
  r1123(일반) -57.9° 좌 평균R 52.40 R2min 10.28
  r1773(j5) +87.4° 우 평균R 8.09 R2min 5.77
  r1842(j90) -46.4° 좌 평균R 19.55 R2min 12.80
  r1862(j88) -63.8° 좌 평균R 18.40 R2min 15.54
  r1459(j14) -108.3° 좌 평균R 7.82 R2min 4.35
  r1991(j3) -101.5° 좌 평균R 14.62 R2min 4.64
  r1249(일반) +47.2° 우 평균R 122.39 R2min 10.81
  r1250(일반) +57.9° 우 평균R 52.40 R2min 10.19
  r1828(j6) +23.4° 우 평균R 39.05 R2min 12.81
  r1433(j10) +109.7° 우 평균R 7.83 R2min 4.26
최소 R2(2m 창, 경로 구간) 2.44m @ r1898 s=4.0
최소 R2(종점 회차 커넥터 제외) 4.26m @ r1433 s=7.5
최소 평균R(회전 road) 7.82m @ r1459 -> 9m 이상: 아니오

## 후보 C2 정문 -> 남문 -> 양성재 -> 후문 방향
road 수 74, 총 거리 2701.2m
seq [1247, 1914, 1356, 1917, 1355, 1446, 1172, 1428, 1240, 1695, 1239, 1426, 1238, 1563, 1237, 1419, 1219, 1788, 1318, 1864, 1206, 1402, 1363, 1417, 1368, 1561, 1369, 1421, 1370, 1694, 1371, 1431, 1127, 1699, 1126, 1726, 1125, 1733, 1124, 1826, 1123, 1773, 1343, 1842, 1330, 1862, 1200, 1458, 1130, 1493, 1129, 1956, 1267, 1398, 1359, 1515, 1360, 1519, 1361, 1796, 1190, 1866, 1189, 1786, 1218, 1581, 1223, 1571, 1222, 1783, 1221, 1821, 1220, 1898]
방향: 연속 73쌍 중 next() 간선 아님 0  / U턴형 커넥터 [1898]
정류장 통과(정문부터 거리): 남문 r1237 s=47 @730m, 양성재 r1123 s=22 @1633m
회전(|각| >= 20°, road 전체 통과분) 18회
  r1247(일반) -50.5° 좌 평균R 173.65 R2min 10.28
  r1446(j42) +78.8° 우 평균R 10.12 R2min 7.40
  r1428(j10) -68.6° 좌 평균R 11.90 R2min 6.48
  r1788(j77) +89.1° 우 평균R 5.57 R2min 2.04
  r1864(j76) +91.3° 우 평균R 5.56 R2min 1.89
  r1402(j93) +89.5° 우 평균R 5.36 R2min 2.31
  r1417(j105) -96.3° 좌 평균R 5.49 R2min 1.71
  r1431(j10) -109.7° 좌 평균R 7.83 R2min 4.26
  r1826(j6) -23.4° 좌 평균R 39.06 R2min 12.80
  r1123(일반) -57.9° 좌 평균R 52.40 R2min 10.28
  r1773(j5) +87.4° 우 평균R 8.09 R2min 5.77
  r1842(j90) -46.4° 좌 평균R 19.55 R2min 12.80
  r1862(j88) -63.8° 좌 평균R 18.40 R2min 15.54
  r1398(j22) -67.7° 좌 평균R 11.49 R2min 2.77
  r1361(일반) +38.7° 우 평균R 81.35 R2min 9.08
  r1796(j78) +64.4° 우 평균R 12.90 R2min 6.12
  r1190(일반) -68.9° 좌 평균R 72.80 R2min 1.32
  r1786(j77) +90.6° 우 평균R 5.54 R2min 1.88
최소 R2(2m 창, 경로 구간) 1.32m @ r1190 s=12.5
최소 평균R(회전 road) 5.36m @ r1402 -> 9m 이상: 아니오

## 후보 C3-북문 정문 -> 북문 -> 회차(r1665) -> 후문 방향
road 수 46, 총 거리 1902.4m
seq [1247, 1914, 1356, 1917, 1355, 1447, 1373, 1673, 1374, 1591, 1375, 1689, 1376, 1625, 1377, 1640, 1378, 1665, 1372, 1638, 1245, 1623, 1244, 1684, 1171, 1675, 1173, 1691, 1239, 1426, 1238, 1563, 1237, 1419, 1219, 1789, 1218, 1581, 1223, 1571, 1222, 1783, 1221, 1821, 1220, 1898]
방향: 연속 45쌍 중 next() 간선 아님 0  / U턴형 커넥터 [1665, 1898]
정류장 통과(정문부터 거리): 북문 r1378 s=78 @623m, 남문 r1237 s=47 @1410m
회전(|각| >= 20°, road 전체 통과분) 6회
  r1247(일반) -50.5° 좌 평균R 173.65 R2min 10.28
  r1378(일반) -101.5° 좌 평균R 124.77 R2min 1.05
  r1665(j109) -126.8° 좌 평균R 4.47 R2min 1.94
  r1372(일반) +101.5° 우 평균R 124.77 R2min 1.05
  r1684(j59) -86.8° 좌 평균R 8.36 R2min 5.94
  r1691(j60) -75.0° 좌 평균R 10.01 R2min 6.96
최소 R2(2m 창, 경로 구간) 1.05m @ r1378 s=158.0
최소 평균R(회전 road) 4.47m @ r1665 -> 9m 이상: 아니오

## 후보 C3-중문 정문 -> 중문 -> 회차(r1840) -> 후문 방향
road 수 54, 총 거리 1807.3m
seq [1247, 1914, 1356, 1917, 1355, 1447, 1373, 1673, 1374, 1592, 1283, 1617, 1284, 1606, 1285, 1597, 1286, 1838, 1327, 1840, 1199, 1832, 1160, 1595, 1157, 1604, 1156, 1611, 1155, 1587, 1375, 1688, 1171, 1675, 1173, 1691, 1239, 1426, 1238, 1563, 1237, 1419, 1219, 1789, 1218, 1581, 1223, 1571, 1222, 1783, 1221, 1821, 1220, 1898]
방향: 연속 53쌍 중 next() 간선 아님 0  / U턴형 커넥터 [1840, 1898]
정류장 통과(정문부터 거리): 중문 r1327 s=70 @694m, 남문 r1237 s=47 @1315m
회전(|각| >= 20°, road 전체 통과분) 14회
  r1247(일반) -50.5° 좌 평균R 173.65 R2min 10.28
  r1592(j44) -97.6° 좌 평균R 7.82 R2min 5.02
  r1597(j46) +23.5° 우 평균R 43.91 R2min 12.45
  r1286(일반) +83.4° 우 평균R 10.33 R2min 1.29
  r1838(j48) -82.7° 좌 평균R 5.73 R2min 1.50
  r1327(일반) -45.6° 좌 평균R 94.78 R2min 11.30
  r1840(j87) -126.8° 좌 평균R 4.47 R2min 1.94
  r1199(일반) +45.6° 우 평균R 94.78 R2min 11.18
  r1832(j48) +81.1° 우 평균R 5.84 R2min 3.83
  r1160(일반) -83.4° 좌 평균R 10.33 R2min 1.29
  r1595(j46) -23.5° 좌 평균R 43.93 R2min 12.45
  r1587(j44) -82.4° 좌 평균R 9.01 R2min 6.42
  r1688(j59) +93.1° 우 평균R 7.89 R2min 5.32
  r1691(j60) -75.0° 좌 평균R 10.01 R2min 6.96
최소 R2(2m 창, 경로 구간) 1.29m @ r1160 s=5.5
최소 평균R(회전 road) 4.47m @ r1840 -> 9m 이상: 아니오

# 정류장 순서 조합 64개 성립. 지나는 정류장 수별 최단
1곳: 1222m 지정순서 남문 실제통과 남문
2곳: 1807m 지정순서 중문 실제통과 남문+중문
3곳: 2358m 지정순서 중문->북문 실제통과 북문+남문+중문
4곳: 3677m 지정순서 양성재->중문->북문 실제통과 북문+남문+양성재+중문

## 후보 C4 정류장 최다 4곳 (양성재->중문->북문)
road 수 92, 총 거리 3676.8m
seq [1247, 1914, 1356, 1917, 1355, 1446, 1172, 1427, 1127, 1699, 1126, 1726, 1125, 1733, 1124, 1826, 1123, 1773, 1343, 1842, 1330, 1862, 1200, 1459, 1258, 1991, 1249, 1771, 1250, 1828, 1251, 1734, 1252, 1727, 1253, 1700, 1254, 1434, 1301, 1442, 1373, 1673, 1374, 1592, 1283, 1617, 1284, 1606, 1285, 1597, 1286, 1838, 1327, 1840, 1199, 1833, 1289, 1973, 1290, 1632, 1291, 1635, 1378, 1665, 1372, 1638, 1245, 1623, 1244, 1684, 1171, 1675, 1173, 1691, 1239, 1426, 1238, 1563, 1237, 1419, 1219, 1789, 1218, 1581, 1223, 1571, 1222, 1783, 1221, 1821, 1220, 1898]
방향: 연속 91쌍 중 next() 간선 아님 0  / U턴형 커넥터 [1840, 1665, 1898]
정류장 통과(정문부터 거리): 양성재 r1123 s=22 @637m, 중문 r1327 s=70 @2013m, 북문 r1378 s=78 @2397m, 남문 r1237 s=47 @3185m
회전(|각| >= 20°, road 전체 통과분) 31회
  r1247(일반) -50.5° 좌 평균R 173.65 R2min 10.28
  r1446(j42) +78.8° 우 평균R 10.12 R2min 7.40
  r1826(j6) -23.4° 좌 평균R 39.06 R2min 12.80
  r1123(일반) -57.9° 좌 평균R 52.40 R2min 10.28
  r1773(j5) +87.4° 우 평균R 8.09 R2min 5.77
  r1842(j90) -46.4° 좌 평균R 19.55 R2min 12.80
  r1862(j88) -63.8° 좌 평균R 18.40 R2min 15.54
  r1459(j14) -108.3° 좌 평균R 7.82 R2min 4.35
  r1991(j3) -101.5° 좌 평균R 14.62 R2min 4.64
  r1249(일반) +47.2° 우 평균R 122.39 R2min 10.81
  r1250(일반) +57.9° 우 평균R 52.40 R2min 10.19
  r1828(j6) +23.4° 우 평균R 39.05 R2min 12.81
  r1442(j42) +101.2° 우 평균R 7.81 R2min 4.79
  r1592(j44) -97.6° 좌 평균R 7.82 R2min 5.02
  r1597(j46) +23.5° 우 평균R 43.91 R2min 12.45
  r1286(일반) +83.4° 우 평균R 10.33 R2min 1.29
  r1838(j48) -82.7° 좌 평균R 5.73 R2min 1.50
  r1327(일반) -45.6° 좌 평균R 94.78 R2min 11.30
  r1840(j87) -126.8° 좌 평균R 4.47 R2min 1.94
  r1199(일반) +45.6° 우 평균R 94.78 R2min 11.18
  r1833(j48) -83.6° 좌 평균R 7.62 R2min 5.59
  r1289(일반) +26.2° 우 평균R 103.06 R2min 9.00
  r1290(일반) -31.5° 좌 평균R 76.15 R2min 14.91
  r1632(j50) +35.9° 우 평균R 19.33 R2min 7.77
  r1291(일반) +20.5° 우 평균R 162.49 R2min 14.44
  r1635(j51) -89.2° 좌 평균R 8.00 R2min 5.61
  r1378(일반) -101.5° 좌 평균R 124.77 R2min 1.05
  r1665(j109) -126.8° 좌 평균R 4.47 R2min 1.94
  r1372(일반) +101.5° 우 평균R 124.77 R2min 1.05
  r1684(j59) -86.8° 좌 평균R 8.36 R2min 5.94
  r1691(j60) -75.0° 좌 평균R 10.01 R2min 6.96
최소 R2(2m 창, 경로 구간) 1.05m @ r1378 s=158.0
최소 평균R(회전 road) 4.47m @ r1665 -> 9m 이상: 아니오

# k-최단(U턴 금지) 12개, 길이: 1222, 1226, 1259, 1263, 1268, 1273, 1317, 1355, 1364, 1380, 1384, 1448

## 후보 C-k1 (k-최단 1번째) (앞 후보와 같은 경로)
road 수 28, 총 거리 1221.9m
seq [1247, 1914, 1356, 1917, 1355, 1446, 1172, 1428, 1240, 1695, 1239, 1426, 1238, 1563, 1237, 1419, 1219, 1789, 1218, 1581, 1223, 1571, 1222, 1783, 1221, 1821, 1220, 1898]
방향: 연속 27쌍 중 next() 간선 아님 0  / U턴형 커넥터 [1898]
정류장 통과(정문부터 거리): 남문 r1237 s=47 @730m
회전(|각| >= 20°, road 전체 통과분) 3회
  r1247(일반) -50.5° 좌 평균R 173.65 R2min 10.28
  r1446(j42) +78.8° 우 평균R 10.12 R2min 7.40
  r1428(j10) -68.6° 좌 평균R 11.90 R2min 6.48
최소 R2(2m 창, 경로 구간) 2.44m @ r1898 s=4.0
최소 R2(종점 회차 커넥터 제외) 6.48m @ r1428 s=1.5
최소 평균R(회전 road) 10.12m @ r1446 -> 9m 이상: 예

## 후보 C-k2 (k-최단 2번째)
road 수 32, 총 거리 1226.1m
seq [1247, 1914, 1356, 1917, 1355, 1446, 1172, 1428, 1240, 1695, 1239, 1426, 1238, 1563, 1237, 1418, 1232, 1401, 1335, 1870, 1189, 1786, 1218, 1581, 1223, 1571, 1222, 1783, 1221, 1821, 1220, 1898]
방향: 연속 31쌍 중 next() 간선 아님 0  / U턴형 커넥터 [1898]
정류장 통과(정문부터 거리): 남문 r1237 s=47 @730m
회전(|각| >= 20°, road 전체 통과분) 7회
  r1247(일반) -50.5° 좌 평균R 173.65 R2min 10.28
  r1446(j42) +78.8° 우 평균R 10.12 R2min 7.40
  r1428(j10) -68.6° 좌 평균R 11.90 R2min 6.48
  r1418(j105) +96.2° 우 평균R 5.50 R2min 1.85
  r1401(j93) -89.7° 좌 평균R 5.35 R2min 1.61
  r1870(j76) -91.1° 좌 평균R 5.57 R2min 2.14
  r1786(j77) +90.6° 우 평균R 5.54 R2min 1.88
최소 R2(2m 창, 경로 구간) 1.61m @ r1401 s=1.0
최소 평균R(회전 road) 5.35m @ r1401 -> 9m 이상: 아니오

## 후보 C-k3 (k-최단 3번째)
road 수 30, 총 거리 1259.2m
seq [1247, 1914, 1356, 1917, 1355, 1447, 1373, 1672, 1299, 1680, 1173, 1691, 1239, 1426, 1238, 1563, 1237, 1419, 1219, 1789, 1218, 1581, 1223, 1571, 1222, 1783, 1221, 1821, 1220, 1898]
방향: 연속 29쌍 중 next() 간선 아님 0  / U턴형 커넥터 [1898]
정류장 통과(정문부터 거리): 남문 r1237 s=47 @767m
회전(|각| >= 20°, road 전체 통과분) 5회
  r1247(일반) -50.5° 좌 평균R 173.65 R2min 10.28
  r1672(j58) +90.0° 우 평균R 7.90 R2min 5.51
  r1299(일반) -91.8° 좌 평균R 77.82 R2min 3.94
  r1680(j57) +92.3° 우 평균R 7.87 R2min 5.36
  r1691(j60) -75.0° 좌 평균R 10.01 R2min 6.96
최소 R2(2m 창, 경로 구간) 2.44m @ r1898 s=4.0
최소 R2(종점 회차 커넥터 제외) 3.94m @ r1299 s=23.0
최소 평균R(회전 road) 7.87m @ r1680 -> 9m 이상: 아니오

## 후보 C-k4 (k-최단 4번째)
road 수 34, 총 거리 1263.4m
seq [1247, 1914, 1356, 1917, 1355, 1447, 1373, 1672, 1299, 1680, 1173, 1691, 1239, 1426, 1238, 1563, 1237, 1418, 1232, 1401, 1335, 1870, 1189, 1786, 1218, 1581, 1223, 1571, 1222, 1783, 1221, 1821, 1220, 1898]
방향: 연속 33쌍 중 next() 간선 아님 0  / U턴형 커넥터 [1898]
정류장 통과(정문부터 거리): 남문 r1237 s=47 @767m
회전(|각| >= 20°, road 전체 통과분) 9회
  r1247(일반) -50.5° 좌 평균R 173.65 R2min 10.28
  r1672(j58) +90.0° 우 평균R 7.90 R2min 5.51
  r1299(일반) -91.8° 좌 평균R 77.82 R2min 3.94
  r1680(j57) +92.3° 우 평균R 7.87 R2min 5.36
  r1691(j60) -75.0° 좌 평균R 10.01 R2min 6.96
  r1418(j105) +96.2° 우 평균R 5.50 R2min 1.85
  r1401(j93) -89.7° 좌 평균R 5.35 R2min 1.61
  r1870(j76) -91.1° 좌 평균R 5.57 R2min 2.14
  r1786(j77) +90.6° 우 평균R 5.54 R2min 1.88
최소 R2(2m 창, 경로 구간) 1.61m @ r1401 s=1.0
최소 평균R(회전 road) 5.35m @ r1401 -> 9m 이상: 아니오

## 후보 C-k5 (k-최단 5번째)
road 수 34, 총 거리 1268.4m
seq [1247, 1914, 1356, 1917, 1355, 1447, 1373, 1673, 1374, 1591, 1375, 1688, 1171, 1675, 1173, 1691, 1239, 1426, 1238, 1563, 1237, 1419, 1219, 1789, 1218, 1581, 1223, 1571, 1222, 1783, 1221, 1821, 1220, 1898]
방향: 연속 33쌍 중 next() 간선 아님 0  / U턴형 커넥터 [1898]
정류장 통과(정문부터 거리): 남문 r1237 s=47 @776m
회전(|각| >= 20°, road 전체 통과분) 3회
  r1247(일반) -50.5° 좌 평균R 173.65 R2min 10.28
  r1688(j59) +93.1° 우 평균R 7.89 R2min 5.32
  r1691(j60) -75.0° 좌 평균R 10.01 R2min 6.96
최소 R2(2m 창, 경로 구간) 2.44m @ r1898 s=4.0
최소 R2(종점 회차 커넥터 제외) 5.32m @ r1688 s=6.5
최소 평균R(회전 road) 7.89m @ r1688 -> 9m 이상: 아니오

## 후보 C-k6 (k-최단 6번째)
road 수 38, 총 거리 1272.5m
seq [1247, 1914, 1356, 1917, 1355, 1447, 1373, 1673, 1374, 1591, 1375, 1688, 1171, 1675, 1173, 1691, 1239, 1426, 1238, 1563, 1237, 1418, 1232, 1401, 1335, 1870, 1189, 1786, 1218, 1581, 1223, 1571, 1222, 1783, 1221, 1821, 1220, 1898]
방향: 연속 37쌍 중 next() 간선 아님 0  / U턴형 커넥터 [1898]
정류장 통과(정문부터 거리): 남문 r1237 s=47 @776m
회전(|각| >= 20°, road 전체 통과분) 7회
  r1247(일반) -50.5° 좌 평균R 173.65 R2min 10.28
  r1688(j59) +93.1° 우 평균R 7.89 R2min 5.32
  r1691(j60) -75.0° 좌 평균R 10.01 R2min 6.96
  r1418(j105) +96.2° 우 평균R 5.50 R2min 1.85
  r1401(j93) -89.7° 좌 평균R 5.35 R2min 1.61
  r1870(j76) -91.1° 좌 평균R 5.57 R2min 2.14
  r1786(j77) +90.6° 우 평균R 5.54 R2min 1.88
최소 R2(2m 창, 경로 구간) 1.61m @ r1401 s=1.0
최소 평균R(회전 road) 5.35m @ r1401 -> 9m 이상: 아니오

## 후보 C-k7 (k-최단 7번째)
road 수 34, 총 거리 1317.2m
seq [1247, 1914, 1356, 1917, 1355, 1446, 1172, 1428, 1240, 1695, 1239, 1426, 1238, 1563, 1237, 1418, 1232, 1400, 1231, 1792, 1190, 1866, 1189, 1786, 1218, 1581, 1223, 1571, 1222, 1783, 1221, 1821, 1220, 1898]
방향: 연속 33쌍 중 next() 간선 아님 0  / U턴형 커넥터 [1898]
정류장 통과(정문부터 거리): 남문 r1237 s=47 @730m
회전(|각| >= 20°, road 전체 통과분) 7회
  r1247(일반) -50.5° 좌 평균R 173.65 R2min 10.28
  r1446(j42) +78.8° 우 평균R 10.12 R2min 7.40
  r1428(j10) -68.6° 좌 평균R 11.90 R2min 6.48
  r1418(j105) +96.2° 우 평균R 5.50 R2min 1.85
  r1792(j78) -111.8° 좌 평균R 7.85 R2min 4.14
  r1190(일반) -68.9° 좌 평균R 72.80 R2min 1.32
  r1786(j77) +90.6° 우 평균R 5.54 R2min 1.88
최소 R2(2m 창, 경로 구간) 1.32m @ r1190 s=12.5
최소 평균R(회전 road) 5.50m @ r1418 -> 9m 이상: 아니오

## 후보 C-k8 (k-최단 8번째)
road 수 36, 총 거리 1354.5m
seq [1247, 1914, 1356, 1917, 1355, 1447, 1373, 1672, 1299, 1680, 1173, 1691, 1239, 1426, 1238, 1563, 1237, 1418, 1232, 1400, 1231, 1792, 1190, 1866, 1189, 1786, 1218, 1581, 1223, 1571, 1222, 1783, 1221, 1821, 1220, 1898]
방향: 연속 35쌍 중 next() 간선 아님 0  / U턴형 커넥터 [1898]
정류장 통과(정문부터 거리): 남문 r1237 s=47 @767m
회전(|각| >= 20°, road 전체 통과분) 9회
  r1247(일반) -50.5° 좌 평균R 173.65 R2min 10.28
  r1672(j58) +90.0° 우 평균R 7.90 R2min 5.51
  r1299(일반) -91.8° 좌 평균R 77.82 R2min 3.94
  r1680(j57) +92.3° 우 평균R 7.87 R2min 5.36
  r1691(j60) -75.0° 좌 평균R 10.01 R2min 6.96
  r1418(j105) +96.2° 우 평균R 5.50 R2min 1.85
  r1792(j78) -111.8° 좌 평균R 7.85 R2min 4.14
  r1190(일반) -68.9° 좌 평균R 72.80 R2min 1.32
  r1786(j77) +90.6° 우 평균R 5.54 R2min 1.88
최소 R2(2m 창, 경로 구간) 1.32m @ r1190 s=12.5
최소 평균R(회전 road) 5.50m @ r1418 -> 9m 이상: 아니오

## 후보 C-k9 (k-최단 9번째)
road 수 40, 총 거리 1363.7m
seq [1247, 1914, 1356, 1917, 1355, 1447, 1373, 1673, 1374, 1591, 1375, 1688, 1171, 1675, 1173, 1691, 1239, 1426, 1238, 1563, 1237, 1418, 1232, 1400, 1231, 1792, 1190, 1866, 1189, 1786, 1218, 1581, 1223, 1571, 1222, 1783, 1221, 1821, 1220, 1898]
방향: 연속 39쌍 중 next() 간선 아님 0  / U턴형 커넥터 [1898]
정류장 통과(정문부터 거리): 남문 r1237 s=47 @776m
회전(|각| >= 20°, road 전체 통과분) 7회
  r1247(일반) -50.5° 좌 평균R 173.65 R2min 10.28
  r1688(j59) +93.1° 우 평균R 7.89 R2min 5.32
  r1691(j60) -75.0° 좌 평균R 10.01 R2min 6.96
  r1418(j105) +96.2° 우 평균R 5.50 R2min 1.85
  r1792(j78) -111.8° 좌 평균R 7.85 R2min 4.14
  r1190(일반) -68.9° 좌 평균R 72.80 R2min 1.32
  r1786(j77) +90.6° 우 평균R 5.54 R2min 1.88
최소 R2(2m 창, 경로 구간) 1.32m @ r1190 s=12.5
최소 평균R(회전 road) 5.50m @ r1418 -> 9m 이상: 아니오

## 후보 C-k10 (k-최단 10번째)
road 수 38, 총 거리 1380.0m
seq [1247, 1914, 1356, 1917, 1355, 1447, 1373, 1673, 1374, 1592, 1283, 1616, 1288, 1619, 1244, 1684, 1171, 1675, 1173, 1691, 1239, 1426, 1238, 1563, 1237, 1419, 1219, 1789, 1218, 1581, 1223, 1571, 1222, 1783, 1221, 1821, 1220, 1898]
방향: 연속 37쌍 중 next() 간선 아님 0  / U턴형 커넥터 [1898]
정류장 통과(정문부터 거리): 남문 r1237 s=47 @888m
회전(|각| >= 20°, road 전체 통과분) 6회
  r1247(일반) -50.5° 좌 평균R 173.65 R2min 10.28
  r1592(j44) -97.6° 좌 평균R 7.82 R2min 5.02
  r1288(일반) +174.8° 우 평균R 20.27 R2min 1.34
  r1619(j47) +90.8° 우 평균R 7.89 R2min 5.46
  r1684(j59) -86.8° 좌 평균R 8.36 R2min 5.94
  r1691(j60) -75.0° 좌 평균R 10.01 R2min 6.96
최소 R2(2m 창, 경로 구간) 1.34m @ r1288 s=38.5
최소 평균R(회전 road) 7.82m @ r1592 -> 9m 이상: 아니오

## 후보 C-k11 (k-최단 11번째)
road 수 42, 총 거리 1384.2m
seq [1247, 1914, 1356, 1917, 1355, 1447, 1373, 1673, 1374, 1592, 1283, 1616, 1288, 1619, 1244, 1684, 1171, 1675, 1173, 1691, 1239, 1426, 1238, 1563, 1237, 1418, 1232, 1401, 1335, 1870, 1189, 1786, 1218, 1581, 1223, 1571, 1222, 1783, 1221, 1821, 1220, 1898]
방향: 연속 41쌍 중 next() 간선 아님 0  / U턴형 커넥터 [1898]
정류장 통과(정문부터 거리): 남문 r1237 s=47 @888m
회전(|각| >= 20°, road 전체 통과분) 10회
  r1247(일반) -50.5° 좌 평균R 173.65 R2min 10.28
  r1592(j44) -97.6° 좌 평균R 7.82 R2min 5.02
  r1288(일반) +174.8° 우 평균R 20.27 R2min 1.34
  r1619(j47) +90.8° 우 평균R 7.89 R2min 5.46
  r1684(j59) -86.8° 좌 평균R 8.36 R2min 5.94
  r1691(j60) -75.0° 좌 평균R 10.01 R2min 6.96
  r1418(j105) +96.2° 우 평균R 5.50 R2min 1.85
  r1401(j93) -89.7° 좌 평균R 5.35 R2min 1.61
  r1870(j76) -91.1° 좌 평균R 5.57 R2min 2.14
  r1786(j77) +90.6° 우 평균R 5.54 R2min 1.88
최소 R2(2m 창, 경로 구간) 1.34m @ r1288 s=38.5
최소 평균R(회전 road) 5.35m @ r1401 -> 9m 이상: 아니오

## 후보 C-k12 (k-최단 12번째)
road 수 38, 총 거리 1447.6m
seq [1247, 1914, 1356, 1917, 1355, 1446, 1172, 1428, 1240, 1695, 1239, 1426, 1238, 1563, 1237, 1418, 1232, 1401, 1335, 1869, 1319, 1793, 1362, 1407, 1363, 1416, 1219, 1789, 1218, 1581, 1223, 1571, 1222, 1783, 1221, 1821, 1220, 1898]
방향: 연속 37쌍 중 next() 간선 아님 0  / U턴형 커넥터 [1898]
정류장 통과(정문부터 거리): 남문 r1237 s=47 @730m
회전(|각| >= 20°, road 전체 통과분) 9회
  r1247(일반) -50.5° 좌 평균R 173.65 R2min 10.28
  r1446(j42) +78.8° 우 평균R 10.12 R2min 7.40
  r1428(j10) -68.6° 좌 평균R 11.90 R2min 6.48
  r1418(j105) +96.2° 우 평균R 5.50 R2min 1.85
  r1401(j93) -89.7° 좌 평균R 5.35 R2min 1.61
  r1869(j76) +88.6° 우 평균R 8.07 R2min 5.68
  r1319(일반) +68.9° 우 평균R 72.60 R2min 1.45
  r1793(j78) +111.8° 우 평균R 7.85 R2min 4.14
  r1416(j105) +89.6° 우 평균R 5.58 R2min 1.95
최소 R2(2m 창, 경로 구간) 1.45m @ r1319 s=64.5
최소 평균R(회전 road) 5.35m @ r1401 -> 9m 이상: 아니오

# frozen_v1 (bf835cdfad0cea65), 종점 road1898 s=5.0 요약 (거리 / road / 정류장 / 회전 / 최소 R2(종점 회차 제외) / 최소 평균R)
후보 A 정문 -> 남문 -> 후문 방향 | 1222m | 28 | 남문 | 3 | 2.44(6.48) | 10.12 | 방향오류 0 | U턴 [1898]
후보 B 정문 -> 양성재 -> 후문 방향 | 1706m | 50 | 양성재 | 12 | 1.32(1.32) | 5.54 | 방향오류 0 | U턴 [1898]
후보 C1 정문 -> 양성재 -> 남문 -> 후문  | 2276m | 58 | 양성재+남문 | 13 | 2.44(4.26) | 7.82 | 방향오류 0 | U턴 [1898]
후보 C2 정문 -> 남문 -> 양성재 -> 후문  | 2701m | 74 | 남문+양성재 | 18 | 1.32(1.32) | 5.36 | 방향오류 0 | U턴 [1898]
후보 C3-북문 정문 -> 북문 -> 회차(r166 | 1902m | 46 | 북문+남문 | 6 | 1.05(1.05) | 4.47 | 방향오류 0 | U턴 [1665, 1898]
후보 C3-중문 정문 -> 중문 -> 회차(r184 | 1807m | 54 | 중문+남문 | 14 | 1.29(1.29) | 4.47 | 방향오류 0 | U턴 [1840, 1898]
후보 C4 정류장 최다 4곳 (양성재->중문->북문 | 3677m | 92 | 양성재+중문+북문+남문 | 31 | 1.05(1.05) | 4.47 | 방향오류 0 | U턴 [1840, 1665, 1898]
후보 C-k2 (k-최단 2번째) | 1226m | 32 | 남문 | 7 | 1.61(1.61) | 5.35 | 방향오류 0 | U턴 [1898]
후보 C-k3 (k-최단 3번째) | 1259m | 30 | 남문 | 5 | 2.44(3.94) | 7.87 | 방향오류 0 | U턴 [1898]
후보 C-k4 (k-최단 4번째) | 1263m | 34 | 남문 | 9 | 1.61(1.61) | 5.35 | 방향오류 0 | U턴 [1898]
후보 C-k5 (k-최단 5번째) | 1268m | 34 | 남문 | 3 | 2.44(5.32) | 7.89 | 방향오류 0 | U턴 [1898]
후보 C-k6 (k-최단 6번째) | 1273m | 38 | 남문 | 7 | 1.61(1.61) | 5.35 | 방향오류 0 | U턴 [1898]
후보 C-k7 (k-최단 7번째) | 1317m | 34 | 남문 | 7 | 1.32(1.32) | 5.50 | 방향오류 0 | U턴 [1898]
후보 C-k8 (k-최단 8번째) | 1355m | 36 | 남문 | 9 | 1.32(1.32) | 5.50 | 방향오류 0 | U턴 [1898]
후보 C-k9 (k-최단 9번째) | 1364m | 40 | 남문 | 7 | 1.32(1.32) | 5.50 | 방향오류 0 | U턴 [1898]
후보 C-k10 (k-최단 10번째) | 1380m | 38 | 남문 | 6 | 1.34(1.34) | 7.82 | 방향오류 0 | U턴 [1898]
후보 C-k11 (k-최단 11번째) | 1384m | 42 | 남문 | 10 | 1.34(1.34) | 5.35 | 방향오류 0 | U턴 [1898]
후보 C-k12 (k-최단 12번째) | 1448m | 38 | 남문 | 9 | 1.45(1.45) | 5.35 | 방향오류 0 | U턴 [1898]

# 시험 재변환 맵 _trial_s18_gates (채택 안 됨, 예측용), 종점 후문 후보
road 912, U턴형 커넥터 150, 출발 r1301 s=0.0, 종점 r1171 s=91.0
정류장 번호 대응(옛->시험, 형상 일치 비용 m): 북문 r1378->r1439 (0.00), 남문 r1237->r1291 (0.00), 양성재 r1123->r1174 (0.00), 중문 r1327->r1382 (7.59)

## 후보 A 정문 -> 남문 -> 후문 방향
road 수 33, 총 거리 1436.1m
seq [1301, 1998, 1417, 2001, 1416, 1508, 1223, 1490, 1294, 1757, 1293, 1488, 1292, 1625, 1291, 1481, 1273, 1851, 1272, 1643, 1277, 1633, 1276, 1845, 1275, 1883, 1274, 1977, 1415, 1981, 1271, 1925, 1171]
방향: 연속 32쌍 중 next() 간선 아님 0  / U턴형 커넥터 없음
정류장 통과(정문부터 거리): 남문 r1291 s=47 @730m
회전(|각| >= 20°, road 전체 통과분) 7회
  r1301(일반) -50.5° 좌 평균R 173.65 R2min 10.28
  r1508(j44) +78.8° 우 평균R 10.12 R2min 7.40
  r1490(j12) -68.6° 좌 평균R 11.90 R2min 6.48
  r1977(j111) +35.8° 우 평균R 10.95 R2min 5.25
  r1415(일반) -89.0° 좌 평균R 11.51 R2min 3.22
  r1981(j109) +51.3° 우 평균R 9.30 R2min 8.43
  r1271(일반) -20.9° 좌 평균R 220.18 R2min 11.74
최소 R2(2m 창, 경로 구간) 3.22m @ r1415 s=16.5
최소 평균R(회전 road) 9.30m @ r1981 -> 9m 이상: 예

## 후보 B 정문 -> 양성재 -> 후문 방향
road 수 55, 총 거리 1919.9m
seq [1301, 1998, 1417, 2001, 1416, 1508, 1223, 1489, 1178, 1761, 1177, 1788, 1176, 1795, 1175, 1888, 1174, 1835, 1402, 1910, 1387, 1939, 1253, 1520, 1181, 1555, 1180, 2040, 1322, 1460, 1420, 1577, 1421, 1581, 1422, 1858, 1241, 1943, 1240, 1848, 1272, 1643, 1277, 1633, 1276, 1845, 1275, 1883, 1274, 1977, 1415, 1981, 1271, 1925, 1171]
방향: 연속 54쌍 중 next() 간선 아님 0  / U턴형 커넥터 없음
정류장 통과(정문부터 거리): 양성재 r1174 s=22 @637m
회전(|각| >= 20°, road 전체 통과분) 16회
  r1301(일반) -50.5° 좌 평균R 173.65 R2min 10.28
  r1508(j44) +78.8° 우 평균R 10.12 R2min 7.40
  r1888(j8) -23.4° 좌 평균R 39.06 R2min 12.80
  r1174(일반) -57.9° 좌 평균R 52.40 R2min 10.28
  r1835(j7) +87.4° 우 평균R 8.09 R2min 5.77
  r1910(j94) -46.4° 좌 평균R 19.55 R2min 12.80
  r1939(j92) -63.8° 좌 평균R 18.40 R2min 15.54
  r1460(j24) -67.7° 좌 평균R 11.49 R2min 2.77
  r1422(일반) +38.7° 우 평균R 81.35 R2min 9.08
  r1858(j80) +64.4° 우 평균R 12.90 R2min 6.12
  r1241(일반) -68.9° 좌 평균R 72.80 R2min 1.32
  r1848(j79) +90.6° 우 평균R 5.54 R2min 1.88
  r1977(j111) +35.8° 우 평균R 10.95 R2min 5.25
  r1415(일반) -89.0° 좌 평균R 11.51 R2min 3.22
  r1981(j109) +51.3° 우 평균R 9.30 R2min 8.43
  r1271(일반) -20.9° 좌 평균R 220.18 R2min 11.74
최소 R2(2m 창, 경로 구간) 1.32m @ r1241 s=12.5
최소 평균R(회전 road) 5.54m @ r1848 -> 9m 이상: 아니오

## 후보 C1 정문 -> 양성재 -> 남문 -> 후문 방향
road 수 63, 총 거리 2490.5m
seq [1301, 1998, 1417, 2001, 1416, 1508, 1223, 1489, 1178, 1761, 1177, 1788, 1176, 1795, 1175, 1888, 1174, 1835, 1402, 1910, 1387, 1939, 1253, 1521, 1313, 2075, 1304, 1833, 1305, 1890, 1306, 1796, 1307, 1789, 1308, 1762, 1309, 1495, 1294, 1757, 1293, 1488, 1292, 1625, 1291, 1481, 1273, 1851, 1272, 1643, 1277, 1633, 1276, 1845, 1275, 1883, 1274, 1977, 1415, 1981, 1271, 1925, 1171]
방향: 연속 62쌍 중 next() 간선 아님 0  / U턴형 커넥터 없음
정류장 통과(정문부터 거리): 양성재 r1174 s=22 @637m, 남문 r1291 s=47 @1784m
회전(|각| >= 20°, road 전체 통과분) 17회
  r1301(일반) -50.5° 좌 평균R 173.65 R2min 10.28
  r1508(j44) +78.8° 우 평균R 10.12 R2min 7.40
  r1888(j8) -23.4° 좌 평균R 39.06 R2min 12.80
  r1174(일반) -57.9° 좌 평균R 52.40 R2min 10.28
  r1835(j7) +87.4° 우 평균R 8.09 R2min 5.77
  r1910(j94) -46.4° 좌 평균R 19.55 R2min 12.80
  r1939(j92) -63.8° 좌 평균R 18.40 R2min 15.54
  r1521(j16) -108.3° 좌 평균R 7.82 R2min 4.35
  r2075(j5) -101.5° 좌 평균R 14.62 R2min 4.64
  r1304(일반) +47.2° 우 평균R 122.39 R2min 10.81
  r1305(일반) +57.9° 우 평균R 52.40 R2min 10.19
  r1890(j8) +23.4° 우 평균R 39.05 R2min 12.81
  r1495(j12) +109.7° 우 평균R 7.83 R2min 4.26
  r1977(j111) +35.8° 우 평균R 10.95 R2min 5.25
  r1415(일반) -89.0° 좌 평균R 11.51 R2min 3.22
  r1981(j109) +51.3° 우 평균R 9.30 R2min 8.43
  r1271(일반) -20.9° 좌 평균R 220.18 R2min 11.74
최소 R2(2m 창, 경로 구간) 3.22m @ r1415 s=16.5
최소 평균R(회전 road) 7.82m @ r1521 -> 9m 이상: 아니오

## 후보 C2 정문 -> 남문 -> 양성재 -> 후문 방향
road 수 79, 총 거리 2915.3m
seq [1301, 1998, 1417, 2001, 1416, 1508, 1223, 1490, 1294, 1757, 1293, 1488, 1292, 1625, 1291, 1481, 1273, 1850, 1373, 1941, 1259, 1464, 1424, 1479, 1429, 1623, 1430, 1483, 1431, 1756, 1432, 1493, 1178, 1761, 1177, 1788, 1176, 1795, 1175, 1888, 1174, 1835, 1402, 1910, 1387, 1939, 1253, 1520, 1181, 1555, 1180, 2040, 1322, 1460, 1420, 1577, 1421, 1581, 1422, 1858, 1241, 1943, 1240, 1848, 1272, 1643, 1277, 1633, 1276, 1845, 1275, 1883, 1274, 1977, 1415, 1981, 1271, 1925, 1171]
방향: 연속 78쌍 중 next() 간선 아님 0  / U턴형 커넥터 없음
정류장 통과(정문부터 거리): 남문 r1291 s=47 @730m, 양성재 r1174 s=22 @1633m
회전(|각| >= 20°, road 전체 통과분) 22회
  r1301(일반) -50.5° 좌 평균R 173.65 R2min 10.28
  r1508(j44) +78.8° 우 평균R 10.12 R2min 7.40
  r1490(j12) -68.6° 좌 평균R 11.90 R2min 6.48
  r1850(j79) +89.1° 우 평균R 5.57 R2min 2.04
  r1941(j78) +91.3° 우 평균R 5.56 R2min 1.89
  r1464(j97) +89.5° 우 평균R 5.36 R2min 2.31
  r1479(j110) -96.3° 좌 평균R 5.49 R2min 1.71
  r1493(j12) -109.7° 좌 평균R 7.83 R2min 4.26
  r1888(j8) -23.4° 좌 평균R 39.06 R2min 12.80
  r1174(일반) -57.9° 좌 평균R 52.40 R2min 10.28
  r1835(j7) +87.4° 우 평균R 8.09 R2min 5.77
  r1910(j94) -46.4° 좌 평균R 19.55 R2min 12.80
  r1939(j92) -63.8° 좌 평균R 18.40 R2min 15.54
  r1460(j24) -67.7° 좌 평균R 11.49 R2min 2.77
  r1422(일반) +38.7° 우 평균R 81.35 R2min 9.08
  r1858(j80) +64.4° 우 평균R 12.90 R2min 6.12
  r1241(일반) -68.9° 좌 평균R 72.80 R2min 1.32
  r1848(j79) +90.6° 우 평균R 5.54 R2min 1.88
  r1977(j111) +35.8° 우 평균R 10.95 R2min 5.25
  r1415(일반) -89.0° 좌 평균R 11.51 R2min 3.22
  r1981(j109) +51.3° 우 평균R 9.30 R2min 8.43
  r1271(일반) -20.9° 좌 평균R 220.18 R2min 11.74
최소 R2(2m 창, 경로 구간) 1.32m @ r1241 s=12.5
최소 평균R(회전 road) 5.36m @ r1464 -> 9m 이상: 아니오

## 후보 C3-북문 정문 -> 북문 -> 회차(r1727) -> 후문 방향
road 수 51, 총 거리 2116.6m
seq [1301, 1998, 1417, 2001, 1416, 1509, 1434, 1735, 1435, 1653, 1436, 1751, 1437, 1687, 1438, 1702, 1439, 1727, 1433, 1700, 1299, 1685, 1298, 1746, 1222, 1737, 1224, 1753, 1293, 1488, 1292, 1625, 1291, 1481, 1273, 1851, 1272, 1643, 1277, 1633, 1276, 1845, 1275, 1883, 1274, 1977, 1415, 1981, 1271, 1925, 1171]
방향: 연속 50쌍 중 next() 간선 아님 0  / U턴형 커넥터 [1727]
정류장 통과(정문부터 거리): 북문 r1439 s=78 @623m, 남문 r1291 s=47 @1410m
회전(|각| >= 20°, road 전체 통과분) 10회
  r1301(일반) -50.5° 좌 평균R 173.65 R2min 10.28
  r1439(일반) -101.5° 좌 평균R 124.77 R2min 1.05
  r1727(j114) -126.8° 좌 평균R 4.47 R2min 1.94
  r1433(일반) +101.5° 우 평균R 124.77 R2min 1.05
  r1746(j61) -86.8° 좌 평균R 8.36 R2min 5.94
  r1753(j62) -75.0° 좌 평균R 10.01 R2min 6.96
  r1977(j111) +35.8° 우 평균R 10.95 R2min 5.25
  r1415(일반) -89.0° 좌 평균R 11.51 R2min 3.22
  r1981(j109) +51.3° 우 평균R 9.30 R2min 8.43
  r1271(일반) -20.9° 좌 평균R 220.18 R2min 11.74
최소 R2(2m 창, 경로 구간) 1.05m @ r1439 s=158.0
최소 평균R(회전 road) 4.47m @ r1727 -> 9m 이상: 아니오

## 후보 C3-중문 정문 -> 중문 -> 회차(r1908) -> 후문 방향
road 수 59, 총 거리 2006.3m
seq [1301, 1998, 1417, 2001, 1416, 1509, 1434, 1735, 1435, 1654, 1338, 1679, 1339, 1668, 1340, 1659, 1341, 1900, 1382, 1908, 1250, 1894, 1211, 1657, 1208, 1666, 1207, 1673, 1206, 1649, 1436, 1750, 1222, 1737, 1224, 1753, 1293, 1488, 1292, 1625, 1291, 1481, 1273, 1851, 1272, 1643, 1277, 1633, 1276, 1845, 1275, 1883, 1274, 1977, 1415, 1981, 1271, 1925, 1171]
방향: 연속 58쌍 중 next() 간선 아님 0  / U턴형 커넥터 [1908]
정류장 통과(정문부터 거리): 남문 r1291 s=47 @1300m
회전(|각| >= 20°, road 전체 통과분) 18회
  r1301(일반) -50.5° 좌 평균R 173.65 R2min 10.28
  r1654(j46) -97.6° 좌 평균R 7.82 R2min 5.02
  r1659(j48) +23.5° 우 평균R 43.91 R2min 12.45
  r1341(일반) +83.4° 우 평균R 10.33 R2min 1.29
  r1900(j50) -82.7° 좌 평균R 5.73 R2min 1.50
  r1382(일반) -45.6° 좌 평균R 85.24 R2min 11.30
  r1908(j89) -126.8° 좌 평균R 4.47 R2min 1.94
  r1250(일반) +45.6° 우 평균R 85.24 R2min 11.06
  r1894(j50) +81.1° 우 평균R 5.84 R2min 3.83
  r1211(일반) -83.4° 좌 평균R 10.33 R2min 1.29
  r1657(j48) -23.5° 좌 평균R 43.93 R2min 12.45
  r1649(j46) -82.4° 좌 평균R 9.01 R2min 6.42
  r1750(j61) +93.1° 우 평균R 7.89 R2min 5.32
  r1753(j62) -75.0° 좌 평균R 10.01 R2min 6.96
  r1977(j111) +35.8° 우 평균R 10.95 R2min 5.25
  r1415(일반) -89.0° 좌 평균R 11.51 R2min 3.22
  r1981(j109) +51.3° 우 평균R 9.30 R2min 8.43
  r1271(일반) -20.9° 좌 평균R 220.18 R2min 11.74
최소 R2(2m 창, 경로 구간) 1.29m @ r1211 s=5.5
최소 평균R(회전 road) 4.47m @ r1908 -> 9m 이상: 아니오

# 정류장 순서 조합 64개 성립. 지나는 정류장 수별 최단
1곳: 1436m 지정순서 남문 실제통과 남문
2곳: 2006m 지정순서 중문 실제통과 남문+중문
3곳: 2557m 지정순서 중문->북문 실제통과 북문+남문+중문
4곳: 3876m 지정순서 양성재->중문->북문 실제통과 북문+남문+양성재+중문

## 후보 C4 정류장 최다 4곳 (양성재->중문->북문)
road 수 97, 총 거리 3875.8m
seq [1301, 1998, 1417, 2001, 1416, 1508, 1223, 1489, 1178, 1761, 1177, 1788, 1176, 1795, 1175, 1888, 1174, 1835, 1402, 1910, 1387, 1939, 1253, 1521, 1313, 2075, 1304, 1833, 1305, 1890, 1306, 1796, 1307, 1789, 1308, 1762, 1309, 1496, 1356, 1504, 1434, 1735, 1435, 1654, 1338, 1679, 1339, 1668, 1340, 1659, 1341, 1900, 1382, 1908, 1250, 1895, 1344, 2057, 1345, 1694, 1346, 1697, 1439, 1727, 1433, 1700, 1299, 1685, 1298, 1746, 1222, 1737, 1224, 1753, 1293, 1488, 1292, 1625, 1291, 1481, 1273, 1851, 1272, 1643, 1277, 1633, 1276, 1845, 1275, 1883, 1274, 1977, 1415, 1981, 1271, 1925, 1171]
방향: 연속 96쌍 중 next() 간선 아님 0  / U턴형 커넥터 [1908, 1727]
정류장 통과(정문부터 거리): 양성재 r1174 s=22 @637m, 북문 r1439 s=78 @2382m, 남문 r1291 s=47 @3170m
회전(|각| >= 20°, road 전체 통과분) 35회
  r1301(일반) -50.5° 좌 평균R 173.65 R2min 10.28
  r1508(j44) +78.8° 우 평균R 10.12 R2min 7.40
  r1888(j8) -23.4° 좌 평균R 39.06 R2min 12.80
  r1174(일반) -57.9° 좌 평균R 52.40 R2min 10.28
  r1835(j7) +87.4° 우 평균R 8.09 R2min 5.77
  r1910(j94) -46.4° 좌 평균R 19.55 R2min 12.80
  r1939(j92) -63.8° 좌 평균R 18.40 R2min 15.54
  r1521(j16) -108.3° 좌 평균R 7.82 R2min 4.35
  r2075(j5) -101.5° 좌 평균R 14.62 R2min 4.64
  r1304(일반) +47.2° 우 평균R 122.39 R2min 10.81
  r1305(일반) +57.9° 우 평균R 52.40 R2min 10.19
  r1890(j8) +23.4° 우 평균R 39.05 R2min 12.81
  r1504(j44) +101.2° 우 평균R 7.81 R2min 4.79
  r1654(j46) -97.6° 좌 평균R 7.82 R2min 5.02
  r1659(j48) +23.5° 우 평균R 43.91 R2min 12.45
  r1341(일반) +83.4° 우 평균R 10.33 R2min 1.29
  r1900(j50) -82.7° 좌 평균R 5.73 R2min 1.50
  r1382(일반) -45.6° 좌 평균R 85.24 R2min 11.30
  r1908(j89) -126.8° 좌 평균R 4.47 R2min 1.94
  r1250(일반) +45.6° 우 평균R 85.24 R2min 11.06
  r1895(j50) -83.6° 좌 평균R 7.62 R2min 5.59
  r1344(일반) +26.2° 우 평균R 103.06 R2min 9.00
  r1345(일반) -31.5° 좌 평균R 76.15 R2min 14.91
  r1694(j52) +35.9° 우 평균R 19.33 R2min 7.77
  r1346(일반) +20.5° 우 평균R 162.49 R2min 14.44
  r1697(j53) -89.2° 좌 평균R 8.00 R2min 5.61
  r1439(일반) -101.5° 좌 평균R 124.77 R2min 1.05
  r1727(j114) -126.8° 좌 평균R 4.47 R2min 1.94
  r1433(일반) +101.5° 우 평균R 124.77 R2min 1.05
  r1746(j61) -86.8° 좌 평균R 8.36 R2min 5.94
  r1753(j62) -75.0° 좌 평균R 10.01 R2min 6.96
  r1977(j111) +35.8° 우 평균R 10.95 R2min 5.25
  r1415(일반) -89.0° 좌 평균R 11.51 R2min 3.22
  r1981(j109) +51.3° 우 평균R 9.30 R2min 8.43
  r1271(일반) -20.9° 좌 평균R 220.18 R2min 11.74
최소 R2(2m 창, 경로 구간) 1.05m @ r1439 s=158.0
최소 평균R(회전 road) 4.47m @ r1727 -> 9m 이상: 아니오

# k-최단(U턴 금지) 12개, 길이: 1436, 1440, 1473, 1478, 1483, 1487, 1531, 1569, 1578, 1594, 1598, 1662

## 후보 C-k1 (k-최단 1번째) (앞 후보와 같은 경로)
road 수 33, 총 거리 1436.1m
seq [1301, 1998, 1417, 2001, 1416, 1508, 1223, 1490, 1294, 1757, 1293, 1488, 1292, 1625, 1291, 1481, 1273, 1851, 1272, 1643, 1277, 1633, 1276, 1845, 1275, 1883, 1274, 1977, 1415, 1981, 1271, 1925, 1171]
방향: 연속 32쌍 중 next() 간선 아님 0  / U턴형 커넥터 없음
정류장 통과(정문부터 거리): 남문 r1291 s=47 @730m
회전(|각| >= 20°, road 전체 통과분) 7회
  r1301(일반) -50.5° 좌 평균R 173.65 R2min 10.28
  r1508(j44) +78.8° 우 평균R 10.12 R2min 7.40
  r1490(j12) -68.6° 좌 평균R 11.90 R2min 6.48
  r1977(j111) +35.8° 우 평균R 10.95 R2min 5.25
  r1415(일반) -89.0° 좌 평균R 11.51 R2min 3.22
  r1981(j109) +51.3° 우 평균R 9.30 R2min 8.43
  r1271(일반) -20.9° 좌 평균R 220.18 R2min 11.74
최소 R2(2m 창, 경로 구간) 3.22m @ r1415 s=16.5
최소 평균R(회전 road) 9.30m @ r1981 -> 9m 이상: 예

## 후보 C-k2 (k-최단 2번째)
road 수 37, 총 거리 1440.2m
seq [1301, 1998, 1417, 2001, 1416, 1508, 1223, 1490, 1294, 1757, 1293, 1488, 1292, 1625, 1291, 1480, 1286, 1463, 1394, 1947, 1240, 1848, 1272, 1643, 1277, 1633, 1276, 1845, 1275, 1883, 1274, 1977, 1415, 1981, 1271, 1925, 1171]
방향: 연속 36쌍 중 next() 간선 아님 0  / U턴형 커넥터 없음
정류장 통과(정문부터 거리): 남문 r1291 s=47 @730m
회전(|각| >= 20°, road 전체 통과분) 11회
  r1301(일반) -50.5° 좌 평균R 173.65 R2min 10.28
  r1508(j44) +78.8° 우 평균R 10.12 R2min 7.40
  r1490(j12) -68.6° 좌 평균R 11.90 R2min 6.48
  r1480(j110) +96.2° 우 평균R 5.50 R2min 1.85
  r1463(j97) -89.7° 좌 평균R 5.35 R2min 1.61
  r1947(j78) -91.1° 좌 평균R 5.57 R2min 2.14
  r1848(j79) +90.6° 우 평균R 5.54 R2min 1.88
  r1977(j111) +35.8° 우 평균R 10.95 R2min 5.25
  r1415(일반) -89.0° 좌 평균R 11.51 R2min 3.22
  r1981(j109) +51.3° 우 평균R 9.30 R2min 8.43
  r1271(일반) -20.9° 좌 평균R 220.18 R2min 11.74
최소 R2(2m 창, 경로 구간) 1.61m @ r1463 s=1.0
최소 평균R(회전 road) 5.35m @ r1463 -> 9m 이상: 아니오

## 후보 C-k3 (k-최단 3번째)
road 수 35, 총 거리 1473.4m
seq [1301, 1998, 1417, 2001, 1416, 1509, 1434, 1734, 1354, 1742, 1224, 1753, 1293, 1488, 1292, 1625, 1291, 1481, 1273, 1851, 1272, 1643, 1277, 1633, 1276, 1845, 1275, 1883, 1274, 1977, 1415, 1981, 1271, 1925, 1171]
방향: 연속 34쌍 중 next() 간선 아님 0  / U턴형 커넥터 없음
정류장 통과(정문부터 거리): 남문 r1291 s=47 @767m
회전(|각| >= 20°, road 전체 통과분) 9회
  r1301(일반) -50.5° 좌 평균R 173.65 R2min 10.28
  r1734(j60) +90.0° 우 평균R 7.90 R2min 5.51
  r1354(일반) -91.8° 좌 평균R 77.82 R2min 3.94
  r1742(j59) +92.3° 우 평균R 7.87 R2min 5.36
  r1753(j62) -75.0° 좌 평균R 10.01 R2min 6.96
  r1977(j111) +35.8° 우 평균R 10.95 R2min 5.25
  r1415(일반) -89.0° 좌 평균R 11.51 R2min 3.22
  r1981(j109) +51.3° 우 평균R 9.30 R2min 8.43
  r1271(일반) -20.9° 좌 평균R 220.18 R2min 11.74
최소 R2(2m 창, 경로 구간) 3.22m @ r1415 s=16.5
최소 평균R(회전 road) 7.87m @ r1742 -> 9m 이상: 아니오

## 후보 C-k4 (k-최단 4번째)
road 수 39, 총 거리 1477.6m
seq [1301, 1998, 1417, 2001, 1416, 1509, 1434, 1734, 1354, 1742, 1224, 1753, 1293, 1488, 1292, 1625, 1291, 1480, 1286, 1463, 1394, 1947, 1240, 1848, 1272, 1643, 1277, 1633, 1276, 1845, 1275, 1883, 1274, 1977, 1415, 1981, 1271, 1925, 1171]
방향: 연속 38쌍 중 next() 간선 아님 0  / U턴형 커넥터 없음
정류장 통과(정문부터 거리): 남문 r1291 s=47 @767m
회전(|각| >= 20°, road 전체 통과분) 13회
  r1301(일반) -50.5° 좌 평균R 173.65 R2min 10.28
  r1734(j60) +90.0° 우 평균R 7.90 R2min 5.51
  r1354(일반) -91.8° 좌 평균R 77.82 R2min 3.94
  r1742(j59) +92.3° 우 평균R 7.87 R2min 5.36
  r1753(j62) -75.0° 좌 평균R 10.01 R2min 6.96
  r1480(j110) +96.2° 우 평균R 5.50 R2min 1.85
  r1463(j97) -89.7° 좌 평균R 5.35 R2min 1.61
  r1947(j78) -91.1° 좌 평균R 5.57 R2min 2.14
  r1848(j79) +90.6° 우 평균R 5.54 R2min 1.88
  r1977(j111) +35.8° 우 평균R 10.95 R2min 5.25
  r1415(일반) -89.0° 좌 평균R 11.51 R2min 3.22
  r1981(j109) +51.3° 우 평균R 9.30 R2min 8.43
  r1271(일반) -20.9° 좌 평균R 220.18 R2min 11.74
최소 R2(2m 창, 경로 구간) 1.61m @ r1463 s=1.0
최소 평균R(회전 road) 5.35m @ r1463 -> 9m 이상: 아니오

## 후보 C-k5 (k-최단 5번째)
road 수 39, 총 거리 1482.6m
seq [1301, 1998, 1417, 2001, 1416, 1509, 1434, 1735, 1435, 1653, 1436, 1750, 1222, 1737, 1224, 1753, 1293, 1488, 1292, 1625, 1291, 1481, 1273, 1851, 1272, 1643, 1277, 1633, 1276, 1845, 1275, 1883, 1274, 1977, 1415, 1981, 1271, 1925, 1171]
방향: 연속 38쌍 중 next() 간선 아님 0  / U턴형 커넥터 없음
정류장 통과(정문부터 거리): 남문 r1291 s=47 @776m
회전(|각| >= 20°, road 전체 통과분) 7회
  r1301(일반) -50.5° 좌 평균R 173.65 R2min 10.28
  r1750(j61) +93.1° 우 평균R 7.89 R2min 5.32
  r1753(j62) -75.0° 좌 평균R 10.01 R2min 6.96
  r1977(j111) +35.8° 우 평균R 10.95 R2min 5.25
  r1415(일반) -89.0° 좌 평균R 11.51 R2min 3.22
  r1981(j109) +51.3° 우 평균R 9.30 R2min 8.43
  r1271(일반) -20.9° 좌 평균R 220.18 R2min 11.74
최소 R2(2m 창, 경로 구간) 3.22m @ r1415 s=16.5
최소 평균R(회전 road) 7.89m @ r1750 -> 9m 이상: 아니오

## 후보 C-k6 (k-최단 6번째)
road 수 43, 총 거리 1486.7m
seq [1301, 1998, 1417, 2001, 1416, 1509, 1434, 1735, 1435, 1653, 1436, 1750, 1222, 1737, 1224, 1753, 1293, 1488, 1292, 1625, 1291, 1480, 1286, 1463, 1394, 1947, 1240, 1848, 1272, 1643, 1277, 1633, 1276, 1845, 1275, 1883, 1274, 1977, 1415, 1981, 1271, 1925, 1171]
방향: 연속 42쌍 중 next() 간선 아님 0  / U턴형 커넥터 없음
정류장 통과(정문부터 거리): 남문 r1291 s=47 @776m
회전(|각| >= 20°, road 전체 통과분) 11회
  r1301(일반) -50.5° 좌 평균R 173.65 R2min 10.28
  r1750(j61) +93.1° 우 평균R 7.89 R2min 5.32
  r1753(j62) -75.0° 좌 평균R 10.01 R2min 6.96
  r1480(j110) +96.2° 우 평균R 5.50 R2min 1.85
  r1463(j97) -89.7° 좌 평균R 5.35 R2min 1.61
  r1947(j78) -91.1° 좌 평균R 5.57 R2min 2.14
  r1848(j79) +90.6° 우 평균R 5.54 R2min 1.88
  r1977(j111) +35.8° 우 평균R 10.95 R2min 5.25
  r1415(일반) -89.0° 좌 평균R 11.51 R2min 3.22
  r1981(j109) +51.3° 우 평균R 9.30 R2min 8.43
  r1271(일반) -20.9° 좌 평균R 220.18 R2min 11.74
최소 R2(2m 창, 경로 구간) 1.61m @ r1463 s=1.0
최소 평균R(회전 road) 5.35m @ r1463 -> 9m 이상: 아니오

## 후보 C-k7 (k-최단 7번째)
road 수 39, 총 거리 1531.4m
seq [1301, 1998, 1417, 2001, 1416, 1508, 1223, 1490, 1294, 1757, 1293, 1488, 1292, 1625, 1291, 1480, 1286, 1462, 1285, 1854, 1241, 1943, 1240, 1848, 1272, 1643, 1277, 1633, 1276, 1845, 1275, 1883, 1274, 1977, 1415, 1981, 1271, 1925, 1171]
방향: 연속 38쌍 중 next() 간선 아님 0  / U턴형 커넥터 없음
정류장 통과(정문부터 거리): 남문 r1291 s=47 @730m
회전(|각| >= 20°, road 전체 통과분) 11회
  r1301(일반) -50.5° 좌 평균R 173.65 R2min 10.28
  r1508(j44) +78.8° 우 평균R 10.12 R2min 7.40
  r1490(j12) -68.6° 좌 평균R 11.90 R2min 6.48
  r1480(j110) +96.2° 우 평균R 5.50 R2min 1.85
  r1854(j80) -111.8° 좌 평균R 7.85 R2min 4.14
  r1241(일반) -68.9° 좌 평균R 72.80 R2min 1.32
  r1848(j79) +90.6° 우 평균R 5.54 R2min 1.88
  r1977(j111) +35.8° 우 평균R 10.95 R2min 5.25
  r1415(일반) -89.0° 좌 평균R 11.51 R2min 3.22
  r1981(j109) +51.3° 우 평균R 9.30 R2min 8.43
  r1271(일반) -20.9° 좌 평균R 220.18 R2min 11.74
최소 R2(2m 창, 경로 구간) 1.32m @ r1241 s=12.5
최소 평균R(회전 road) 5.50m @ r1480 -> 9m 이상: 아니오

## 후보 C-k8 (k-최단 8번째)
road 수 41, 총 거리 1568.7m
seq [1301, 1998, 1417, 2001, 1416, 1509, 1434, 1734, 1354, 1742, 1224, 1753, 1293, 1488, 1292, 1625, 1291, 1480, 1286, 1462, 1285, 1854, 1241, 1943, 1240, 1848, 1272, 1643, 1277, 1633, 1276, 1845, 1275, 1883, 1274, 1977, 1415, 1981, 1271, 1925, 1171]
방향: 연속 40쌍 중 next() 간선 아님 0  / U턴형 커넥터 없음
정류장 통과(정문부터 거리): 남문 r1291 s=47 @767m
회전(|각| >= 20°, road 전체 통과분) 13회
  r1301(일반) -50.5° 좌 평균R 173.65 R2min 10.28
  r1734(j60) +90.0° 우 평균R 7.90 R2min 5.51
  r1354(일반) -91.8° 좌 평균R 77.82 R2min 3.94
  r1742(j59) +92.3° 우 평균R 7.87 R2min 5.36
  r1753(j62) -75.0° 좌 평균R 10.01 R2min 6.96
  r1480(j110) +96.2° 우 평균R 5.50 R2min 1.85
  r1854(j80) -111.8° 좌 평균R 7.85 R2min 4.14
  r1241(일반) -68.9° 좌 평균R 72.80 R2min 1.32
  r1848(j79) +90.6° 우 평균R 5.54 R2min 1.88
  r1977(j111) +35.8° 우 평균R 10.95 R2min 5.25
  r1415(일반) -89.0° 좌 평균R 11.51 R2min 3.22
  r1981(j109) +51.3° 우 평균R 9.30 R2min 8.43
  r1271(일반) -20.9° 좌 평균R 220.18 R2min 11.74
최소 R2(2m 창, 경로 구간) 1.32m @ r1241 s=12.5
최소 평균R(회전 road) 5.50m @ r1480 -> 9m 이상: 아니오

## 후보 C-k9 (k-최단 9번째)
road 수 45, 총 거리 1577.9m
seq [1301, 1998, 1417, 2001, 1416, 1509, 1434, 1735, 1435, 1653, 1436, 1750, 1222, 1737, 1224, 1753, 1293, 1488, 1292, 1625, 1291, 1480, 1286, 1462, 1285, 1854, 1241, 1943, 1240, 1848, 1272, 1643, 1277, 1633, 1276, 1845, 1275, 1883, 1274, 1977, 1415, 1981, 1271, 1925, 1171]
방향: 연속 44쌍 중 next() 간선 아님 0  / U턴형 커넥터 없음
정류장 통과(정문부터 거리): 남문 r1291 s=47 @776m
회전(|각| >= 20°, road 전체 통과분) 11회
  r1301(일반) -50.5° 좌 평균R 173.65 R2min 10.28
  r1750(j61) +93.1° 우 평균R 7.89 R2min 5.32
  r1753(j62) -75.0° 좌 평균R 10.01 R2min 6.96
  r1480(j110) +96.2° 우 평균R 5.50 R2min 1.85
  r1854(j80) -111.8° 좌 평균R 7.85 R2min 4.14
  r1241(일반) -68.9° 좌 평균R 72.80 R2min 1.32
  r1848(j79) +90.6° 우 평균R 5.54 R2min 1.88
  r1977(j111) +35.8° 우 평균R 10.95 R2min 5.25
  r1415(일반) -89.0° 좌 평균R 11.51 R2min 3.22
  r1981(j109) +51.3° 우 평균R 9.30 R2min 8.43
  r1271(일반) -20.9° 좌 평균R 220.18 R2min 11.74
최소 R2(2m 창, 경로 구간) 1.32m @ r1241 s=12.5
최소 평균R(회전 road) 5.50m @ r1480 -> 9m 이상: 아니오

## 후보 C-k10 (k-최단 10번째)
road 수 43, 총 거리 1594.2m
seq [1301, 1998, 1417, 2001, 1416, 1509, 1434, 1735, 1435, 1654, 1338, 1678, 1343, 1681, 1298, 1746, 1222, 1737, 1224, 1753, 1293, 1488, 1292, 1625, 1291, 1481, 1273, 1851, 1272, 1643, 1277, 1633, 1276, 1845, 1275, 1883, 1274, 1977, 1415, 1981, 1271, 1925, 1171]
방향: 연속 42쌍 중 next() 간선 아님 0  / U턴형 커넥터 없음
정류장 통과(정문부터 거리): 남문 r1291 s=47 @888m
회전(|각| >= 20°, road 전체 통과분) 10회
  r1301(일반) -50.5° 좌 평균R 173.65 R2min 10.28
  r1654(j46) -97.6° 좌 평균R 7.82 R2min 5.02
  r1343(일반) +174.8° 우 평균R 20.27 R2min 1.34
  r1681(j49) +90.8° 우 평균R 7.89 R2min 5.46
  r1746(j61) -86.8° 좌 평균R 8.36 R2min 5.94
  r1753(j62) -75.0° 좌 평균R 10.01 R2min 6.96
  r1977(j111) +35.8° 우 평균R 10.95 R2min 5.25
  r1415(일반) -89.0° 좌 평균R 11.51 R2min 3.22
  r1981(j109) +51.3° 우 평균R 9.30 R2min 8.43
  r1271(일반) -20.9° 좌 평균R 220.18 R2min 11.74
최소 R2(2m 창, 경로 구간) 1.34m @ r1343 s=38.5
최소 평균R(회전 road) 7.82m @ r1654 -> 9m 이상: 아니오

## 후보 C-k11 (k-최단 11번째)
road 수 47, 총 거리 1598.4m
seq [1301, 1998, 1417, 2001, 1416, 1509, 1434, 1735, 1435, 1654, 1338, 1678, 1343, 1681, 1298, 1746, 1222, 1737, 1224, 1753, 1293, 1488, 1292, 1625, 1291, 1480, 1286, 1463, 1394, 1947, 1240, 1848, 1272, 1643, 1277, 1633, 1276, 1845, 1275, 1883, 1274, 1977, 1415, 1981, 1271, 1925, 1171]
방향: 연속 46쌍 중 next() 간선 아님 0  / U턴형 커넥터 없음
정류장 통과(정문부터 거리): 남문 r1291 s=47 @888m
회전(|각| >= 20°, road 전체 통과분) 14회
  r1301(일반) -50.5° 좌 평균R 173.65 R2min 10.28
  r1654(j46) -97.6° 좌 평균R 7.82 R2min 5.02
  r1343(일반) +174.8° 우 평균R 20.27 R2min 1.34
  r1681(j49) +90.8° 우 평균R 7.89 R2min 5.46
  r1746(j61) -86.8° 좌 평균R 8.36 R2min 5.94
  r1753(j62) -75.0° 좌 평균R 10.01 R2min 6.96
  r1480(j110) +96.2° 우 평균R 5.50 R2min 1.85
  r1463(j97) -89.7° 좌 평균R 5.35 R2min 1.61
  r1947(j78) -91.1° 좌 평균R 5.57 R2min 2.14
  r1848(j79) +90.6° 우 평균R 5.54 R2min 1.88
  r1977(j111) +35.8° 우 평균R 10.95 R2min 5.25
  r1415(일반) -89.0° 좌 평균R 11.51 R2min 3.22
  r1981(j109) +51.3° 우 평균R 9.30 R2min 8.43
  r1271(일반) -20.9° 좌 평균R 220.18 R2min 11.74
최소 R2(2m 창, 경로 구간) 1.34m @ r1343 s=38.5
최소 평균R(회전 road) 5.35m @ r1463 -> 9m 이상: 아니오

## 후보 C-k12 (k-최단 12번째)
road 수 43, 총 거리 1661.8m
seq [1301, 1998, 1417, 2001, 1416, 1508, 1223, 1490, 1294, 1757, 1293, 1488, 1292, 1625, 1291, 1480, 1286, 1463, 1394, 1946, 1374, 1855, 1423, 1469, 1424, 1478, 1273, 1851, 1272, 1643, 1277, 1633, 1276, 1845, 1275, 1883, 1274, 1977, 1415, 1981, 1271, 1925, 1171]
방향: 연속 42쌍 중 next() 간선 아님 0  / U턴형 커넥터 없음
정류장 통과(정문부터 거리): 남문 r1291 s=47 @730m
회전(|각| >= 20°, road 전체 통과분) 13회
  r1301(일반) -50.5° 좌 평균R 173.65 R2min 10.28
  r1508(j44) +78.8° 우 평균R 10.12 R2min 7.40
  r1490(j12) -68.6° 좌 평균R 11.90 R2min 6.48
  r1480(j110) +96.2° 우 평균R 5.50 R2min 1.85
  r1463(j97) -89.7° 좌 평균R 5.35 R2min 1.61
  r1946(j78) +88.6° 우 평균R 8.07 R2min 5.68
  r1374(일반) +68.9° 우 평균R 72.60 R2min 1.45
  r1855(j80) +111.8° 우 평균R 7.85 R2min 4.14
  r1478(j110) +89.6° 우 평균R 5.58 R2min 1.95
  r1977(j111) +35.8° 우 평균R 10.95 R2min 5.25
  r1415(일반) -89.0° 좌 평균R 11.51 R2min 3.22
  r1981(j109) +51.3° 우 평균R 9.30 R2min 8.43
  r1271(일반) -20.9° 좌 평균R 220.18 R2min 11.74
최소 R2(2m 창, 경로 구간) 1.45m @ r1374 s=64.5
최소 평균R(회전 road) 5.35m @ r1463 -> 9m 이상: 아니오

# 시험 재변환 맵 _trial_s18_gates (채택 안 됨, 예측용), 종점 후문 후보 요약 (거리 / road / 정류장 / 회전 / 최소 R2(종점 회차 제외) / 최소 평균R)
후보 A 정문 -> 남문 -> 후문 방향 | 1436m | 33 | 남문 | 7 | 3.22(3.22) | 9.30 | 방향오류 0 | U턴 -
후보 B 정문 -> 양성재 -> 후문 방향 | 1920m | 55 | 양성재 | 16 | 1.32(1.32) | 5.54 | 방향오류 0 | U턴 -
후보 C1 정문 -> 양성재 -> 남문 -> 후문  | 2491m | 63 | 양성재+남문 | 17 | 3.22(3.22) | 7.82 | 방향오류 0 | U턴 -
후보 C2 정문 -> 남문 -> 양성재 -> 후문  | 2915m | 79 | 남문+양성재 | 22 | 1.32(1.32) | 5.36 | 방향오류 0 | U턴 -
후보 C3-북문 정문 -> 북문 -> 회차(r172 | 2117m | 51 | 북문+남문 | 10 | 1.05(1.05) | 4.47 | 방향오류 0 | U턴 [1727]
후보 C3-중문 정문 -> 중문 -> 회차(r190 | 2006m | 59 | 남문 | 18 | 1.29(1.29) | 4.47 | 방향오류 0 | U턴 [1908]
후보 C4 정류장 최다 4곳 (양성재->중문->북문 | 3876m | 97 | 양성재+북문+남문 | 35 | 1.05(1.05) | 4.47 | 방향오류 0 | U턴 [1908, 1727]
후보 C-k2 (k-최단 2번째) | 1440m | 37 | 남문 | 11 | 1.61(1.61) | 5.35 | 방향오류 0 | U턴 -
후보 C-k3 (k-최단 3번째) | 1473m | 35 | 남문 | 9 | 3.22(3.22) | 7.87 | 방향오류 0 | U턴 -
후보 C-k4 (k-최단 4번째) | 1478m | 39 | 남문 | 13 | 1.61(1.61) | 5.35 | 방향오류 0 | U턴 -
후보 C-k5 (k-최단 5번째) | 1483m | 39 | 남문 | 7 | 3.22(3.22) | 7.89 | 방향오류 0 | U턴 -
후보 C-k6 (k-최단 6번째) | 1487m | 43 | 남문 | 11 | 1.61(1.61) | 5.35 | 방향오류 0 | U턴 -
후보 C-k7 (k-최단 7번째) | 1531m | 39 | 남문 | 11 | 1.32(1.32) | 5.50 | 방향오류 0 | U턴 -
후보 C-k8 (k-최단 8번째) | 1569m | 41 | 남문 | 13 | 1.32(1.32) | 5.50 | 방향오류 0 | U턴 -
후보 C-k9 (k-최단 9번째) | 1578m | 45 | 남문 | 11 | 1.32(1.32) | 5.50 | 방향오류 0 | U턴 -
후보 C-k10 (k-최단 10번째) | 1594m | 43 | 남문 | 10 | 1.34(1.34) | 7.82 | 방향오류 0 | U턴 -
후보 C-k11 (k-최단 11번째) | 1598m | 47 | 남문 | 14 | 1.34(1.34) | 5.35 | 방향오류 0 | U턴 -
후보 C-k12 (k-최단 12번째) | 1662m | 43 | 남문 | 13 | 1.45(1.45) | 5.35 | 방향오류 0 | U턴 -
