B 고리 범위: 위도 36.623709~36.624909 경도 127.461984~127.463227
B way481945510 yes 9m 시작 36.625423, 127.461380 끝 36.625348, 127.461409 고리노드공유 []
B way481943505 yes 24m 시작 36.625348, 127.461409 끝 36.625286, 127.461642 고리노드공유 []
B way481475019 양방향 37m 시작 36.625092, 127.461983 끝 36.625286, 127.461642 고리노드공유 []
B way452870644 양방향 52m 시작 36.624909, 127.462514 끝 36.625092, 127.461983 고리노드공유 ['4496854212']
B way481945509 yes 5m 시작 36.625286, 127.461642 끝 36.625330, 127.461624 고리노드공유 []
B way481943503 yes 25m 시작 36.625330, 127.461624 끝 36.625423, 127.461380 고리노드공유 []
검산 역변환 왕복 오차 0.000m
G 정문->큰 사거리(j42): 시작 36.632649, 127.452999 끝 36.630945, 127.454549 직선 234m
G 큰 사거리->j10 (남문·양성재 공통): 시작 36.630945, 127.454549 끝 36.629877, 127.454011 직선 128m
G j10->양성재 정차점(사용자 지적 오르막): 시작 36.629877, 127.454011 끝 36.627581, 127.453184 직선 265m
G 큰 사거리->북문 정차점: 시작 36.630945, 127.454549 끝 36.629104, 127.458968 직선 443m
G j10->남문 정차점: 시작 36.629877, 127.454011 끝 36.627580, 127.457762 직선 420m
G 북문 갈림->중문 정차점: 시작 36.630061, 127.456271 끝 36.631748, 127.458032 직선 244m

동선 27지점, 직선 합 4515m (정문 복귀 포함)

#1 [C] C 정문 출구 | 36.631513, 127.453602 | 앞 지점에서 직선 0m
  start: 36.631260, 127.454041
  end: 36.631513, 127.453602
  len: 48.65936234915958
  run: 북서
  tags: {'highway': 'service', 'oneway': 'yes', 'service': 'parking_aisle'}

#2 [A] A-481950064 | 36.631352, 127.453754 | 앞 지점에서 직선 22m
  start: 36.631513, 127.453602
  end: 36.631260, 127.454041
  tags: {'highway': 'service', 'oneway': 'yes', 'service': 'parking_aisle'}
  len: 51.46288626875146
  run: 남동
  bld: 법학전문대학원 (N2) 81m 남서쪽

#3 [A] A-481950061 | 36.631437, 127.453854 | 앞 지점에서 직선 13m
  start: 36.631260, 127.454041
  end: 36.631513, 127.453602
  tags: {'highway': 'service', 'oneway': 'yes', 'service': 'parking_aisle'}
  len: 51.109951783210875
  run: 북서
  bld: 법학전문대학원 (N2) 68m 남서쪽

#4 [A] A-442710667 | 36.631152, 127.457274 | 앞 지점에서 직선 306m
  start: 36.631237, 127.457389
  end: 36.630883, 127.456963
  tags: {'highway': 'footway'}
  len: 57.63511729495572
  run: 남서
  bld: 미술관 (N16-2) 35m 북쪽

#5 [A] A-442710666 | 36.631330, 127.457350 | 앞 지점에서 직선 21m
  start: 36.631691, 127.457079
  end: 36.631237, 127.457389
  tags: {'highway': 'footway'}
  len: 57.75708875918814
  run: 남동
  bld: 개성재 관리동 32m 남서쪽

#6 [D] D 중문 끝점 | 36.631753, 127.458015 | 앞 지점에서 직선 75m
  far: [('446440352', '36.631557, 127.458820', '75m', '직선 75m 동'), ('446440353', '36.631993, 127.458273', '38m', '직선 35m 북동')]
  bus: 충북대학교중문 정류장 직선 302m

#7 [E] E-j55 | 36.631161, 127.458932 | 앞 지점에서 직선 105m
  into: 북
  back: 남
  bld: 법학관 (N18) 45m 북서쪽
  cont: [('442595042', 'service', 'parking_aisle')]

#8 [A] A-442595035 | 36.629557, 127.457582 | 앞 지점에서 직선 215m
  start: 36.629328, 127.457386
  end: 36.629404, 127.457254
  tags: {'highway': 'service', 'service': 'parking_aisle'}
  len: 75.21872057237653
  run: 북서
  bld: 사회과학대학 본관 (N15) 20m 남서쪽

#9 [A] A-471667693 | 36.629533, 127.457197 | 앞 지점에서 직선 34m
  start: 36.629376, 127.457467
  end: 36.629645, 127.457005
  tags: {'crossing': 'marked', 'crossing:markings': 'zebra', 'footway': 'crossing', 'highway': 'footway', 'kerb': 'yes', 'surface': 'asphalt'}
  len: 50.87156998472258
  run: 북서
  bld: 사회과학대학 본관 (N15) 52m 서쪽

#10 [E] E-j56 | 36.628376, 127.455738 | 앞 지점에서 직선 183m
  into: 동
  back: 서
  bld: 차고 (S10) 67m 동쪽
  cont: [('471667754', 'footway', '')]

#11 [A] A-442595850 | 36.627793, 127.455160 | 앞 지점에서 직선 83m
  start: 36.627598, 127.454728
  end: 36.627598, 127.454728
  tags: {'highway': 'service', 'oneway': 'yes', 'service': 'parking_aisle'}
  len: 131.54951477685074
  run: 북
  bld: 충북대학교 박물관 (S9) 15m 서쪽

#12 [E] E-j4 | 36.627598, 127.454728 | 앞 지점에서 직선 44m
  into: 동
  back: 서
  bld: 인쇄목공실(S13) 58m 남쪽
  cont: [('442595850', 'service', 'parking_aisle')]

#13 [E] E-j83 | 36.627588, 127.456064 | 앞 지점에서 직선 119m
  into: 남
  back: 북
  bld: 자연과학대학 본관 (S1-1) 56m 남서쪽
  cont: [('471667846', 'service', 'parking_aisle')]

#14 [E] E-j26 | 36.626466, 127.456515 | 앞 지점에서 직선 131m
  into: 서
  back: 동
  bld: 자연대 4호관 (S1-4) 16m 북쪽
  cont: [('471400905', 'service', 'parking_aisle')]

#15 [E] E-j15 | 36.625803, 127.455017 | 앞 지점에서 직선 152m
  into: 동
  back: 서
  bld: 전자정보 3관 (S4-1) 57m 동쪽
  cont: [('442065039', 'service', 'parking_aisle')]

#16 [E] E-j17 | 36.625290, 127.455356 | 앞 지점에서 직선 64m
  into: 서
  back: 동
  bld: 나이팅게일관 (S4-2) 44m 동쪽
  cont: [('442065047', 'service', 'parking_aisle')]

#17 [E] E-j99 | 36.625023, 127.453938 | 앞 지점에서 직선 130m
  into: 남서
  back: 북동
  bld: 농장관리실(S5-1) 22m 남동쪽
  cont: []

#18 [E] E-j98 | 36.624187, 127.454311 | 앞 지점에서 직선 98m
  into: 서
  back: 동
  bld: 농장관리실(S5-1) 119m 남동쪽
  cont: [('471400778', 'track', '')]

#19 [E] E-j92 | 36.624566, 127.452508 | 앞 지점에서 직선 166m
  into: 남서
  back: 북동
  bld: 102 56m 동쪽
  cont: [('471546802', 'residential', '')]

#20 [E] E-j89 | 36.626353, 127.452804 | 앞 지점에서 직선 200m
  into: 서
  back: 동
  bld: 자연대온실2(S6-2) 44m 남서쪽
  cont: [('296212871', 'residential', '')]

#21 [E] E-j104 | 36.626660, 127.451820 | 앞 지점에서 직선 94m
  into: 남
  back: 북
  bld: 신민관 (S17-3) 80m 남쪽
  cont: []

#22 [A] A-442709215 | 36.624301, 127.457568 | 앞 지점에서 직선 575m
  start: 36.623982, 127.457938
  end: 36.624456, 127.457703
  tags: {'highway': 'service', 'service': 'parking_aisle'}
  len: 69.44679669630018
  run: 북
  bld: 제5 공학관 (E8-10) 35m 서쪽

#23 [E] E-j75 | 36.623982, 127.457938 | 앞 지점에서 직선 48m
  into: 서
  back: 동
  bld: 제5 공학관 (E8-10) 28m 남쪽
  cont: [('442709215', 'service', 'parking_aisle')]

#24 [E] E-j97 | 36.626053, 127.460129 | 앞 지점에서 직선 301m
  into: 남동
  back: 북서
  bld: 의과대학2호관 (E7-3) 41m 북쪽
  cont: [('468616618', 'footway', '')]

#25 [B] B-1 본망 끝(j106) | 36.625423, 127.461380 | 앞 지점에서 직선 131m
  other: 36.624909, 127.462514
  gap: 115.97865743575645
  bld: 의과대학1호관 (E7-1) 60m 북동쪽

#26 [B] B-2 고리 접점(452870644) | 36.624909, 127.462514 | 앞 지점에서 직선 116m
  bld: 충북대학교 병원 87m 북동쪽

#27 [F] F r1786 커브 | 36.627163, 127.458484 | 앞 지점에서 직선 437m
  enter: 동
  exit: 남동
  bld: 공학관 (E8-1) 61m 북동쪽
  start: 36.627169, 127.458463
  end: 36.627144, 127.458523
