# s23 연결성 분석 — cbnu_internal_only_localtm_tags73_smooth.xodr, 출발 r1247 lane -1 s=0
road 878, 방향 간선 1236, junction 95, U턴형 커넥터 143 (막다른 끝 회차 24 / 교차로 안 119)
막다른 끝 회차 커넥터: [1380, 1523, 1565, 1574, 1583, 1584, 1585, 1665, 1705, 1714, 1715, 1724, 1748, 1762, 1770, 1775, 1799, 1824, 1840, 1863, 1872, 1889, 1890, 1898]

## 0-1 도달 (방향 준수)
도달 가능 826 / 878 (94.1%) — 모든 커넥터 허용
도달 가능 706 / 878 (80.4%) — 교차로 안 U턴 금지(막다른 끝 회차는 허용)
U턴 금지 시 추가로 못 가는 road 120: [1120, 1380, 1405, 1412, 1415, 1420, 1429, 1432, 1438, 1445, 1449, 1453, 1460, 1468, 1477, 1480, 1483, 1488, 1491, 1494, 1499, 1502, 1507, 1518, 1526, 1529, 1538, 1541, 1546, 1553, 1556, 1559, 1562, 1568, 1573, 1577, 1580, 1588, 1593, 1596, 1599, 1602, 1605, 1610, 1615, 1618, 1621, 1624, 1631, 1636, 1639, 1642, 1645, 1656, 1659, 1662, 1668, 1671, 1676, 1679, 1682, 1687, 1692, 1697, 1704, 1710, 1713, 1720, 1723, 1731, 1736, 1739, 1742, 1747, 1751, 1752, 1761, 1767, 1778, 1781, 1790, 1795, 1798, 1802, 1805, 1808, 1811, 1812, 1813, 1816, 1823, 1827, 1834, 1839, 1853, 1868, 1871, 1873, 1877, 1882, 1885, 1888, 1893, 1905, 1908, 1913, 1915, 1916, 1927, 1931, 1934, 1935, 1938, 1947, 1948, 1957, 1961, 1965, 1969, 1979]
도달 불가 52
반쪽 도로 쌍(양방향 길) 127쌍, 짝 없는 일반 road 6
도달 불가 사유:
  역방향만 존재(본망으로 나가는 쪽만 연결): 51
  고립(앞뒤 연결 0, 짝 없음): 1
  보도·주차장 등 비주행 lane: 0 (878 road 전부 lane -1 = driving, 보도는 lane -2 로 같은 road 안)

## 0-2 왕복
정문 진입 road r1247 로 돌아올 수 있는 road(도달 가능 중) 4 / 878 (0.5%): [1120, 1247, 1380, 1915]
r1247 에 도달할 수 있는 road 전체(도달 여부 무관) 4: [1120, 1247, 1380, 1915]
r1247 앞 road(pred): [1380]
강연결 성분 107개, 가장 큰 것 769 road (정문 r1247 포함: False)
[참고] 정문 복귀 대신 '주 순환망(가장 큰 SCC)으로 복귀' 기준: 도달 826 중 복귀 가능 776, 갇힘 50
  갇히는 road(주 순환망으로 못 돌아옴): [1121, 1132, 1133, 1144, 1166, 1202, 1209, 1298, 1317, 1323, 1329, 1331, 1332, 1337, 1339, 1344, 1346, 1422, 1425, 1452, 1457, 1462, 1464, 1467, 1516, 1520, 1643, 1647, 1841, 1843, 1848, 1849, 1850, 1851, 1852, 1860, 1861, 1873, 1876, 1900, 1903, 1907, 1911, 1920, 1924, 1929, 1989, 1990, 1993, 1994]
막다른 road(도달 가능, 다음 road 0) 15: [1121, 1132, 1133, 1144, 1166, 1209, 1298, 1317, 1323, 1329, 1332, 1337, 1339, 1344, 1346]
정의 없는 junction 참조(커넥터 0 = 회차 없는 막다른 끝) 14:
  j4: ['r1121.succ', 'r1248.pred']
  j15: ['r1132.succ', 'r1259.pred']
  j17: ['r1133.succ', 'r1260.pred']
  j26: ['r1144.succ', 'r1271.pred']
  j55: ['r1166.succ', 'r1295.pred']
  j56: ['r1169.pred', 'r1298.succ']
  j75: ['r1188.pred', 'r1317.succ']
  j83: ['r1194.pred', 'r1323.succ']
  j89: ['r1201.pred', 'r1329.succ']
  j92: ['r1204.pred', 'r1332.succ']
  j97: ['r1208.pred', 'r1337.succ']
  j98: ['r1209.succ', 'r1338.pred']
  j99: ['r1210.pred', 'r1339.succ']
  j104: ['r1215.pred', 'r1346.succ']
  막다른 r1121 -> 짝 r1248 도달 아니오
  막다른 r1132 -> 짝 r1259 도달 아니오
  막다른 r1133 -> 짝 r1260 도달 아니오
  막다른 r1144 -> 짝 r1271 도달 아니오
  막다른 r1166 -> 짝 r1295 도달 아니오
  막다른 r1209 -> 짝 r1338 도달 아니오
  막다른 r1298 -> 짝 r1169 도달 아니오
  막다른 r1317 -> 짝 r1188 도달 아니오
  막다른 r1323 -> 짝 r1194 도달 아니오
  막다른 r1329 -> 짝 r1201 도달 아니오
  막다른 r1332 -> 짝 r1204 도달 아니오
  막다른 r1337 -> 짝 r1208 도달 아니오
  막다른 r1339 -> 짝 r1210 도달 아니오
  막다른 r1344 -> 짝 없음(일방통행)
  막다른 r1346 -> 짝 r1215 도달 아니오
회차 연결로(막다른 끝 회차 커넥터)가 있는 막다른 길 24개, 그중 도달 가능 24: [1380, 1523, 1565, 1574, 1583, 1584, 1585, 1665, 1705, 1714, 1715, 1724, 1748, 1762, 1770, 1775, 1799, 1824, 1840, 1863, 1872, 1889, 1890, 1898]
  r1380 j2 길이 9.89 앞 [1120] 뒤 [1247] 위치 CARLA (219,-1089) 도달 예
  r1523 j27 길이 9.89 앞 [1225] 뒤 [1145] 위치 CARLA (529,1) 도달 예
  r1565 j35 길이 9.89 앞 [1278] 뒤 [1151] 위치 CARLA (606,-712) 도달 예
  r1574 j37 길이 9.89 앞 [1279] 뒤 [1152] 위치 CARLA (867,-575) 도달 예
  r1583 j39 길이 9.89 앞 [1280] 뒤 [1153] 위치 CARLA (792,-534) 도달 예
  r1584 j108 길이 9.89 앞 [1294] 뒤 [1281] 위치 CARLA (808,-735) 도달 예
  r1585 j41 길이 9.89 앞 [1282] 뒤 [1154] 위치 CARLA (422,-1045) 도달 예
  r1665 j109 길이 9.89 앞 [1378] 뒤 [1372] 위치 CARLA (751,-696) 도달 예
  r1705 j62 길이 9.89 앞 [1304] 뒤 [1175] 위치 CARLA (197,-809) 도달 예
  r1714 j66 길이 9.89 앞 [1179] 뒤 [1308] 위치 CARLA (136,-752) 도달 예
  r1715 j64 길이 9.89 앞 [1177] 뒤 [1307] 위치 CARLA (92,-915) 도달 예
  r1724 j65 길이 9.89 앞 [1306] 뒤 [1178] 위치 CARLA (73,-737) 도달 예
  r1748 j71 길이 9.89 앞 [1184] 뒤 [1313] 위치 CARLA (97,-638) 도달 예
  r1762 j72 길이 9.89 앞 [1185] 뒤 [1314] 위치 CARLA (125,-651) 도달 예
  r1770 j73 길이 9.89 앞 [1315] 뒤 [1186] 위치 CARLA (171,-458) 도달 예
  r1775 j103 길이 9.89 앞 [1345] 뒤 [1214] 위치 CARLA (-1,-466) 도달 예
  r1799 j80 길이 9.89 앞 [1191] 뒤 [1320] 위치 CARLA (719,-395) 도달 예
  r1824 j81 길이 9.89 앞 [1321] 뒤 [1192] 위치 CARLA (1015,-442) 도달 예
  r1840 j87 길이 9.89 앞 [1327] 뒤 [1199] 위치 CARLA (667,-990) 도달 예
  r1863 j94 길이 9.89 앞 [1205] 뒤 [1334] 위치 CARLA (477,-606) 도달 예
  r1872 j96 길이 9.89 앞 [1207] 뒤 [1336] 위치 CARLA (793,-375) 도달 예
  r1889 j100 길이 9.89 앞 [1340] 뒤 [1211] 위치 CARLA (780,-275) 도달 예
  r1890 j102 길이 9.89 앞 [1212] 뒤 [1341] 위치 CARLA (685,-776) 도달 예
  r1898 j106 길이 9.89 앞 [1220] 뒤 [1349] 위치 CARLA (969,-285) 도달 예

## 0-3 도달 불가 덩어리
덩어리 14개, 가장 큰 덩어리 road 수 10

### 덩어리 1 <- road1333 포함(후문 쪽)
road 1, 길이 합 484m, 중심 CARLA (1070,-220), 가까운 건물 신학생회관 (E3) 449m
캠퍼스 폴리곤 안 road 1/1
사유: {'고립(앞뒤 연결 0, 짝 없음)': 1}
road: [1333]
junction: 없음
본망 -> 덩어리(도달): 미변환 way 4개, 가중 비용 122
  way481945510 service/parking_aisle oneway=yes 9m 폴리곤안 100%
  way481943505 service/parking_aisle oneway=yes 24m 폴리곤안 100%
  way481475019 service/parking_aisle 37m 폴리곤안 100%
  way452870644 service/parking_aisle 52m 폴리곤안 100%
덩어리 -> 본망(복귀): 미변환 way 4개, 가중 비용 119
  way452870644 service/parking_aisle 52m 폴리곤안 100%
  way481475019 service/parking_aisle 37m 폴리곤안 100%
  way481945509 service/parking_aisle oneway=yes 5m 폴리곤안 100%
  way481943503 service/parking_aisle oneway=yes 25m 폴리곤안 100%

### 덩어리 2
road 10, 길이 합 370m, 중심 CARLA (270,-311), 가까운 건물 명덕관 (S17-2) 196m
캠퍼스 폴리곤 안 road 9/10
사유: {'역방향만 존재(본망으로 나가는 쪽만 연결)': 10}
road: [1203, 1204, 1210, 1844, 1845, 1846, 1847, 1854, 1855, 1856]
junction: [88, 91]
본망 -> 덩어리(도달): 미변환 way 0개, 가중 비용 0
덩어리 -> 본망(복귀): 미변환 way 0개, 가중 비용 0

### 덩어리 3
road 4, 길이 합 224m, 중심 CARLA (361,-539), 가까운 건물 구학생회관 (S14) 38m
캠퍼스 폴리곤 안 road 4/4
사유: {'역방향만 존재(본망으로 나가는 쪽만 연결)': 4}
road: [1169, 1995, 1996, 1997]
junction: [3]
본망 -> 덩어리(도달): 미변환 way 0개, 가중 비용 0
덩어리 -> 본망(복귀): 미변환 way 0개, 가중 비용 0

### 덩어리 4
road 3, 길이 합 172m, 중심 CARLA (416,-109), 가까운 건물 명덕관 (S17-2) 443m
캠퍼스 폴리곤 안 road 3/3
사유: {'역방향만 존재(본망으로 나가는 쪽만 연결)': 3}
road: [1338, 1878, 1879]
junction: [28]
본망 -> 덩어리(도달): 미변환 way 0개, 가중 비용 0
덩어리 -> 본망(복귀): 미변환 way 0개, 가중 비용 0

### 덩어리 5
road 4, 길이 합 154m, 중심 CARLA (339,-359), 가까운 건물 명덕관 (S17-2) 198m
캠퍼스 폴리곤 안 road 4/4
사유: {'역방향만 존재(본망으로 나가는 쪽만 연결)': 4}
road: [1259, 1454, 1455, 1456]
junction: [14]
본망 -> 덩어리(도달): 미변환 way 0개, 가중 비용 0
덩어리 -> 본망(복귀): 미변환 way 0개, 가중 비용 0

### 덩어리 6
road 3, 길이 합 117m, 중심 CARLA (98,-488), 가까운 건물 등용관 (S17-6) 37m
캠퍼스 폴리곤 안 road 2/3
사유: {'역방향만 존재(본망으로 나가는 쪽만 연결)': 3}
road: [1215, 1901, 1902]
junction: [70]
본망 -> 덩어리(도달): 미변환 way 0개, 가중 비용 0
덩어리 -> 본망(복귀): 미변환 way 0개, 가중 비용 0

### 덩어리 7
road 3, 길이 합 115m, 중심 CARLA (479,-595), 가까운 건물 자연과학대학 본관 (S1-1) 81m
캠퍼스 폴리곤 안 road 3/3
사유: {'역방향만 존재(본망으로 나가는 쪽만 연결)': 3}
road: [1194, 1423, 1424]
junction: [84]
본망 -> 덩어리(도달): 미변환 way 0개, 가중 비용 0
덩어리 -> 본망(복귀): 미변환 way 0개, 가중 비용 0

### 덩어리 8
road 4, 길이 합 105m, 중심 CARLA (247,-383), 가까운 건물 명덕관 (S17-2) 122m
캠퍼스 폴리곤 안 road 4/4
사유: {'역방향만 존재(본망으로 나가는 쪽만 연결)': 4}
road: [1201, 1857, 1858, 1859]
junction: [88]
본망 -> 덩어리(도달): 미변환 way 0개, 가중 비용 0
덩어리 -> 본망(복귀): 미변환 way 0개, 가중 비용 0

### 덩어리 9
road 3, 길이 합 102m, 중심 CARLA (709,-129), 가까운 건물 신학생회관 (E3) 400m
캠퍼스 폴리곤 안 road 3/3
사유: {'역방향만 존재(본망으로 나가는 쪽만 연결)': 3}
road: [1188, 1909, 1910]
junction: [74]
본망 -> 덩어리(도달): 미변환 way 0개, 가중 비용 0
덩어리 -> 본망(복귀): 미변환 way 0개, 가중 비용 0

### 덩어리 10
road 3, 길이 합 90m, 중심 CARLA (589,-405), 가까운 건물 자연과학대학 본관 (S1-1) 148m
캠퍼스 폴리곤 안 road 3/3
사유: {'역방향만 존재(본망으로 나가는 쪽만 연결)': 3}
road: [1271, 1521, 1522]
junction: [25]
본망 -> 덩어리(도달): 미변환 way 0개, 가중 비용 0
덩어리 -> 본망(복귀): 미변환 way 0개, 가중 비용 0

### 덩어리 11
road 4, 길이 합 71m, 중심 CARLA (362,-526), 가까운 건물 구학생회관 (S14) 50m
캠퍼스 폴리곤 안 road 4/4
사유: {'역방향만 존재(본망으로 나가는 쪽만 연결)': 4}
road: [1248, 1986, 1987, 1988]
junction: [3]
본망 -> 덩어리(도달): 미변환 way 0개, 가중 비용 0
덩어리 -> 본망(복귀): 미변환 way 0개, 가중 비용 0

### 덩어리 12
road 3, 길이 합 59m, 중심 CARLA (754,-893), 가까운 건물 법학관 (N18) 57m
캠퍼스 폴리곤 안 road 3/3
사유: {'역방향만 존재(본망으로 나가는 쪽만 연결)': 3}
road: [1295, 1648, 1649]
junction: [54]
본망 -> 덩어리(도달): 미변환 way 0개, 가중 비용 0
덩어리 -> 본망(복귀): 미변환 way 0개, 가중 비용 0

### 덩어리 13
road 4, 길이 합 56m, 중심 CARLA (841,-368), 가까운 건물 신학생회관 (E3) 187m
캠퍼스 폴리곤 안 road 4/4
사유: {'역방향만 존재(본망으로 나가는 쪽만 연결)': 4}
road: [1208, 1921, 1922, 1923]
junction: [95]
본망 -> 덩어리(도달): 미변환 way 0개, 가중 비용 0
덩어리 -> 본망(복귀): 미변환 way 0개, 가중 비용 0

### 덩어리 14
road 3, 길이 합 45m, 중심 CARLA (449,-269), 가까운 건물 자연과학대학 본관 (S1-1) 293m
캠퍼스 폴리곤 안 road 3/3
사유: {'역방향만 존재(본망으로 나가는 쪽만 연결)': 3}
road: [1260, 1469, 1470]
junction: [16]
본망 -> 덩어리(도달): 미변환 way 0개, 가중 비용 0
덩어리 -> 본망(복귀): 미변환 way 0개, 가중 비용 0

## 0-4 요약
도달 가능 826 / 878 (94.1%)
왕복 가능 4 / 878 (0.5%)
고립 덩어리 14개
가장 큰 덩어리의 도로 수 10
road1333 덩어리 포함: True
