map: cbnu_internal_only_localtm_tags73_smooth.xodr
roads: 878 junction_connectors: 618
routes: legacy=15road, north=17road, south=15road, middle=19road, yangseong=17road, uturn=17road

## T. 변환 입력 highway 종류별 맵 포함 여부 (way 점이 Driving 차선 2.5m 안 + 방향 30도 안 비율)
type corridor: way 2, 80%이상 겹침 0, 평균 0.00
type cycleway: way 1, 80%이상 겹침 0, 평균 0.00
type footway: way 206, 80%이상 겹침 11, 평균 0.10
type path: way 28, 80%이상 겹침 0, 평균 0.00
type rest_area: way 1, 80%이상 겹침 0, 평균 0.27
type service: way 155, 80%이상 겹침 0, 평균 0.01
type steps: way 11, 80%이상 겹침 0, 평균 0.00
type track: way 8, 80%이상 겹침 0, 평균 0.00
type unclassified: way 73, 80%이상 겹침 68, 평균 0.90

## P2. 세션4 제외 8 + s23 재변환 9 대조
합집합 17 (중복 ID 0)
way 481950064 [세션4제외8] highway=service service=parking_aisle oneway=yes | 51.6m | 안쪽 100% | 시작 36.631513, 127.453602 끝 36.631260, 127.454041 | 변환입력 highway=service | 맵겹침 0.16
way 481950061 [세션4제외8] highway=service service=parking_aisle oneway=yes | 51.3m | 안쪽 100% | 시작 36.631260, 127.454041 끝 36.631513, 127.453602 | 변환입력 highway=service | 맵겹침 0.14
way 442710666 [세션4제외8] highway=footway | 57.8m | 안쪽 75% | 시작 36.631691, 127.457079 끝 36.631237, 127.457389 | 변환입력 highway=footway | 맵겹침 0.00
way 442710667 [세션4제외8] highway=footway | 57.8m | 안쪽 100% | 시작 36.631237, 127.457389 끝 36.630883, 127.456963 | 변환입력 highway=footway | 맵겹침 0.59
way 442595035 [세션4제외8] highway=service service=parking_aisle | 75.4m | 안쪽 100% | 시작 36.629328, 127.457386 끝 36.629404, 127.457254 | 변환입력 highway=service | 맵겹침 0.00
way 471667693 [세션4제외8] highway=footway surface=asphalt footway=crossing crossing=marked | 51.0m | 안쪽 100% | 시작 36.629376, 127.457467 끝 36.629645, 127.457005 | 변환입력 highway=footway | 맵겹침 0.00
way 442595850 [세션4제외8] highway=service service=parking_aisle oneway=yes | 131.9m | 안쪽 100% | 시작 36.627598, 127.454728 끝 36.627598, 127.454728 | 변환입력 highway=service | 맵겹침 0.02
way 442709215 [세션4제외8] highway=service service=parking_aisle | 69.6m | 안쪽 100% | 시작 36.623982, 127.457938 끝 36.624456, 127.457703 | 변환입력 highway=service | 맵겹침 0.00
way 481945510 [s23재변환9] highway=service service=parking_aisle oneway=yes | 8.7m | 안쪽 100% | 시작 36.625423, 127.461380 끝 36.625348, 127.461409 | 변환입력 highway=service | 맵겹침 0.00
way 481943505 [s23재변환9] highway=service service=parking_aisle oneway=yes | 24.1m | 안쪽 100% | 시작 36.625348, 127.461409 끝 36.625286, 127.461642 | 변환입력 highway=service | 맵겹침 0.00
way 481475019 [s23재변환9] highway=service service=parking_aisle | 37.4m | 안쪽 100% | 시작 36.625092, 127.461983 끝 36.625286, 127.461642 | 변환입력 highway=service | 맵겹침 0.00
way 452870644 [s23재변환9] highway=service service=parking_aisle | 52.0m | 안쪽 100% | 시작 36.624909, 127.462514 끝 36.625092, 127.461983 | 변환입력 highway=service | 맵겹침 0.00
way 481945509 [s23재변환9] highway=service service=parking_aisle oneway=yes | 5.1m | 안쪽 100% | 시작 36.625286, 127.461642 끝 36.625330, 127.461624 | 변환입력 highway=service | 맵겹침 0.00
way 481943503 [s23재변환9] highway=service service=parking_aisle oneway=yes | 24.8m | 안쪽 100% | 시작 36.625330, 127.461624 끝 36.625423, 127.461380 | 변환입력 highway=service | 맵겹침 0.00
way 446440352 [s23재변환9] highway=service service=parking_aisle | 75.2m | 안쪽 100% | 시작 36.631753, 127.458015 끝 36.631557, 127.458820 | 변환입력 highway=service | 맵겹침 0.00
way 446440353 [s23재변환9] highway=service service=parking_aisle | 37.6m | 안쪽 100% | 시작 36.631753, 127.458015 끝 36.631993, 127.458273 | 변환입력 highway=service | 맵겹침 0.00
way 481950060 [s23재변환9] highway=service service=parking_aisle oneway=yes | 48.8m | 안쪽 100% | 시작 36.631260, 127.454041 끝 36.631513, 127.453602 | 변환입력 highway=service | 맵겹침 0.41

## P2-정문. j1 - j107 사이 평행 way (j1->j107 방향 기준 왼쪽 +, 오른쪽 -)
j1 36.631513, 127.453602 -> j107 36.631260, 127.454041 직선 48.2m
way 481950063 진입(j1->j107) oneway=yes 48.7m 중간부 횡오프셋 평균 -2.8m | 변환입력 highway=unclassified | 맵겹침 0.95
way 481950064 진입(j1->j107) oneway=yes 51.6m 중간부 횡오프셋 평균 -6.2m | 변환입력 highway=service | 맵겹침 0.16
way 481950060 진출(j107->j1) oneway=yes 48.8m 중간부 횡오프셋 평균 +2.2m | 변환입력 highway=service | 맵겹침 0.41
way 481950061 진출(j107->j1) oneway=yes 51.3m 중간부 횡오프셋 평균 +5.7m | 변환입력 highway=service | 맵겹침 0.14
j1 접속 way 392532207 highway=service service=parking_aisle 147.3m 변환입력 highway=unclassified

## R. OSM 회전 제한 relation (원본)
relation 7948089 no_left_turn from ['217835412'](가로수로) to ['471534145'](공단로) via 36.634197, 127.447314 안쪽=False 가장가까운 건물 양성재 857m
relation 7948090 no_left_turn from ['217835426'](사직대로) to ['556736306'](내수동로) via 36.634087, 127.447578 안쪽=False 가장가까운 건물 양성재 834m
relation 9045768 only_u_turn from [](None) to [](None) via 36.627555, 127.457852 안쪽=True 가장가까운 건물 중앙도서관 신관 78m
relation 18408358 only_straight_on from ['1342061720'](None) to ['773945445'](1순환로) via 36.642761, 127.462234 안쪽=False 가장가까운 건물 인문사회관 N14 1383m
원본 restriction relation 4개, 변환 입력 relation 0개

## 3-1. 도서관 부근 junction 의 연결로
도서관 신관-개신문화관 중점 36.628228, 127.458713 (두 건물 중심 간 121m)
정차점 북문 r1378 s=78.0 -> 가까운 junction: j35 59m, j51 86m
정차점 남문 r1237 s=47.0 -> 가까운 junction: j36 54m, j93 91m
두 건물 중점 -> 가까운 junction: j39 89m, j109 102m, j105 108m
junction j35 커넥터 1 (이름 [':4400580245_0']) 사용 노선 {'uturn': [1565]}
  r1565 lane-1 r1278 -> r1151 좌회전 -126.8도 길이 9.89m 평균R 4.47
junction j36 커넥터 8 (이름 [':4400580244_0', ':4400580244_1', ':4400580244_2', ':4400580244_3', ':4400580244_4', ':4400580244_5', ':4400580244_6', ':4400580244_7']) 사용 노선 {'legacy': [1564], 'south': [1563], 'uturn': [1564]}
  r1558 lane-1 r1151 -> r1237 좌회전 -97.5도 길이 13.33m 평균R 7.83
  r1559 lane-1 r1151 -> r1278 좌회전 -126.8도 길이 9.89m 평균R 4.47
  r1557 lane-1 r1151 -> r1369 우회전 +82.3도 길이 12.96m 평균R 9.03
  r1563 lane-1 r1238 -> r1237 직진 -0.0도 길이 15.41m 평균R -
  r1564 lane-1 r1238 -> r1278 좌회전 -82.3도 길이 12.96m 평균R 9.03
  r1562 lane-1 r1368 -> r1237 좌회전 -126.8도 길이 9.89m 평균R 4.47
  r1560 lane-1 r1368 -> r1278 우회전 +97.5도 길이 13.33m 평균R 7.83
  r1561 lane-1 r1368 -> r1369 직진 +0.0도 길이 15.41m 평균R -
junction j39 커넥터 1 (이름 [':4400580284_0']) 사용 노선 {}
  r1583 lane-1 r1280 -> r1153 좌회전 -126.8도 길이 9.89m 평균R 4.47
junction j109 커넥터 1 (이름 [':4402717775_0']) 사용 노선 {}
  r1665 lane-1 r1378 -> r1372 좌회전 -126.8도 길이 9.89m 평균R 4.47

## 3-1b. 도서관 신관·개신문화관 250m 안 junction (U턴 = 회전 120도 이상)
only_u_turn via 노드 3958352374 36.627555, 127.457852 접속 way: 481943504(highway=service service=parking_aisle; 변환입력 highway=unclassified), 481950067(highway=service service=parking_aisle; 변환입력 highway=unclassified), 648686770(highway=service service=parking_aisle; 변환입력 highway=unclassified)
j105 노드 ['3958352374'] 도서관신관 78m 개신문화관 156m via 0m | 진입 road 3 커넥터 8 좌 2 우 2 U 2 | 노선 []
    r1414 r1351 -> r1399 -89.2도 8.73m R 5.61
    r1415 r1351 -> r1219 -126.8도 9.89m R 4.47
    r1416 r1402 -> r1219 +89.3도 8.73m R 5.60
    r1417 r1402 -> r1368 -96.0도 9.23m R 5.51
    r1418 r1237 -> r1399 +95.8도 9.23m R 5.52
    r1420 r1237 -> r1368 -126.8도 9.89m R 4.47
j93 노드 ['3958352372'] 도서관신관 83m 개신문화관 161m via 6m | 진입 road 4 커넥터 14 좌 4 우 4 U 2 | 노선 []
    r1399 r1414 -> r1205 +86.7도 8.64m R 5.71
    r1401 r1414 -> r1335 -89.1도 8.38m R 5.39
    r1402 r1206 -> r1417 +88.9도 8.38m R 5.40
    r1404 r1206 -> r1231 -90.4도 12.64m R 8.01
    r1405 r1206 -> r1335 -126.8도 9.89m R 4.47
    r1406 r1362 -> r1335 +90.4도 12.64m R 8.01
    r1408 r1362 -> r1205 -92.3도 12.69m R 7.88
    r1409 r1334 -> r1231 +92.3도 12.69m R 7.88
    r1411 r1334 -> r1417 -86.4도 8.64m R 5.73
    r1412 r1334 -> r1205 -126.8도 9.89m R 4.47
j78 노드 ['4403766743'] 도서관신관 135m 개신문화관 210m via 59m | 진입 road 3 커넥터 8 좌 2 우 2 U 2 | 노선 []
    r1792 r1231 -> r1190 -111.8도 15.33m R 7.85
    r1793 r1319 -> r1362 +111.8도 15.33m R 7.85
    r1794 r1319 -> r1230 -64.3도 14.50m R 12.92
    r1795 r1319 -> r1190 -126.8도 9.89m R 4.47
    r1796 r1361 -> r1190 +64.3도 14.50m R 12.92
    r1798 r1361 -> r1230 -126.8도 9.89m R 4.47
j76 노드 ['4631208583'] 도서관신관 124m 개신문화관 147m via 66m | 진입 road 3 커넥터 8 좌 2 우 2 U 2 | 노선 []
    r1864 r1788 -> r1206 +91.0도 8.85m R 5.58
    r1867 r1190 -> r1206 -88.6도 12.49m R 8.08
    r1868 r1190 -> r1319 -126.8도 9.89m R 4.47
    r1869 r1335 -> r1319 +88.6도 12.49m R 8.08
    r1870 r1335 -> r1787 -90.8도 8.85m R 5.58
    r1871 r1335 -> r1206 -126.8도 9.89m R 4.47
j77 노드 ['4403766738'] 도서관신관 121m 개신문화관 140m via 67m | 진입 road 3 커넥터 7 좌 2 우 2 U 1 | 노선 []
    r1785 r1350 -> r1865 -90.2도 8.77m R 5.57
    r1786 r1870 -> r1218 +90.3도 8.77m R 5.56
    r1787 r1870 -> r1351 -89.0도 8.67m R 5.58
    r1788 r1219 -> r1865 +88.8도 8.67m R 5.59
    r1790 r1219 -> r1351 -126.8도 9.89m R 4.47
j40 노드 ['4400580283'] 도서관신관 156m 개신문화관 145m via 109m | 진입 road 3 커넥터 8 좌 2 우 2 U 2 | 노선 []
    r1575 r1153 -> r1350 +93.3도 12.82m R 7.87
    r1576 r1153 -> r1223 -88.6도 12.66m R 8.19
    r1577 r1153 -> r1280 -126.8도 9.89m R 4.47
    r1578 r1354 -> r1280 +88.6도 12.66m R 8.19
    r1580 r1354 -> r1223 -126.8도 9.89m R 4.47
    r1582 r1218 -> r1280 -93.3도 12.82m R 7.87
j25 노드 ['4397573199'] 도서관신관 201m 개신문화관 264m via 124m | 진입 road 3 커넥터 7 좌 2 우 2 U 1 | 노선 []
    r1516 r1230 -> r1144 +83.5도 13.10m R 8.99
    r1518 r1230 -> r1361 -126.8도 9.89m R 4.47
    r1520 r1360 -> r1144 -98.6도 13.46m R 7.82
    r1521 r1271 -> r1229 +98.6도 13.46m R 7.82
    r1522 r1271 -> r1361 -83.5도 13.10m R 8.99
j39 노드 ['4400580284'] 도서관신관 139m 개신문화관 61m via 140m | 진입 road 1 커넥터 1 좌 0 우 0 U 1 | 노선 []
    r1583 r1280 -> r1153 -126.8도 9.89m R 4.47
j38 노드 ['4400580281'] 도서관신관 187m 개신문화관 157m via 142m | 진입 road 3 커넥터 8 좌 2 우 2 U 2 | 노선 []
    r1566 r1152 -> r1354 +93.9도 12.67m R 7.73
    r1567 r1152 -> r1222 -90.2도 12.69m R 8.06
    r1568 r1152 -> r1279 -126.8도 9.89m R 4.47
    r1569 r1353 -> r1279 +90.2도 12.69m R 8.06
    r1572 r1223 -> r1279 -93.9도 12.67m R 7.73
    r1573 r1223 -> r1354 -126.8도 9.89m R 4.47
j80 노드 ['4403766749'] 도서관신관 209m 개신문화관 213m via 144m | 진입 road 1 커넥터 1 좌 0 우 0 U 1 | 노선 []
    r1799 r1191 -> r1320 -126.8도 9.89m R 4.47
j36 노드 ['4400580244'] 도서관신관 145m 개신문화관 266m via 146m | 진입 road 3 커넥터 8 좌 2 우 2 U 2 | 노선 ['legacy', 'south', 'uturn']
    r1557 r1151 -> r1369 +82.3도 12.96m R 9.03
    r1558 r1151 -> r1237 -97.5도 13.33m R 7.83
    r1559 r1151 -> r1278 -126.8도 9.89m R 4.47
    r1560 r1368 -> r1278 +97.5도 13.33m R 7.83
    r1562 r1368 -> r1237 -126.8도 9.89m R 4.47
    r1564 r1238 -> r1278 -82.3도 12.96m R 9.03 [노선:legacy,uturn]
j24 노드 ['4397573197'] 도서관신관 226m 개신문화관 283m via 149m | 진입 road 3 커넥터 6 좌 2 우 2 U 0 | 노선 []
    r1511 r1229 -> r1143 -57.0도 14.63m R 14.70
    r1512 r1270 -> r1360 +57.0도 14.63m R 14.71
    r1513 r1270 -> r1394 -113.4도 13.68m R 6.91
    r1514 r1395 -> r1143 +113.4도 13.68m R 6.91
j22 노드 ['3958352355'] 도서관신관 239m 개신문화관 297m via 162m | 진입 road 3 커넥터 6 좌 2 우 2 U 0 | 노선 []
    r1393 r1510 -> r1140 +67.5도 13.57m R 11.52
    r1396 r1358 -> r1140 -118.5도 16.48m R 7.97
    r1397 r1267 -> r1227 +118.5도 16.48m R 7.97
    r1398 r1267 -> r1515 -67.3도 13.57m R 11.55
j94 노드 ['4631208578'] 도서관신관 191m 개신문화관 312m via 194m | 진입 road 1 커넥터 1 좌 0 우 0 U 1 | 노선 []
    r1863 r1205 -> r1334 -126.8도 9.89m R 4.47
j79 노드 ['4403766753'] 도서관신관 247m 개신문화관 214m via 196m | 진입 road 3 커넥터 9 좌 2 우 2 U 3 | 노선 []
    r1800 r1196 -> r1191 +88.2도 12.21m R 7.93
    r1802 r1196 -> r1326 -126.8도 9.89m R 4.47
    r1804 r1325 -> r1191 -89.7도 12.42m R 7.93
    r1805 r1325 -> r1198 -126.8도 9.89m R 4.47
    r1806 r1320 -> r1198 +89.7도 12.42m R 7.93
    r1807 r1320 -> r1326 -88.2도 12.21m R 7.93
    r1808 r1320 -> r1191 -126.8도 9.89m R 4.47
j35 노드 ['4400580245'] 도서관신관 130m 개신문화관 218m via 196m | 진입 road 1 커넥터 1 좌 0 우 0 U 1 | 노선 ['uturn']
    r1565 r1278 -> r1151 -126.8도 9.89m R 4.47 [노선:uturn]
j85 노드 ['4403766719'] 도서관신관 240m 개신문화관 195m via 196m | 진입 road 3 커넥터 8 좌 2 우 2 U 2 | 노선 []
    r1777 r1352 -> r1196 -88.8도 12.29m R 7.93
    r1778 r1352 -> r1221 -126.8도 9.89m R 4.47
    r1779 r1326 -> r1221 +89.0도 12.30m R 7.92
    r1780 r1326 -> r1353 -76.0도 11.95m R 9.01
    r1781 r1326 -> r1196 -126.8도 9.89m R 4.47
    r1782 r1222 -> r1196 +76.0도 11.95m R 9.01
j84 노드 ['3958352384'] 도서관신관 193m 개신문화관 314m via 198m | 진입 road 3 커넥터 6 좌 1 우 1 U 2 | 노선 ['legacy', 'south', 'uturn']
    r1422 r1369 -> r1323 -130.2도 19.10m R 8.40
    r1423 r1194 -> r1238 +130.2도 19.10m R 8.40
    r1424 r1194 -> r1370 -44.2도 17.94m R 23.28
    r1425 r1239 -> r1323 +44.2도 17.94m R 23.26
j109 노드 ['4402717775'] 도서관신관 128m 개신문화관 108m via 200m | 진입 road 1 커넥터 1 좌 0 우 0 U 1 | 노선 []
    r1665 r1378 -> r1372 -126.8도 9.89m R 4.47
j96 노드 ['4631209789'] 도서관신관 256m 개신문화관 221m via 204m | 진입 road 1 커넥터 1 좌 0 우 0 U 1 | 노선 []
    r1872 r1207 -> r1336 -126.8도 9.89m R 4.47
j37 노드 ['4400580282'] 도서관신관 201m 개신문화관 81m via 222m | 진입 road 1 커넥터 1 좌 0 우 0 U 1 | 노선 []
    r1574 r1279 -> r1152 -126.8도 9.89m R 4.47
j51 노드 ['4402717742'] 도서관신관 159m 개신문화관 245m via 223m | 진입 road 3 커넥터 9 좌 2 우 2 U 3 | 노선 ['north']
    r1634 r1291 -> r1245 +90.7도 12.50m R 7.90
    r1635 r1291 -> r1378 -89.1도 12.45m R 8.01
    r1636 r1291 -> r1163 -126.8도 9.89m R 4.47
    r1637 r1372 -> r1163 +89.1도 12.45m R 8.01
    r1639 r1372 -> r1378 -126.8도 9.89m R 4.47
    r1641 r1377 -> r1163 -90.7도 12.50m R 7.90
    r1642 r1377 -> r1245 -126.8도 9.89m R 4.47
j95 노드 ['8973274222'] 도서관신관 283m 개신문화관 231m via 239m | 진입 road 4 커넥터 14 좌 4 우 4 U 2 | 노선 []
    r1918 r1820 -> r1207 +93.4도 10.44m R 6.40
    r1920 r1820 -> r1337 -85.6도 10.87m R 7.28
    r1921 r1208 -> r1819 +85.5도 10.87m R 7.28
    r1923 r1208 -> r1348 -94.2도 12.91m R 7.86
    r1924 r1217 -> r1337 +94.2도 12.91m R 7.86
    r1926 r1217 -> r1207 -86.3도 13.33m R 8.85
    r1927 r1217 -> r1348 -126.8도 9.89m R 4.47
    r1928 r1336 -> r1348 +86.3도 13.33m R 8.85
    r1930 r1336 -> r1819 -93.4도 10.44m R 6.40
    r1931 r1336 -> r1207 -126.8도 9.89m R 4.47
j82 노드 ['4403766754'] 도서관신관 285m 개신문화관 226m via 244m | 진입 road 4 커넥터 15 좌 4 우 4 U 5 | 노선 []
    r1809 r1192 -> r1352 +39.9도 25.45m R 36.59
    r1810 r1192 -> r1918 -51.9도 21.94m R 24.21
    r1811 r1192 -> r1220 -139.7도 22.22m R 9.12
    r1812 r1192 -> r1321 -126.8도 9.89m R 4.47
    r1813 r1349 -> r1321 +139.7도 22.22m R 9.12
    r1815 r1349 -> r1918 -91.9도 19.85m R 12.38
    r1816 r1349 -> r1220 -126.8도 9.89m R 4.47
    r1817 r1930 -> r1220 +92.2도 19.85m R 12.34
    r1818 r1930 -> r1321 +52.0도 21.94m R 24.16
    r1819 r1930 -> r1352 -87.8도 10.07m R 6.57
    r1820 r1221 -> r1918 +87.8도 10.07m R 6.57
    r1822 r1221 -> r1321 -39.9도 25.45m R 36.58
    r1823 r1221 -> r1352 -126.8도 9.89m R 4.47
j102 노드 ['4655491158'] 도서관신관 179m 개신문화관 208m via 256m | 진입 road 1 커넥터 1 좌 0 우 0 U 1 | 노선 []
    r1890 r1212 -> r1341 -126.8도 9.89m R 4.47
j60 노드 ['4402727513'] 도서관신관 248m 개신문화관 367m via 262m | 진입 road 3 커넥터 8 좌 2 우 2 U 2 | 노선 ['legacy', 'south', 'uturn']
    r1690 r1173 -> r1371 +100.0도 13.65m R 7.82
    r1691 r1173 -> r1239 -74.9도 13.10m R 10.02
    r1692 r1173 -> r1302 -126.8도 9.89m R 4.47
    r1693 r1370 -> r1302 +74.9도 13.10m R 10.02
    r1696 r1240 -> r1302 -100.0도 13.65m R 7.82
    r1697 r1240 -> r1371 -126.8도 9.89m R 4.47
j108 노드 ['4400580300'] 도서관신관 196m 개신문화관 140m via 264m | 진입 road 1 커넥터 1 좌 0 우 0 U 1 | 노선 []
    r1584 r1294 -> r1281 -126.8도 9.89m R 4.47
j47 노드 ['4402717729'] 도서관신관 208m 개신문화관 297m via 266m | 진입 road 3 커넥터 8 좌 2 우 2 U 2 | 노선 ['north']
    r1619 r1288 -> r1244 +90.8도 12.51m R 7.90
    r1620 r1288 -> r1377 -89.0도 12.46m R 8.02
    r1621 r1288 -> r1159 -126.8도 9.89m R 4.47
    r1622 r1245 -> r1159 +89.0도 12.46m R 8.02
    r1624 r1245 -> r1377 -126.8도 9.89m R 4.47
    r1626 r1376 -> r1159 -90.8도 12.51m R 7.90
j50 노드 ['4402717740'] 도서관신관 201m 개신문화관 258m via 274m | 진입 road 3 커넥터 7 좌 3 우 3 U 1 | 노선 []
    r1627 r1342 -> r1162 +90.4도 12.47m R 7.90
    r1628 r1342 -> r1291 -53.4도 11.48m R 12.32
    r1629 r1163 -> r1213 +53.4도 11.48m R 12.32
    r1630 r1163 -> r1162 -35.9도 12.12m R 19.34
    r1631 r1163 -> r1291 -126.8도 9.89m R 4.47
    r1632 r1290 -> r1291 +35.9도 12.12m R 19.34
    r1633 r1290 -> r1213 -90.4도 12.47m R 7.90
j101 노드 ['4655491163'] 도서관신관 206m 개신문화관 250m via 281m | 진입 road 3 커넥터 7 좌 2 우 2 U 1 | 노선 []
    r1892 r1341 -> r1342 -61.0도 20.44m R 19.20
    r1893 r1341 -> r1212 -126.8도 9.89m R 4.47
    r1894 r1213 -> r1212 +61.0도 20.44m R 19.21
    r1895 r1213 -> r1379 -99.6도 18.54m R 10.66
    r1896 r1246 -> r1342 +99.7도 18.53m R 10.65
j57 노드 ['4402724109'] 도서관신관 233m 개신문화관 333m via 282m | 진입 road 3 커넥터 9 좌 2 우 2 U 3 | 노선 []
    r1674 r1171 -> r1170 +85.2도 12.50m R 8.40
    r1676 r1171 -> r1300 -126.8도 9.89m R 4.47
    r1678 r1302 -> r1170 -92.3도 12.69m R 7.88
    r1679 r1302 -> r1173 -126.8도 9.89m R 4.47
    r1680 r1299 -> r1173 +92.3도 12.69m R 7.88
    r1681 r1299 -> r1300 -85.2도 12.50m R 8.40
    r1682 r1299 -> r1170 -126.8도 9.89m R 4.47
j59 노드 ['4402724110'] 도서관신관 236m 개신문화관 328m via 291m | 진입 road 3 커넥터 7 좌 2 우 2 U 1 | 노선 ['north']
    r1684 r1244 -> r1171 -86.8도 12.66m R 8.36
    r1685 r1300 -> r1376 +86.8도 12.66m R 8.36
    r1686 r1300 -> r1243 -93.0도 12.82m R 7.89
    r1687 r1300 -> r1171 -126.8도 9.89m R 4.47
    r1688 r1375 -> r1171 +93.0도 12.82m R 7.89

## 3-2. 평균R 5.5m road
r1786 name=:4403766738_3 junction=77 length=8.767
  r1786 lane-1 r1870 -> r1218 우회전 +90.3도 길이 8.77m 평균R 5.56
  junction 노드 4403766738 36.627197, 127.458464 원본 OSM 에서 접속 way 2개
    way 442709221 highway=service service=parking_aisle 변환입력 highway=unclassified
    way 481943504 highway=service service=parking_aisle 변환입력 highway=unclassified
j77 커넥터 7개:
  r1784 lane-1 r1350 -> r1351 직진 +0.0도 15.30m R -
  r1785 lane-1 r1350 -> r1865 좌회전 -90.2도 8.77m R 5.57
  r1786 lane-1 r1870 -> r1218 우회전 +90.3도 8.77m R 5.56
  r1787 lane-1 r1870 -> r1351 좌회전 -89.0도 8.67m R 5.58
  r1788 lane-1 r1219 -> r1865 우회전 +88.8도 8.67m R 5.59
  r1789 lane-1 r1219 -> r1218 직진 -0.0도 15.30m R -
  r1790 lane-1 r1219 -> r1351 좌회전 -126.8도 9.89m R 4.47
r1786 사용 노선: 없음
일반 road 중 평균R 9m 미만(회전 20도 이상): 0개 

## 3-3. 비포장 surface
원본: 비포장 surface way 7
  way 445887116 surface=ground 중심 36.630012, 127.464382 양성재까지 1114m | 변환입력에 없음 | 맵겹침 0.00
  way 1213239428 highway=path surface=dirt 중심 36.619188, 127.464173 양성재까지 1415m | 변환입력에 없음 | 맵겹침 0.00
  way 1213239429 highway=path surface=dirt 중심 36.620427, 127.464072 양성재까지 1321m | 변환입력에 없음 | 맵겹침 0.00
  way 1213239435 highway=path surface=dirt 중심 36.620317, 127.462847 양성재까지 1243m | 변환입력에 없음 | 맵겹침 0.00
  way 1213239436 highway=path surface=dirt 중심 36.621170, 127.465674 양성재까지 1393m | 변환입력에 없음 | 맵겹침 0.00
  way 1213239440 highway=path surface=dirt 중심 36.622224, 127.466924 양성재까지 1438m | 변환입력에 없음 | 맵겹침 0.00
  way 1213239442 highway=path surface=dirt 중심 36.620776, 127.464285 양성재까지 1313m | 변환입력에 없음 | 맵겹침 0.00
변환입력: 비포장 surface way 0
변환입력 unclassified 중 surface 태그 있는 way: 0
양성재 부근 테니스장(원본 leisure=pitch sport=tennis):
  pitch 442760307 중심 36.627669, 127.451408 양성재까지 80m 최근접 차선 r1311 28m (그 road 지나는 노선: 없음)
    40m 안 way 442708402 highway=service service=parking_aisle | 변환입력 highway=unclassified | 맵겹침 0.87
    40m 안 way 442708405 highway=service service=parking_aisle | 변환입력 highway=unclassified | 맵겹침 0.93
    40m 안 way 442761510 highway=path | 변환입력 highway=path | 맵겹침 0.00
    40m 안 way 442761511 highway=footway | 변환입력 highway=footway | 맵겹침 1.00
    40m 안 way 471400972 highway=path | 변환입력 highway=path | 맵겹침 0.00
    40m 안 way 472252989 highway=service service=parking_aisle | 변환입력 highway=unclassified | 맵겹침 0.96
    40m 안 way 472252990 highway=footway footway=sidewalk | 변환입력 highway=unclassified | 맵겹침 0.92
  pitch 442760308 중심 36.627940, 127.451738 양성재까지 62m 최근접 차선 r1311 21m (그 road 지나는 노선: 없음)
    40m 안 way 442761511 highway=footway | 변환입력 highway=footway | 맵겹침 1.00
    40m 안 way 471667840 highway=footway footway=crossing crossing=marked | 변환입력 highway=footway | 맵겹침 0.00
  pitch 442760309 중심 36.627777, 127.450963 양성재까지 121m 최근접 차선 r1345 48m (그 road 지나는 노선: 없음)
    40m 안 way 442761510 highway=path | 변환입력 highway=path | 맵겹침 0.00
    40m 안 way 442761513 highway=path | 변환입력 highway=path | 맵겹침 0.00
    40m 안 way 471400972 highway=path | 변환입력 highway=path | 맵겹침 0.00
  pitch 442760310 중심 36.628125, 127.451176 양성재까지 116m 최근접 차선 r1313 49m (그 road 지나는 노선: 없음)
    40m 안 way 442761513 highway=path | 변환입력 highway=path | 맵겹침 0.00
    40m 안 way 746283763 highway=path | 변환입력 highway=path | 맵겹침 0.00
  pitch 473928860 중심 36.625758, 127.452404 양성재까지 205m 최근접 차선 r1201 74m (그 road 지나는 노선: 없음)
    40m 안 way 296212865 highway=residential name=성봉로 | 변환입력에 없음 | 맵겹침 0.00
    40m 안 way 471546799 highway=residential | 변환입력에 없음 | 맵겹침 0.00
    40m 안 way 471546802 highway=residential name=성봉로220번길 | 변환입력에 없음 | 맵겹침 0.00
    40m 안 way 473928851 highway=service service=parking_aisle | 변환입력에 없음 | 맵겹침 0.00
테니스장 40m 안 변환 way 가 맵에서 어느 road 이고 노선이 지나는가:
  way 442708402 highway=service service=parking_aisle -> road [1180, 1309, 1738, 1741, 1742, 1746, 1757, 1766, 1904] 노선 없음
  way 442708405 highway=service service=parking_aisle -> road [1186, 1766, 1770] 노선 없음
  way 472252989 highway=service service=parking_aisle -> road [1214, 1345, 1775, 1904] 노선 없음
  way 472252990 highway=footway footway=sidewalk -> road [1215, 1346, 1904] 노선 없음

## 3-4. 자전거도로
way 471667606 highway=cycleway bicycle=yes  26m 중심 36.624755, 127.463401 안쪽 100% j1까지 1153m | 변환입력 highway=cycleway | 맵겹침 0.00
way 657299142 highway=secondary oneway=yes bicycle=designated lanes=4 name=사직대로 cycleway:right=track 785m 중심 36.635314, 127.465345 안쪽 0% j1까지 1132m | 변환입력에 없음 | 맵겹침 0.00
way 662593147 highway=cycleway  97m 중심 36.626729, 127.465566 안쪽 0% j1까지 1195m | 변환입력에 없음 | 맵겹침 0.00
way 662593156 highway=cycleway  123m 중심 36.626391, 127.465231 안쪽 0% j1까지 1185m | 변환입력에 없음 | 맵겹침 0.00
way 973979360 highway=secondary oneway=yes bicycle=designated lanes=4 name=사직대로 cycleway:right=track 781m 중심 36.635106, 127.464053 안쪽 0% j1까지 1016m | 변환입력에 없음 | 맵겹침 0.00

## P2-보행구조. 변환 입력의 steps / bridge
way 468607767 highway=footway bicycle=no motor_vehicle=no access=yes bridge=yes | 맵겹침 0.00
way 468607772 highway=steps | 맵겹침 0.00
way 468607773 highway=steps | 맵겹침 0.00
way 468607774 highway=steps | 맵겹침 0.00
way 468607775 highway=steps | 맵겹침 0.00
way 468607776 highway=steps width=4 | 맵겹침 0.00
way 468642288 highway=steps | 맵겹침 0.00
way 471400875 highway=steps | 맵겹침 0.00
way 471400877 highway=steps | 맵겹침 0.00
way 676959817 highway=steps | 맵겹침 0.00
way 676959819 highway=steps | 맵겹침 0.00
way 676959821 highway=steps | 맵겹침 0.00

## 3-5. 중문 way 2개
원본 barrier/entrance 태그 노드 2개 (캠퍼스 전체)
중문 정차점 쪽 끝 노드 4437127634 36.631753, 127.458015 안쪽=True
중문 게이트 추정점 36.633680, 127.458398 안쪽=False 끝 노드에서 217m
인문사회관 N14 중심 36.631082, 127.456839 끝 노드에서 129m
way 446440352 highway=service service=parking_aisle 75.2m 안쪽 100% | 변환입력 highway=service
  시작 노드 4437127634 36.631753, 127.458015 안쪽=True 경계까지 10.3m 게이트추정점까지 217m N14까지 129m 접속 way [('446440351', 'service', 'parking_aisle', 'conv'), ('446440353', 'service', 'parking_aisle', '-')]
  끝 노드 4437127635 36.631557, 127.458820 안쪽=True 경계까지 10.3m 게이트추정점까지 239m N14까지 185m 접속 way []
way 446440353 highway=service service=parking_aisle 37.6m 안쪽 100% | 변환입력 highway=service
  시작 노드 4437127634 36.631753, 127.458015 안쪽=True 경계까지 10.3m 게이트추정점까지 217m N14까지 129m 접속 way [('446440351', 'service', 'parking_aisle', 'conv'), ('446440352', 'service', 'parking_aisle', '-')]
  끝 노드 4437127637 36.631993, 127.458273 안쪽=True 경계까지 5.1m 게이트추정점까지 188m N14까지 163m 접속 way []
    끝 40m 안 way 472037987 highway=service 최근접 31m 안쪽 0%
    끝 40m 안 way 293271134 highway=residential oneway=yes name=1순환로674번길 최근접 35m 안쪽 0%
    끝 40m 안 way 446440351 highway=service service=parking_aisle 최근접 35m 안쪽 100%
    끝 40m 안 way 446440352 highway=service service=parking_aisle 최근접 35m 안쪽 100%
way 446440351 highway=service service=parking_aisle 83.9m 안쪽 100% | 변환입력 highway=unclassified
  시작 노드 4437127631 36.631200, 127.457450 안쪽=True 경계까지 49.9m 게이트추정점까지 288m N14까지 56m 접속 way [('442595034', 'service', 'parking_aisle', 'conv')]
  끝 노드 4437127634 36.631753, 127.458015 안쪽=True 경계까지 10.3m 게이트추정점까지 217m N14까지 129m 접속 way [('446440352', 'service', 'parking_aisle', '-'), ('446440353', 'service', 'parking_aisle', '-')]
    끝 40m 안 way 446440352 highway=service service=parking_aisle 최근접 0m 안쪽 100%
    끝 40m 안 way 446440353 highway=service service=parking_aisle 최근접 0m 안쪽 100%
    끝 40m 안 way 472037987 highway=service 최근접 26m 안쪽 0%
    끝 40m 안 way 293271134 highway=residential oneway=yes name=1순환로674번길 최근접 33m 안쪽 0%

## 4-N. 원본 OSM 캠퍼스 안 traffic_calming / barrier 노드와 노선
node 4658272865 36.627658, 127.453070 {'traffic_calming': 'hump'} way ['471667759'] 최근접 차선 r1123 lane-1 s=40.1 1.4m 노선(road 기준) ['yangseong']
node 4658272866 36.627694, 127.453125 {'traffic_calming': 'hump'} way ['471667759'] 최근접 차선 r1250 lane-1 s=12.5 1.5m 노선(road 기준) 없음
node 4658272987 36.627550, 127.454243 {'traffic_calming': 'hump'} way ['471667821'] 최근접 차선 r1249 lane-1 s=11.3 1.4m 노선(road 기준) 없음
node 4658272988 36.627502, 127.454256 {'traffic_calming': 'hump'} way ['471667821'] 최근접 차선 r1122 lane-1 s=89.7 0.6m 노선(road 기준) 없음
node 6232825686 36.627574, 127.461910 {'barrier': 'cycle_barrier'} way ['665834145', '676959808'] 최근접 차선 r1192 lane-1 s=35.8 68.1m 노선(road 기준) 없음
node 6339086688 36.627089, 127.461406 {'barrier': 'cycle_barrier'} way ['676959808'] 최근접 차선 r1192 lane-1 s=50.3 2.4m 노선(road 기준) 없음
