map: cbnu_internal_only_localtm_tags73_smooth.xodr
## 2-1. 도서관 교차로 후보
j105 junction 105 OSM 노드 3958352374 위경도 36.627555, 127.457852
  검산: 커넥터 시작점 중심과 노드 투영 위치 차 1.0m
  연결 road: 들어오는 3 [1237, 1351, 1402] / 나가는 3 [1219, 1368, 1399] / 고유 6
  커넥터 8: 좌회전 2 ['r1414 -89.2', 'r1417 -96.0'] / 유턴 2 ['r1415', 'r1420']
  가까운 건물(외곽선 거리) 중앙도서관 신관 (N12) (way648686778) 41m
  가까운 건물(외곽선 거리) 자연과학대학 본관 (S1-1) (way452270376) 49m
  가까운 건물(외곽선 거리) 신학생회관 (E3) (way452264484) 51m
j36 junction 36 OSM 노드 4400580244 위경도 36.628172, 127.456393
  검산: 커넥터 시작점 중심과 노드 투영 위치 차 3.8m
  연결 road: 들어오는 3 [1151, 1238, 1368] / 나가는 3 [1237, 1278, 1369] / 고유 6
  커넥터 8: 좌회전 2 ['r1558 -97.5', 'r1564 -82.3'] / 유턴 2 ['r1559', 'r1562']
  가까운 건물(외곽선 거리) 자연과학대학 본관 (S1-1) (way452270376) 16m
  가까운 건물(외곽선 거리) 중앙도서관 구관 (N12) (way442066135) 65m
  가까운 건물(외곽선 거리) 충북대학교 박물관 (S9) (way452267227) 86m

## 2-1b. legacy 가 j36 좌회전 r1564 없이 종점(r1278 s=100.38)에 가는 경로
legacy 계획 road 순서: [1247, 1914, 1356, 1917, 1355, 1446, 1172, 1428, 1240, 1695, 1239, 1426, 1238, 1564, 1278]
유턴 금지 최단(정문 r1247 -> r1278 s=100.38): 781.0m [1247, 1914, 1356, 1917, 1355, 1446, 1172, 1428, 1240, 1695, 1239, 1426, 1238, 1564, 1278]
r1564 금지 + 유턴 금지: 1214.0m (+433.0m) [1247, 1914, 1356, 1917, 1355, 1446, 1172, 1428, 1240, 1695, 1239, 1426, 1238, 1563, 1237, 1419, 1219, 1788, 1318, 1864, 1206, 1402, 1363, 1417, 1368, 1560, 1278]
  회전(30도 이상): ['r1446 j42 +78.7도 R10.13', 'r1428 j10 -68.5도 R11.92', 'r1788 j77 +88.8도 R5.59', 'r1864 j76 +91.0도 R5.58', 'r1402 j93 +88.9도 R5.40', 'r1417 j105 -96.0도 R5.51', 'r1560 j36 +97.5도 R7.83']
j36 좌회전 2개 모두 금지: 1214.0m

## 2-2. 정문 평행 way 4개
기준선 j1 36.631513, 127.453602 -> j107 36.631260, 127.454041 48.2m 방위 125.5도
way 481950064 노드 8개 길이 51.6m 시작 36.631513, 127.453602 끝 36.631260, 127.454041 방위(시작->끝) 125.5도
  태그 전부: {'highway': 'service', 'oneway': 'yes', 'service': 'parking_aisle'}
  횡오프셋 s=10~38m(2m 간격, j1->j107 왼쪽 +): [-5.8, -6.2, -6.5, -6.5, -6.6, -6.6, -6.7, -6.5, -6.4, -6.3, -6.2, -6.1, -5.8, -5.0, -4.2]
way 481950063 노드 6개 길이 48.7m 시작 36.631513, 127.453602 끝 36.631260, 127.454041 방위(시작->끝) 125.5도
  태그 전부: {'highway': 'service', 'oneway': 'yes', 'service': 'parking_aisle'}
  횡오프셋 s=10~38m(2m 간격, j1->j107 왼쪽 +): [-2.3, -2.4, -2.5, -2.6, -2.8, -2.9, -3.0, -2.8, -2.5, -2.3, -2.1, -1.8, -1.6, -1.4, -1.2]
way 481950060 노드 7개 길이 48.8m 시작 36.631260, 127.454041 끝 36.631513, 127.453602 방위(시작->끝) 305.5도
  태그 전부: {'highway': 'service', 'oneway': 'yes', 'service': 'parking_aisle'}
  횡오프셋 s=10~38m(2m 간격, j1->j107 왼쪽 +): [2.4, 2.4, 2.5, 2.5, 2.5, 2.4, 2.4, 2.4, 2.3, 2.2, 2.0, 1.7, 1.5, 1.3, 1.1]
way 481950061 노드 10개 길이 51.3m 시작 36.631260, 127.454041 끝 36.631513, 127.453602 방위(시작->끝) 305.5도
  태그 전부: {'highway': 'service', 'oneway': 'yes', 'service': 'parking_aisle'}
  횡오프셋 s=10~38m(2m 간격, j1->j107 왼쪽 +): [5.8, 6.0, 6.2, 6.4, 6.4, 6.3, 6.3, 6.3, 6.0, 5.7, 5.4, 5.0, 4.5, 4.0, 3.4]
쌍별 수직 거리(s=10~38m 평균 / 최소 / 최대):
  481950064 - 481950063: 3.8 / 3.0 / 4.3 m
  481950064 - 481950060: 8.2 / 5.3 / 9.1 m
  481950064 - 481950061: 11.7 / 7.6 / 13.0 m
  481950063 - 481950060: 4.4 / 2.3 / 5.4 m
  481950063 - 481950061: 7.9 / 4.6 / 9.2 m
  481950060 - 481950061: 3.5 / 2.3 / 3.9 m
노드 4748296080 에 접속하는 way: 392532207(service,-), 481950060(service,yes), 481950061(service,yes), 481950063(service,yes), 481950064(service,yes)
노드 4748296088 에 접속하는 way: 481950060(service,yes), 481950061(service,yes), 481950062(service,-), 481950063(service,yes), 481950064(service,yes)

## 3. 건물 배치 후보
궤적 north: drive_log_20260928_224708.csv 점 616개(5Hz 표본)
궤적 south: drive_log_20260928_224907.csv 점 719개(5Hz 표본)
궤적 middle: drive_log_20261002_012601.csv 점 684개(5Hz 표본)
궤적 yangseong: drive_log_20261002_012739.csv 점 628개(5Hz 표본)
궤적 legacy: drive_log_20261002_012938.csv 점 767개(5Hz 표본)
원본 OSM building: way 399, relation 0
전체 399, 1순위(0~50m) 30, 2순위(50~100m) 11, 제외 358
1순위 이름 있음 25 / 없음 5
2순위 이름 있음 8 / 없음 3
1순위 levels 태그 있음 21
### 1순위
  way446440341 경영대학 본관 (N13) code=N13 76.1x70.0m 층=5 거리 0.0m(middle) TM 38.2,328.6 노선 north:35 middle:0
  way765358663 (이름없음) code=- 27.0x31.8m 층=- 거리 0.0m(middle) TM 21.2,362.5 노선 north:65 middle:0
  way446440350 진리관 code=- 34.5x46.2m 층=5 거리 2.8m(middle) TM 127.1,417.5 노선 middle:3
  way471400965 (이름없음) code=- 23.4x21.4m 층=- 거리 4.9m(yangseong) TM -241.9,263.0 노선 south:24 yangseong:5 legacy:24
  way452601521 개성재 관리동 code=- 48.0x49.2m 층=2 거리 7.5m(middle) TM 108.1,471.0 노선 middle:7
  way692594348 씨비엔유 스타 code=- 48.1x41.3m 층=- 거리 8.4m(middle) TM -20.0,358.2 노선 north:38 middle:8
  way452601520 개척관 code=- 50.5x25.7m 층=5 거리 10.4m(middle) TM 179.0,465.6 노선 middle:10
  way442760316 지선관 (S17-1) code=S17-1 52.8x39.3m 층=13 거리 11.0m(yangseong) TM -351.5,75.4 노선 yangseong:11
  way452270376 자연과학대학 본관 (S1-1) code=S1-1 109.5x64.0m 층=4 거리 12.7m(south) TM 23.5,54.9 노선 south:13 legacy:16
  way446440344 인문사회관 (N14) code=N14 70.8x71.7m 층=7 거리 13.6m(middle) TM 19.8,411.0 노선 north:77 middle:14
  way442066135 중앙도서관 구관 (N12) code=N12 94.2x84.5m 층=- 거리 14.2m(legacy) TM 105.5,122.8 노선 north:46 south:57 legacy:14
  way446440342 미술관 (N16-2) code=N16-2 23.7x46.8m 층=5 거리 15.3m(middle) TM 83.0,388.2 노선 middle:15
  way446440349 정의관 code=- 31.6x25.5m 층=5 거리 15.9m(middle) TM 152.7,440.2 노선 middle:16
  way692594349 이마트24 충북대대학본부점 code=- 36.5x38.3m 층=1 거리 16.6m(north) TM -59.2,368.3 노선 north:17 south:93 middle:17 yangseong:93 legacy:93
  way442760303 (이름없음) code=- 35.8x31.8m 층=- 거리 17.0m(yangseong) TM -301.0,180.2 노선 yangseong:17
  way442760317 (이름없음) code=- 58.0x40.2m 층=13 거리 20.9m(yangseong) TM -359.4,60.9 노선 yangseong:21
  way446440346 세종국가정책대학원 code=- 41.3x40.2m 층=4 거리 21.1m(north) TM 158.0,216.0 노선 north:21 legacy:87
  way442760314 명덕관 (S17-2) code=S17-2 54.7x70.0m 층=10 거리 22.6m(yangseong) TM -327.9,-3.9 노선 yangseong:23
  way446440345 사회과학대학 본관 (N15) code=N15 54.5x92.7m 층=4 거리 24.3m(north) TM 120.8,259.2 노선 north:24 legacy:77
  way442595862 대학본부 (N10) code=N10 46.9x52.7m 층=9 거리 25.6m(south) TM -160.7,298.1 노선 north:58 south:26 middle:58 yangseong:27 legacy:26
  way442760304 첨단바이오 연구센터 (S20) code=S20 81.9x82.6m 층=6 거리 29.6m(yangseong) TM -349.3,185.9 노선 yangseong:30
  way452365446 공동실험실습관 (N11) code=N11 64.8x58.6m 층=5 거리 30.1m(south) TM -99.7,229.5 노선 north:93 south:30 middle:93 yangseong:89 legacy:30
  way442760291 농업생명과학대학 실험동 (S21-5) code=S21-5 125.7x74.5m 층=4 거리 30.9m(yangseong) TM -301.4,305.3 노선 south:34 yangseong:31 legacy:34
  way452601519 계영원 code=- 45.2x31.7m 층=11 거리 32.9m(middle) TM 192.5,509.3 노선 middle:33
  way442595863 국제교류원 (N10) code=N10 70.7x51.2m 층=- 거리 36.7m(north) TM -125.5,314.8 노선 north:37 south:37 middle:37 yangseong:37 legacy:37
  way471400916 차고 (S10) code=S10 26.3x19.1m 층=- 거리 37.4m(south) TM -123.7,115.7 노선 south:37 legacy:37
  way442760290 농업생명과학대학 강의동 (S21-4) code=S21-4 101.1x61.6m 층=3 거리 40.2m(yangseong) TM -314.2,233.3 노선 south:71 yangseong:40 legacy:71
  way471400915 (이름없음) code=- 20.6x11.1m 층=- 거리 44.0m(south) TM -75.9,79.1 노선 south:44 legacy:44
  way692587909 법학전문대학원 (N2) code=N2 118.9x90.0m 층=8 거리 44.1m(legacy) TM -192.9,519.4 노선 north:44 south:44 middle:44 yangseong:44 legacy:44
  way442760311 양성재 code=- 15.3x15.1m 층=- 거리 45.4m(yangseong) TM -356.7,37.5 노선 yangseong:45
### 2순위
  way446440348 미술과 (N16-3) code=N16-3 65.4x27.1m 층=3 거리 52.5m(middle) TM 181.9,397.2 노선 middle:53
  way648686778 중앙도서관 신관 (N12) code=N12 53.5x63.0m 층=- 거리 60.2m(north) TM 138.3,102.6 노선 north:60 south:68 legacy:97
  way470097512 (이름없음) code=- 16.1x16.3m 층=- 거리 63.0m(middle) TM 68.9,502.1 노선 middle:63
  way452267227 충북대학교 박물관 (S9) code=S9 42.2x40.5m 층=- 거리 64.8m(legacy) TM -92.1,53.1 노선 south:65 legacy:65
  way452270377 자연대 2호관 (S1-2) code=S1-2 47.8x26.8m 층=3 거리 74.1m(south) TM 47.4,-17.7 노선 south:74
  way442760312 신민관 (S17-3) code=S17-3 47.3x39.1m 층=7 거리 79.6m(yangseong) TM -381.3,3.6 노선 yangseong:80
  way442760315 (이름없음) code=- 14.5x13.5m 층=- 거리 85.2m(yangseong) TM -352.8,-20.2 노선 yangseong:85
  way471400800 (이름없음) code=- 46.7x54.6m 층=11 거리 88.8m(middle) TM 253.9,474.5 노선 middle:89
  way1283849590 인쇄목공실(S13) code=S13 8.8x10.3m 층=1 거리 90.4m(south) TM -159.0,89.5 노선 south:90 legacy:90
  way452267229 구학생회관 (S14) code=S14 41.5x25.4m 층=5 거리 92.6m(yangseong) TM -186.5,75.7 노선 yangseong:93
  way446440347 인문대학 본관 (N16-1) code=N16-1 100.4x108.7m 층=4 거리 93.5m(north) TM 196.1,297.6 노선 north:94
주의: 궤적이 건물 폴리곤 안을 지남 way446440341 경영대학 본관 (N13) 노선 middle layer=-
주의: 궤적이 건물 폴리곤 안을 지남 way765358663 (이름없음) 노선 middle layer=1
주의: 같은 코드 N12 건물 2개 ['중앙도서관 구관 (N12)', '중앙도서관 신관 (N12)']
주의: 같은 코드 N10 건물 2개 ['대학본부 (N10)', '국제교류원 (N10)']

## 3-4. 현장 확인 코드 대조
N2 현장 '법학전문대학원' -> OSM way692587909 '법학전문대학원 (N2)' 순위 1 거리 44.1m
N11 현장 '공동실험실습관' -> OSM way452365446 '공동실험실습관 (N11)' 순위 1 거리 30.1m
N13 현장 '경영대학' -> OSM way446440341 '경영대학 본관 (N13)' 순위 1 거리 0.0m
N14 현장 '인문사회관(추정, 미술관 맞은편)' -> OSM way446440344 '인문사회관 (N14)' 순위 1 거리 13.6m
N15 현장 '사회과학대학 본관' -> OSM way446440345 '사회과학대학 본관 (N15)' 순위 1 거리 24.3m
N16-2 현장 '미술관' -> OSM way446440342 '미술관 (N16-2)' 순위 1 거리 15.3m
S9 현장 '박물관' -> OSM way452267227 '충북대학교 박물관 (S9)' 순위 2 거리 64.8m
