원본 OSM cbnu_campus.osm, 시험 맵 cbnu_internal_only_localtm_tags73_smooth_trial_s18_gates.xodr(읽기만)
## A. 양성재 정차점 방향
종점 road1123 주행 CSV 5개
  drive_log_20261002_012739.csv t=125.6 s=21.09 CARLA (214.02, -550.40) -> 36.627810, 127.452956 (왕복오차 0.0000m)
  drive_log_20261002_013011.csv t=130.6 s=20.98 CARLA (214.00, -550.51) -> 36.627811, 127.452956 (왕복오차 0.0000m)
  drive_log_20261002_014717.csv t=125.65 s=21.01 CARLA (214.00, -550.49) -> 36.627811, 127.452956 (왕복오차 0.0000m)
  drive_log_20261002_014734.csv t=125.5 s=21.06 CARLA (214.02, -550.44) -> 36.627810, 127.452956 (왕복오차 0.0000m)
  drive_log_20261002_014752.csv t=125.4 s=21.08 CARLA (214.02, -550.42) -> 36.627810, 127.452956 (왕복오차 0.0000m)
  종점 평균 36.627810, 127.452956 (개별 종점 최대 편차 0.06m)
캠퍼스 폴리곤 외곽 링(점 166) 꼭짓점 평균 중심 36.627879, 127.455972
  중심 -> 양성재 종점: 270m, 방위 268도 (서)
  중심 -> 출발점(정문 밖): 방위 333도 (북서)
  중심 -> 후문B 경계 횡단점: 방위 117도 (남동)
  양성재 종점 -> 후문B 경계 횡단점 직선 1017m
OSM way442760311 태그 {'building': 'university', 'name': '양성재'}
  꼭짓점 평균 36.627636, 127.452406, 종점에서 외곽선까지 45.4m, 종점이 건물 안: False
이름에 '양성재' 또는 '생활관' 이 들어간 OSM 요소:
  way442760311 양성재 university 중심 36.627645, 127.452389
종점 150m 안 이름 있는 건물:
    21.9m 명덕관 (S17-2) (way442760314)
    23.7m 지선관 (S17-1) (way442760316)
    45.4m 양성재 (way442760311)
    76.9m 첨단바이오 연구센터 (S20) (way442760304)
    79.2m 신민관 (S17-3) (way442760312)
   103.0m 구학생회관 (S14) (way452267229)
   123.9m 자연대온실2(S6-2) (way485644757)
   137.4m 중앙연구소(S19) (way442760305)
   141.0m 동아리방 (way452848247)
   148.3m 인쇄목공실(S13) (way1283849590)

## B. 양성재 노선과 후문 노선 겹침 (세션18 시험 맵, 채택 안 된 산출물을 읽기만 함)
frozen_v1: 양성재와 남문 공통 앞 road 7개 [1247, 1914, 1356, 1917, 1355, 1446, 1172], 길이 합 386.3m
frozen_v1: 양성재 경로 합 637.4m (s26 기록 637.4m 대조)
양성재 루트 시험 맵 번호 [1301, 1998, 1417, 2001, 1416, 1508, 1223, 1489, 1178, 1761, 1177, 1788, 1176, 1795, 1175, 1888, 1174] (형상 비용 최대 0.000)
[고리 접점(20번) 36.624909, 127.462514] 정문에서 도달 가능한 일반 road 최근접: 시험 r1391 s=0 거리 7.1m
  최단 경로 33 road, 1339m: ['1301(1247)', '1998(1914)', '1417(1356)', '2001(1917)', '1416(1355)', '1508(1446)', '1223(1172)', '1490(1428)', '1294(1240)', '1757(1695)', '1293(1239)', '1488(1426)', '1292(1238)', '1625(1563)', '1291(1237)', '1481(1419)', '1273(1219)', '1851(1789)', '1272(1218)', '1643(1581)', '1277(1223)', '1633(1571)', '1276(1222)', '1845(1783)', '1275(1221)', '1883(1821)', '1274(1220)', '1977(new)', '1415(new)', '1981(new)', '1271(new)', '1926(new)', '1391(new)']
  양성재 루트와 공통 앞부분 7 road, 386.3m (옛 번호 [1247, 1914, 1356, 1917, 1355, 1446, 1172])
  순서 무관 공통 road 7개, 길이 합 386.3m
[경계 횡단점 36.624701, 127.463656] 정문에서 도달 가능한 일반 road 최근접: 시험 r1302 s=0 거리 1.7m
  최단 경로 35 road, 1451m: ['1301(1247)', '1998(1914)', '1417(1356)', '2001(1917)', '1416(1355)', '1508(1446)', '1223(1172)', '1490(1428)', '1294(1240)', '1757(1695)', '1293(1239)', '1488(1426)', '1292(1238)', '1625(1563)', '1291(1237)', '1481(1419)', '1273(1219)', '1851(1789)', '1272(1218)', '1643(1581)', '1277(1223)', '1633(1571)', '1276(1222)', '1845(1783)', '1275(1221)', '1883(1821)', '1274(1220)', '1977(new)', '1415(new)', '1981(new)', '1271(new)', '1925(new)', '1171(new)', '1442(new)', '1302(new)']
  양성재 루트와 공통 앞부분 7 road, 386.3m (옛 번호 [1247, 1914, 1356, 1917, 1355, 1446, 1172])
  순서 무관 공통 road 7개, 길이 합 386.3m
[고리 접점(20번)] 양성재 정차점 경유: 양성재까지 637m + 이후 1186m = 1823m (39 road), 최단 대비 +484m
[경계 횡단점] 양성재 정차점 경유: 양성재까지 637m + 이후 1297m = 1935m (41 road), 최단 대비 +484m

## C. 후문 게이트 위치 (OSM)
barrier 태그 전부(노드·way), 후문B 경계 횡단점까지 거리:
  node6232825686 barrier=cycle_barrier 36.627574, 127.461910 355m
  node6339086688 barrier=cycle_barrier 36.627089, 127.461406 333m
  way472452465 barrier=fence 중심 36.627506, 127.466592 최근접 374m
  way472452480 barrier=fence 중심 36.627439, 127.466690 최근접 376m
  way474288134 barrier=yes 중심 36.634274, 127.466928 최근접 1095m
  way491714955 barrier=bollard 중심 36.628360, 127.465682 최근접 439m
그 밖의 출입 관련 태그(entrance, access=private/no, amenity=parking_entrance/toll, toll, gate) 후문B 300m 안:
way392632034 노드(경계 밖 -> 안): 태그 {'highway': 'service', 'service': 'parking_aisle'}
  [0] node3958352335 36.624701, 127.463656 안=False 누적 0.0m 공유 highway way ['293211022', '662321292', '774924322'] 태그 {}
  [1] node4727599760 36.624746, 127.463399 안=True 누적 23.6m 공유 highway way ['471667606'] 태그 {}
  [2] node4727599759 36.624756, 127.463339 안=True 누적 29.1m 공유 highway way ['471667601'] 태그 {}
  [3] node3958352336 36.624787, 127.463165 안=True 누적 45.0m 공유 highway way [] 태그 {}
  [4] node4496854212 36.624909, 127.462514 안=True 누적 104.7m 공유 highway way ['452870641', '452870644', '452870648', '468616601', '471667654'] 태그 {}
후문B 경계 횡단점 200m 안 건물(면적 작은 순 10개 + 이름 있는 것):
  way665834126 면적 57m2 경계점 131m way392632034 까지 137m 중심 36.623471, 127.463476 {'building': 'yes'}
  way665834151 면적 81m2 경계점 72m way392632034 까지 30m 중심 36.625110, 127.462937 {'building': 'yes'}
  way471489163 면적 152m2 경계점 73m way392632034 까지 80m 중심 36.623988, 127.463808 {'amenity': 'pharmacy', 'building': 'yes', 'name': '대학약국'}
  way676555290 면적 170m2 경계점 196m way392632034 까지 201m 중심 36.624440, 127.465885 {'building': 'commercial'}
  way468616594 면적 211m2 경계점 170m way392632034 까지 175m 중심 36.626326, 127.463574 {'building': 'yes', 'cuisine': 'coffee_shop', 'internet_access:fee': 'yes', 'outdoor_seating': 'no', 'smoking': 'outside'}
  way468616595 면적 215m2 경계점 126m way392632034 까지 136m 중심 36.625805, 127.464306 {'building': 'yes', 'opening_hours': '24/7'}
  way630259030 면적 246m2 경계점 190m way392632034 까지 195m 중심 36.624723, 127.465839 {'building': 'yes'}
  way468740397 면적 287m2 경계점 42m way392632034 까지 55m 중심 36.625026, 127.464124 {'addr:housenumber': '1', 'addr:street': '모충로', 'building': 'yes'}
  way471489166 면적 324m2 경계점 107m way392632034 까지 116m 중심 36.623663, 127.463488 {'building': 'church', 'name': '청주흰돌교회 선교센터'}
  way895753838 면적 408m2 경계점 83m way392632034 까지 90m 중심 36.625078, 127.464549 {'addr:city': '청주시', 'addr:district': '서원구', 'addr:housenumber': '5', 'addr:postcode': '28666', 'addr:province': '충청북도', 'addr:street': '모충로', 'building': 'residential', 'building:levels': '4', 'name': '휴무스 고시원', 'name:ko': '휴무스 빌딩'}
  (이름) way445262474 102동 면적 756m2 경계점 64m
  (이름) way471489163 대학약국 면적 152m2 경계점 73m
  (이름) way452866622 충북대학교 병원 면적 11730m2 경계점 78m
  (이름) way895753838 휴무스 고시원 면적 408m2 경계점 83m
  (이름) way468606818 송학아파트 상가 면적 595m2 경계점 96m
  (이름) way471489166 청주흰돌교회 선교센터 면적 324m2 경계점 107m
  (이름) way445262473 101동 면적 701m2 경계점 125m
  (이름) way471489167 청주흰돌교회 본관 면적 637m2 경계점 145m
  (이름) way471489168 흰돌어린이집 면적 515m2 경계점 149m
  (이름) way445262472 103동 면적 498m2 경계점 169m
  (이름) way445262471 105동 면적 968m2 경계점 186m
amenity=parking 폴리곤 후문B 300m 안:
  way468616599 면적 4704m2 경계점 37m 중심 36.625417, 127.462757 {'amenity': 'parking', 'name': '학생주차장', 'name:en': 'Student parking lot', 'park_ride': 'no'}
  way468616602 면적 6969m2 경계점 123m 중심 36.625384, 127.460907 {'amenity': 'parking'}
  way468740398 면적 1087m2 경계점 59m 중심 36.625187, 127.464162 {'amenity': 'parking', 'fee': 'yes'}
  way471400794 면적 2781m2 경계점 263m 중심 36.622895, 127.460974 {'amenity': 'parking', 'building': 'yes', 'name': '주차타워'}
  way472216093 면적 2678m2 경계점 151m 중심 36.623473, 127.462123 {'amenity': 'parking'}
  way472216094 면적 1538m2 경계점 181m 중심 36.623691, 127.461783 {'amenity': 'parking'}
  way472216095 면적 1938m2 경계점 97m 중심 36.624042, 127.462489 {'amenity': 'parking'}
  way476515662 면적 129m2 경계점 136m 중심 36.624149, 127.465098 {'amenity': 'parking'}
  way476515664 면적 127m2 경계점 135m 중심 36.624230, 127.465159 {'amenity': 'parking'}
  way476515665 면적 188m2 경계점 132m 중심 36.624335, 127.465206 {'amenity': 'parking'}
  way476515667 면적 26m2 경계점 124m 중심 36.624491, 127.465061 {'amenity': 'parking'}
  way476515669 면적 204m2 경계점 131m 중심 36.624441, 127.465259 {'amenity': 'parking'}
  way630259031 면적 52m2 경계점 176m 중심 36.624734, 127.465673 {'amenity': 'parking'}
  way630259032 면적 66m2 경계점 174m 중심 36.624818, 127.465660 {'amenity': 'parking'}
  way665834130 면적 151m2 경계점 104m 중심 36.623691, 127.463844 {'amenity': 'parking'}
  way665834131 면적 81m2 경계점 123m 중심 36.623620, 127.464138 {'amenity': 'parking'}
  way665834132 면적 47m2 경계점 129m 중심 36.623632, 127.464335 {'amenity': 'parking'}
  way665834133 면적 78m2 경계점 134m 중심 36.623487, 127.464100 {'amenity': 'parking'}
  way665834134 면적 77m2 경계점 144m 중심 36.623444, 127.464245 {'amenity': 'parking'}
  way665834135 면적 55m2 경계점 112m 중심 36.623604, 127.463635 {'amenity': 'parking'}
  way665834136 면적 71m2 경계점 117m 중심 36.623603, 127.463745 {'amenity': 'parking'}
  way665834137 면적 117m2 경계점 147m 중심 36.623297, 127.463579 {'amenity': 'parking'}
  way665834138 면적 36m2 경계점 140m 중심 36.623422, 127.463734 {'amenity': 'parking'}
고가(bridge=yes 또는 layer>=1) highway 후문B 300m 안:
  way293211019 secondary 개신오거리고가차도 bridge=yes layer=1 최근접 9m
OSM 버스정류장 이름 '후문'·'중문' 위치(참고):
  node12324240640 충북대학교중문 36.633602, 127.460506 후문B 경계점에서 1027m 폴리곤 안=False
  node12324240641 충북대학교후문 36.630038, 127.461755 후문B 경계점에서 616m 폴리곤 안=False
  node12324240642 충북대학교후문 36.631170, 127.461622 후문B 경계점에서 741m 폴리곤 안=False

## D. 후문 연결 6 way 개별 확인 (원본 OSM)
way481945510 8.7m 안쪽 100% 태그 {'highway': 'service', 'oneway': 'yes', 'service': 'parking_aisle'}
  시작 node4658272907 36.625423, 127.461380 공유 ['481943503', '481943504']
  끝   node4658272908 36.625348, 127.461409 공유 ['481943505']
  중간점이 amenity=parking 폴리곤 안: 아님
way481943505 24.1m 안쪽 100% 태그 {'highway': 'service', 'oneway': 'yes', 'service': 'parking_aisle'}
  시작 node4658272908 36.625348, 127.461409 공유 ['481945510']
  끝   node4658272910 36.625286, 127.461642 공유 ['481475019', '481945509']
  중간점이 amenity=parking 폴리곤 안: 아님
way481475019 37.4m 안쪽 100% 태그 {'highway': 'service', 'service': 'parking_aisle'}
  시작 node4744097595 36.625092, 127.461983 공유 ['452870644']
  끝   node4658272910 36.625286, 127.461642 공유 ['481943505', '481945509']
  중간점이 amenity=parking 폴리곤 안: 아님
way452870644 52.0m 안쪽 100% 태그 {'highway': 'service', 'service': 'parking_aisle'}
  시작 node4496854212 36.624909, 127.462514 공유 ['392632034', '452870641', '452870648', '468616601', '471667654']
  끝   node4744097595 36.625092, 127.461983 공유 ['481475019']
  중간점이 amenity=parking 폴리곤 안: 아님
way481945509 5.1m 안쪽 100% 태그 {'highway': 'service', 'oneway': 'yes', 'service': 'parking_aisle'}
  시작 node4658272910 36.625286, 127.461642 공유 ['481475019', '481943505']
  끝   node4658272909 36.625330, 127.461624 공유 ['481943503']
  중간점이 amenity=parking 폴리곤 안: 아님
way481943503 24.8m 안쪽 100% 태그 {'highway': 'service', 'oneway': 'yes', 'service': 'parking_aisle'}
  시작 node4658272909 36.625330, 127.461624 공유 ['481945509']
  끝   node4658272907 36.625423, 127.461380 공유 ['481943504', '481945510']
  중간점이 amenity=parking 폴리곤 안: 아님

