xodr cbnu_internal_only_localtm_tags73_smooth.xodr: road 878 / 정의된 junction 95
정의 없는 junction(회차 없는 막다른 끝) 14: [4, 15, 17, 26, 55, 56, 75, 83, 89, 92, 97, 98, 99, 104]
  j4 들어감 [1121] 나옴 [1248] 채움가능=True (차선중심 간격 3.35m 방향차 180+0.00도)
  j15 들어감 [1132] 나옴 [1259] 채움가능=True (차선중심 간격 3.35m 방향차 180+0.00도)
  j17 들어감 [1133] 나옴 [1260] 채움가능=True (차선중심 간격 3.35m 방향차 180+0.00도)
  j26 들어감 [1144] 나옴 [1271] 채움가능=True (차선중심 간격 3.35m 방향차 180+0.00도)
  j55 들어감 [1166] 나옴 [1295] 채움가능=True (차선중심 간격 3.35m 방향차 180+0.00도)
  j56 들어감 [1298] 나옴 [1169] 채움가능=True (차선중심 간격 3.35m 방향차 180+0.00도)
  j75 들어감 [1317] 나옴 [1188] 채움가능=True (차선중심 간격 3.35m 방향차 180+0.00도)
  j83 들어감 [1323] 나옴 [1194] 채움가능=True (차선중심 간격 3.35m 방향차 180+0.00도)
  j89 들어감 [1329] 나옴 [1201] 채움가능=True (차선중심 간격 3.35m 방향차 180+0.00도)
  j92 들어감 [1332] 나옴 [1204] 채움가능=True (차선중심 간격 3.35m 방향차 180+0.00도)
  j97 들어감 [1337] 나옴 [1208] 채움가능=True (차선중심 간격 3.35m 방향차 180+0.00도)
  j98 들어감 [1209] 나옴 [1338] 채움가능=True (차선중심 간격 3.35m 방향차 180+0.00도)
  j99 들어감 [1339] 나옴 [1210] 채움가능=True (차선중심 간격 3.35m 방향차 180+0.00도)
  j104 들어감 [1346] 나옴 [1215] 채움가능=True (차선중심 간격 3.35m 방향차 180+0.00도)
successor 없는 일반 road(일방통행 막다른 끝 후보) 2: [1333, 1344]
기존 회차 연결로(틀, connection 1개·paramPoly3·길이 9.89240086) 24개
  들어오는 차선 끝 기준 상대 앞(m): 최소 0.0009 최대 0.0011
  들어오는 차선 끝 기준 상대 왼(m): 최소 -1.6751 최대 -1.6749
  들어오는 차선 끝 기준 상대 방위(rad): 최소 0.4636 최대 0.4636
