Town01.xodr: road 122, elevationProfile 요소 122, elevation 669 (0 아님 0, 그런 road 0), 고도 0.00~0.00m, |b|max 0.0000 |c|max 0.00e+00 |d|max 0.00e+00; lateralProfile 요소 122, superelevation 348 (0 아님 0, |a|max 0.0000 rad), shape 0 (0 아님 0)
  기울기 |dz/ds| 최대(구간 1m 이상) 0.0% (구간 10m 이상 0.0%), |c| 최대 레코드의 구간 길이 0.000m
  첫 road 원문: <elevationProfile> <elevation s="0.0000000000000000e+0" a="0.0000000000000000e+0" b="0.0000000000000000e+0" c="0.0000000000000000e+0" d="0.0000000000000000e+0"  / <lateralProfile> <superelevation s="0.0000000000000000e+0" a="0.0000000000000000e+0" b="0.0000000000000000e+0" c="0.0000
Town01_Opt.xodr: road 122, elevationProfile 요소 122, elevation 669 (0 아님 0, 그런 road 0), 고도 0.00~0.00m, |b|max 0.0000 |c|max 0.00e+00 |d|max 0.00e+00; lateralProfile 요소 122, superelevation 348 (0 아님 0, |a|max 0.0000 rad), shape 0 (0 아님 0)
  기울기 |dz/ds| 최대(구간 1m 이상) 0.0% (구간 10m 이상 0.0%), |c| 최대 레코드의 구간 길이 0.000m
  첫 road 원문: <elevationProfile> <elevation s="0.0000000000000000e+0" a="0.0000000000000000e+0" b="0.0000000000000000e+0" c="0.0000000000000000e+0" d="0.0000000000000000e+0"  / <lateralProfile> <superelevation s="0.0000000000000000e+0" a="0.0000000000000000e+0" b="0.0000000000000000e+0" c="0.0000
Town02.xodr: road 84, elevationProfile 요소 84, elevation 650 (0 아님 0, 그런 road 0), 고도 0.00~0.00m, |b|max 0.0000 |c|max 0.00e+00 |d|max 0.00e+00; lateralProfile 요소 84, superelevation 423 (0 아님 0, |a|max 0.0000 rad), shape 0 (0 아님 0)
  기울기 |dz/ds| 최대(구간 1m 이상) 0.0% (구간 10m 이상 0.0%), |c| 최대 레코드의 구간 길이 0.000m
  첫 road 원문: <elevationProfile> <elevation s="0.0000000000000000e+0" a="0.0000000000000000e+0" b="0.0000000000000000e+0" c="0.0000000000000000e+0" d="0.0000000000000000e+0"  / <lateralProfile> <superelevation s="0.0000000000000000e+0" a="0.0000000000000000e+0" b="0.0000000000000000e+0" c="0.0000
Town02_Opt.xodr: road 84, elevationProfile 요소 84, elevation 650 (0 아님 0, 그런 road 0), 고도 0.00~0.00m, |b|max 0.0000 |c|max 0.00e+00 |d|max 0.00e+00; lateralProfile 요소 84, superelevation 423 (0 아님 0, |a|max 0.0000 rad), shape 0 (0 아님 0)
  기울기 |dz/ds| 최대(구간 1m 이상) 0.0% (구간 10m 이상 0.0%), |c| 최대 레코드의 구간 길이 0.000m
  첫 road 원문: <elevationProfile> <elevation s="0.0000000000000000e+0" a="0.0000000000000000e+0" b="0.0000000000000000e+0" c="0.0000000000000000e+0" d="0.0000000000000000e+0"  / <lateralProfile> <superelevation s="0.0000000000000000e+0" a="0.0000000000000000e+0" b="0.0000000000000000e+0" c="0.0000
Town03.xodr: road 369, elevationProfile 요소 369, elevation 2630 (0 아님 912, 그런 road 149), 고도 -0.87~8.49m, |b|max 0.4074 |c|max 2.13e+02 |d|max 0.00e+00; lateralProfile 요소 369, superelevation 1590 (0 아님 0, |a|max 0.0000 rad), shape 0 (0 아님 0)
  기울기 |dz/ds| 최대(구간 1m 이상) 40.7% (구간 10m 이상 40.7%), |c| 최대 레코드의 구간 길이 0.000m
  첫 road 원문: <elevationProfile> <elevation s="0.0000000000000000e+0" a="0.0000000000000000e+0" b="0.0000000000000000e+0" c="0.0000000000000000e+0" d="0.0000000000000000e+0"  / <lateralProfile> <superelevation s="0.0000000000000000e+0" a="0.0000000000000000e+0" b="0.0000000000000000e+0" c="0.0000
Town03_Opt.xodr: road 369, elevationProfile 요소 369, elevation 2630 (0 아님 912, 그런 road 149), 고도 -0.87~8.49m, |b|max 0.4074 |c|max 2.13e+02 |d|max 0.00e+00; lateralProfile 요소 369, superelevation 1590 (0 아님 0, |a|max 0.0000 rad), shape 0 (0 아님 0)
  기울기 |dz/ds| 최대(구간 1m 이상) 40.7% (구간 10m 이상 40.7%), |c| 최대 레코드의 구간 길이 0.000m
  첫 road 원문: <elevationProfile> <elevation s="0.0000000000000000e+0" a="0.0000000000000000e+0" b="0.0000000000000000e+0" c="0.0000000000000000e+0" d="0.0000000000000000e+0"  / <lateralProfile> <superelevation s="0.0000000000000000e+0" a="0.0000000000000000e+0" b="0.0000000000000000e+0" c="0.0000
Town04.xodr: road 276, elevationProfile 요소 276, elevation 2055 (0 아님 1839, 그런 road 236), 고도 -0.00~11.00m, |b|max 0.1013 |c|max 5.15e+00 |d|max 0.00e+00; lateralProfile 요소 276, superelevation 1393 (0 아님 0, |a|max 0.0000 rad), shape 0 (0 아님 0)
  기울기 |dz/ds| 최대(구간 1m 이상) 9.8% (구간 10m 이상 9.8%), |c| 최대 레코드의 구간 길이 0.009m
  첫 road 원문: <elevationProfile> <elevation a="4.3487548828125000e-3" b="0.0000000000000000e+0" c="0.0000000000000000e+0" d="0.0000000000000000e+0" s="0.0000000000000000e+0"  / <lateralProfile> <superelevation a="0.0000000000000000e+0" b="0.0000000000000000e+0" c="0.0000000000000000e+0" d="0.0000
Town04_Opt.xodr: road 276, elevationProfile 요소 276, elevation 2055 (0 아님 1839, 그런 road 236), 고도 -0.00~11.00m, |b|max 0.1013 |c|max 5.15e+00 |d|max 0.00e+00; lateralProfile 요소 276, superelevation 1393 (0 아님 0, |a|max 0.0000 rad), shape 0 (0 아님 0)
  기울기 |dz/ds| 최대(구간 1m 이상) 9.8% (구간 10m 이상 9.8%), |c| 최대 레코드의 구간 길이 0.009m
  첫 road 원문: <elevationProfile> <elevation a="4.3487548828125000e-3" b="0.0000000000000000e+0" c="0.0000000000000000e+0" d="0.0000000000000000e+0" s="0.0000000000000000e+0"  / <lateralProfile> <superelevation a="0.0000000000000000e+0" b="0.0000000000000000e+0" c="0.0000000000000000e+0" d="0.0000
Town05.xodr: road 323, elevationProfile 요소 323, elevation 2855 (0 아님 1568, 그런 road 234), 고도 -0.00~10.03m, |b|max 0.1265 |c|max 2.55e+03 |d|max 0.00e+00; lateralProfile 요소 323, superelevation 1934 (0 아님 0, |a|max 0.0000 rad), shape 0 (0 아님 0)
  기울기 |dz/ds| 최대(구간 1m 이상) 12.6% (구간 10m 이상 12.6%), |c| 최대 레코드의 구간 길이 0.000m
  첫 road 원문: <elevationProfile> <elevation s="0.0000000000000000e+0" a="0.0000000000000000e+0" b="0.0000000000000000e+0" c="0.0000000000000000e+0" d="0.0000000000000000e+0"  / <lateralProfile> <superelevation s="0.0000000000000000e+0" a="0.0000000000000000e+0" b="0.0000000000000000e+0" c="0.0000
Town05_Opt.xodr: road 323, elevationProfile 요소 323, elevation 2855 (0 아님 1568, 그런 road 234), 고도 -0.00~10.03m, |b|max 0.1265 |c|max 2.55e+03 |d|max 0.00e+00; lateralProfile 요소 323, superelevation 1934 (0 아님 0, |a|max 0.0000 rad), shape 0 (0 아님 0)
  기울기 |dz/ds| 최대(구간 1m 이상) 12.6% (구간 10m 이상 12.6%), |c| 최대 레코드의 구간 길이 0.000m
  첫 road 원문: <elevationProfile> <elevation s="0.0000000000000000e+0" a="0.0000000000000000e+0" b="0.0000000000000000e+0" c="0.0000000000000000e+0" d="0.0000000000000000e+0"  / <lateralProfile> <superelevation s="0.0000000000000000e+0" a="0.0000000000000000e+0" b="0.0000000000000000e+0" c="0.0000
Town06.xodr: road 200, elevationProfile 요소 200, elevation 1429 (0 아님 0, 그런 road 0), 고도 0.00~0.00m, |b|max 0.0000 |c|max 3.72e-15 |d|max 0.00e+00; lateralProfile 요소 200, superelevation 917 (0 아님 0, |a|max 0.0000 rad), shape 0 (0 아님 0)
  기울기 |dz/ds| 최대(구간 1m 이상) 0.0% (구간 10m 이상 0.0%), |c| 최대 레코드의 구간 길이 0.050m
  첫 road 원문: <elevationProfile> <elevation s="0.0000000000000000e+0" a="0.0000000000000000e+0" b="0.0000000000000000e+0" c="0.0000000000000000e+0" d="0.0000000000000000e+0"  / <lateralProfile> <superelevation s="0.0000000000000000e+0" a="0.0000000000000000e+0" b="0.0000000000000000e+0" c="0.0000
Town06_Opt.xodr: road 200, elevationProfile 요소 200, elevation 1429 (0 아님 0, 그런 road 0), 고도 0.00~0.00m, |b|max 0.0000 |c|max 3.72e-15 |d|max 0.00e+00; lateralProfile 요소 200, superelevation 917 (0 아님 0, |a|max 0.0000 rad), shape 0 (0 아님 0)
  기울기 |dz/ds| 최대(구간 1m 이상) 0.0% (구간 10m 이상 0.0%), |c| 최대 레코드의 구간 길이 0.050m
  첫 road 원문: <elevationProfile> <elevation s="0.0000000000000000e+0" a="0.0000000000000000e+0" b="0.0000000000000000e+0" c="0.0000000000000000e+0" d="0.0000000000000000e+0"  / <lateralProfile> <superelevation s="0.0000000000000000e+0" a="0.0000000000000000e+0" b="0.0000000000000000e+0" c="0.0000
Town07.xodr: road 277, elevationProfile 요소 277, elevation 1486 (0 아님 930, 그런 road 184), 고도 -0.67~9.40m, |b|max 0.1524 |c|max 3.90e-01 |d|max 0.00e+00; lateralProfile 요소 277, superelevation 829 (0 아님 0, |a|max 0.0000 rad), shape 0 (0 아님 0)
  기울기 |dz/ds| 최대(구간 1m 이상) 9.2% (구간 10m 이상 8.7%), |c| 최대 레코드의 구간 길이 0.222m
  첫 road 원문: <elevationProfile> <elevation s="0.0000000000000000e+0" a="0.0000000000000000e+0" b="0.0000000000000000e+0" c="0.0000000000000000e+0" d="0.0000000000000000e+0"  / <lateralProfile> <superelevation s="0.0000000000000000e+0" a="0.0000000000000000e+0" b="0.0000000000000000e+0" c="0.0000
Town07_Opt.xodr: road 277, elevationProfile 요소 277, elevation 1486 (0 아님 930, 그런 road 184), 고도 -0.67~9.40m, |b|max 0.1524 |c|max 3.90e-01 |d|max 0.00e+00; lateralProfile 요소 277, superelevation 829 (0 아님 0, |a|max 0.0000 rad), shape 0 (0 아님 0)
  기울기 |dz/ds| 최대(구간 1m 이상) 9.2% (구간 10m 이상 8.7%), |c| 최대 레코드의 구간 길이 0.222m
  첫 road 원문: <elevationProfile> <elevation s="0.0000000000000000e+0" a="0.0000000000000000e+0" b="0.0000000000000000e+0" c="0.0000000000000000e+0" d="0.0000000000000000e+0"  / <lateralProfile> <superelevation s="0.0000000000000000e+0" a="0.0000000000000000e+0" b="0.0000000000000000e+0" c="0.0000
Town10HD.xodr: road 108, elevationProfile 요소 108, elevation 1052 (0 아님 0, 그런 road 0), 고도 0.00~0.00m, |b|max 0.0000 |c|max 0.00e+00 |d|max 0.00e+00; lateralProfile 요소 108, superelevation 772 (0 아님 0, |a|max 0.0000 rad), shape 0 (0 아님 0)
  기울기 |dz/ds| 최대(구간 1m 이상) 0.0% (구간 10m 이상 0.0%), |c| 최대 레코드의 구간 길이 0.000m
  첫 road 원문: <elevationProfile> <elevation s="0.0000000000000000e+0" a="0.0000000000000000e+0" b="0.0000000000000000e+0" c="0.0000000000000000e+0" d="0.0000000000000000e+0"  / <lateralProfile> <superelevation s="0.0000000000000000e+0" a="0.0000000000000000e+0" b="0.0000000000000000e+0" c="0.0000
Town10HD_Opt.xodr: road 108, elevationProfile 요소 108, elevation 1052 (0 아님 0, 그런 road 0), 고도 0.00~0.00m, |b|max 0.0000 |c|max 0.00e+00 |d|max 0.00e+00; lateralProfile 요소 108, superelevation 772 (0 아님 0, |a|max 0.0000 rad), shape 0 (0 아님 0)
  기울기 |dz/ds| 최대(구간 1m 이상) 0.0% (구간 10m 이상 0.0%), |c| 최대 레코드의 구간 길이 0.000m
  첫 road 원문: <elevationProfile> <elevation s="0.0000000000000000e+0" a="0.0000000000000000e+0" b="0.0000000000000000e+0" c="0.0000000000000000e+0" d="0.0000000000000000e+0"  / <lateralProfile> <superelevation s="0.0000000000000000e+0" a="0.0000000000000000e+0" b="0.0000000000000000e+0" c="0.0000
TownBig.xodr: road 1923, elevationProfile 요소 1923, elevation 12054 (0 아님 12054, 그런 road 1923), 고도 50.91~103.44m, |b|max 0.6274 |c|max 2.20e+07 |d|max 0.00e+00; lateralProfile 요소 1923, superelevation 4791 (0 아님 0, |a|max 0.0000 rad), shape 0 (0 아님 0)
  기울기 |dz/ds| 최대(구간 1m 이상) 45.1% (구간 10m 이상 14.6%), |c| 최대 레코드의 구간 길이 0.000m
  첫 road 원문: <elevationProfile> <elevation s="0.0000000000000000e+0" a="7.8057419802538575e+1" b="-1.8480041513532171e-2" c="0.0000000000000000e+0" d="0.0000000000000000e+0" / <lateralProfile> <superelevation s="0.0000000000000000e+0" a="0.0000000000000000e+0" b="0.0000000000000000e+0" c="0.0000
cbnu_internal_only_localtm_tags73_smooth.xodr: road 878, elevationProfile 요소 878, elevation 878 (0 아님 0, 그런 road 0), 고도 0.00~0.00m, |b|max 0.0000 |c|max 0.00e+00 |d|max 0.00e+00; lateralProfile 요소 878, superelevation 0 (0 아님 0, |a|max 0.0000 rad), shape 0 (0 아님 0)
  기울기 |dz/ds| 최대(구간 1m 이상) 0.0% (구간 10m 이상 0.0%), |c| 최대 레코드의 구간 길이 0.000m
  첫 road 원문: <elevationProfile> <elevation s="0" a="0.00" b="0" c="0" d="0" /> </elevationProfile> / <lateralProfile />
