고가: way293211019 {'bridge': 'yes', 'highway': 'secondary', 'layer': '1', 'name': '개신오거리고가차도', 'name:en': 'Gaesin Crossroad Overpass', 'name:ko': '개신오거리고가차도', 'source': 'gps'}
  노드 17, 시작 36.628394, 127.462450, 끝 36.622912, 127.466862

## Phase 1-가. 이름에 '후문' 이 들어간 OSM 요소
  node12324240641 36.630038, 127.461755 {'bus': 'yes', 'highway': 'bus_stop', 'name': '충북대학교후문', 'public_transport': 'platform'}
  node12324240642 36.631170, 127.461622 {'bus': 'yes', 'highway': 'bus_stop', 'name': '충북대학교후문', 'public_transport': 'platform'}

## Phase 1-나. entrance·gate·barrier·guard 태그 노드/way (캠퍼스 전체)
  node6232825686 36.627574, 127.461910 안=True {'barrier': 'cycle_barrier'}
  node6339086688 36.627089, 127.461406 안=True {'barrier': 'cycle_barrier'}
  way472452465 {'barrier': 'fence'}
  way472452480 {'barrier': 'fence'}
  way474288134 {'barrier': 'yes'}
  way491714955 {'barrier': 'bollard'}

## Phase 1-다. 차량 도로가 캠퍼스 경계를 넘는 점
경계 넘는 차량 way 구간 26개 (점 = 밖쪽 노드)
묶음(50m) 19개. 방위는 캠퍼스 폴리곤 중심 36.627879, 127.455972 기준

[G1] 36.632993, 127.457385 방위 13도(북) 중심에서 581m
  way442595027 service parking_aisle  oneway=- 경계구간 나감(way 방향) 밖노드 4402717708 변환입력=아니오
  고가 way293211019 까지 682m / 가장 가까운 차량 bridge way293211019 개신오거리고가차도 682m
  '충북대학교후문' 정류장 최근접 node12324240642 430m
  가까운 이름 있는 건물: 국제교류본부 3호관 (N9) 33m; 보육교사교육원 (N8) 59m; 형설관 (N7) 89m; 계영원 137m
  120m 안 건물(가까운 순 3): way471400997 국제교류본부 3호관 (N9) university 664m2 33m; way471400996 보육교사교육원 (N8) university 572m2 59m; way471400995 형설관 (N7) university 1294m2 89m

[G2] 36.631233, 127.459545 방위 41도(북동) 중심에서 491m
  way442595042 service parking_aisle  oneway=- 경계구간 나감(way 방향) 밖노드 4402717767 변환입력=아니오
  way442595042 service parking_aisle  oneway=- 경계구간 들어옴(way 방향) 밖노드 4402717767 변환입력=아니오
  고가 way293211019 까지 408m / 가장 가까운 차량 bridge way293211019 개신오거리고가차도 408m
  '충북대학교후문' 정류장 최근접 node12324240642 186m
  가까운 이름 있는 건물: 법학관 (N18) 4m; 제2본관 (N19) 54m; 미술과 (N16-3) 75m; 개척관 86m
  120m 안 건물(가까운 순 3): way692592588 법학관 (N18) university 1711m2 4m; way471400800 (이름없음) apartments 779m2 18m; way471401075 (이름없음) university 227m2 37m

[G3] 36.628341, 127.462434 방위 85도(동) 중심에서 580m
  way665834148 service parking_aisle  oneway=- 경계구간 나감(way 방향) 밖노드 6232825685 변환입력=아니오
  고가 way293211019 까지 3m / 가장 가까운 차량 bridge way293211019 개신오거리고가차도 3m
  '충북대학교후문' 정류장 최근접 node12324240641 198m
  가까운 이름 있는 건물: 특고압 변전실 21m; 사범대학 실험동 (E1-1) 111m; 사범대학 강의동 (E1-2) 123m; 보조체육관 (E4-3) 134m
  120m 안 건물(가까운 순 3): way665834150 특고압 변전실 yes 722m2 21m; way469889132 (이름없음) apartments 1806m2 26m; way470942637 (이름없음) yes 181m2 92m

[G4] 36.627730, 127.462570 방위 92도(동) 중심에서 590m
  way665834145 service parking_aisle  oneway=- 경계구간 들어옴(way 방향) 밖노드 2967848544 변환입력=아니오
  고가 way293211019 까지 10m / 가장 가까운 차량 bridge way293211019 개신오거리고가차도 10m
  '충북대학교후문' 정류장 최근접 node12324240641 266m
  가까운 이름 있는 건물: 특고압 변전실 29m; 보조체육관 (E4-3) 65m; 123학군단 (E5) 91m; 운동장본부석 (E4-2) 121m
  120m 안 건물(가까운 순 3): way665834150 특고압 변전실 yes 722m2 29m; way469889132 (이름없음) apartments 1806m2 34m; way452602260 보조체육관 (E4-3) university 1251m2 65m

[G5] 36.624701, 127.463656 방위 117도(남동) 중심에서 772m
  way392632034 service parking_aisle  oneway=- 경계구간 들어옴(way 방향) 밖노드 3958352335 변환입력=아니오
  고가 way293211019 까지 9m / 가장 가까운 차량 bridge way293211019 개신오거리고가차도 9m
  '충북대학교후문' 정류장 최근접 node12324240641 616m
  가까운 이름 있는 건물: 102동 64m; 대학약국 73m; 충북대학교 병원 78m; 휴무스 고시원 83m
  120m 안 건물(가까운 순 3): way468616590 (이름없음) yes 527m2 42m; way468740397 (이름없음) yes 287m2 42m; way445262474 102동 apartments 756m2 64m

[G6] 36.625006, 127.462537 방위 118도(남동) 중심에서 668m
  way468616601 service parking_aisle  oneway=- 경계구간 나감(way 방향) 밖노드 4631208531 변환입력=아니오
  way471667646 service parking_aisle  oneway=- 경계구간 들어옴(way 방향) 밖노드 4658272638 변환입력=아니오
  way471667654 service parking_aisle  oneway=- 경계구간 나감(way 방향) 밖노드 4658272654 변환입력=아니오
  고가 way293211019 까지 91m / 가장 가까운 차량 bridge way293211019 개신오거리고가차도 91m
  '충북대학교후문' 정류장 최근접 node12324240641 563m
  가까운 이름 있는 건물: 충북대학교 병원 50m; 의과대학1호관 (E7-1) 104m; 운동장본부석 (E4-2) 146m; 임상연구동 (H3) 147m
  120m 안 건물(가까운 순 3): way665834151 (이름없음) yes 81m2 33m; way452866622 충북대학교 병원 hospital 11730m2 50m; way452601511 의과대학1호관 (E7-1) university 2118m2 104m

[G7] 36.625954, 127.460143 방위 120도(남동) 중심에서 430m
  way471667633 service parking_aisle  oneway=- 경계구간 나감(way 방향) 밖노드 4658272617 변환입력=아니오
  way471667637 service parking_aisle  oneway=- 경계구간 들어옴(way 방향) 밖노드 4658272624 변환입력=아니오
  고가 way293211019 까지 270m / 가장 가까운 차량 bridge way293211019 개신오거리고가차도 270m
  '충북대학교후문' 정류장 최근접 node12324240641 476m
  가까운 이름 있는 건물: 의과대학2호관 (E7-3) 19m; 의과대학1호관 (E7-1) 84m; 건설공학관 (E8-3) 94m; 제1 공장동 (E8-4) 98m
  120m 안 건물(가까운 순 3): way452601510 의과대학2호관 (E7-3) university 1186m2 19m; way452601511 의과대학1호관 (E7-1) university 2118m2 84m; way452267234 건설공학관 (E8-3) university 2933m2 94m

[G8] 36.624522, 127.462988 방위 121도(남동) 중심에서 730m
  way452870641 service parking_aisle  oneway=yes 경계구간 나감(way 방향) 밖노드 4496854215 변환입력=예
  way452870648 service parking_aisle  oneway=yes 경계구간 들어옴(way 방향) 밖노드 4496854272 변환입력=예
  고가 way293211019 까지 72m / 가장 가까운 차량 bridge way293211019 개신오거리고가차도 72m
  '충북대학교후문' 정류장 최근접 node12324240641 622m
  가까운 이름 있는 건물: 충북대학교 병원 15m; 대학약국 86m; 청주흰돌교회 선교센터 95m; 102동 119m
  120m 안 건물(가까운 순 3): way452866622 충북대학교 병원 hospital 11730m2 15m; way665834151 (이름없음) yes 81m2 61m; way471489163 대학약국 yes 152m2 86m

[G9] 36.625388, 127.461102 방위 121도(남동) 중심에서 536m
  way471667639 service parking_aisle  oneway=- 경계구간 들어옴(way 방향) 밖노드 4658272626 변환입력=아니오
  way473927737 service parking_aisle  oneway=- 경계구간 들어옴(way 방향) 밖노드 4658272629 변환입력=아니오
  고가 way293211019 까지 204m / 가장 가까운 차량 bridge way293211019 개신오거리고가차도 204m
  '충북대학교후문' 정류장 최근접 node12324240641 519m
  가까운 이름 있는 건물: 의과대학1호관 (E7-1) 24m; 의과대학2호관 (E7-3) 48m; 임상연구동 (H3) 76m; 충북대학교 병원 87m
  120m 안 건물(가까운 순 3): way452601511 의과대학1호관 (E7-1) university 2118m2 24m; way452601510 의과대학2호관 (E7-3) university 1186m2 48m; way452601512 임상연구동 (H3) university 818m2 76m

[G10] 36.627588, 127.456064 방위 166도(남) 중심에서 33m
  way442761502 service parking_aisle  oneway=- 경계구간 나감(way 방향) 밖노드 4404203144 변환입력=예
  way471311547 service parking_aisle  oneway=- 경계구간 나감(way 방향) 밖노드 4654765728 변환입력=아니오
  고가 way293211019 까지 578m / 가장 가까운 차량 bridge way293211019 개신오거리고가차도 578m
  '충북대학교후문' 정류장 최근접 node12324240641 577m
  가까운 이름 있는 건물: 자연과학대학 본관 (S1-1) 34m; 충북대학교 박물관 (S9) 42m; 자연대 2호관 (S1-2) 62m; 자연대 3호관 (S1-3) 100m
  120m 안 건물(가까운 순 3): way452270376 자연과학대학 본관 (S1-1) university 2172m2 34m; way452267227 충북대학교 박물관 (S9) yes 795m2 42m; way471400915 (이름없음) university 117m2 56m

[G11] 36.622614, 127.456492 방위 175도(남) 중심에서 586m
  way469890183 service   oneway=- 경계구간 들어옴(way 방향) 밖노드 4641476285 변환입력=아니오
  고가 way293211019 까지 689m / 가장 가까운 차량 bridge way293211019 개신오거리고가차도 689m
  '충북대학교후문' 정류장 최근접 node12324240641 949m
  가까운 이름 있는 건물: 수의과대학 및 동물의료센터 (E12-1) 35m; 수의과대학 2호관 (E12-2) 94m; 실험동물 연구지원센터 (E12-3) 118m; 제5 공학관 (E8-10) 211m
  120m 안 건물(가까운 순 3): way442065827 수의과대학 및 동물의료센터 (E12-1) university 1990m2 35m; way442065836 수의과대학 2호관 (E12-2) university 996m2 94m; way442065835 실험동물 연구지원센터 (E12-3) university 987m2 118m

[G12] 36.623343, 127.453463 방위 204도(남서) 중심에서 551m
  way392632037 service   oneway=- 경계구간 들어옴(way 방향) 밖노드 4655490504 변환입력=아니오
  고가 way293211019 까지 922m / 가장 가까운 차량 bridge way293211019 개신오거리고가차도 922m
  '충북대학교후문' 정류장 최근접 node12324240641 1050m
  가까운 이름 있는 건물: 102 177m; 농장관리실(S5-1) 192m; 수의과대학 및 동물의료센터 (E12-1) 194m; 실험동물 연구지원센터 (E12-3) 218m
  120m 안 건물(가까운 순 3): 

[G13] 36.624488, 127.453813 방위 207도(남서) 중심에서 423m
  way471400785 track   oneway=- 경계구간 나감(way 방향) 밖노드 4655490520 변환입력=예
  고가 way293211019 까지 859m / 가장 가까운 차량 bridge way293211019 개신오거리고가차도 859m
  '충북대학교후문' 정류장 최근접 node12324240641 940m
  가까운 이름 있는 건물: 농장관리실(S5-1) 64m; 나이팅게일관 (S4-2) 97m; 전자정보 3관 (S4-1) 119m; 102 138m
  120m 안 건물(가까운 순 3): way471400772 (이름없음) greenhouse 240m2 64m; way471401079 농장관리실(S5-1) university 594m2 64m; way471400753 (이름없음) greenhouse 184m2 76m

[G14] 36.624594, 127.452547 방위 220도(남서) 중심에서 476m
  way452421706 service parking_aisle  oneway=- 경계구간 나감(way 방향) 밖노드 4492202736 변환입력=예
  고가 way293211019 까지 966m / 가장 가까운 차량 bridge way293211019 개신오거리고가차도 966m
  '충북대학교후문' 정류장 최근접 node12324240641 1021m
  가까운 이름 있는 건물: 102 24m; 103 66m; 농장관리실(S5-1) 103m; 104 118m
  120m 안 건물(가까운 순 3): way665836859 102 apartments 1368m2 24m; way665836860 103 apartments 1503m2 66m; way471401079 농장관리실(S5-1) university 594m2 103m

[G15] 36.626353, 127.452804 방위 239도(남서) 중심에서 330m
  way452421704 service parking_aisle  oneway=- 경계구간 나감(way 방향) 밖노드 4492202733 변환입력=예
  고가 way293211019 까지 892m / 가장 가까운 차량 bridge way293211019 개신오거리고가차도 892m
  '충북대학교후문' 정류장 최근접 node12324240641 899m
  가까운 이름 있는 건물: 자연대온실2(S6-2) 37m; 동아리방 64m; 명덕관 (S17-2) 72m; 104 90m
  120m 안 건물(가까운 순 3): way485644757 자연대온실2(S6-2) university 98m2 37m; way472037976 (이름없음) greenhouse 118m2 63m; way452848247 동아리방 university 290m2 64m

[G16] 36.626719, 127.452320 방위 248도(서) 중심에서 351m
  way442708406 service parking_aisle  oneway=- 경계구간 들어옴(way 방향) 밖노드 4403762273 변환입력=아니오
  고가 way293211019 까지 925m / 가장 가까운 차량 bridge way293211019 개신오거리고가차도 925m
  '충북대학교후문' 정류장 최근접 node12324240641 921m
  가까운 이름 있는 건물: 명덕관 (S17-2) 38m; 신민관 (S17-3) 44m; 자연대온실2(S6-2) 68m; 양성재 94m
  120m 안 건물(가까운 순 3): way442760314 명덕관 (S17-2) university 1078m2 38m; way442760315 (이름없음) university 101m2 40m; way442760312 신민관 (S17-3) university 713m2 44m

[G17] 36.627675, 127.449919 방위 268도(서) 중심에서 542m
  way442709214 service parking_aisle  oneway=- 경계구간 들어옴(way 방향) 밖노드 4403766704 변환입력=아니오
  고가 way293211019 까지 1124m / 가장 가까운 차량 bridge way293211019 개신오거리고가차도 1124m
  '충북대학교후문' 정류장 최근접 node12324240641 1091m
  가까운 이름 있는 건물: 청운관 (S17-5) 35m; 양현재 관리동 (S17-7) 57m; 등용관 (S17-6) 101m; 승리관 150m
  120m 안 건물(가까운 순 3): way472037974 (이름없음) yes 136m2 13m; way442595045 (이름없음) yes 205m2 16m; way472037973 (이름없음) yes 101m2 16m

[G18] 36.632650, 127.453018 방위 333도(북서) 중심에서 592m
  way392532207 service parking_aisle  oneway=- 경계구간 들어옴(way 방향) 밖노드 2261340221 변환입력=예
  고가 way293211019 까지 967m / 가장 가까운 차량 bridge way293211019 개신오거리고가차도 967m
  '충북대학교후문' 정류장 최근접 node12324240642 787m
  가까운 이름 있는 건물: 법학전문대학원 (N2) 58m; 산학협력관 (N4) 182m; 현대빌라 182m; 농기계 공작실(S21-22) 191m
  120m 안 건물(가까운 순 3): way692587909 법학전문대학원 (N2) university 4693m2 58m

[G19] 36.632528, 127.454057 방위 342도(북) 중심에서 544m
  way442595019 service parking_aisle  oneway=- 경계구간 들어옴(way 방향) 밖노드 4403782507 변환입력=아니오
  고가 way293211019 까지 880m / 가장 가까운 차량 bridge way293211019 개신오거리고가차도 880m
  '충북대학교후문' 정류장 최근접 node12324240642 693m
  가까운 이름 있는 건물: 법학전문대학원 (N2) 22m; 산학협력관 (N4) 90m; 인재양성원 (N6) 115m; 형설관 (N7) 128m
  120m 안 건물(가까운 순 3): way692587909 법학전문대학원 (N2) university 4693m2 22m; way452601525 산학협력관 (N4) university 414m2 90m; way452601524 인재양성원 (N6) university 607m2 115m

## Phase 1-라. 정류장·고가 상호 거리
  node12324240641 충북대학교후문 36.630038, 127.461755 고가까지 193m
  node12324240642 충북대학교후문 36.631170, 127.461622 고가까지 317m

## Phase 2-가. way392632034 노드별
  태그 {'highway': 'service', 'service': 'parking_aisle'}
  [0] node3958352335 36.624701, 127.463656 안=False 누적 0.0m 태그 {} 공유 293211022(secondary_link), 662321292(service), 774924322(secondary_link)
  [1] node4727599760 36.624746, 127.463399 안=True 누적 23.6m 태그 {} 공유 471667606(cycleway)
  [2] node4727599759 36.624756, 127.463339 안=True 누적 29.1m 태그 {} 공유 471667601(footway)
  [3] node3958352336 36.624787, 127.463165 안=True 누적 45.0m 태그 {} 공유 
  [4] node4496854212 36.624909, 127.462514 안=True 누적 104.7m 태그 {} 공유 452870641(service), 452870644(service), 452870648(service), 468616601(service), 471667654(service)
  추정 게이트 36.624844, 127.462860 -> way 까지 0.03m, 안=True
  추정 게이트 -> way481945510 141.4m
  추정 게이트 -> way481943505 119.5m
  추정 게이트 -> way481475019 83.1m
  추정 게이트 -> way452870644 31.8m
  추정 게이트 -> way481945509 119.5m
  추정 게이트 -> way481943503 123.0m
  추정 게이트 -> way452870641 31.1m
  추정 게이트 -> way452870648 24.0m

## Phase 2-나. 후문B 일대(경계점 300m) 경계 넘는 차량 way: 밖에서 고리로 들어오는 다른 길이 있는가
  way392632034 service parking_aisle  oneway=- 경계구간 들어옴 밖노드 36.624701, 127.463656 후문B 경계점에서 0m
  way452870641 service parking_aisle  oneway=yes 경계구간 나감 밖노드 36.624522, 127.462988 후문B 경계점에서 63m
  way452870648 service parking_aisle  oneway=yes 경계구간 들어옴 밖노드 36.624578, 127.463048 후문B 경계점에서 56m
  way468616601 service parking_aisle  oneway=- 경계구간 나감 밖노드 36.625006, 127.462537 후문B 경계점에서 106m
  way471667637 service parking_aisle  oneway=- 경계구간 들어옴 밖노드 36.625688, 127.460562 후문B 경계점에서 298m
  way471667639 service parking_aisle  oneway=- 경계구간 들어옴 밖노드 36.625388, 127.461102 후문B 경계점에서 241m
  way471667646 service parking_aisle  oneway=- 경계구간 들어옴 밖노드 36.624696, 127.462236 후문B 경계점에서 127m
  way471667654 service parking_aisle  oneway=- 경계구간 나감 밖노드 36.625202, 127.462684 후문B 경계점에서 103m
  way473927737 service parking_aisle  oneway=- 경계구간 들어옴 밖노드 36.625428, 127.460728 후문B 경계점에서 274m
고리(road1333) way 노드 안/밖
  way452870641 {'highway': 'service', 'oneway': 'yes', 'service': 'parking_aisle'} 노드 19 IIIIIIIOOOOOOOOOOOO
    끝 node4496854212 36.624909, 127.462514 안=True 공유 392632034(service,-), 452870644(service,-), 452870648(service,yes), 468616601(service,-), 471667654(service,-)
    끝 node4496854224 36.623860, 127.461984 안=False 공유 452870642(service,yes), 452870647(service,yes)
  way452870648 {'highway': 'service', 'oneway': 'yes', 'service': 'parking_aisle'} 노드 20 OOOOOOOOOOOOOOIIIIII
    끝 node4496854259 36.623745, 127.461993 안=False 공유 452870647(service,yes)
    끝 node4496854212 36.624909, 127.462514 안=True 공유 392632034(service,-), 452870641(service,yes), 452870644(service,-), 468616601(service,-), 471667654(service,-)

## Phase 1-마. 동쪽 경계 횡단점(G3·G4·G5) 밖 노드 -> 공도 연결과 주변 주차장
  G3 way665834148 밖노드 6232825685: 공도까지 0m way293211022 secondary_link 1순환로
    100m 안 주차장: way676555313 (이름없음) 87m2 53m; way676555314 (이름없음) 119m2 56m; way676555315 (이름없음) 113m2 57m; way676555316 (이름없음) 120m2 61m; way665834147 충북대학교 학생주차장 1432m2 64m; way676555317 (이름없음) 114m2 69m; way676555318 (이름없음) 68m2 78m
  G4 way665834145 밖노드 2967848544: 공도까지 0m way293211022 secondary_link 1순환로
    100m 안 주차장: way665834147 충북대학교 학생주차장 1432m2 6m; way676555318 (이름없음) 68m2 57m; way676555317 (이름없음) 114m2 64m; way676555316 (이름없음) 120m2 70m; way676555315 (이름없음) 113m2 79m; way676555314 (이름없음) 119m2 91m; way676555313 (이름없음) 87m2 99m
  G5 way392632034 밖노드 3958352335: 공도까지 0m way293211022 secondary_link 1순환로, way774924322 secondary_link 1순환로
    100m 안 주차장: way468616599 학생주차장 4704m2 37m; way468740398 (이름없음) 1087m2 59m; way472216095 (이름없음) 1938m2 97m
  고가 way293211019 길이 773.8m (노드 17) -> 동쪽 경계를 따라 길게 지나 G3·G4·G5 모두 10m 안
  node6232825686 {'barrier': 'cycle_barrier'} 36.627574, 127.461910 소속 way665834145[2/3], way676959808[0/14] G4 밖노드에서 61.5m
  node6339086688 {'barrier': 'cycle_barrier'} 36.627089, 127.461406 소속 way676959808[12/14] G4 밖노드에서 126.0m
  G3-G4 거리 69m, G4-G5 350m, G3-G5 418m
  way665834148 {'highway': 'service', 'service': 'parking_aisle'} 길이 42m 안/밖 IO
  way665834145 {'highway': 'service', 'service': 'parking_aisle'} 길이 61m 안/밖 OII
  way676959808 {'highway': 'service', 'service': 'parking_aisle'} 길이 82m 안/밖 IIIIIIIIIIIIII
  E8-7 way452270375 공대공학관 (E8-7) 중심 36.625592, 127.457963 -> G4 475m, G5 519m
  동남쪽 다른 묶음(G6~G9) 밖 노드 -> 공도 최단(무방향, 캠퍼스 안 경유 포함). G3~G5 는 0m
    G6: 116m, 143m, 143m
    G7: 356m, 319m
    G8: 184m, 176m
    G9: 260m, 306m

## Phase 2-다. 공도에서 고리 접점(node4496854212)으로 들어오는 길 (방향 준수)
  [제한 없음(후문 6 way 제외: 캠퍼스 안쪽 경로 배제)] 공도 -> 고리 접점: 105m via 392632034
  [제한 없음(후문 6 way 제외: 캠퍼스 안쪽 경로 배제)] 고리 접점 -> 공도: 105m via 392632034
  [392632034 도 제외] 공도 -> 고리 접점: 588m via 475061615 -> 452870654 -> 452870653 -> 452870652 -> 452870647 -> 452870649 -> 452870651 -> 452870650 -> 452870648
  [392632034 도 제외] 고리 접점 -> 공도: 599m via 452870641 -> 452870642 -> 475061615
  way662321292 {'highway': 'service'} 안/밖 OOO 시작 36.624701, 127.463656 끝 36.624694, 127.463963
  way468616601 {'highway': 'service', 'service': 'parking_aisle'} 안/밖 IIO 시작 36.624909, 127.462514 끝 36.625006, 127.462537
  way471667654 {'highway': 'service', 'service': 'parking_aisle'} 안/밖 IIIO 시작 36.624909, 127.462514 끝 36.625202, 127.462684
  way452870642 {'highway': 'service', 'oneway': 'yes', 'service': 'parking_aisle'} 안/밖 OOOOOOOOOOOOOOOOOOOOOOO 시작 36.623860, 127.461984 끝 36.621891, 127.460873
  way452870647 {'highway': 'service', 'oneway': 'yes', 'service': 'parking_aisle'} 안/밖 OOOOOOOOOOOOOOOOO 시작 36.623860, 127.461984 끝 36.623820, 127.461960
