frozen_v1 sha bf835cdfad0cea65 / 입력 osm s29_full_plain.osm sha aa285f4e4ad8e763
(L2 중심선 기준) xodr 주행 차선 -> lanelet 대응 721/878
xodr 주행 차선 -> lanelet 대응 878/878
point 153033, linestring 끝점 1542
[원본] load 오류 0, lanelet 1370(차량 872), point 153033, checkValidity 0, 뒤 없음 201, 앞 없음 203, 정문(53556) 도달 2/872 (차선변경 없이 2), 연결 간선 918, 차선변경 이웃 0
  노선 북문: 노선 lanelet 16개, 끊김 2곳 r1914(ll 147935)->r1917(ll 148128), r1917(ll 148128)->r1355(ll 103020), 최단경로 없음
  노선 남문: 노선 lanelet 14개, 끊김 2곳 r1914(ll 147935)->r1917(ll 148128), r1917(ll 148128)->r1355(ll 103020), 최단경로 없음
  노선 중문: 노선 lanelet 18개, 끊김 4곳 r1914(ll 147935)->r1917(ll 148128), r1917(ll 148128)->r1355(ll 103020), r1597(ll 125508)->r1286(ll 68299), r1286(ll 68299)->r1838(ll 142395), 최단경로 없음
  노선 양성재: 노선 lanelet 16개, 끊김 2곳 r1914(ll 147935)->r1917(ll 148128), r1917(ll 148128)->r1355(ll 103020), 최단경로 없음

### mode=ends tol=0.01m -> s30_merged_ends_0.01.osm
병합된 점 249(대표점으로 바뀐 점 수), 지운 node 249, 2점 미만 linestring 0
[ends 0.01] load 오류 0, lanelet 1370(차량 872), point 152784, checkValidity 0, 뒤 없음 47, 앞 없음 49, 정문(53556) 도달 5/872 (차선변경 없이 5), 연결 간선 1177, 차선변경 이웃 0
  노선 북문: 노선 lanelet 16개, 끊김 2곳 r1914(ll 147935)->r1917(ll 148128), r1917(ll 148128)->r1355(ll 103020), 최단경로 없음
  노선 남문: 노선 lanelet 14개, 끊김 2곳 r1914(ll 147935)->r1917(ll 148128), r1917(ll 148128)->r1355(ll 103020), 최단경로 없음
  노선 중문: 노선 lanelet 18개, 끊김 4곳 r1914(ll 147935)->r1917(ll 148128), r1917(ll 148128)->r1355(ll 103020), r1597(ll 125508)->r1286(ll 68299), r1286(ll 68299)->r1838(ll 142395), 최단경로 없음
  노선 양성재: 노선 lanelet 16개, 끊김 2곳 r1914(ll 147935)->r1917(ll 148128), r1917(ll 148128)->r1355(ll 103020), 최단경로 없음
새 연결 간선 259, 사라진 간선 0, 새 간선 중 방향 꺾임 90도 넘음 2 예 [(10614, 122068, 112), (149648, 150145, 117)]
병합 이동 거리 분포 {'<1mm': 248, '<1cm': 1}, 1mm 넘게 옮겨진 점 1
과병합: 다른 road 끼리 병합 117, 그중 xodr 링크·같은 junction 아닌 것 14(1mm 넘게 옮김 0)
과병합: 반대 방향 쌍 있는 병합 249, 같은 방향 쌍 없이 반대 방향만 247(1mm 넘게 옮김 1) 예 [(46391, 8987, [1225, 1874, 1877, 1878], [1145, 1875, 1876, 1877], 0.0), (46672, 8706, [1225, 1523], [1145, 1523], 0.0), (52942, 306, [1247, 1380], [1120, 1380], 0.0), (53247, 1, [1247, 1356, 1914, 1915], [1120, 1915], 0.0), (53865, 929, [1248], [1121], 0.0), (53870, 924, [1248, 1986, 1987, 1988], [1121, 1989, 1993, 1997], 0.0)], 끝점 아닌 점이 낀 병합 0
과병합: lanelet 면적 5% 넘게 변함 0, 면적 1m^2 미만으로 줄어듦 0, 중심선이 점 하나로 무너짐 0

### mode=ends tol=0.05m -> s30_merged_ends_0.05.osm
병합된 점 249(대표점으로 바뀐 점 수), 지운 node 249, 2점 미만 linestring 0
[ends 0.05] load 오류 0, lanelet 1370(차량 872), point 152784, checkValidity 0, 뒤 없음 47, 앞 없음 49, 정문(53556) 도달 5/872 (차선변경 없이 5), 연결 간선 1177, 차선변경 이웃 0
  노선 북문: 노선 lanelet 16개, 끊김 2곳 r1914(ll 147935)->r1917(ll 148128), r1917(ll 148128)->r1355(ll 103020), 최단경로 없음
  노선 남문: 노선 lanelet 14개, 끊김 2곳 r1914(ll 147935)->r1917(ll 148128), r1917(ll 148128)->r1355(ll 103020), 최단경로 없음
  노선 중문: 노선 lanelet 18개, 끊김 4곳 r1914(ll 147935)->r1917(ll 148128), r1917(ll 148128)->r1355(ll 103020), r1597(ll 125508)->r1286(ll 68299), r1286(ll 68299)->r1838(ll 142395), 최단경로 없음
  노선 양성재: 노선 lanelet 16개, 끊김 2곳 r1914(ll 147935)->r1917(ll 148128), r1917(ll 148128)->r1355(ll 103020), 최단경로 없음
새 연결 간선 259, 사라진 간선 0, 새 간선 중 방향 꺾임 90도 넘음 2 예 [(10614, 122068, 112), (149648, 150145, 117)]
병합 이동 거리 분포 {'<1mm': 248, '<1cm': 1}, 1mm 넘게 옮겨진 점 1
과병합: 다른 road 끼리 병합 117, 그중 xodr 링크·같은 junction 아닌 것 14(1mm 넘게 옮김 0)
과병합: 반대 방향 쌍 있는 병합 249, 같은 방향 쌍 없이 반대 방향만 247(1mm 넘게 옮김 1) 예 [(46391, 8987, [1225, 1874, 1877, 1878], [1145, 1875, 1876, 1877], 0.0), (46672, 8706, [1225, 1523], [1145, 1523], 0.0), (52942, 306, [1247, 1380], [1120, 1380], 0.0), (53247, 1, [1247, 1356, 1914, 1915], [1120, 1915], 0.0), (53865, 929, [1248], [1121], 0.0), (53870, 924, [1248, 1986, 1987, 1988], [1121, 1989, 1993, 1997], 0.0)], 끝점 아닌 점이 낀 병합 0
과병합: lanelet 면적 5% 넘게 변함 0, 면적 1m^2 미만으로 줄어듦 0, 중심선이 점 하나로 무너짐 0

### mode=ends tol=0.1m -> s30_merged_ends_0.1.osm
병합된 점 249(대표점으로 바뀐 점 수), 지운 node 249, 2점 미만 linestring 0
[ends 0.1] load 오류 0, lanelet 1370(차량 872), point 152784, checkValidity 0, 뒤 없음 47, 앞 없음 49, 정문(53556) 도달 5/872 (차선변경 없이 5), 연결 간선 1177, 차선변경 이웃 0
  노선 북문: 노선 lanelet 16개, 끊김 2곳 r1914(ll 147935)->r1917(ll 148128), r1917(ll 148128)->r1355(ll 103020), 최단경로 없음
  노선 남문: 노선 lanelet 14개, 끊김 2곳 r1914(ll 147935)->r1917(ll 148128), r1917(ll 148128)->r1355(ll 103020), 최단경로 없음
  노선 중문: 노선 lanelet 18개, 끊김 4곳 r1914(ll 147935)->r1917(ll 148128), r1917(ll 148128)->r1355(ll 103020), r1597(ll 125508)->r1286(ll 68299), r1286(ll 68299)->r1838(ll 142395), 최단경로 없음
  노선 양성재: 노선 lanelet 16개, 끊김 2곳 r1914(ll 147935)->r1917(ll 148128), r1917(ll 148128)->r1355(ll 103020), 최단경로 없음
새 연결 간선 259, 사라진 간선 0, 새 간선 중 방향 꺾임 90도 넘음 2 예 [(10614, 122068, 112), (149648, 150145, 117)]
병합 이동 거리 분포 {'<1mm': 248, '<1cm': 1}, 1mm 넘게 옮겨진 점 1
과병합: 다른 road 끼리 병합 117, 그중 xodr 링크·같은 junction 아닌 것 14(1mm 넘게 옮김 0)
과병합: 반대 방향 쌍 있는 병합 249, 같은 방향 쌍 없이 반대 방향만 247(1mm 넘게 옮김 1) 예 [(46391, 8987, [1225, 1874, 1877, 1878], [1145, 1875, 1876, 1877], 0.0), (46672, 8706, [1225, 1523], [1145, 1523], 0.0), (52942, 306, [1247, 1380], [1120, 1380], 0.0), (53247, 1, [1247, 1356, 1914, 1915], [1120, 1915], 0.0), (53865, 929, [1248], [1121], 0.0), (53870, 924, [1248, 1986, 1987, 1988], [1121, 1989, 1993, 1997], 0.0)], 끝점 아닌 점이 낀 병합 0
과병합: lanelet 면적 5% 넘게 변함 0, 면적 1m^2 미만으로 줄어듦 0, 중심선이 점 하나로 무너짐 0

### mode=ends tol=0.3m -> s30_merged_ends_0.3.osm
병합된 점 287(대표점으로 바뀐 점 수), 지운 node 287, 2점 미만 linestring 0
[ends 0.3] load 오류 0, lanelet 1370(차량 872), point 152746, checkValidity 0, 뒤 없음 47, 앞 없음 49, 정문(53556) 도달 5/872 (차선변경 없이 5), 연결 간선 1252, 차선변경 이웃 0
  노선 북문: 노선 lanelet 16개, 끊김 2곳 r1914(ll 147935)->r1917(ll 148128), r1917(ll 148128)->r1355(ll 103020), 최단경로 없음
  노선 남문: 노선 lanelet 14개, 끊김 2곳 r1914(ll 147935)->r1917(ll 148128), r1917(ll 148128)->r1355(ll 103020), 최단경로 없음
  노선 중문: 노선 lanelet 18개, 끊김 4곳 r1914(ll 147935)->r1917(ll 148128), r1917(ll 148128)->r1355(ll 103020), r1597(ll 125508)->r1286(ll 68299), r1286(ll 68299)->r1838(ll 142395), 최단경로 없음
  노선 양성재: 노선 lanelet 16개, 끊김 2곳 r1914(ll 147935)->r1917(ll 148128), r1917(ll 148128)->r1355(ll 103020), 최단경로 없음
새 연결 간선 334, 사라진 간선 0, 새 간선 중 방향 꺾임 90도 넘음 16 예 [(7817, 7817, 999), (27880, 27880, 999), (81245, 81245, 999), (10614, 122068, 112), (149648, 150145, 117)]
병합 이동 거리 분포 {'<30cm': 45, '<1mm': 241, '<1cm': 1}, 1mm 넘게 옮겨진 점 46
과병합: 다른 road 끼리 병합 120, 그중 xodr 링크·같은 junction 아닌 것 16(1mm 넘게 옮김 2) 옮긴 것 예(점, 대표, road, road, 거리) [(45620, 39380, [1221, 1820, 1821, 1822, 1823], [1207, 1918], 0.148), (45680, 39278, [1221, 1820], [1207, 1918, 1922, 1926, 1931], 0.203)]
과병합: 반대 방향 쌍 있는 병합 254, 같은 방향 쌍 없이 반대 방향만 248(1mm 넘게 옮김 9) 예 [(46391, 8987, [1225, 1874, 1877, 1878], [1145, 1875, 1876, 1877], 0.0), (46672, 8706, [1225, 1523], [1145, 1523], 0.0), (52942, 306, [1247, 1380], [1120, 1380], 0.0), (53247, 1, [1247, 1356, 1914, 1915], [1120, 1915], 0.0), (53865, 929, [1248], [1121], 0.0), (53870, 924, [1248, 1986, 1987, 1988], [1121, 1989, 1993, 1997], 0.0)], 끝점 아닌 점이 낀 병합 0
과병합: lanelet 면적 5% 넘게 변함 43, 면적 1m^2 미만으로 줄어듦 1, 중심선이 점 하나로 무너짐 28

### mode=ends tol=0.5m -> s30_merged_ends_0.5.osm
병합된 점 288(대표점으로 바뀐 점 수), 지운 node 288, 2점 미만 linestring 0
[ends 0.5] load 오류 0, lanelet 1370(차량 872), point 152745, checkValidity 0, 뒤 없음 47, 앞 없음 49, 정문(53556) 도달 5/872 (차선변경 없이 5), 연결 간선 1252, 차선변경 이웃 0
  노선 북문: 노선 lanelet 16개, 끊김 2곳 r1914(ll 147935)->r1917(ll 148128), r1917(ll 148128)->r1355(ll 103020), 최단경로 없음
  노선 남문: 노선 lanelet 14개, 끊김 2곳 r1914(ll 147935)->r1917(ll 148128), r1917(ll 148128)->r1355(ll 103020), 최단경로 없음
  노선 중문: 노선 lanelet 18개, 끊김 4곳 r1914(ll 147935)->r1917(ll 148128), r1917(ll 148128)->r1355(ll 103020), r1597(ll 125508)->r1286(ll 68299), r1286(ll 68299)->r1838(ll 142395), 최단경로 없음
  노선 양성재: 노선 lanelet 16개, 끊김 2곳 r1914(ll 147935)->r1917(ll 148128), r1917(ll 148128)->r1355(ll 103020), 최단경로 없음
새 연결 간선 334, 사라진 간선 0, 새 간선 중 방향 꺾임 90도 넘음 16 예 [(7817, 7817, 999), (27880, 27880, 999), (81245, 81245, 999), (10614, 122068, 112), (149648, 150145, 117)]
병합 이동 거리 분포 {'<30cm': 45, '<1mm': 241, '<50cm': 1, '<1cm': 1}, 1mm 넘게 옮겨진 점 47
과병합: 다른 road 끼리 병합 121, 그중 xodr 링크·같은 junction 아닌 것 16(1mm 넘게 옮김 2) 옮긴 것 예(점, 대표, road, road, 거리) [(45620, 39380, [1221, 1820, 1821, 1822, 1823], [1207, 1918], 0.148), (45680, 39278, [1221, 1820], [1207, 1918, 1922, 1926, 1931], 0.203)]
과병합: 반대 방향 쌍 있는 병합 255, 같은 방향 쌍 없이 반대 방향만 249(1mm 넘게 옮김 10) 예 [(46391, 8987, [1225, 1874, 1877, 1878], [1145, 1875, 1876, 1877], 0.0), (46672, 8706, [1225, 1523], [1145, 1523], 0.0), (52942, 306, [1247, 1380], [1120, 1380], 0.0), (53247, 1, [1247, 1356, 1914, 1915], [1120, 1915], 0.0), (53865, 929, [1248], [1121], 0.0), (53870, 924, [1248, 1986, 1987, 1988], [1121, 1989, 1993, 1997], 0.0)], 끝점 아닌 점이 낀 병합 0
과병합: lanelet 면적 5% 넘게 변함 43, 면적 1m^2 미만으로 줄어듦 1, 중심선이 점 하나로 무너짐 28

### mode=ends tol=1m -> s30_merged_ends_1.osm
병합된 점 295(대표점으로 바뀐 점 수), 지운 node 295, 2점 미만 linestring 0
[ends 1] load 오류 0, lanelet 1370(차량 872), point 152738, checkValidity 0, 뒤 없음 47, 앞 없음 49, 정문(53556) 도달 5/872 (차선변경 없이 5), 연결 간선 1252, 차선변경 이웃 0
  노선 북문: 노선 lanelet 16개, 끊김 2곳 r1914(ll 147935)->r1917(ll 148128), r1917(ll 148128)->r1355(ll 103020), 최단경로 없음
  노선 남문: 노선 lanelet 14개, 끊김 2곳 r1914(ll 147935)->r1917(ll 148128), r1917(ll 148128)->r1355(ll 103020), 최단경로 없음
  노선 중문: 노선 lanelet 18개, 끊김 4곳 r1914(ll 147935)->r1917(ll 148128), r1917(ll 148128)->r1355(ll 103020), r1597(ll 125508)->r1286(ll 68299), r1286(ll 68299)->r1838(ll 142395), 최단경로 없음
  노선 양성재: 노선 lanelet 16개, 끊김 2곳 r1914(ll 147935)->r1917(ll 148128), r1917(ll 148128)->r1355(ll 103020), 최단경로 없음
새 연결 간선 334, 사라진 간선 0, 새 간선 중 방향 꺾임 90도 넘음 18 예 [(7817, 7817, 999), (27880, 27880, 999), (81245, 81245, 999), (10614, 122068, 112), (149648, 150145, 117)]
병합 이동 거리 분포 {'<30cm': 45, '<=1m': 9, '<1mm': 239, '<50cm': 1, '<1cm': 1}, 1mm 넘게 옮겨진 점 56
과병합: 다른 road 끼리 병합 129, 그중 xodr 링크·같은 junction 아닌 것 24(1mm 넘게 옮김 10) 옮긴 것 예(점, 대표, road, road, 거리) [(44458, 39072, [1219, 1788, 1789, 1790], [1206, 1864], 0.772), (44671, 38859, [1219, 1788], [1206, 1864, 1867, 1871], 0.782), (45620, 39380, [1221, 1820, 1821, 1822, 1823], [1207, 1918], 0.148), (45680, 39278, [1221, 1820], [1207, 1918, 1922, 1926, 1931], 0.203), (49508, 38118, [1237, 1418, 1419, 1420], [1205, 1399, 1403, 1408, 1412], 0.884), (49770, 37750, [1237, 1418, 1419, 1420], [1205, 1399, 1403, 1408, 1412], 0.862)]
과병합: 반대 방향 쌍 있는 병합 257, 같은 방향 쌍 없이 반대 방향만 247(1mm 넘게 옮김 10) 예 [(46391, 8987, [1225, 1874, 1877, 1878], [1145, 1875, 1876, 1877], 0.0), (46672, 8706, [1225, 1523], [1145, 1523], 0.0), (52942, 306, [1247, 1380], [1120, 1380], 0.0), (53247, 1, [1247, 1356, 1914, 1915], [1120, 1915], 0.0), (53865, 929, [1248], [1121], 0.0), (53870, 924, [1248, 1986, 1987, 1988], [1121, 1989, 1993, 1997], 0.0)], 끝점 아닌 점이 낀 병합 0
과병합: lanelet 면적 5% 넘게 변함 47, 면적 1m^2 미만으로 줄어듦 1, 중심선이 점 하나로 무너짐 28

### mode=all tol=0.01m -> s30_merged_all_0.01.osm
병합된 점 24734(대표점으로 바뀐 점 수), 지운 node 24734, 2점 미만 linestring 0
[all 0.01] load 오류 0, lanelet 1370(차량 872), point 128299, checkValidity 0, 뒤 없음 47, 앞 없음 48, 정문(53556) 도달 5/872 (차선변경 없이 5), 연결 간선 1175, 차선변경 이웃 0
  노선 북문: 노선 lanelet 16개, 끊김 2곳 r1914(ll 147935)->r1917(ll 148128), r1917(ll 148128)->r1355(ll 103020), 최단경로 없음
  노선 남문: 노선 lanelet 14개, 끊김 2곳 r1914(ll 147935)->r1917(ll 148128), r1917(ll 148128)->r1355(ll 103020), 최단경로 없음
  노선 중문: 노선 lanelet 18개, 끊김 4곳 r1914(ll 147935)->r1917(ll 148128), r1917(ll 148128)->r1355(ll 103020), r1597(ll 125508)->r1286(ll 68299), r1286(ll 68299)->r1838(ll 142395), 최단경로 없음
  노선 양성재: 노선 lanelet 16개, 끊김 2곳 r1914(ll 147935)->r1917(ll 148128), r1917(ll 148128)->r1355(ll 103020), 최단경로 없음
새 연결 간선 263, 사라진 간선 6, 새 간선 중 방향 꺾임 90도 넘음 1 예 [(10614, 122068, 112)]
병합 이동 거리 분포 {'<1cm': 981, '<1mm': 23753}, 1mm 넘게 옮겨진 점 981
과병합: 다른 road 끼리 병합 24247, 그중 xodr 링크·같은 junction 아닌 것 16598(1mm 넘게 옮김 287) 옮긴 것 예(점, 대표, road, road, 거리) [(54023, 1013, [1249], [1122], 0.001), (54024, 1012, [1249], [1122], 0.001), (54025, 1011, [1249], [1122], 0.002), (54026, 1010, [1249], [1122], 0.002), (54027, 1009, [1249], [1122], 0.002), (54028, 1008, [1249], [1122], 0.003)]
과병합: 반대 방향 쌍 있는 병합 24251, 같은 방향 쌍 없이 반대 방향만 24248(1mm 넘게 옮김 623) 예 [(46391, 8987, [1225, 1874, 1877, 1878], [1145, 1875, 1876, 1877], 0.0), (46392, 8986, [1225], [1145], 0.0), (46393, 8985, [1225], [1145], 0.0), (46394, 8984, [1225], [1145], 0.0), (46395, 8983, [1225], [1145], 0.0), (46396, 8982, [1225], [1145], 0.0)], 끝점 아닌 점이 낀 병합 24485
과병합: lanelet 면적 5% 넘게 변함 45, 면적 1m^2 미만으로 줄어듦 0, 중심선이 점 하나로 무너짐 0

### mode=all tol=0.05m -> s30_merged_all_0.05.osm
병합된 점 26757(대표점으로 바뀐 점 수), 지운 node 26757, 2점 미만 linestring 0
[all 0.05] load 오류 0, lanelet 1370(차량 872), point 126276, checkValidity 0, 뒤 없음 43, 앞 없음 44, 정문(53556) 도달 5/872 (차선변경 없이 5), 연결 간선 1183, 차선변경 이웃 0
  노선 북문: 노선 lanelet 16개, 끊김 2곳 r1914(ll 147935)->r1917(ll 148128), r1917(ll 148128)->r1355(ll 103020), 최단경로 없음
  노선 남문: 노선 lanelet 14개, 끊김 2곳 r1914(ll 147935)->r1917(ll 148128), r1917(ll 148128)->r1355(ll 103020), 최단경로 없음
  노선 중문: 노선 lanelet 18개, 끊김 4곳 r1914(ll 147935)->r1917(ll 148128), r1917(ll 148128)->r1355(ll 103020), r1597(ll 125508)->r1286(ll 68299), r1286(ll 68299)->r1838(ll 142395), 최단경로 없음
  노선 양성재: 노선 lanelet 16개, 끊김 2곳 r1914(ll 147935)->r1917(ll 148128), r1917(ll 148128)->r1355(ll 103020), 최단경로 없음
새 연결 간선 269, 사라진 간선 4, 새 간선 중 방향 꺾임 90도 넘음 1 예 [(10614, 122068, 109)]
병합 이동 거리 분포 {'<5cm': 2335, '<1cm': 799, '<1mm': 23623}, 1mm 넘게 옮겨진 점 3134
과병합: 다른 road 끼리 병합 24959, 그중 xodr 링크·같은 junction 아닌 것 16879(1mm 넘게 옮김 568) 옮긴 것 예(점, 대표, road, road, 거리) [(54023, 1013, [1249], [1122], 0.001), (54024, 1012, [1249], [1122], 0.001), (54025, 1011, [1249], [1122], 0.002), (54026, 1010, [1249], [1122], 0.002), (54027, 1009, [1249], [1122], 0.002), (54028, 1008, [1249], [1122], 0.003)]
과병합: 반대 방향 쌍 있는 병합 24594, 같은 방향 쌍 없이 반대 방향만 24589(1mm 넘게 옮김 1071) 예 [(23304, 23301, [1176], [1176, 1718, 1722], 0.044), (46391, 8987, [1225, 1874, 1877, 1878], [1145, 1875, 1876, 1877], 0.0), (46392, 8986, [1225], [1145], 0.0), (46393, 8985, [1225], [1145], 0.0), (46394, 8984, [1225], [1145], 0.0), (46395, 8983, [1225], [1145], 0.0)], 끝점 아닌 점이 낀 병합 26508
과병합: lanelet 면적 5% 넘게 변함 96, 면적 1m^2 미만으로 줄어듦 0, 중심선이 점 하나로 무너짐 0

### mode=all tol=0.1m -> s30_merged_all_0.1.osm
병합된 점 28728(대표점으로 바뀐 점 수), 지운 node 28728, 2점 미만 linestring 0
[all 0.1] load 오류 0, lanelet 1370(차량 872), point 124305, checkValidity 0, 뒤 없음 43, 앞 없음 44, 정문(53556) 도달 5/872 (차선변경 없이 5), 연결 간선 1183, 차선변경 이웃 0
  노선 북문: 노선 lanelet 16개, 끊김 2곳 r1914(ll 147935)->r1917(ll 148128), r1917(ll 148128)->r1355(ll 103020), 최단경로 없음
  노선 남문: 노선 lanelet 14개, 끊김 2곳 r1914(ll 147935)->r1917(ll 148128), r1917(ll 148128)->r1355(ll 103020), 최단경로 없음
  노선 중문: 노선 lanelet 18개, 끊김 4곳 r1914(ll 147935)->r1917(ll 148128), r1917(ll 148128)->r1355(ll 103020), r1597(ll 125508)->r1286(ll 68299), r1286(ll 68299)->r1838(ll 142395), 최단경로 없음
  노선 양성재: 노선 lanelet 16개, 끊김 2곳 r1914(ll 147935)->r1917(ll 148128), r1917(ll 148128)->r1355(ll 103020), 최단경로 없음
새 연결 간선 269, 사라진 간선 4, 새 간선 중 방향 꺾임 90도 넘음 1 예 [(10614, 122068, 111)]
병합 이동 거리 분포 {'<10cm': 2707, '<5cm': 1800, '<1cm': 749, '<1mm': 23472}, 1mm 넘게 옮겨진 점 5256
과병합: 다른 road 끼리 병합 26105, 그중 xodr 링크·같은 junction 아닌 것 17079(1mm 넘게 옮김 775) 옮긴 것 예(점, 대표, road, road, 거리) [(54023, 1013, [1249], [1122], 0.001), (54024, 1012, [1249], [1122], 0.001), (54025, 1011, [1249], [1122], 0.002), (54026, 1010, [1249], [1122], 0.002), (54027, 1009, [1249], [1122], 0.002), (54028, 1008, [1249], [1122], 0.003)]
과병합: 반대 방향 쌍 있는 병합 24923, 같은 방향 쌍 없이 반대 방향만 24910(1mm 넘게 옮김 1548) 예 [(23304, 23301, [1176], [1176, 1718, 1722], 0.044), (46391, 8987, [1225, 1874, 1877, 1878], [1145, 1875, 1876, 1877], 0.0), (46392, 8986, [1225], [1145], 0.0), (46393, 8985, [1225], [1145], 0.0), (46394, 8984, [1225], [1145], 0.0), (46395, 8983, [1225], [1145], 0.0)], 끝점 아닌 점이 낀 병합 28479
과병합: lanelet 면적 5% 넘게 변함 95, 면적 1m^2 미만으로 줄어듦 0, 중심선이 점 하나로 무너짐 0

### mode=all tol=0.3m -> s30_merged_all_0.3.osm
병합된 점 38009(대표점으로 바뀐 점 수), 지운 node 38009, 2점 미만 linestring 42
[all 0.3] load 오류 0, lanelet 1370(차량 872), point 115024, checkValidity 0, 뒤 없음 38, 앞 없음 38, 정문(53556) 도달 5/872 (차선변경 없이 5), 연결 간선 1274, 차선변경 이웃 0
  노선 북문: 노선 lanelet 16개, 끊김 2곳 r1914(ll 147935)->r1917(ll 148128), r1917(ll 148128)->r1355(ll 103020), 최단경로 없음
  노선 남문: 노선 lanelet 14개, 끊김 2곳 r1914(ll 147935)->r1917(ll 148128), r1917(ll 148128)->r1355(ll 103020), 최단경로 없음
  노선 중문: 노선 lanelet 18개, 끊김 4곳 r1914(ll 147935)->r1917(ll 148128), r1917(ll 148128)->r1355(ll 103020), r1597(ll 125508)->r1286(ll 68299), r1286(ll 68299)->r1838(ll 142395), 최단경로 없음
  노선 양성재: 노선 lanelet 16개, 끊김 2곳 r1914(ll 147935)->r1917(ll 148128), r1917(ll 148128)->r1355(ll 103020), 최단경로 없음
새 연결 간선 356, 사라진 간선 0, 새 간선 중 방향 꺾임 90도 넘음 19 예 [(7817, 7817, 999), (27880, 27880, 999), (81245, 81245, 999), (10614, 122068, 108), (103220, 120618, 999)]
병합 이동 거리 분포 {'<30cm': 12090, '<10cm': 1632, '<5cm': 1276, '<1cm': 617, '<1mm': 22394}, 1mm 넘게 옮겨진 점 15615
과병합: 다른 road 끼리 병합 31420, 그중 xodr 링크·같은 junction 아닌 것 17952(1mm 넘게 옮김 1657) 옮긴 것 예(점, 대표, road, road, 거리) [(39443, 33315, [1207], [1196], 0.182), (39444, 33317, [1207], [1196], 0.104), (39445, 33319, [1207], [1196], 0.202), (39448, 33324, [1207], [1196], 0.22), (39449, 33325, [1207], [1196], 0.2), (39450, 33326, [1207], [1196], 0.21)]
과병합: 반대 방향 쌍 있는 병합 25639, 같은 방향 쌍 없이 반대 방향만 25613(1mm 넘게 옮김 3293) 예 [(23303, 23301, [1176], [1176, 1718, 1722], 0.122), (23304, 23301, [1176], [1176, 1718, 1722], 0.044), (23305, 23301, [1176], [1176, 1718, 1722], 0.136), (23306, 23301, [1176], [1176, 1718, 1722], 0.254), (46391, 8987, [1225, 1874, 1877, 1878], [1145, 1875, 1876, 1877], 0.0), (46392, 8986, [1225], [1145], 0.0)], 끝점 아닌 점이 낀 병합 37722
과병합: lanelet 면적 5% 넘게 변함 145, 면적 1m^2 미만으로 줄어듦 0, 중심선이 점 하나로 무너짐 28

### mode=all tol=0.5m -> s30_merged_all_0.5.osm
병합된 점 63763(대표점으로 바뀐 점 수), 지운 node 63763, 2점 미만 linestring 42
[all 0.5] load 오류 0, lanelet 1370(차량 872), point 89270, checkValidity 0, 뒤 없음 44, 앞 없음 44, 정문(53556) 도달 5/872 (차선변경 없이 5), 연결 간선 1269, 차선변경 이웃 0
  노선 북문: 노선 lanelet 16개, 끊김 2곳 r1914(ll 147935)->r1917(ll 148128), r1917(ll 148128)->r1355(ll 103020), 최단경로 없음
  노선 남문: 노선 lanelet 14개, 끊김 2곳 r1914(ll 147935)->r1917(ll 148128), r1917(ll 148128)->r1355(ll 103020), 최단경로 없음
  노선 중문: 노선 lanelet 18개, 끊김 4곳 r1914(ll 147935)->r1917(ll 148128), r1917(ll 148128)->r1355(ll 103020), r1597(ll 125508)->r1286(ll 68299), r1286(ll 68299)->r1838(ll 142395), 최단경로 없음
  노선 양성재: 노선 lanelet 16개, 끊김 2곳 r1914(ll 147935)->r1917(ll 148128), r1917(ll 148128)->r1355(ll 103020), 최단경로 없음
새 연결 간선 351, 사라진 간선 0, 새 간선 중 방향 꺾임 90도 넘음 47 예 [(153800, 33199, 999), (145493, 87871, 999), (7817, 7817, 999), (141599, 31843, 999), (139056, 83817, 999)]
병합 이동 거리 분포 {'<50cm': 36440, '<30cm': 8079, '<5cm': 844, '<1cm': 410, '<10cm': 1329, '<1mm': 16661}, 1mm 넘게 옮겨진 점 47102
과병합: 다른 road 끼리 병합 33613, 그중 xodr 링크·같은 junction 아닌 것 17497(1mm 넘게 옮김 4674) 옮긴 것 예(점, 대표, road, road, 거리) [(39443, 33315, [1207], [1196], 0.182), (39444, 33317, [1207], [1196], 0.104), (39445, 33319, [1207], [1196], 0.202), (39446, 33320, [1207], [1196], 0.433), (39447, 33322, [1207], [1196], 0.339), (39448, 33324, [1207], [1196], 0.22)]
과병합: 반대 방향 쌍 있는 병합 24914, 같은 방향 쌍 없이 반대 방향만 24878(1mm 넘게 옮김 8275) 예 [(23303, 23301, [1176], [1176, 1718, 1722], 0.122), (23304, 23301, [1176], [1176, 1718, 1722], 0.044), (23305, 23301, [1176], [1176, 1718, 1722], 0.136), (23306, 23301, [1176], [1176, 1718, 1722], 0.254), (23307, 23301, [1176], [1176, 1718, 1722], 0.338), (46391, 8987, [1225, 1874, 1877, 1878], [1145, 1875, 1876, 1877], 0.0)], 끝점 아닌 점이 낀 병합 63495
과병합: lanelet 면적 5% 넘게 변함 268, 면적 1m^2 미만으로 줄어듦 0, 중심선이 점 하나로 무너짐 28

### mode=all tol=1m -> s30_merged_all_1.osm
병합된 점 105214(대표점으로 바뀐 점 수), 지운 node 105214, 2점 미만 linestring 105
[all 1] load 오류 0, lanelet 1370(차량 872), point 47819, checkValidity 0, 뒤 없음 46, 앞 없음 47, 정문(53556) 도달 778/872 (차선변경 없이 778), 연결 간선 1259, 차선변경 이웃 0
  노선 북문: 노선 lanelet 16개, 순서대로 다 이어짐, 최단경로 16개(노선과 같은 lanelet 열 True)
  노선 남문: 노선 lanelet 14개, 끊김 2곳 r1238(ll 50178)->r1563(ll 123405), r1563(ll 123405)->r1237(ll 49773), 최단경로 18개(노선과 같은 lanelet 열 False)
  노선 중문: 노선 lanelet 18개, 끊김 2곳 r1597(ll 125508)->r1286(ll 68299), r1286(ll 68299)->r1838(ll 142395), 최단경로 22개(노선과 같은 lanelet 열 False)
  노선 양성재: 노선 lanelet 16개, 순서대로 다 이어짐, 최단경로 16개(노선과 같은 lanelet 열 True)
새 연결 간선 355, 사라진 간선 14, 새 간선 중 방향 꺾임 90도 넘음 33 예 [(7817, 7817, 999), (27880, 27880, 999), (14703, 124931, 999), (81245, 81245, 999), (103220, 120618, 999)]
병합 이동 거리 분포 {'<=1m': 69999, '<50cm': 21398, '<5cm': 302, '<30cm': 3730, '<10cm': 500, '<1mm': 9087, '<1cm': 198}, 1mm 넘게 옮겨진 점 96127
과병합: 다른 road 끼리 병합 39255, 그중 xodr 링크·같은 junction 아닌 것 19618(1mm 넘게 옮김 12422) 옮긴 것 예(점, 대표, road, road, 거리) [(39441, 33310, [1207], [1196, 1777, 1781, 1782], 0.879), (39442, 33313, [1207], [1196], 0.406), (39443, 33315, [1207], [1196], 0.182), (39444, 33317, [1207], [1196], 0.104), (39445, 33319, [1207], [1196], 0.202), (39446, 33319, [1207], [1196], 0.97)]
과병합: 반대 방향 쌍 있는 병합 26363, 같은 방향 쌍 없이 반대 방향만 26246(1mm 넘게 옮김 17188) 예 [(16947, 16946, [1160], [1160, 1832, 1836, 1839], 0.501), (23303, 23301, [1176], [1176, 1718, 1722], 0.122), (23304, 23301, [1176], [1176, 1718, 1722], 0.044), (23305, 23301, [1176], [1176, 1718, 1722], 0.136), (23306, 23301, [1176], [1176, 1718, 1722], 0.254), (23307, 23301, [1176], [1176, 1718, 1722], 0.338)], 끝점 아닌 점이 낀 병합 104991
과병합: lanelet 면적 5% 넘게 변함 493, 면적 1m^2 미만으로 줄어듦 2, 중심선이 점 하나로 무너짐 28

## 남은 끊김 분류
원본 뒤 없음 201: 같은 자리(<0.001m) 154, 0.001~3m 6, 3m 이상 41

### mode=ends tol=0.01: 남은 뒤 없음 47, 원본 47 중 남음 47, 원본 같은 자리 154 중 남음 0, 새로 생김 0

### mode=ends tol=0.05: 남은 뒤 없음 47, 원본 47 중 남음 47, 원본 같은 자리 154 중 남음 0, 새로 생김 0
  ll 938 roads [1121] 끝 road r1121 junction -1 successor ('junction', 4) 회차 False 다음 시작까지 6.699m(ll 53879) [일반 road / 원본 47]
  ll 5106 roads [1132] 끝 road r1132 junction -1 successor ('junction', 15) 회차 False 다음 시작까지 6.699m(ll 57724) [일반 road / 원본 47]
  ll 5370 roads [1133] 끝 road r1133 junction -1 successor ('junction', 17) 회차 False 다음 시작까지 6.699m(ll 57988) [일반 road / 원본 47]
  ll 8151 roads [1143] 끝 road r1143 junction -1 successor ('junction', 23) 회차 False 다음 시작까지 23.258m(ll 111621) [일반 road / 원본 47]
  ll 8575 roads [1144] 끝 road r1144 junction -1 successor ('junction', 26) 회차 False 다음 시작까지 6.699m(ll 61073) [일반 road / 원본 47]
  ll 16979 roads [1160] 끝 road r1160 junction -1 successor ('junction', 46) 회차 False 다음 시작까지 6.699m(ll 68299) [일반 road / 원본 47]
  ll 18868 roads [1166] 끝 road r1166 junction -1 successor ('junction', 55) 회차 False 다음 시작까지 6.699m(ll 72696) [일반 road / 원본 47]
  ll 25696 roads [1178] 끝 road r1178 junction -1 successor ('junction', 63) 회차 False 다음 시작까지 95.965m(ll 80679) [일반 road / 원본 47]
  ll 40103 roads [1209] 끝 road r1209 junction -1 successor ('junction', 98) 회차 False 다음 시작까지 6.699m(ll 96445) [일반 road / 원본 47]
  ll 68299 roads [1286] 끝 road r1286 junction -1 successor ('junction', 48) 회차 False 다음 시작까지 6.699m(ll 16979) [일반 road / 원본 47]
  ll 73732 roads [1298] 끝 road r1298 junction -1 successor ('junction', 56) 회차 False 다음 시작까지 6.699m(ll 19904) [일반 road / 원본 47]
  ll 83680 roads [1317] 끝 road r1317 junction -1 successor ('junction', 75) 회차 False 다음 시작까지 6.699m(ll 29855) [일반 road / 원본 47]
  ll 86644 roads [1323] 끝 road r1323 junction -1 successor ('junction', 83) 회차 False 다음 시작까지 6.699m(ll 32822) [일반 road / 원본 47]
  ll 89117 roads [1329] 끝 road r1329 junction -1 successor ('junction', 89) 회차 False 다음 시작까지 6.699m(ll 35624) [일반 road / 원본 47]
  ll 90904 roads [1332] 끝 road r1332 junction -1 successor ('junction', 92) 회차 False 다음 시작까지 6.699m(ll 37474) [일반 road / 원본 47]
  ll 93120 roads [1333] 끝 road r1333 junction -1 successor None 회차 False 다음 시작까지 183.018m(ll 101498) [xodr 끝 successor 없음 / 원본 47]
  ll 95891 roads [1337] 끝 road r1337 junction -1 successor ('junction', 97) 회차 False 다음 시작까지 6.699m(ll 39549) [일반 road / 원본 47]
  ll 96912 roads [1339] 끝 road r1339 junction -1 successor ('junction', 99) 회차 False 다음 시작까지 6.699m(ll 40570) [일반 road / 원본 47]
  ll 97907 roads [1344] 끝 road r1344 junction -1 successor None 회차 False 다음 시작까지 22.472m(ll 29001) [xodr 끝 successor 없음 / 원본 47]
  ll 98948 roads [1346] 끝 road r1346 junction -1 successor ('junction', 104) 회차 False 다음 시작까지 6.699m(ll 42203) [일반 road / 원본 47]
  ll 112801 roads [1399] 끝 road r1399 junction 93 successor ('road', 1205) 회차 False 다음 시작까지 4.211m(ll 113771) [교차로 커넥터 / 원본 47]
  ll 112924 roads [1402] 끝 road r1402 junction 93 successor ('road', 1363) 회차 False 다음 시작까지 1.869m(ll 113679) [교차로 커넥터 / 원본 47]
  ll 113679 roads [1416] 끝 road r1416 junction 105 successor ('road', 1219) 회차 False 다음 시작까지 4.329m(ll 44566) [교차로 커넥터 / 원본 47]
  ll 113771 roads [1418] 끝 road r1418 junction 105 successor ('road', 1232) 회차 False 다음 시작까지 2.487m(ll 112801) [교차로 커넥터 / 원본 47]
  ll 114150 roads [1423] 끝 road r1423 junction 84 successor ('road', 1238) 회차 False 다음 시작까지 6.341m(ll 50178) [교차로 커넥터 / 원본 47]
  ll 118488 roads [1481] 끝 road r1481 junction 20 successor ('road', 1136) 회차 False 다음 시작까지 5.481m(ll 6180) [교차로 커넥터 / 원본 47]
  ll 120419 roads [1511] 끝 road r1511 junction 24 successor ('road', 1143) 회차 False 다음 시작까지 6.699m(ll 120478) [교차로 커넥터 / 원본 47]
  ll 120618 roads [1514] 끝 road r1514 junction 24 successor ('road', 1143) 회차 False 다음 시작까지 10.469m(ll 120478) [교차로 커넥터 / 원본 47]
  ll 122791 roads [1551] 끝 road r1551 junction 32 successor ('road', 1277) 회차 False 다음 시작까지 1.558m(ll 63271) [교차로 커넥터 / 원본 47]
  ll 125437 roads [1596] 끝 road r1596 junction 46 successor ('road', 1286) 회차 False 다음 시작까지 6.699m(ll 125302) [교차로 커넥터 / 원본 47]
  ll 125508 roads [1597] 끝 road r1597 junction 46 successor ('road', 1286) 회차 False 다음 시작까지 6.699m(ll 125302) [교차로 커넥터 / 원본 47]
  ll 125770 roads [1601] 끝 road r1601 junction 46 successor ('road', 1286) 회차 False 다음 시작까지 6.699m(ll 125302) [교차로 커넥터 / 원본 47]
  ll 126983 roads [1613] 끝 road r1613 junction 43 successor ('road', 1284) 회차 False 다음 시작까지 9.059m(ll 67722) [교차로 커넥터 / 원본 47]
  ll 133887 roads [1724] 끝 road r1724 junction 65 successor ('road', 1178) 회차 True 다음 시작까지 64.162m(ll 80679) [회차 연결로 / 원본 47]
  ll 136070 roads [1752] 끝 road r1752 junction 68 successor ('road', 1181) 회차 False 다음 시작까지 5.988m(ll 27420) [교차로 커넥터 / 원본 47]
  ll 138968 roads [1786] 끝 road r1786 junction 77 successor ('road', 1218) 회차 False 다음 시작까지 4.413m(ll 44301) [교차로 커넥터 / 원본 47]
  ll 139056 roads [1788] 끝 road r1788 junction 77 successor ('road', 1318) 회차 False 다음 시작까지 1.322m(ll 144213) [교차로 커넥터 / 원본 47]
  ll 140742 roads [1813] 끝 road r1813 junction 82 successor ('road', 1321) 회차 False 다음 시작까지 6.289m(ll 85665) [교차로 커넥터 / 원본 47]
  ll 142120 roads [1832] 끝 road r1832 junction 48 successor ('road', 1160) 회차 False 다음 시작까지 8.135m(ll 88460) [교차로 커넥터 / 원본 47]
  ll 142318 roads [1836] 끝 road r1836 junction 48 successor ('road', 1160) 회차 False 다음 시작까지 6.699m(ll 142347) [교차로 커넥터 / 원본 47]
  ll 142434 roads [1839] 끝 road r1839 junction 48 successor ('road', 1160) 회차 False 다음 시작까지 6.699m(ll 142347) [교차로 커넥터 / 원본 47]
  ll 144213 roads [1864] 끝 road r1864 junction 76 successor ('road', 1206) 회차 False 다음 시작까지 4.446m(ll 39071) [교차로 커넥터 / 원본 47]
  ll 144716 roads [1873] 끝 road r1873 junction 28 successor ('road', 1209) 회차 False 다음 시작까지 6.295m(ll 40103) [교차로 커넥터 / 원본 47]
  ll 147935 roads [1356, 1914] 끝 road r1356 junction -1 successor ('junction', 107) 회차 False 다음 시작까지 2.644m(ll 148128) [일반 road / 원본 47]
  ll 148128 roads [1917] 끝 road r1917 junction 107 successor ('road', 1355) 회차 False 다음 시작까지 2.644m(ll 103020) [교차로 커넥터 / 원본 47]
  ll 153835 roads [1970] 끝 road r1970 junction 34 successor ('road', 1195) 회차 False 다음 시작까지 3.692m(ll 33199) [교차로 커넥터 / 원본 47]
  ll 154444 roads [1976] 끝 road r1976 junction 49 successor ('road', 1161) 회차 False 다음 시작까지 6.816m(ll 17203) [교차로 커넥터 / 원본 47]
  분류 {'일반 road / 원본 47': 19, 'xodr 끝 successor 없음 / 원본 47': 2, '교차로 커넥터 / 원본 47': 25, '회차 연결로 / 원본 47': 1}

### mode=ends tol=0.1: 남은 뒤 없음 47, 원본 47 중 남음 47, 원본 같은 자리 154 중 남음 0, 새로 생김 0

### mode=ends tol=0.3: 남은 뒤 없음 47, 원본 47 중 남음 47, 원본 같은 자리 154 중 남음 0, 새로 생김 0
  분류 {'일반 road / 원본 47': 19, 'xodr 끝 successor 없음 / 원본 47': 2, '교차로 커넥터 / 원본 47': 25, '회차 연결로 / 원본 47': 1}

### mode=ends tol=0.5: 남은 뒤 없음 47, 원본 47 중 남음 47, 원본 같은 자리 154 중 남음 0, 새로 생김 0

### mode=ends tol=1: 남은 뒤 없음 47, 원본 47 중 남음 47, 원본 같은 자리 154 중 남음 0, 새로 생김 0
  분류 {'일반 road / 원본 47': 19, 'xodr 끝 successor 없음 / 원본 47': 2, '교차로 커넥터 / 원본 47': 25, '회차 연결로 / 원본 47': 1}

### mode=all tol=0.01: 남은 뒤 없음 47, 원본 47 중 남음 45, 원본 같은 자리 154 중 남음 0, 새로 생김 2

### mode=all tol=0.05: 남은 뒤 없음 43, 원본 47 중 남음 42, 원본 같은 자리 154 중 남음 0, 새로 생김 1
  분류 {'일반 road / 원본 47': 19, 'xodr 끝 successor 없음 / 원본 47': 2, '교차로 커넥터 / 원본 47': 20, '회차 연결로 / 원본 47': 1, '교차로 커넥터 / 새로': 1}

### mode=all tol=0.1: 남은 뒤 없음 43, 원본 47 중 남음 42, 원본 같은 자리 154 중 남음 0, 새로 생김 1

### mode=all tol=0.3: 남은 뒤 없음 38, 원본 47 중 남음 38, 원본 같은 자리 154 중 남음 0, 새로 생김 0
  분류 {'일반 road / 원본 47': 18, 'xodr 끝 successor 없음 / 원본 47': 2, '교차로 커넥터 / 원본 47': 17, '회차 연결로 / 원본 47': 1}

### mode=all tol=0.5: 남은 뒤 없음 44, 원본 47 중 남음 36, 원본 같은 자리 154 중 남음 8, 새로 생김 0

### mode=all tol=1: 남은 뒤 없음 46, 원본 47 중 남음 35, 원본 같은 자리 154 중 남음 4, 새로 생김 7
  분류 {'일반 road / 원본 47': 17, '일반 road / 원본 154': 2, 'xodr 끝 successor 없음 / 원본 47': 2, '교차로 커넥터 / 원본 47': 15, '교차로 커넥터 / 새로': 7, '회차 연결로 / 원본 154': 2, '회차 연결로 / 원본 47': 1}

frozen_v1 sha bf835cdfad0cea65
