CR lanelet 1370, Lanelet2 lanelet 1370
순서 대응 확인: 좌우 모두 same 1210/1370
차량 lanelet 872: (왼쪽, 오른쪽) 분류 {('same', 'same'): 738, ('ends', 'same'): 131, ('same', 'ends'): 2, ('ends', 'ends'): 1}
경계가 CR 과 다른 차량 lanelet 134
  그 xodr road(lane -1) 134: laneOffset 있음 132, junction 커넥터 134, 일반 road 0
  laneOffset 있는 road 전체 132 중 경계 바뀜 132
  경계 바뀐 쪽 수 왼쪽만 131, 오른쪽만 2, 둘 다 1
  ends 분류의 끝점 이동 거리 최소 0.011 중앙 1.539 최대 5.262m
  예(L2 id, CR id, road, 왼, 오) [(111542, '4', [1380], 'ends', 'same'), (113094, '634', [1405], 'ends', 'same'), (113475, '624', [1412], 'ends', 'same'), (113644, '710', [1415], 'ends', 'same'), (113892, '820', [1420], 'ends', 'same'), (114627, '391', [1429], 'ends', 'same'), (114811, '834', [1432], 'ends', 'same'), (115201, '252', [1438], 'ends', 'same'), (115648, '388', [1445], 'ends', 'same'), (115886, '746', [1449], 'ends', 'same'), (116303, '77', [1453], 'ends', 'same'), (116965, '595', [1460], 'ends', 'same')]
  r1917: [(148128, 'same', 'ends')]
  r1286: [(68299, 'same', 'same')]
  r1143: [(8151, 'same', 'same')]
  r1380: [(111542, 'ends', 'same')]
[B] lanelet2 가 뒤집어 읽은 경계: 차량 왼쪽 133, 차량 오른쪽 24, 보행 왼쪽 3, 보행 오른쪽 124 (원본 osm)
[B] 병합본에서 뒤집혀 읽힌 차량 lanelet 24: road [1143, 1160, 1178, 1286, 1399, 1402, 1416, 1418, 1423, 1481, 1514, 1551, 1613, 1752, 1786, 1788, 1813, 1832, 1864, 1873, 1917, 1935, 1970, 1976]
    그중 junction 커넥터 20, 일반 road 4, 회차 틀 0
남은 뒤 없음 47 분류:
  junction 커넥터 / 자신 경계 뒤집혀 읽힘[B]: 18
  일반 road / CR 에서도 뒤 없음(xodr 막다른 끝): 16
  junction 커넥터 / CR 뒤 lanelet 이 뒤집혀 읽힘[B]: 5
  일반 road / 자신 경계 뒤집혀 읽힘[B]: 4
  junction 커넥터 / 자신 끝점 바뀜[A]: 2
  junction 커넥터 / 자신 경계 뒤집혀 읽힘[B]+끝점 바뀜[A]: 1
  회차 틀 / 자신 끝점 바뀜[A]: 1
