CR lanelet 1433, Lanelet2 lanelet 1433
순서 대응 확인: 좌우 모두 same 1242/1433
차량 lanelet 909: (왼쪽, 오른쪽) 분류 {('same', 'same'): 757, ('ends', 'same'): 148, ('same', 'ends'): 3, ('ends', 'ends'): 1}
경계가 CR 과 다른 차량 lanelet 152
  그 xodr road(lane -1) 152: laneOffset 있음 149, junction 커넥터 152, 일반 road 0
  laneOffset 있는 road 전체 150 중 경계 바뀜 149
  경계 바뀐 쪽 수 왼쪽만 148, 오른쪽만 3, 둘 다 1
  ends 분류의 끝점 이동 거리 최소 0.011 중앙 1.539 최대 6.700m
  예(L2 id, CR id, road, 왼, 오) [(114539, '4', [1417], 'ends', 'same'), (114598, '11', [1418], 'ends', 'same'), (116150, '656', [1443], 'ends', 'same'), (116531, '646', [1450], 'ends', 'same'), (116700, '748', [1453], 'ends', 'same'), (116948, '859', [1458], 'ends', 'same'), (117683, '405', [1467], 'ends', 'same'), (117867, '873', [1470], 'ends', 'same'), (118257, '261', [1476], 'ends', 'same'), (118704, '402', [1483], 'ends', 'same'), (118942, '785', [1487], 'ends', 'same'), (119359, '80', [1491], 'ends', 'same')]
  r1917: [(148056, 'same', 'same')]
  r1286: [(57161, 'same', 'same')]
  r1143: []
  r1380: [(101185, 'same', 'same')]
[B] lanelet2 가 뒤집어 읽은 경계: 차량 왼쪽 150, 차량 오른쪽 24, 보행 왼쪽 3, 보행 오른쪽 128 (원본 osm)
[B] 병합본에서 뒤집혀 읽힌 차량 lanelet 24: road [1173, 1190, 1208, 1317, 1437, 1440, 1454, 1456, 1461, 1519, 1552, 1589, 1651, 1791, 1825, 1827, 1852, 1871, 1912, 1921, 1972, 2003, 2038, 2044]
    그중 junction 커넥터 20, 일반 road 4, 회차 틀 0
남은 뒤 없음 33 분류:
  junction 커넥터 / 자신 경계 뒤집혀 읽힘[B]: 18
  junction 커넥터 / CR 뒤 lanelet 이 뒤집혀 읽힘[B]: 5
  일반 road / 자신 경계 뒤집혀 읽힘[B]: 4
  junction 커넥터 / 자신 끝점 바뀜[A]: 3
  일반 road / CR 에서도 뒤 없음(xodr 막다른 끝): 2
  junction 커넥터 / 자신 경계 뒤집혀 읽힘[B]+끝점 바뀜[A]: 1
