## maps/cbnu_internal_only_localtm_tags73_smooth.xodr (frozen_v1, r1917)
  road 1917 name=':4748296088_1' 길이 2.9690 junction 107 (name 4748296088)
  laneOffset 없음 / 차선 [('0', 'none', None), ('-1', 'driving', '3.35'), ('-2', 'sidewalk', '2.80')]
  planView [('310.87615814', '935.32526910', '-1.16764271', '2.96897525', 'line')]
  pred ('road', '1356', 'end') succ ('road', '1355', 'start')
  앞 road 1356(end) lane -1 점 <-> 이 road 끝점 거리 1.085m, 방위 차 37.9도
  뒤 road 1355(start) lane -1 점 <-> 이 road 끝점 거리 0.895m, 방위 차 30.9도
  lane -1 방위(s 0~L 11점) [66.9, 66.9, 66.9, 66.9, 66.9, 66.9, 66.9, 66.9, 66.9, 66.9, 66.9]
## maps/cbnu_internal_only_localtm_tags81_B_smooth.xodr (frozen_v1 r1917 중간점 309.92,-933.30 최근접)
  road 1972 name=':4748296088_1' 길이 2.9690 junction 109 (name 4748296088)
  laneOffset 없음 / 차선 [('0', 'none', None), ('-1', 'driving', '3.35'), ('-2', 'sidewalk', '2.80')]
  planView [('310.87615814', '935.32526910', '-1.16764271', '2.96897525', 'line')]
  pred ('road', '1393', 'end') succ ('road', '1392', 'start')
  앞 road 1393(end) lane -1 점 <-> 이 road 끝점 거리 1.085m, 방위 차 37.9도
  뒤 road 1392(start) lane -1 점 <-> 이 road 끝점 거리 0.895m, 방위 차 30.9도
  lane -1 방위(s 0~L 11점) [66.9, 66.9, 66.9, 66.9, 66.9, 66.9, 66.9, 66.9, 66.9, 66.9, 66.9]
## maps/cbnu_internal_only_localtm_tags82_A_smooth.xodr (frozen_v1 r1917 중간점 309.92,-933.30 최근접)
  road 1394 name='' 길이 47.7302 junction -1 (name None)
  laneOffset 없음 / 차선 [('0', 'none', None), ('-1', 'driving', '3.35'), ('-2', 'sidewalk', '2.80')]
  planView [('272.08108174', '961.15143254', '-0.68029162', '9.09586623', 'line'), ('279.15211098', '955.42995300', '-0.68029162', '6.11840501', 'paramPoly3'), ('283.89553563', '951.56540068', '-0.68412735', '6.00592071', 'paramPoly3'), ('288.54757069', '947.76785561', '-0.63126269', '2.90069691', 'paramPoly3'), ('291.06278472', '946.32577993', '-0.57693364', '23.60933614', 'line')]
  pred ('junction', '1', None) succ ('junction', '109', None)
  lane -1 방위(s 0~L 11점) [39.0, 39.0, 39.1, 39.2, 39.4, 30.9, 33.1, 33.1, 33.1, 33.1, 33.1]
