# s23 연결성 분석 — cbnu_internal_only_localtm_tags81_B_smooth_turnfix.xodr, 출발 r1278 lane -1 s=0
road 917, 방향 간선 1300, junction 112, U턴형 커넥터 163 (막다른 끝 회차 37 / 교차로 안 126)
막다른 끝 회차 커넥터: [1417, 1418, 1561, 1603, 1612, 1621, 1622, 1623, 1703, 1744, 1753, 1754, 1763, 1787, 1801, 1809, 1814, 1838, 1863, 1879, 1911, 1920, 1937, 1938, 2054, 2055, 2056, 2057, 2058, 2059, 2060, 2061, 2062, 2063, 2064, 2065, 2066]

## 0-1 도달 (방향 준수)
도달 가능 913 / 917 (99.6%) — 모든 커넥터 허용
도달 가능 786 / 917 (85.7%) — 교차로 안 U턴 금지(막다른 끝 회차는 허용)
U턴 금지 시 추가로 못 가는 road 127: [1150, 1417, 1443, 1450, 1453, 1458, 1467, 1470, 1476, 1483, 1487, 1491, 1498, 1506, 1515, 1518, 1521, 1526, 1529, 1532, 1537, 1540, 1545, 1556, 1564, 1567, 1576, 1579, 1584, 1591, 1594, 1597, 1600, 1606, 1611, 1615, 1618, 1626, 1631, 1634, 1637, 1640, 1643, 1648, 1653, 1656, 1659, 1662, 1669, 1674, 1677, 1680, 1683, 1694, 1697, 1700, 1707, 1710, 1715, 1718, 1721, 1726, 1731, 1736, 1743, 1749, 1752, 1759, 1762, 1770, 1775, 1778, 1781, 1786, 1790, 1791, 1800, 1806, 1817, 1820, 1829, 1834, 1837, 1841, 1844, 1847, 1850, 1851, 1852, 1855, 1862, 1866, 1873, 1878, 1891, 1897, 1901, 1916, 1919, 1921, 1925, 1927, 1930, 1933, 1936, 1941, 1947, 1949, 1951, 1953, 1960, 1963, 1968, 1970, 1971, 1982, 1986, 2002, 2003, 2006, 2015, 2016, 2025, 2029, 2033, 2037, 2047]
도달 불가 4
반쪽 도로 쌍(양방향 길) 128쌍, 짝 없는 일반 road 11
도달 불가 사유:
  역방향만 존재(본망으로 나가는 쪽만 연결): 4
  보도·주차장 등 비주행 lane: 0 (878 road 전부 lane -1 = driving, 보도는 lane -2 로 같은 road 안)

## 0-2 왕복
정문 진입 road r1278 로 돌아올 수 있는 road(도달 가능 중) 4 / 917 (0.4%): [1150, 1278, 1417, 1970]
r1278 에 도달할 수 있는 road 전체(도달 여부 무관) 4: [1150, 1278, 1417, 1970]
r1278 앞 road(pred): [1417]
강연결 성분 19개, 가장 큰 것 896 road (정문 r1278 포함: False)
[참고] 정문 복귀 대신 '주 순환망(가장 큰 SCC)으로 복귀' 기준: 도달 913 중 복귀 가능 903, 갇힘 10
  갇히는 road(주 순환망으로 못 돌아옴): [1232, 1366, 1379, 1880, 1882, 1890, 1895, 1898, 1903, 1907]
막다른 road(도달 가능, 다음 road 0) 2: [1366, 1379]
정의 없는 junction 참조(커넥터 0 = 회차 없는 막다른 끝) 0:
  막다른 r1366 -> 짝 없음(일방통행)
  막다른 r1379 -> 짝 없음(일방통행)
회차 연결로(막다른 끝 회차 커넥터)가 있는 막다른 길 37개, 그중 도달 가능 37: [1417, 1418, 1561, 1603, 1612, 1621, 1622, 1623, 1703, 1744, 1753, 1754, 1763, 1787, 1801, 1809, 1814, 1838, 1863, 1879, 1911, 1920, 1937, 1938, 2054, 2055, 2056, 2057, 2058, 2059, 2060, 2061, 2062, 2063, 2064, 2065, 2066]
  r1417 j2 길이 9.89 앞 [1150] 뒤 [1278] 위치 CARLA (219,-1089) 도달 예
  r1418 j4 길이 9.89 앞 [1151] 뒤 [1279] 위치 CARLA (1173,-205) 도달 예
  r1561 j28 길이 9.89 앞 [1256] 뒤 [1175] 위치 CARLA (529,1) 도달 예
  r1603 j36 길이 9.89 앞 [1309] 뒤 [1181] 위치 CARLA (606,-712) 도달 예
  r1612 j38 길이 9.89 앞 [1310] 뒤 [1182] 위치 CARLA (867,-575) 도달 예
  r1621 j40 길이 9.89 앞 [1311] 뒤 [1183] 위치 CARLA (792,-534) 도달 예
  r1622 j110 길이 9.89 앞 [1325] 뒤 [1312] 위치 CARLA (808,-735) 도달 예
  r1623 j42 길이 9.89 앞 [1313] 뒤 [1184] 위치 CARLA (422,-1045) 도달 예
  r1703 j112 길이 9.89 앞 [1415] 뒤 [1409] 위치 CARLA (751,-696) 도달 예
  r1744 j63 길이 9.89 앞 [1337] 뒤 [1205] 위치 CARLA (197,-809) 도달 예
  r1753 j67 길이 9.89 앞 [1209] 뒤 [1341] 위치 CARLA (136,-752) 도달 예
  r1754 j65 길이 9.89 앞 [1207] 뒤 [1340] 위치 CARLA (92,-915) 도달 예
  r1763 j66 길이 9.89 앞 [1339] 뒤 [1208] 위치 CARLA (73,-737) 도달 예
  r1787 j72 길이 9.89 앞 [1214] 뒤 [1346] 위치 CARLA (97,-638) 도달 예
  r1801 j73 길이 9.89 앞 [1215] 뒤 [1347] 위치 CARLA (125,-651) 도달 예
  r1809 j74 길이 9.89 앞 [1348] 뒤 [1216] 위치 CARLA (171,-458) 도달 예
  r1814 j104 길이 9.89 앞 [1380] 뒤 [1244] 위치 CARLA (-1,-466) 도달 예
  r1838 j81 길이 9.89 앞 [1221] 뒤 [1353] 위치 CARLA (719,-395) 도달 예
  r1863 j82 길이 9.89 앞 [1354] 뒤 [1222] 위치 CARLA (1015,-442) 도달 예
  r1879 j88 길이 9.89 앞 [1360] 뒤 [1229] 위치 CARLA (667,-990) 도달 예
  r1911 j95 길이 9.89 앞 [1235] 뒤 [1369] 위치 CARLA (477,-606) 도달 예
  r1920 j97 길이 9.89 앞 [1237] 뒤 [1371] 위치 CARLA (793,-375) 도달 예
  r1937 j101 길이 9.89 앞 [1375] 뒤 [1241] 위치 CARLA (780,-275) 도달 예
  r1938 j103 길이 9.89 앞 [1242] 뒤 [1376] 위치 CARLA (685,-776) 도달 예
  r2054 j16 길이 9.89 앞 [1162] 뒤 [1290] 위치 CARLA (400,-328) 도달 예
  r2055 j18 길이 9.89 앞 [1163] 뒤 [1291] 위치 CARLA (427,-271) 도달 예
  r2056 j27 길이 9.89 앞 [1174] 뒤 [1302] 위치 CARLA (531,-401) 도달 예
  r2057 j56 길이 9.89 앞 [1196] 뒤 [1326] 위치 CARLA (749,-924) 도달 예
  r2058 j57 길이 9.89 앞 [1331] 뒤 [1199] 위치 CARLA (464,-614) 도달 예
  r2059 j76 길이 9.89 앞 [1350] 뒤 [1218] 위치 CARLA (658,-126) 도달 예
  r2060 j84 길이 9.89 앞 [1356] 뒤 [1224] 위치 CARLA (492,-524) 도달 예
  r2061 j90 길이 9.89 앞 [1362] 뒤 [1231] 위치 CARLA (199,-389) 도달 예
  r2062 j93 길이 9.89 앞 [1365] 뒤 [1234] 위치 CARLA (173,-189) 도달 예
  r2063 j98 길이 9.89 앞 [1372] 뒤 [1238] 위치 CARLA (857,-354) 도달 예
  r2064 j99 길이 9.89 앞 [1239] 뒤 [1373] 위치 CARLA (333,-148) 도달 예
  r2065 j100 길이 9.89 앞 [1374] 뒤 [1240] 위치 CARLA (301,-240) 도달 예
  r2066 j105 길이 9.89 앞 [1381] 뒤 [1245] 위치 CARLA (112,-421) 도달 예

## 0-3 도달 불가 덩어리
덩어리 1개, 가장 큰 덩어리 road 수 4

### 덩어리 1
road 4, 길이 합 273m, 중심 CARLA (1082,-203), 가까운 건물 신학생회관 (E3) 470m
캠퍼스 폴리곤 안 road 3/4
사유: {'역방향만 존재(본망으로 나가는 쪽만 연결)': 4}
road: [1368, 1892, 1893, 1894]
junction: [3]
본망 -> 덩어리(도달): 미변환 way 2개, 가중 비용 81
  way481475019 service/parking_aisle 37m 폴리곤안 100%
  way452870644 service/parking_aisle 52m 폴리곤안 100%
덩어리 -> 본망(복귀): 미변환 way 0개, 가중 비용 0

## 0-4 요약
도달 가능 913 / 917 (99.6%)
왕복 가능 4 / 917 (0.4%)
고립 덩어리 1개
가장 큰 덩어리의 도로 수 4
road1333 덩어리 포함: False
