xodr cbnu_internal_only_localtm_tags81_B_smooth.xodr: road 904 / 정의된 junction 99
정의 없는 junction(회차 없는 막다른 끝) 13: [16, 18, 27, 56, 57, 76, 84, 90, 93, 98, 99, 100, 105]
  j16 들어감 [1162] 나옴 [1290] 채움가능=True (차선중심 간격 3.35m 방향차 180+0.00도)
  j18 들어감 [1163] 나옴 [1291] 채움가능=True (차선중심 간격 3.35m 방향차 180+0.00도)
  j27 들어감 [1174] 나옴 [1302] 채움가능=True (차선중심 간격 3.35m 방향차 180+0.00도)
  j56 들어감 [1196] 나옴 [1326] 채움가능=True (차선중심 간격 3.35m 방향차 180+0.00도)
  j57 들어감 [1331] 나옴 [1199] 채움가능=True (차선중심 간격 3.35m 방향차 180+0.00도)
  j76 들어감 [1350] 나옴 [1218] 채움가능=True (차선중심 간격 3.35m 방향차 180+0.00도)
  j84 들어감 [1356] 나옴 [1224] 채움가능=True (차선중심 간격 3.35m 방향차 180+0.00도)
  j90 들어감 [1362] 나옴 [1231] 채움가능=True (차선중심 간격 3.35m 방향차 180+0.00도)
  j93 들어감 [1365] 나옴 [1234] 채움가능=True (차선중심 간격 3.35m 방향차 180+0.00도)
  j98 들어감 [1372] 나옴 [1238] 채움가능=True (차선중심 간격 3.35m 방향차 180+0.00도)
  j99 들어감 [1239] 나옴 [1373] 채움가능=True (차선중심 간격 3.35m 방향차 180+0.00도)
  j100 들어감 [1374] 나옴 [1240] 채움가능=True (차선중심 간격 3.35m 방향차 180+0.00도)
  j105 들어감 [1381] 나옴 [1245] 채움가능=True (차선중심 간격 3.35m 방향차 180+0.00도)
successor 없는 일반 road(일방통행 막다른 끝 후보) 2: [1366, 1379]
기존 회차 연결로(틀, connection 1개·paramPoly3·길이 9.89240086) 24개
  들어오는 차선 끝 기준 상대 앞(m): 최소 0.0009 최대 0.0011
  들어오는 차선 끝 기준 상대 왼(m): 최소 -1.6751 최대 -1.6749
  들어오는 차선 끝 기준 상대 방위(rad): 최소 0.4636 최대 0.4636
추가 j16: road2054 1162->1290 인도=True
추가 j18: road2055 1163->1291 인도=True
추가 j27: road2056 1174->1302 인도=True
추가 j56: road2057 1196->1326 인도=True
추가 j57: road2058 1331->1199 인도=True
추가 j76: road2059 1350->1218 인도=True
추가 j84: road2060 1356->1224 인도=True
추가 j90: road2061 1362->1231 인도=True
추가 j93: road2062 1365->1234 인도=True
추가 j98: road2063 1372->1238 인도=True
추가 j99: road2064 1239->1373 인도=True
추가 j100: road2065 1374->1240 인도=True
추가 j105: road2066 1381->1245 인도=True
출력 /home/gyumin/campus_mobility_sim/map/maps/cbnu_internal_only_localtm_tags81_B_smooth_turnfix.xodr: 커넥터 13 추가, 건너뜀 0
