frozen_v1 sha bf835cdfad0cea65 / 입력 osm s29_v2B.osm sha ac071392e6df98f3
노선 번역(--idmap s28_road_id_map_B.csv): {'북문': [1278, 1969, 1393, 1972, 1392, 1485, 1410, 1712, 1411, 1629, 1412, 1728, 1413, 1663, 1414, 1678, 1415], '남문': [1278, 1969, 1393, 1972, 1392, 1484, 1202, 1466, 1271, 1734, 1270, 1464, 1269, 1601, 1268], '중문': [1278, 1969, 1393, 1972, 1392, 1485, 1410, 1712, 1411, 1630, 1314, 1655, 1315, 1644, 1316, 1635, 1317, 1877, 1360], '양성재': [1278, 1969, 1393, 1972, 1392, 1484, 1202, 1465, 1157, 1738, 1156, 1765, 1155, 1772, 1154, 1865, 1153]}
(L2 중심선 기준) xodr 주행 차선 -> lanelet 대응 742/917
xodr 주행 차선 -> lanelet 대응 917/917
point 157767, linestring 끝점 1578
[원본] load 오류 0, lanelet 1433(차량 909), point 157767, checkValidity 0, 뒤 없음 217, 앞 없음 219, 정문(54602) 도달 2/909 (차선변경 없이 2), 연결 간선 946, 차선변경 이웃 0
  노선 북문: 노선 lanelet 16개, 끊김 2곳 r1969(ll 151772)->r1972(ll 151965), r1972(ll 151965)->r1392(ll 106017), 최단경로 없음
  노선 남문: 노선 lanelet 14개, 끊김 2곳 r1969(ll 151772)->r1972(ll 151965), r1972(ll 151965)->r1392(ll 106017), 최단경로 없음
  노선 중문: 노선 lanelet 18개, 끊김 4곳 r1969(ll 151772)->r1972(ll 151965), r1972(ll 151965)->r1392(ll 106017), r1635(ll 128564)->r1317(ll 69906), r1317(ll 69906)->r1877(ll 145451), 최단경로 없음
  노선 양성재: 노선 lanelet 16개, 끊김 2곳 r1969(ll 151772)->r1972(ll 151965), r1972(ll 151965)->r1392(ll 106017), 최단경로 없음

### mode=ends tol=0.01m -> s30_merged_ends_0.01.osm
병합된 점 251(대표점으로 바뀐 점 수), 지운 node 251, 2점 미만 linestring 0
[ends 0.01] load 오류 0, lanelet 1433(차량 909), point 157516, checkValidity 0, 뒤 없음 33, 앞 없음 35, 정문(54602) 도달 5/909 (차선변경 없이 5), 연결 간선 1239, 차선변경 이웃 0
  노선 북문: 노선 lanelet 16개, 끊김 2곳 r1969(ll 151772)->r1972(ll 151965), r1972(ll 151965)->r1392(ll 106017), 최단경로 없음
  노선 남문: 노선 lanelet 14개, 끊김 2곳 r1969(ll 151772)->r1972(ll 151965), r1972(ll 151965)->r1392(ll 106017), 최단경로 없음
  노선 중문: 노선 lanelet 18개, 끊김 4곳 r1969(ll 151772)->r1972(ll 151965), r1972(ll 151965)->r1392(ll 106017), r1635(ll 128564)->r1317(ll 69906), r1317(ll 69906)->r1877(ll 145451), 최단경로 없음
  노선 양성재: 노선 lanelet 16개, 끊김 2곳 r1969(ll 151772)->r1972(ll 151965), r1972(ll 151965)->r1392(ll 106017), 최단경로 없음
새 연결 간선 293, 사라진 간선 0, 새 간선 중 방향 꺾임 90도 넘음 2 예 [(11175, 125124, 112), (154978, 155475, 117)]
병합 이동 거리 분포 {'<1mm': 250, '<1cm': 1}, 1mm 넘게 옮겨진 점 1
과병합: 다른 road 끼리 병합 102, 그중 xodr 링크·같은 junction 아닌 것 0(1mm 넘게 옮김 0)
과병합: 반대 방향 쌍 있는 병합 251, 같은 방향 쌍 없이 반대 방향만 248(1mm 넘게 옮김 1) 예 [(47437, 9548, [1256, 1922, 1925, 1926], [1175, 1923, 1924, 1925], 0.0), (47718, 9267, [1256, 1561], [1175, 1561], 0.0), (53988, 306, [1278, 1417], [1150, 1417], 0.0), (54293, 1, [1278, 1393, 1969, 1970], [1150, 1970], 0.0), (54911, 1116, [1279, 1418], [1151, 1418], 0.0), (55103, 924, [1279, 1889, 1890, 1891], [1151, 1891, 1892, 1896], 0.0)], 끝점 아닌 점이 낀 병합 0
과병합: lanelet 면적 5% 넘게 변함 0, 면적 1m^2 미만으로 줄어듦 0, 중심선이 점 하나로 무너짐 0

### mode=ends tol=0.05m -> s30_merged_ends_0.05.osm
병합된 점 251(대표점으로 바뀐 점 수), 지운 node 251, 2점 미만 linestring 0
[ends 0.05] load 오류 0, lanelet 1433(차량 909), point 157516, checkValidity 0, 뒤 없음 33, 앞 없음 35, 정문(54602) 도달 5/909 (차선변경 없이 5), 연결 간선 1239, 차선변경 이웃 0
  노선 북문: 노선 lanelet 16개, 끊김 2곳 r1969(ll 151772)->r1972(ll 151965), r1972(ll 151965)->r1392(ll 106017), 최단경로 없음
  노선 남문: 노선 lanelet 14개, 끊김 2곳 r1969(ll 151772)->r1972(ll 151965), r1972(ll 151965)->r1392(ll 106017), 최단경로 없음
  노선 중문: 노선 lanelet 18개, 끊김 4곳 r1969(ll 151772)->r1972(ll 151965), r1972(ll 151965)->r1392(ll 106017), r1635(ll 128564)->r1317(ll 69906), r1317(ll 69906)->r1877(ll 145451), 최단경로 없음
  노선 양성재: 노선 lanelet 16개, 끊김 2곳 r1969(ll 151772)->r1972(ll 151965), r1972(ll 151965)->r1392(ll 106017), 최단경로 없음
새 연결 간선 293, 사라진 간선 0, 새 간선 중 방향 꺾임 90도 넘음 2 예 [(11175, 125124, 112), (154978, 155475, 117)]
병합 이동 거리 분포 {'<1mm': 250, '<1cm': 1}, 1mm 넘게 옮겨진 점 1
과병합: 다른 road 끼리 병합 102, 그중 xodr 링크·같은 junction 아닌 것 0(1mm 넘게 옮김 0)
과병합: 반대 방향 쌍 있는 병합 251, 같은 방향 쌍 없이 반대 방향만 248(1mm 넘게 옮김 1) 예 [(47437, 9548, [1256, 1922, 1925, 1926], [1175, 1923, 1924, 1925], 0.0), (47718, 9267, [1256, 1561], [1175, 1561], 0.0), (53988, 306, [1278, 1417], [1150, 1417], 0.0), (54293, 1, [1278, 1393, 1969, 1970], [1150, 1970], 0.0), (54911, 1116, [1279, 1418], [1151, 1418], 0.0), (55103, 924, [1279, 1889, 1890, 1891], [1151, 1891, 1892, 1896], 0.0)], 끝점 아닌 점이 낀 병합 0
과병합: lanelet 면적 5% 넘게 변함 0, 면적 1m^2 미만으로 줄어듦 0, 중심선이 점 하나로 무너짐 0

### mode=ends tol=0.1m -> s30_merged_ends_0.1.osm
병합된 점 251(대표점으로 바뀐 점 수), 지운 node 251, 2점 미만 linestring 0
[ends 0.1] load 오류 0, lanelet 1433(차량 909), point 157516, checkValidity 0, 뒤 없음 33, 앞 없음 35, 정문(54602) 도달 5/909 (차선변경 없이 5), 연결 간선 1239, 차선변경 이웃 0
  노선 북문: 노선 lanelet 16개, 끊김 2곳 r1969(ll 151772)->r1972(ll 151965), r1972(ll 151965)->r1392(ll 106017), 최단경로 없음
  노선 남문: 노선 lanelet 14개, 끊김 2곳 r1969(ll 151772)->r1972(ll 151965), r1972(ll 151965)->r1392(ll 106017), 최단경로 없음
  노선 중문: 노선 lanelet 18개, 끊김 4곳 r1969(ll 151772)->r1972(ll 151965), r1972(ll 151965)->r1392(ll 106017), r1635(ll 128564)->r1317(ll 69906), r1317(ll 69906)->r1877(ll 145451), 최단경로 없음
  노선 양성재: 노선 lanelet 16개, 끊김 2곳 r1969(ll 151772)->r1972(ll 151965), r1972(ll 151965)->r1392(ll 106017), 최단경로 없음
새 연결 간선 293, 사라진 간선 0, 새 간선 중 방향 꺾임 90도 넘음 2 예 [(11175, 125124, 112), (154978, 155475, 117)]
병합 이동 거리 분포 {'<1mm': 250, '<1cm': 1}, 1mm 넘게 옮겨진 점 1
과병합: 다른 road 끼리 병합 102, 그중 xodr 링크·같은 junction 아닌 것 0(1mm 넘게 옮김 0)
과병합: 반대 방향 쌍 있는 병합 251, 같은 방향 쌍 없이 반대 방향만 248(1mm 넘게 옮김 1) 예 [(47437, 9548, [1256, 1922, 1925, 1926], [1175, 1923, 1924, 1925], 0.0), (47718, 9267, [1256, 1561], [1175, 1561], 0.0), (53988, 306, [1278, 1417], [1150, 1417], 0.0), (54293, 1, [1278, 1393, 1969, 1970], [1150, 1970], 0.0), (54911, 1116, [1279, 1418], [1151, 1418], 0.0), (55103, 924, [1279, 1889, 1890, 1891], [1151, 1891, 1892, 1896], 0.0)], 끝점 아닌 점이 낀 병합 0
과병합: lanelet 면적 5% 넘게 변함 0, 면적 1m^2 미만으로 줄어듦 0, 중심선이 점 하나로 무너짐 0

## 남은 끊김 분류
원본 뒤 없음 217: 같은 자리(<0.001m) 184, 0.001~3m 6, 3m 이상 27

### mode=ends tol=0.01: 남은 뒤 없음 33, 원본 47 중 남음 33, 원본 같은 자리 154 중 남음 0, 새로 생김 0

### mode=ends tol=0.05: 남은 뒤 없음 33, 원본 47 중 남음 33, 원본 같은 자리 154 중 남음 0, 새로 생김 0
  ll 8712 roads [1173] 끝 road r1173 junction -1 successor ('junction', 24) 회차 False 다음 시작까지 23.258m(ll 114677) [일반 road / 원본 47]
  ll 17540 roads [1190] 끝 road r1190 junction -1 successor ('junction', 47) 회차 False 다음 시작까지 6.699m(ll 69906) [일반 road / 원본 47]
  ll 26257 roads [1208] 끝 road r1208 junction -1 successor ('junction', 64) 회차 False 다음 시작까지 95.965m(ll 83005) [일반 road / 원본 47]
  ll 69906 roads [1317] 끝 road r1317 junction -1 successor ('junction', 49) 회차 False 다음 시작까지 6.699m(ll 17540) [일반 road / 원본 47]
  ll 94460 roads [1366] 끝 road r1366 junction -1 successor None 회차 False 다음 시작까지 15.717m(ll 96393) [xodr 끝 successor 없음 / 원본 47]
  ll 100693 roads [1379] 끝 road r1379 junction -1 successor None 회차 False 다음 시작까지 22.472m(ll 29562) [xodr 끝 successor 없음 / 원본 47]
  ll 115857 roads [1437] 끝 road r1437 junction 94 successor ('road', 1235) 회차 False 다음 시작까지 4.211m(ll 116827) [교차로 커넥터 / 원본 47]
  ll 115980 roads [1440] 끝 road r1440 junction 94 successor ('road', 1400) 회차 False 다음 시작까지 1.869m(ll 116735) [교차로 커넥터 / 원본 47]
  ll 116735 roads [1454] 끝 road r1454 junction 107 successor ('road', 1250) 회차 False 다음 시작까지 4.329m(ll 45615) [교차로 커넥터 / 원본 47]
  ll 116827 roads [1456] 끝 road r1456 junction 107 successor ('road', 1263) 회차 False 다음 시작까지 2.487m(ll 115857) [교차로 커넥터 / 원본 47]
  ll 117206 roads [1461] 끝 road r1461 junction 85 successor ('road', 1269) 회차 False 다음 시작까지 6.341m(ll 51224) [교차로 커넥터 / 원본 47]
  ll 121544 roads [1519] 끝 road r1519 junction 21 successor ('road', 1166) 회차 False 다음 시작까지 5.481m(ll 6741) [교차로 커넥터 / 원본 47]
  ll 123475 roads [1549] 끝 road r1549 junction 25 successor ('road', 1173) 회차 False 다음 시작까지 6.699m(ll 123534) [교차로 커넥터 / 원본 47]
  ll 123674 roads [1552] 끝 road r1552 junction 25 successor ('road', 1173) 회차 False 다음 시작까지 10.469m(ll 123534) [교차로 커넥터 / 원본 47]
  ll 125847 roads [1589] 끝 road r1589 junction 33 successor ('road', 1308) 회차 False 다음 시작까지 1.558m(ll 64878) [교차로 커넥터 / 원본 47]
  ll 128493 roads [1634] 끝 road r1634 junction 47 successor ('road', 1317) 회차 False 다음 시작까지 6.699m(ll 128358) [교차로 커넥터 / 원본 47]
  ll 128564 roads [1635] 끝 road r1635 junction 47 successor ('road', 1317) 회차 False 다음 시작까지 6.699m(ll 128358) [교차로 커넥터 / 원본 47]
  ll 128826 roads [1639] 끝 road r1639 junction 47 successor ('road', 1317) 회차 False 다음 시작까지 6.699m(ll 128358) [교차로 커넥터 / 원본 47]
  ll 130039 roads [1651] 끝 road r1651 junction 44 successor ('road', 1315) 회차 False 다음 시작까지 9.059m(ll 69329) [교차로 커넥터 / 원본 47]
  ll 136943 roads [1763] 끝 road r1763 junction 66 successor ('road', 1208) 회차 False 다음 시작까지 64.162m(ll 83005) [교차로 커넥터 / 원본 47]
  ll 139126 roads [1791] 끝 road r1791 junction 69 successor ('road', 1211) 회차 False 다음 시작까지 5.988m(ll 27981) [교차로 커넥터 / 원본 47]
  ll 142024 roads [1825] 끝 road r1825 junction 78 successor ('road', 1249) 회차 False 다음 시작까지 4.413m(ll 45350) [교차로 커넥터 / 원본 47]
  ll 142112 roads [1827] 끝 road r1827 junction 78 successor ('road', 1351) 회차 False 다음 시작까지 1.322m(ll 147798) [교차로 커넥터 / 원본 47]
  ll 143798 roads [1852] 끝 road r1852 junction 83 successor ('road', 1354) 회차 False 다음 시작까지 6.289m(ll 87991) [교차로 커넥터 / 원본 47]
  ll 145176 roads [1871] 끝 road r1871 junction 49 successor ('road', 1190) 회차 False 다음 시작까지 8.135m(ll 90786) [교차로 커넥터 / 원본 47]
  ll 145374 roads [1875] 끝 road r1875 junction 49 successor ('road', 1190) 회차 False 다음 시작까지 6.699m(ll 145403) [교차로 커넥터 / 원본 47]
  ll 145490 roads [1878] 끝 road r1878 junction 49 successor ('road', 1190) 회차 False 다음 시작까지 6.699m(ll 145403) [교차로 커넥터 / 원본 47]
  ll 147798 roads [1912] 끝 road r1912 junction 77 successor ('road', 1236) 회차 False 다음 시작까지 4.446m(ll 39632) [교차로 커넥터 / 원본 47]
  ll 148301 roads [1921] 끝 road r1921 junction 29 successor ('road', 1239) 회차 False 다음 시작까지 6.295m(ll 40664) [교차로 커넥터 / 원본 47]
  ll 151772 roads [1393, 1969] 끝 road r1393 junction -1 successor ('junction', 109) 회차 False 다음 시작까지 2.644m(ll 151965) [일반 road / 원본 47]
  ll 151965 roads [1972] 끝 road r1972 junction 109 successor ('road', 1392) 회차 False 다음 시작까지 2.644m(ll 106017) [교차로 커넥터 / 원본 47]
  ll 159165 roads [2038] 끝 road r2038 junction 35 successor ('road', 1225) 회차 False 다음 시작까지 3.692m(ll 33760) [교차로 커넥터 / 원본 47]
  ll 159774 roads [2044] 끝 road r2044 junction 50 successor ('road', 1191) 회차 False 다음 시작까지 6.816m(ll 17764) [교차로 커넥터 / 원본 47]
  분류 {'일반 road / 원본 47': 5, 'xodr 끝 successor 없음 / 원본 47': 2, '교차로 커넥터 / 원본 47': 26}

### mode=ends tol=0.1: 남은 뒤 없음 33, 원본 47 중 남음 33, 원본 같은 자리 154 중 남음 0, 새로 생김 0

frozen_v1 sha bf835cdfad0cea65
