# s23 연결성 분석 — cbnu_internal_only_localtm_tags82_A_smooth.xodr, 출발 r1278 lane -1 s=0
road 905, 방향 간선 1274, junction 99, U턴형 커넥터 148 (막다른 끝 회차 24 / 교차로 안 124)
막다른 끝 회차 커넥터: [1418, 1419, 1562, 1604, 1613, 1622, 1623, 1624, 1704, 1745, 1754, 1755, 1764, 1788, 1802, 1810, 1815, 1839, 1864, 1880, 1912, 1921, 1938, 1939]

## 0-1 도달 (방향 준수)
도달 가능 854 / 905 (94.4%) — 모든 커넥터 허용
도달 가능 732 / 905 (80.9%) — 교차로 안 U턴 금지(막다른 끝 회차는 허용)
U턴 금지 시 추가로 못 가는 road 122: [1444, 1451, 1454, 1459, 1468, 1471, 1477, 1484, 1488, 1492, 1499, 1507, 1516, 1519, 1522, 1527, 1530, 1533, 1538, 1541, 1546, 1557, 1565, 1568, 1577, 1580, 1585, 1592, 1595, 1598, 1601, 1607, 1612, 1616, 1619, 1627, 1632, 1635, 1638, 1641, 1644, 1649, 1654, 1657, 1660, 1663, 1670, 1675, 1678, 1681, 1684, 1695, 1698, 1701, 1708, 1711, 1716, 1719, 1722, 1727, 1732, 1737, 1744, 1750, 1753, 1760, 1763, 1771, 1776, 1779, 1782, 1787, 1791, 1792, 1801, 1807, 1818, 1821, 1830, 1835, 1838, 1842, 1845, 1848, 1851, 1852, 1853, 1856, 1863, 1867, 1874, 1879, 1892, 1898, 1902, 1917, 1920, 1922, 1926, 1931, 1934, 1937, 1942, 1948, 1950, 1952, 1954, 1961, 1964, 1969, 1983, 1987, 2003, 2004, 2007, 2016, 2017, 2026, 2030, 2034, 2038, 2048]
도달 불가 51
반쪽 도로 쌍(양방향 길) 129쌍, 짝 없는 일반 road 10
도달 불가 사유:
  역방향만 존재(본망으로 나가는 쪽만 연결): 51
  보도·주차장 등 비주행 lane: 0 (878 road 전부 lane -1 = driving, 보도는 lane -2 로 같은 road 안)

## 0-2 왕복
정문 진입 road r1278 로 돌아올 수 있는 road(도달 가능 중) 803 / 905 (88.7%): [1150, 1151, 1152, 1153, 1154, 1155, 1156, 1157, 1158, 1159, 1160, 1161, 1164, 1165, 1166, 1167, 1168, 1169, 1170, 1171, 1172, 1173, 1175, 1176, 1177, 1178, 1179, 1180, 1181, 1182, 1183, 1184, 1185, 1186, 1187, 1188, 1189, 1190, 1191, 1192, 1193, 1194, 1195, 1197, 1198, 1200, 1201, 1202, 1203, 1204, 1205, 1206, 1207, 1208, 1209, 1210, 1211, 1212, 1213, 1214, 1215, 1216, 1217, 1219, 1220, 1221, 1222, 1223, 1225, 1226, 1227, 1228, 1229, 1230, 1235, 1236, 1237, 1241, 1242, 1243, 1244, 1246, 1247, 1248, 1249, 1250, 1251, 1252, 1253, 1254, 1255, 1256, 1257, 1258, 1259, 1260, 1261, 1262, 1263, 1264, 1265, 1266, 1267, 1268, 1269, 1270, 1271, 1272, 1273, 1274, 1275, 1276, 1277, 1278, 1279, 1280, 1281, 1282, 1283, 1284, 1285, 1286, 1287, 1288, 1289, 1292, 1293, 1294, 1295, 1296, 1297, 1298, 1299, 1300, 1301, 1303, 1304, 1305, 1306, 1307, 1308, 1309, 1310, 1311, 1312, 1313, 1314, 1315, 1316, 1317, 1318, 1319, 1320, 1321, 1322, 1323, 1324, 1325, 1327, 1328, 1329, 1330, 1332, 1333, 1334, 1335, 1336, 1337, 1338, 1339, 1340, 1341, 1342, 1343, 1344, 1345, 1346, 1347, 1348, 1349, 1351, 1352, 1353, 1354, 1355, 1357, 1358, 1359, 1360, 1361, 1363, 1367, 1369, 1370, 1371, 1375, 1376, 1377, 1378, 1380, 1382, 1383, 1384, 1385, 1386, 1387, 1388, 1389, 1390, 1391, 1392, 1393, 1394, 1395, 1396, 1397, 1398, 1399, 1400, 1401, 1402, 1403, 1404, 1405, 1406, 1407, 1408, 1409, 1410, 1411, 1412, 1413, 1414, 1415, 1416, 1417, 1418, 1419, 1420, 1421, 1422, 1423, 1424, 1425, 1426, 1427, 1428, 1429, 1430, 1431, 1432, 1433, 1434, 1435, 1436, 1437, 1438, 1439, 1440, 1441, 1442, 1443, 1444, 1445, 1446, 1447, 1448, 1449, 1450, 1451, 1452, 1453, 1454, 1455, 1456, 1457, 1458, 1459, 1460, 1465, 1466, 1467, 1468, 1469, 1470, 1471, 1472, 1473, 1474, 1475, 1476, 1477, 1478, 1479, 1480, 1481, 1482, 1483, 1484, 1485, 1486, 1487, 1488, 1489, 1490, 1492, 1497, 1498, 1499, 1500, 1502, 1504, 1505, 1507, 1510, 1511, 1512, 1513, 1514, 1515, 1516, 1517, 1518, 1519, 1520, 1521, 1522, 1523, 1524, 1525, 1526, 1527, 1528, 1529, 1530, 1531, 1532, 1533, 1534, 1535, 1536, 1537, 1538, 1539, 1540, 1541, 1542, 1543, 1544, 1545, 1546, 1547, 1548, 1549, 1550, 1551, 1552, 1553, 1554, 1556, 1557, 1558, 1562, 1563, 1564, 1565, 1566, 1567, 1568, 1569, 1570, 1571, 1572, 1573, 1574, 1575, 1576, 1577, 1578, 1579, 1580, 1581, 1582, 1583, 1584, 1585, 1586, 1587, 1588, 1589, 1590, 1591, 1592, 1593, 1594, 1595, 1596, 1597, 1598, 1599, 1600, 1601, 1602, 1603, 1604, 1605, 1606, 1607, 1608, 1609, 1610, 1611, 1612, 1613, 1614, 1615, 1616, 1617, 1618, 1619, 1620, 1621, 1622, 1623, 1624, 1625, 1626, 1627, 1628, 1629, 1630, 1631, 1632, 1633, 1634, 1635, 1636, 1637, 1638, 1639, 1640, 1641, 1642, 1643, 1644, 1645, 1646, 1647, 1648, 1649, 1650, 1651, 1652, 1653, 1654, 1655, 1656, 1657, 1658, 1659, 1660, 1661, 1662, 1663, 1664, 1665, 1666, 1667, 1668, 1669, 1670, 1671, 1672, 1673, 1674, 1675, 1676, 1677, 1678, 1679, 1680, 1681, 1683, 1684, 1685, 1689, 1690, 1691, 1692, 1693, 1694, 1695, 1696, 1697, 1698, 1699, 1700, 1701, 1702, 1703, 1704, 1705, 1706, 1707, 1708, 1709, 1710, 1711, 1712, 1713, 1714, 1715, 1716, 1717, 1718, 1719, 1720, 1721, 1722, 1723, 1724, 1725, 1726, 1727, 1728, 1729, 1730, 1731, 1732, 1733, 1734, 1735, 1736, 1737, 1738, 1739, 1740, 1741, 1742, 1743, 1744, 1745, 1746, 1747, 1748, 1749, 1750, 1751, 1752, 1753, 1754, 1755, 1756, 1757, 1758, 1759, 1760, 1761, 1762, 1763, 1764, 1765, 1766, 1767, 1768, 1769, 1770, 1771, 1772, 1773, 1774, 1775, 1776, 1777, 1778, 1779, 1780, 1781, 1782, 1783, 1784, 1785, 1786, 1787, 1788, 1789, 1790, 1791, 1792, 1793, 1794, 1795, 1796, 1797, 1798, 1799, 1800, 1801, 1802, 1803, 1804, 1805, 1806, 1807, 1808, 1809, 1810, 1811, 1812, 1813, 1814, 1815, 1816, 1817, 1818, 1819, 1820, 1821, 1822, 1823, 1824, 1825, 1826, 1827, 1828, 1829, 1830, 1831, 1832, 1833, 1834, 1835, 1836, 1837, 1838, 1839, 1840, 1841, 1842, 1843, 1844, 1845, 1846, 1847, 1848, 1849, 1850, 1851, 1852, 1853, 1854, 1855, 1856, 1857, 1858, 1859, 1860, 1861, 1862, 1863, 1864, 1865, 1866, 1867, 1868, 1869, 1870, 1871, 1872, 1873, 1874, 1875, 1876, 1877, 1878, 1879, 1880, 1882, 1890, 1892, 1897, 1898, 1902, 1911, 1912, 1913, 1914, 1915, 1916, 1917, 1918, 1919, 1920, 1921, 1923, 1924, 1926, 1929, 1930, 1931, 1932, 1933, 1934, 1935, 1936, 1937, 1938, 1939, 1940, 1941, 1942, 1943, 1944, 1945, 1946, 1947, 1948, 1949, 1950, 1951, 1952, 1953, 1954, 1955, 1960, 1961, 1962, 1964, 1968, 1969, 1970, 1971, 1972, 1973, 1974, 1975, 1981, 1982, 1983, 1984, 1986, 1987, 1989, 1990, 1991, 1992, 1994, 1995, 1996, 2001, 2002, 2003, 2004, 2005, 2006, 2007, 2008, 2009, 2010, 2011, 2012, 2013, 2014, 2015, 2016, 2017, 2018, 2019, 2020, 2021, 2022, 2023, 2024, 2025, 2026, 2027, 2028, 2029, 2030, 2031, 2032, 2033, 2034, 2035, 2036, 2037, 2038, 2039, 2040, 2041, 2042, 2043, 2044, 2045, 2046, 2047, 2048, 2049, 2050, 2051, 2052, 2053, 2054]
r1278 에 도달할 수 있는 road 전체(도달 여부 무관) 847: [1150, 1151, 1152, 1153, 1154, 1155, 1156, 1157, 1158, 1159, 1160, 1161, 1164, 1165, 1166, 1167, 1168, 1169, 1170, 1171, 1172, 1173, 1175, 1176, 1177, 1178, 1179, 1180, 1181, 1182, 1183, 1184, 1185, 1186, 1187, 1188, 1189, 1190, 1191, 1192, 1193, 1194, 1195, 1197, 1198, 1199, 1200, 1201, 1202, 1203, 1204, 1205, 1206, 1207, 1208, 1209, 1210, 1211, 1212, 1213, 1214, 1215, 1216, 1217, 1218, 1219, 1220, 1221, 1222, 1223, 1224, 1225, 1226, 1227, 1228, 1229, 1230, 1231, 1233, 1234, 1235, 1236, 1237, 1238, 1240, 1241, 1242, 1243, 1244, 1245, 1246, 1247, 1248, 1249, 1250, 1251, 1252, 1253, 1254, 1255, 1256, 1257, 1258, 1259, 1260, 1261, 1262, 1263, 1264, 1265, 1266, 1267, 1268, 1269, 1270, 1271, 1272, 1273, 1274, 1275, 1276, 1277, 1278, 1279, 1280, 1281, 1282, 1283, 1284, 1285, 1286, 1287, 1288, 1289, 1290, 1291, 1292, 1293, 1294, 1295, 1296, 1297, 1298, 1299, 1300, 1301, 1302, 1303, 1304, 1305, 1306, 1307, 1308, 1309, 1310, 1311, 1312, 1313, 1314, 1315, 1316, 1317, 1318, 1319, 1320, 1321, 1322, 1323, 1324, 1325, 1326, 1327, 1328, 1329, 1330, 1332, 1333, 1334, 1335, 1336, 1337, 1338, 1339, 1340, 1341, 1342, 1343, 1344, 1345, 1346, 1347, 1348, 1349, 1351, 1352, 1353, 1354, 1355, 1357, 1358, 1359, 1360, 1361, 1363, 1367, 1368, 1369, 1370, 1371, 1373, 1375, 1376, 1377, 1378, 1380, 1382, 1383, 1384, 1385, 1386, 1387, 1388, 1389, 1390, 1391, 1392, 1393, 1394, 1395, 1396, 1397, 1398, 1399, 1400, 1401, 1402, 1403, 1404, 1405, 1406, 1407, 1408, 1409, 1410, 1411, 1412, 1413, 1414, 1415, 1416, 1417, 1418, 1419, 1420, 1421, 1422, 1423, 1424, 1425, 1426, 1427, 1428, 1429, 1430, 1431, 1432, 1433, 1434, 1435, 1436, 1437, 1438, 1439, 1440, 1441, 1442, 1443, 1444, 1445, 1446, 1447, 1448, 1449, 1450, 1451, 1452, 1453, 1454, 1455, 1456, 1457, 1458, 1459, 1460, 1462, 1463, 1465, 1466, 1467, 1468, 1469, 1470, 1471, 1472, 1473, 1474, 1475, 1476, 1477, 1478, 1479, 1480, 1481, 1482, 1483, 1484, 1485, 1486, 1487, 1488, 1489, 1490, 1492, 1493, 1494, 1495, 1497, 1498, 1499, 1500, 1502, 1504, 1505, 1507, 1508, 1509, 1510, 1511, 1512, 1513, 1514, 1515, 1516, 1517, 1518, 1519, 1520, 1521, 1522, 1523, 1524, 1525, 1526, 1527, 1528, 1529, 1530, 1531, 1532, 1533, 1534, 1535, 1536, 1537, 1538, 1539, 1540, 1541, 1542, 1543, 1544, 1545, 1546, 1547, 1548, 1549, 1550, 1551, 1552, 1553, 1554, 1556, 1557, 1558, 1560, 1561, 1562, 1563, 1564, 1565, 1566, 1567, 1568, 1569, 1570, 1571, 1572, 1573, 1574, 1575, 1576, 1577, 1578, 1579, 1580, 1581, 1582, 1583, 1584, 1585, 1586, 1587, 1588, 1589, 1590, 1591, 1592, 1593, 1594, 1595, 1596, 1597, 1598, 1599, 1600, 1601, 1602, 1603, 1604, 1605, 1606, 1607, 1608, 1609, 1610, 1611, 1612, 1613, 1614, 1615, 1616, 1617, 1618, 1619, 1620, 1621, 1622, 1623, 1624, 1625, 1626, 1627, 1628, 1629, 1630, 1631, 1632, 1633, 1634, 1635, 1636, 1637, 1638, 1639, 1640, 1641, 1642, 1643, 1644, 1645, 1646, 1647, 1648, 1649, 1650, 1651, 1652, 1653, 1654, 1655, 1656, 1657, 1658, 1659, 1660, 1661, 1662, 1663, 1664, 1665, 1666, 1667, 1668, 1669, 1670, 1671, 1672, 1673, 1674, 1675, 1676, 1677, 1678, 1679, 1680, 1681, 1683, 1684, 1685, 1687, 1688, 1689, 1690, 1691, 1692, 1693, 1694, 1695, 1696, 1697, 1698, 1699, 1700, 1701, 1702, 1703, 1704, 1705, 1706, 1707, 1708, 1709, 1710, 1711, 1712, 1713, 1714, 1715, 1716, 1717, 1718, 1719, 1720, 1721, 1722, 1723, 1724, 1725, 1726, 1727, 1728, 1729, 1730, 1731, 1732, 1733, 1734, 1735, 1736, 1737, 1738, 1739, 1740, 1741, 1742, 1743, 1744, 1745, 1746, 1747, 1748, 1749, 1750, 1751, 1752, 1753, 1754, 1755, 1756, 1757, 1758, 1759, 1760, 1761, 1762, 1763, 1764, 1765, 1766, 1767, 1768, 1769, 1770, 1771, 1772, 1773, 1774, 1775, 1776, 1777, 1778, 1779, 1780, 1781, 1782, 1783, 1784, 1785, 1786, 1787, 1788, 1789, 1790, 1791, 1792, 1793, 1794, 1795, 1796, 1797, 1798, 1799, 1800, 1801, 1802, 1803, 1804, 1805, 1806, 1807, 1808, 1809, 1810, 1811, 1812, 1813, 1814, 1815, 1816, 1817, 1818, 1819, 1820, 1821, 1822, 1823, 1824, 1825, 1826, 1827, 1828, 1829, 1830, 1831, 1832, 1833, 1834, 1835, 1836, 1837, 1838, 1839, 1840, 1841, 1842, 1843, 1844, 1845, 1846, 1847, 1848, 1849, 1850, 1851, 1852, 1853, 1854, 1855, 1856, 1857, 1858, 1859, 1860, 1861, 1862, 1863, 1864, 1865, 1866, 1867, 1868, 1869, 1870, 1871, 1872, 1873, 1874, 1875, 1876, 1877, 1878, 1879, 1880, 1882, 1884, 1887, 1890, 1892, 1893, 1894, 1897, 1898, 1902, 1903, 1907, 1911, 1912, 1913, 1914, 1915, 1916, 1917, 1918, 1919, 1920, 1921, 1923, 1924, 1926, 1927, 1928, 1929, 1930, 1931, 1932, 1933, 1934, 1935, 1936, 1937, 1938, 1939, 1940, 1941, 1942, 1943, 1944, 1945, 1946, 1947, 1948, 1949, 1950, 1951, 1952, 1953, 1954, 1955, 1957, 1958, 1960, 1961, 1962, 1964, 1965, 1966, 1968, 1969, 1970, 1971, 1972, 1973, 1974, 1975, 1977, 1978, 1979, 1981, 1982, 1983, 1984, 1986, 1987, 1989, 1990, 1991, 1992, 1994, 1995, 1996, 1998, 1999, 2000, 2001, 2002, 2003, 2004, 2005, 2006, 2007, 2008, 2009, 2010, 2011, 2012, 2013, 2014, 2015, 2016, 2017, 2018, 2019, 2020, 2021, 2022, 2023, 2024, 2025, 2026, 2027, 2028, 2029, 2030, 2031, 2032, 2033, 2034, 2035, 2036, 2037, 2038, 2039, 2040, 2041, 2042, 2043, 2044, 2045, 2046, 2047, 2048, 2049, 2050, 2051, 2052, 2053, 2054]
r1278 앞 road(pred): [1418]
강연결 성분 103개, 가장 큰 것 803 road (정문 r1278 포함: True)
[참고] 정문 복귀 대신 '주 순환망(가장 큰 SCC)으로 복귀' 기준: 도달 854 중 복귀 가능 803, 갇힘 51
  갇히는 road(주 순환망으로 못 돌아옴): [1162, 1163, 1174, 1196, 1232, 1239, 1331, 1350, 1356, 1362, 1364, 1365, 1366, 1372, 1374, 1379, 1381, 1461, 1464, 1491, 1496, 1501, 1503, 1506, 1555, 1559, 1682, 1686, 1881, 1883, 1888, 1889, 1891, 1896, 1899, 1900, 1901, 1909, 1910, 1922, 1925, 1956, 1959, 1963, 1967, 1976, 1980, 1985, 1988, 1993, 1997]
막다른 road(도달 가능, 다음 road 0) 15: [1162, 1163, 1174, 1196, 1239, 1331, 1350, 1356, 1362, 1365, 1366, 1372, 1374, 1379, 1381]
정의 없는 junction 참조(커넥터 0 = 회차 없는 막다른 끝) 13:
  j16: ['r1162.succ', 'r1290.pred']
  j18: ['r1163.succ', 'r1291.pred']
  j27: ['r1174.succ', 'r1302.pred']
  j56: ['r1196.succ', 'r1326.pred']
  j57: ['r1199.pred', 'r1331.succ']
  j76: ['r1218.pred', 'r1350.succ']
  j84: ['r1224.pred', 'r1356.succ']
  j90: ['r1231.pred', 'r1362.succ']
  j93: ['r1234.pred', 'r1365.succ']
  j98: ['r1238.pred', 'r1372.succ']
  j99: ['r1239.succ', 'r1373.pred']
  j100: ['r1240.pred', 'r1374.succ']
  j105: ['r1245.pred', 'r1381.succ']
  막다른 r1162 -> 짝 r1290 도달 아니오
  막다른 r1163 -> 짝 r1291 도달 아니오
  막다른 r1174 -> 짝 r1302 도달 아니오
  막다른 r1196 -> 짝 r1326 도달 아니오
  막다른 r1239 -> 짝 r1373 도달 아니오
  막다른 r1331 -> 짝 r1199 도달 아니오
  막다른 r1350 -> 짝 r1218 도달 아니오
  막다른 r1356 -> 짝 r1224 도달 아니오
  막다른 r1362 -> 짝 r1231 도달 아니오
  막다른 r1365 -> 짝 r1234 도달 아니오
  막다른 r1366 -> 짝 없음(일방통행)
  막다른 r1372 -> 짝 r1238 도달 아니오
  막다른 r1374 -> 짝 r1240 도달 아니오
  막다른 r1379 -> 짝 없음(일방통행)
  막다른 r1381 -> 짝 r1245 도달 아니오
회차 연결로(막다른 끝 회차 커넥터)가 있는 막다른 길 24개, 그중 도달 가능 24: [1418, 1419, 1562, 1604, 1613, 1622, 1623, 1624, 1704, 1745, 1754, 1755, 1764, 1788, 1802, 1810, 1815, 1839, 1864, 1880, 1912, 1921, 1938, 1939]
  r1418 j2 길이 9.89 앞 [1150] 뒤 [1278] 위치 CARLA (219,-1089) 도달 예
  r1419 j4 길이 9.89 앞 [1151] 뒤 [1279] 위치 CARLA (1173,-205) 도달 예
  r1562 j28 길이 9.89 앞 [1256] 뒤 [1175] 위치 CARLA (529,1) 도달 예
  r1604 j36 길이 9.89 앞 [1309] 뒤 [1181] 위치 CARLA (606,-712) 도달 예
  r1613 j38 길이 9.89 앞 [1310] 뒤 [1182] 위치 CARLA (867,-575) 도달 예
  r1622 j40 길이 9.89 앞 [1311] 뒤 [1183] 위치 CARLA (792,-534) 도달 예
  r1623 j110 길이 9.89 앞 [1325] 뒤 [1312] 위치 CARLA (808,-735) 도달 예
  r1624 j42 길이 9.89 앞 [1313] 뒤 [1184] 위치 CARLA (422,-1045) 도달 예
  r1704 j112 길이 9.89 앞 [1416] 뒤 [1410] 위치 CARLA (751,-696) 도달 예
  r1745 j63 길이 9.89 앞 [1337] 뒤 [1205] 위치 CARLA (197,-809) 도달 예
  r1754 j67 길이 9.89 앞 [1209] 뒤 [1341] 위치 CARLA (136,-752) 도달 예
  r1755 j65 길이 9.89 앞 [1207] 뒤 [1340] 위치 CARLA (92,-915) 도달 예
  r1764 j66 길이 9.89 앞 [1339] 뒤 [1208] 위치 CARLA (73,-737) 도달 예
  r1788 j72 길이 9.89 앞 [1214] 뒤 [1346] 위치 CARLA (97,-638) 도달 예
  r1802 j73 길이 9.89 앞 [1215] 뒤 [1347] 위치 CARLA (125,-651) 도달 예
  r1810 j74 길이 9.89 앞 [1348] 뒤 [1216] 위치 CARLA (171,-458) 도달 예
  r1815 j104 길이 9.89 앞 [1380] 뒤 [1244] 위치 CARLA (-1,-466) 도달 예
  r1839 j81 길이 9.89 앞 [1221] 뒤 [1353] 위치 CARLA (719,-395) 도달 예
  r1864 j82 길이 9.89 앞 [1354] 뒤 [1222] 위치 CARLA (1015,-442) 도달 예
  r1880 j88 길이 9.89 앞 [1360] 뒤 [1229] 위치 CARLA (667,-990) 도달 예
  r1912 j95 길이 9.89 앞 [1235] 뒤 [1369] 위치 CARLA (477,-606) 도달 예
  r1921 j97 길이 9.89 앞 [1237] 뒤 [1371] 위치 CARLA (793,-375) 도달 예
  r1938 j101 길이 9.89 앞 [1375] 뒤 [1241] 위치 CARLA (780,-275) 도달 예
  r1939 j103 길이 9.89 앞 [1242] 뒤 [1376] 위치 CARLA (685,-776) 도달 예

## 0-3 도달 불가 덩어리
덩어리 13개, 가장 큰 덩어리 road 수 10

### 덩어리 1
road 10, 길이 합 370m, 중심 CARLA (270,-311), 가까운 건물 명덕관 (S17-2) 196m
캠퍼스 폴리곤 안 road 9/10
사유: {'역방향만 존재(본망으로 나가는 쪽만 연결)': 10}
road: [1233, 1234, 1240, 1884, 1885, 1886, 1887, 1903, 1904, 1905]
junction: [89, 92]
본망 -> 덩어리(도달): 미변환 way 0개, 가중 비용 0
덩어리 -> 본망(복귀): 미변환 way 0개, 가중 비용 0

### 덩어리 2
road 4, 길이 합 273m, 중심 CARLA (1082,-203), 가까운 건물 신학생회관 (E3) 470m
캠퍼스 폴리곤 안 road 3/4
사유: {'역방향만 존재(본망으로 나가는 쪽만 연결)': 4}
road: [1368, 1893, 1894, 1895]
junction: [3]
본망 -> 덩어리(도달): 미변환 way 2개, 가중 비용 81
  way481475019 service/parking_aisle 37m 폴리곤안 100%
  way452870644 service/parking_aisle 52m 폴리곤안 100%
덩어리 -> 본망(복귀): 미변환 way 0개, 가중 비용 0

### 덩어리 3
road 4, 길이 합 232m, 중심 CARLA (362,-540), 가까운 건물 구학생회관 (S14) 36m
캠퍼스 폴리곤 안 road 4/4
사유: {'역방향만 존재(본망으로 나가는 쪽만 연결)': 4}
road: [1199, 1998, 1999, 2000]
junction: [6]
본망 -> 덩어리(도달): 미변환 way 0개, 가중 비용 0
덩어리 -> 본망(복귀): 미변환 way 0개, 가중 비용 0

### 덩어리 4
road 3, 길이 합 172m, 중심 CARLA (416,-109), 가까운 건물 명덕관 (S17-2) 443m
캠퍼스 폴리곤 안 road 3/3
사유: {'역방향만 존재(본망으로 나가는 쪽만 연결)': 3}
road: [1373, 1927, 1928]
junction: [29]
본망 -> 덩어리(도달): 미변환 way 0개, 가중 비용 0
덩어리 -> 본망(복귀): 미변환 way 0개, 가중 비용 0

### 덩어리 5
road 4, 길이 합 154m, 중심 CARLA (339,-359), 가까운 건물 명덕관 (S17-2) 198m
캠퍼스 폴리곤 안 road 4/4
사유: {'역방향만 존재(본망으로 나가는 쪽만 연결)': 4}
road: [1290, 1493, 1494, 1495]
junction: [15]
본망 -> 덩어리(도달): 미변환 way 0개, 가중 비용 0
덩어리 -> 본망(복귀): 미변환 way 0개, 가중 비용 0

### 덩어리 6
road 3, 길이 합 117m, 중심 CARLA (98,-488), 가까운 건물 등용관 (S17-6) 37m
캠퍼스 폴리곤 안 road 2/3
사유: {'역방향만 존재(본망으로 나가는 쪽만 연결)': 3}
road: [1245, 1957, 1958]
junction: [71]
본망 -> 덩어리(도달): 미변환 way 0개, 가중 비용 0
덩어리 -> 본망(복귀): 미변환 way 0개, 가중 비용 0

### 덩어리 7
road 3, 길이 합 115m, 중심 CARLA (479,-595), 가까운 건물 자연과학대학 본관 (S1-1) 81m
캠퍼스 폴리곤 안 road 3/3
사유: {'역방향만 존재(본망으로 나가는 쪽만 연결)': 3}
road: [1224, 1462, 1463]
junction: [85]
본망 -> 덩어리(도달): 미변환 way 0개, 가중 비용 0
덩어리 -> 본망(복귀): 미변환 way 0개, 가중 비용 0

### 덩어리 8
road 4, 길이 합 105m, 중심 CARLA (247,-383), 가까운 건물 명덕관 (S17-2) 122m
캠퍼스 폴리곤 안 road 4/4
사유: {'역방향만 존재(본망으로 나가는 쪽만 연결)': 4}
road: [1231, 1906, 1907, 1908]
junction: [89]
본망 -> 덩어리(도달): 미변환 way 0개, 가중 비용 0
덩어리 -> 본망(복귀): 미변환 way 0개, 가중 비용 0

### 덩어리 9
road 3, 길이 합 102m, 중심 CARLA (709,-129), 가까운 건물 신학생회관 (E3) 400m
캠퍼스 폴리곤 안 road 3/3
사유: {'역방향만 존재(본망으로 나가는 쪽만 연결)': 3}
road: [1218, 1965, 1966]
junction: [75]
본망 -> 덩어리(도달): 미변환 way 0개, 가중 비용 0
덩어리 -> 본망(복귀): 미변환 way 0개, 가중 비용 0

### 덩어리 10
road 3, 길이 합 90m, 중심 CARLA (589,-405), 가까운 건물 자연과학대학 본관 (S1-1) 148m
캠퍼스 폴리곤 안 road 3/3
사유: {'역방향만 존재(본망으로 나가는 쪽만 연결)': 3}
road: [1302, 1560, 1561]
junction: [26]
본망 -> 덩어리(도달): 미변환 way 0개, 가중 비용 0
덩어리 -> 본망(복귀): 미변환 way 0개, 가중 비용 0

### 덩어리 11
road 3, 길이 합 59m, 중심 CARLA (754,-893), 가까운 건물 법학관 (N18) 57m
캠퍼스 폴리곤 안 road 3/3
사유: {'역방향만 존재(본망으로 나가는 쪽만 연결)': 3}
road: [1326, 1687, 1688]
junction: [55]
본망 -> 덩어리(도달): 미변환 way 0개, 가중 비용 0
덩어리 -> 본망(복귀): 미변환 way 0개, 가중 비용 0

### 덩어리 12
road 4, 길이 합 56m, 중심 CARLA (841,-368), 가까운 건물 신학생회관 (E3) 187m
캠퍼스 폴리곤 안 road 4/4
사유: {'역방향만 존재(본망으로 나가는 쪽만 연결)': 4}
road: [1238, 1977, 1978, 1979]
junction: [96]
본망 -> 덩어리(도달): 미변환 way 0개, 가중 비용 0
덩어리 -> 본망(복귀): 미변환 way 0개, 가중 비용 0

### 덩어리 13
road 3, 길이 합 45m, 중심 CARLA (449,-269), 가까운 건물 자연과학대학 본관 (S1-1) 293m
캠퍼스 폴리곤 안 road 3/3
사유: {'역방향만 존재(본망으로 나가는 쪽만 연결)': 3}
road: [1291, 1508, 1509]
junction: [17]
본망 -> 덩어리(도달): 미변환 way 0개, 가중 비용 0
덩어리 -> 본망(복귀): 미변환 way 0개, 가중 비용 0

## 0-4 요약
도달 가능 854 / 905 (94.4%)
왕복 가능 803 / 905 (88.7%)
고립 덩어리 13개
가장 큰 덩어리의 도로 수 10
road1333 덩어리 포함: False
