Options: sw 1 ba 0 cross 1
Options: sw 1 ba 0 cross 1
Options: sw 1 ba 0 cross 1
[iter 1] road 905 junction 99 문제구간 f<0.30: 88 f<0: 58
  대상 way 22개, 필렛 적용 33개 (정렬 median 0.18m)
[iter 2] road 905 junction 99 문제구간 f<0.30: 63 f<0: 44
  대상 way 3개, 필렛 적용 5개 (정렬 median 0.17m)
[iter 3] road 905 junction 99 문제구간 f<0.30: 60 f<0: 43
  신규 대상 없음 -> 종료 (정렬 median 0.17m)
필렛 38개, 변경 way 17개, 신규 노드 168개, 건너뜀 38건
출력 OSM: /home/gyumin/campus_mobility_sim/map/data/processed/cbnu_internal_boundary_tags82_A_smooth.osm
로그: s28_smoothing_tags82_A_changes.csv, s28_smoothing_tags82_A_skipped.csv, s28_smoothing_tags82_A_report.json
Options: sw 1 ba 0 cross 1
변환 완료: /home/gyumin/campus_mobility_sim/map/maps/cbnu_internal_only_localtm_tags82_A_smooth.xodr
출력크기: 2190951 bytes
로그: /home/gyumin/campus_mobility_sim/map/logs/osm_to_xodr_20261007_141051.log
[0] 안 A: 추가 way 9개 (제외 없음)
[1] 입력 해시
  일치 c383870eb4d1e196 (기대 c383870eb4d1e196) data/raw/cbnu_campus.osm
  일치 bf835cdfad0cea65 (기대 bf835cdfad0cea65) maps/cbnu_internal_only_localtm_tags73_smooth.xodr
  일치 dfcc5ff7b1a41532 (기대 dfcc5ff7b1a41532) data/processed/cbnu_campus_fixed_tags73.osm
  일치 ce457630b2de089f (기대 ce457630b2de089f) data/processed/cbnu_internal_boundary_tags73.osm
  일치 caa2c69b026ccc75 (기대 caa2c69b026ccc75) data/processed/cbnu_internal_boundary_tags73_smooth.osm
[2] 추가 way
  기존 보정 73건, 추가 9건, 겹침 0
  way481950060 highway=service service=parking_aisle oneway=yes
  way442595850 highway=service service=parking_aisle oneway=yes
  way481945510 highway=service service=parking_aisle oneway=yes
  way481943505 highway=service service=parking_aisle oneway=yes
  way481475019 highway=service service=parking_aisle oneway=-
  way452870644 highway=service service=parking_aisle oneway=-
  way481945509 highway=service service=parking_aisle oneway=yes
  way481943503 highway=service service=parking_aisle oneway=yes
  way392632034 highway=service service=parking_aisle oneway=-
[3] 분류(메모리 안, 파일 안 씀)
  internal/boundary/external (447, 38, 664) (기대 (447, 38, 664))
  way481950060: internal
  way442595850: internal
  way481945510: internal
  way481943505: internal
  way481475019: internal
  way452870644: internal
  way481945509: internal
  way481943503: internal
  way392632034: boundary
[4] 출력 경로(없어야 함)
  없음 data/processed/cbnu_campus_fixed_tags82_A.osm
  없음 data/processed/cbnu_internal_boundary_tags82_A.osm
  없음 data/processed/cbnu_internal_boundary_tags82_A_smooth.osm
  없음 maps/cbnu_internal_only_localtm_tags82_A_smooth.xodr
점검 결과: 문제 0건
[run] 태그 보정 82건 -> cbnu_campus_fixed_tags82_A.osm
[run] 분류 사본 way 485 node 1648 -> cbnu_internal_boundary_tags82_A.osm
[run] 출력 /home/gyumin/campus_mobility_sim/map/maps/cbnu_internal_only_localtm_tags82_A_smooth.xodr sha a0b2d75b8d24d20c
[run] frozen_v1 재확인 bf835cdfad0cea65 (기대 bf835cdfad0cea65)
	Command being timed: ".venv-carla/bin/python map/scripts/s27_reconvert.py run --variant A"
	User time (seconds): 33.47
	System time (seconds): 1.47
	Percent of CPU this job got: 103%
	Elapsed (wall clock) time (h:mm:ss or m:ss): 0:33.71
	Average shared text size (kbytes): 0
	Average unshared data size (kbytes): 0
	Average stack size (kbytes): 0
	Average total size (kbytes): 0
	Maximum resident set size (kbytes): 299376
	Average resident set size (kbytes): 0
	Major (requiring I/O) page faults: 0
	Minor (reclaiming a frame) page faults: 288109
	Voluntary context switches: 23
	Involuntary context switches: 235
	Swaps: 0
	File system inputs: 0
	File system outputs: 11200
	Socket messages sent: 0
	Socket messages received: 0
	Signals delivered: 0
	Page size (bytes): 4096
	Exit status: 0
