# s23 연결성 분석 — cbnu_internal_only_localtm_tags81_B_smooth.xodr, 출발 r1278 lane -1 s=0
road 904, 방향 간선 1274, junction 99, U턴형 커넥터 150 (막다른 끝 회차 24 / 교차로 안 126)
막다른 끝 회차 커넥터: [1417, 1418, 1561, 1603, 1612, 1621, 1622, 1623, 1703, 1744, 1753, 1754, 1763, 1787, 1801, 1809, 1814, 1838, 1863, 1879, 1911, 1920, 1937, 1938]

## 0-1 도달 (방향 준수)
도달 가능 853 / 904 (94.4%) — 모든 커넥터 허용
도달 가능 727 / 904 (80.4%) — 교차로 안 U턴 금지(막다른 끝 회차는 허용)
U턴 금지 시 추가로 못 가는 road 126: [1150, 1417, 1443, 1450, 1453, 1458, 1467, 1470, 1476, 1483, 1487, 1491, 1498, 1506, 1515, 1518, 1521, 1526, 1529, 1532, 1537, 1540, 1545, 1556, 1564, 1567, 1576, 1579, 1584, 1591, 1594, 1597, 1600, 1606, 1611, 1615, 1618, 1626, 1631, 1634, 1637, 1640, 1643, 1648, 1653, 1656, 1659, 1662, 1669, 1674, 1677, 1680, 1683, 1694, 1697, 1700, 1707, 1710, 1715, 1718, 1721, 1726, 1731, 1736, 1743, 1749, 1752, 1759, 1762, 1770, 1775, 1778, 1781, 1786, 1790, 1791, 1800, 1806, 1817, 1820, 1829, 1834, 1837, 1841, 1844, 1847, 1850, 1851, 1852, 1855, 1862, 1866, 1873, 1878, 1891, 1897, 1901, 1916, 1919, 1921, 1925, 1930, 1933, 1936, 1941, 1947, 1949, 1951, 1953, 1960, 1963, 1968, 1970, 1971, 1982, 1986, 2002, 2003, 2006, 2015, 2016, 2025, 2029, 2033, 2037, 2047]
도달 불가 51
반쪽 도로 쌍(양방향 길) 128쌍, 짝 없는 일반 road 11
도달 불가 사유:
  역방향만 존재(본망으로 나가는 쪽만 연결): 51
  보도·주차장 등 비주행 lane: 0 (878 road 전부 lane -1 = driving, 보도는 lane -2 로 같은 road 안)

## 0-2 왕복
정문 진입 road r1278 로 돌아올 수 있는 road(도달 가능 중) 4 / 904 (0.4%): [1150, 1278, 1417, 1970]
r1278 에 도달할 수 있는 road 전체(도달 여부 무관) 4: [1150, 1278, 1417, 1970]
r1278 앞 road(pred): [1417]
강연결 성분 107개, 가장 큰 것 795 road (정문 r1278 포함: False)
[참고] 정문 복귀 대신 '주 순환망(가장 큰 SCC)으로 복귀' 기준: 도달 853 중 복귀 가능 802, 갇힘 51
  갇히는 road(주 순환망으로 못 돌아옴): [1162, 1163, 1174, 1196, 1232, 1239, 1331, 1350, 1356, 1362, 1364, 1365, 1366, 1372, 1374, 1379, 1381, 1460, 1463, 1490, 1495, 1500, 1502, 1505, 1554, 1558, 1681, 1685, 1880, 1882, 1887, 1888, 1890, 1895, 1898, 1899, 1900, 1908, 1909, 1921, 1924, 1955, 1958, 1962, 1966, 1975, 1979, 1984, 1987, 1992, 1996]
막다른 road(도달 가능, 다음 road 0) 15: [1162, 1163, 1174, 1196, 1239, 1331, 1350, 1356, 1362, 1365, 1366, 1372, 1374, 1379, 1381]
정의 없는 junction 참조(커넥터 0 = 회차 없는 막다른 끝) 13:
  j16: ['r1162.succ', 'r1290.pred']
  j18: ['r1163.succ', 'r1291.pred']
  j27: ['r1174.succ', 'r1302.pred']
  j56: ['r1196.succ', 'r1326.pred']
  j57: ['r1199.pred', 'r1331.succ']
  j76: ['r1218.pred', 'r1350.succ']
  j84: ['r1224.pred', 'r1356.succ']
  j90: ['r1231.pred', 'r1362.succ']
  j93: ['r1234.pred', 'r1365.succ']
  j98: ['r1238.pred', 'r1372.succ']
  j99: ['r1239.succ', 'r1373.pred']
  j100: ['r1240.pred', 'r1374.succ']
  j105: ['r1245.pred', 'r1381.succ']
  막다른 r1162 -> 짝 r1290 도달 아니오
  막다른 r1163 -> 짝 r1291 도달 아니오
  막다른 r1174 -> 짝 r1302 도달 아니오
  막다른 r1196 -> 짝 r1326 도달 아니오
  막다른 r1239 -> 짝 r1373 도달 아니오
  막다른 r1331 -> 짝 r1199 도달 아니오
  막다른 r1350 -> 짝 r1218 도달 아니오
  막다른 r1356 -> 짝 r1224 도달 아니오
  막다른 r1362 -> 짝 r1231 도달 아니오
  막다른 r1365 -> 짝 r1234 도달 아니오
  막다른 r1366 -> 짝 없음(일방통행)
  막다른 r1372 -> 짝 r1238 도달 아니오
  막다른 r1374 -> 짝 r1240 도달 아니오
  막다른 r1379 -> 짝 없음(일방통행)
  막다른 r1381 -> 짝 r1245 도달 아니오
회차 연결로(막다른 끝 회차 커넥터)가 있는 막다른 길 24개, 그중 도달 가능 24: [1417, 1418, 1561, 1603, 1612, 1621, 1622, 1623, 1703, 1744, 1753, 1754, 1763, 1787, 1801, 1809, 1814, 1838, 1863, 1879, 1911, 1920, 1937, 1938]
  r1417 j2 길이 9.89 앞 [1150] 뒤 [1278] 위치 CARLA (219,-1089) 도달 예
  r1418 j4 길이 9.89 앞 [1151] 뒤 [1279] 위치 CARLA (1173,-205) 도달 예
  r1561 j28 길이 9.89 앞 [1256] 뒤 [1175] 위치 CARLA (529,1) 도달 예
  r1603 j36 길이 9.89 앞 [1309] 뒤 [1181] 위치 CARLA (606,-712) 도달 예
  r1612 j38 길이 9.89 앞 [1310] 뒤 [1182] 위치 CARLA (867,-575) 도달 예
  r1621 j40 길이 9.89 앞 [1311] 뒤 [1183] 위치 CARLA (792,-534) 도달 예
  r1622 j110 길이 9.89 앞 [1325] 뒤 [1312] 위치 CARLA (808,-735) 도달 예
  r1623 j42 길이 9.89 앞 [1313] 뒤 [1184] 위치 CARLA (422,-1045) 도달 예
  r1703 j112 길이 9.89 앞 [1415] 뒤 [1409] 위치 CARLA (751,-696) 도달 예
  r1744 j63 길이 9.89 앞 [1337] 뒤 [1205] 위치 CARLA (197,-809) 도달 예
  r1753 j67 길이 9.89 앞 [1209] 뒤 [1341] 위치 CARLA (136,-752) 도달 예
  r1754 j65 길이 9.89 앞 [1207] 뒤 [1340] 위치 CARLA (92,-915) 도달 예
  r1763 j66 길이 9.89 앞 [1339] 뒤 [1208] 위치 CARLA (73,-737) 도달 예
  r1787 j72 길이 9.89 앞 [1214] 뒤 [1346] 위치 CARLA (97,-638) 도달 예
  r1801 j73 길이 9.89 앞 [1215] 뒤 [1347] 위치 CARLA (125,-651) 도달 예
  r1809 j74 길이 9.89 앞 [1348] 뒤 [1216] 위치 CARLA (171,-458) 도달 예
  r1814 j104 길이 9.89 앞 [1380] 뒤 [1244] 위치 CARLA (-1,-466) 도달 예
  r1838 j81 길이 9.89 앞 [1221] 뒤 [1353] 위치 CARLA (719,-395) 도달 예
  r1863 j82 길이 9.89 앞 [1354] 뒤 [1222] 위치 CARLA (1015,-442) 도달 예
  r1879 j88 길이 9.89 앞 [1360] 뒤 [1229] 위치 CARLA (667,-990) 도달 예
  r1911 j95 길이 9.89 앞 [1235] 뒤 [1369] 위치 CARLA (477,-606) 도달 예
  r1920 j97 길이 9.89 앞 [1237] 뒤 [1371] 위치 CARLA (793,-375) 도달 예
  r1937 j101 길이 9.89 앞 [1375] 뒤 [1241] 위치 CARLA (780,-275) 도달 예
  r1938 j103 길이 9.89 앞 [1242] 뒤 [1376] 위치 CARLA (685,-776) 도달 예

## 0-3 도달 불가 덩어리
덩어리 13개, 가장 큰 덩어리 road 수 10

### 덩어리 1
road 10, 길이 합 370m, 중심 CARLA (270,-311), 가까운 건물 명덕관 (S17-2) 196m
캠퍼스 폴리곤 안 road 9/10
사유: {'역방향만 존재(본망으로 나가는 쪽만 연결)': 10}
road: [1233, 1234, 1240, 1883, 1884, 1885, 1886, 1902, 1903, 1904]
junction: [89, 92]
본망 -> 덩어리(도달): 미변환 way 0개, 가중 비용 0
덩어리 -> 본망(복귀): 미변환 way 0개, 가중 비용 0

### 덩어리 2
road 4, 길이 합 273m, 중심 CARLA (1082,-203), 가까운 건물 신학생회관 (E3) 470m
캠퍼스 폴리곤 안 road 3/4
사유: {'역방향만 존재(본망으로 나가는 쪽만 연결)': 4}
road: [1368, 1892, 1893, 1894]
junction: [3]
본망 -> 덩어리(도달): 미변환 way 2개, 가중 비용 81
  way481475019 service/parking_aisle 37m 폴리곤안 100%
  way452870644 service/parking_aisle 52m 폴리곤안 100%
덩어리 -> 본망(복귀): 미변환 way 0개, 가중 비용 0

### 덩어리 3
road 4, 길이 합 232m, 중심 CARLA (362,-540), 가까운 건물 구학생회관 (S14) 36m
캠퍼스 폴리곤 안 road 4/4
사유: {'역방향만 존재(본망으로 나가는 쪽만 연결)': 4}
road: [1199, 1997, 1998, 1999]
junction: [6]
본망 -> 덩어리(도달): 미변환 way 0개, 가중 비용 0
덩어리 -> 본망(복귀): 미변환 way 0개, 가중 비용 0

### 덩어리 4
road 3, 길이 합 172m, 중심 CARLA (416,-109), 가까운 건물 명덕관 (S17-2) 443m
캠퍼스 폴리곤 안 road 3/3
사유: {'역방향만 존재(본망으로 나가는 쪽만 연결)': 3}
road: [1373, 1926, 1927]
junction: [29]
본망 -> 덩어리(도달): 미변환 way 0개, 가중 비용 0
덩어리 -> 본망(복귀): 미변환 way 0개, 가중 비용 0

### 덩어리 5
road 4, 길이 합 154m, 중심 CARLA (339,-359), 가까운 건물 명덕관 (S17-2) 198m
캠퍼스 폴리곤 안 road 4/4
사유: {'역방향만 존재(본망으로 나가는 쪽만 연결)': 4}
road: [1290, 1492, 1493, 1494]
junction: [15]
본망 -> 덩어리(도달): 미변환 way 0개, 가중 비용 0
덩어리 -> 본망(복귀): 미변환 way 0개, 가중 비용 0

### 덩어리 6
road 3, 길이 합 117m, 중심 CARLA (98,-488), 가까운 건물 등용관 (S17-6) 37m
캠퍼스 폴리곤 안 road 2/3
사유: {'역방향만 존재(본망으로 나가는 쪽만 연결)': 3}
road: [1245, 1956, 1957]
junction: [71]
본망 -> 덩어리(도달): 미변환 way 0개, 가중 비용 0
덩어리 -> 본망(복귀): 미변환 way 0개, 가중 비용 0

### 덩어리 7
road 3, 길이 합 115m, 중심 CARLA (479,-595), 가까운 건물 자연과학대학 본관 (S1-1) 81m
캠퍼스 폴리곤 안 road 3/3
사유: {'역방향만 존재(본망으로 나가는 쪽만 연결)': 3}
road: [1224, 1461, 1462]
junction: [85]
본망 -> 덩어리(도달): 미변환 way 0개, 가중 비용 0
덩어리 -> 본망(복귀): 미변환 way 0개, 가중 비용 0

### 덩어리 8
road 4, 길이 합 105m, 중심 CARLA (247,-383), 가까운 건물 명덕관 (S17-2) 122m
캠퍼스 폴리곤 안 road 4/4
사유: {'역방향만 존재(본망으로 나가는 쪽만 연결)': 4}
road: [1231, 1905, 1906, 1907]
junction: [89]
본망 -> 덩어리(도달): 미변환 way 0개, 가중 비용 0
덩어리 -> 본망(복귀): 미변환 way 0개, 가중 비용 0

### 덩어리 9
road 3, 길이 합 102m, 중심 CARLA (709,-129), 가까운 건물 신학생회관 (E3) 400m
캠퍼스 폴리곤 안 road 3/3
사유: {'역방향만 존재(본망으로 나가는 쪽만 연결)': 3}
road: [1218, 1964, 1965]
junction: [75]
본망 -> 덩어리(도달): 미변환 way 0개, 가중 비용 0
덩어리 -> 본망(복귀): 미변환 way 0개, 가중 비용 0

### 덩어리 10
road 3, 길이 합 90m, 중심 CARLA (589,-405), 가까운 건물 자연과학대학 본관 (S1-1) 148m
캠퍼스 폴리곤 안 road 3/3
사유: {'역방향만 존재(본망으로 나가는 쪽만 연결)': 3}
road: [1302, 1559, 1560]
junction: [26]
본망 -> 덩어리(도달): 미변환 way 0개, 가중 비용 0
덩어리 -> 본망(복귀): 미변환 way 0개, 가중 비용 0

### 덩어리 11
road 3, 길이 합 59m, 중심 CARLA (754,-893), 가까운 건물 법학관 (N18) 57m
캠퍼스 폴리곤 안 road 3/3
사유: {'역방향만 존재(본망으로 나가는 쪽만 연결)': 3}
road: [1326, 1686, 1687]
junction: [55]
본망 -> 덩어리(도달): 미변환 way 0개, 가중 비용 0
덩어리 -> 본망(복귀): 미변환 way 0개, 가중 비용 0

### 덩어리 12
road 4, 길이 합 56m, 중심 CARLA (841,-368), 가까운 건물 신학생회관 (E3) 187m
캠퍼스 폴리곤 안 road 4/4
사유: {'역방향만 존재(본망으로 나가는 쪽만 연결)': 4}
road: [1238, 1976, 1977, 1978]
junction: [96]
본망 -> 덩어리(도달): 미변환 way 0개, 가중 비용 0
덩어리 -> 본망(복귀): 미변환 way 0개, 가중 비용 0

### 덩어리 13
road 3, 길이 합 45m, 중심 CARLA (449,-269), 가까운 건물 자연과학대학 본관 (S1-1) 293m
캠퍼스 폴리곤 안 road 3/3
사유: {'역방향만 존재(본망으로 나가는 쪽만 연결)': 3}
road: [1291, 1507, 1508]
junction: [17]
본망 -> 덩어리(도달): 미변환 way 0개, 가중 비용 0
덩어리 -> 본망(복귀): 미변환 way 0개, 가중 비용 0

## 0-4 요약
도달 가능 853 / 904 (94.4%)
왕복 가능 4 / 904 (0.4%)
고립 덩어리 13개
가장 큰 덩어리의 도로 수 10
road1333 덩어리 포함: False
