north: 대응 성공
  v1 출발 r1247 s=0 (219.519,1087.496) -> v2 r1278 (219.519,1087.496) 차 0.0000m
  v1 종점 r1378 s=78.0 (658.230,685.038) -> v2 r1415 (658.230,685.038) 차 0.0000m
  최대 형상 비용 0.0000, v2 없는 road [], next() 끊김 []
  v2 roads [1278, 1969, 1393, 1972, 1392, 1485, 1410, 1712, 1411, 1629, 1412, 1728, 1413, 1663, 1414, 1678, 1415]
  v2 connectors {1969: 1, 1972: 109, 1485: 43, 1712: 59, 1629: 45, 1728: 60, 1663: 48, 1678: 52} (junction name 대응 불일치 [])
  v2 sharp {}
south: 대응 성공
  v1 출발 r1247 s=0 (219.519,1087.496) -> v2 r1278 (219.519,1087.496) 차 0.0000m
  v1 종점 r1237 s=47.0 (570.783,565.327) -> v2 r1268 (570.783,565.327) 차 0.0000m
  최대 형상 비용 0.0000, v2 없는 road [], next() 끊김 []
  v2 roads [1278, 1969, 1393, 1972, 1392, 1484, 1202, 1466, 1271, 1734, 1270, 1464, 1269, 1601, 1268]
  v2 connectors {1969: 1, 1972: 109, 1484: 43, 1466: 11, 1734: 61, 1464: 85, 1601: 37} (junction name 대응 불일치 [])
  v2 sharp {1484: 78.4, 1466: -68.1}
middle: 대응 성공
  v1 출발 r1247 s=0 (219.519,1087.496) -> v2 r1278 (219.519,1087.496) 차 0.0000m
  v1 종점 r1327 s=70.0 (664.836,982.805) -> v2 r1360 (664.836,982.805) 차 0.0000m
  최대 형상 비용 0.0000, v2 없는 road [], next() 끊김 []
  v2 roads [1278, 1969, 1393, 1972, 1392, 1485, 1410, 1712, 1411, 1630, 1314, 1655, 1315, 1644, 1316, 1635, 1317, 1877, 1360]
  v2 connectors {1969: 1, 1972: 109, 1485: 43, 1712: 59, 1630: 45, 1655: 44, 1644: 46, 1635: 47, 1877: 49} (junction name 대응 불일치 [])
  v2 sharp {1630: -97.2, 1877: -71.4}
yangseong: 대응 성공
  v1 출발 r1247 s=0 (219.519,1087.496) -> v2 r1278 (219.519,1087.496) 차 0.0000m
  v1 종점 r1123 s=22.0 (216.108,550.232) -> v2 r1153 (216.108,550.232) 차 0.0000m
  최대 형상 비용 0.0000, v2 없는 road [], next() 끊김 []
  v2 roads [1278, 1969, 1393, 1972, 1392, 1484, 1202, 1465, 1157, 1738, 1156, 1765, 1155, 1772, 1154, 1865, 1153]
  v2 connectors {1969: 1, 1972: 109, 1484: 43, 1465: 11, 1738: 10, 1765: 9, 1772: 8, 1865: 7} (junction name 대응 불일치 [])
  v2 sharp {1484: 78.4}
대응 실패 노선 0
