map_sha256=5240ca8b883e42c0 (cbnu_internal_only_localtm_tags81_B_smooth_turnfix.xodr)
route=yangseong: 17 road [1278, 1969, 1393, 1972, 1392, 1484, 1202, 1465, 1157, 1738, 1156, 1765, 1155, 1772, 1154, 1865, 1153]
  종점 road1153 lane-1 s=22.0 (완주 s>=21.0 이고 종점 5m 이내) - 양성재(서문) 앞(건물 외곽선 45.7m)
  커넥터 {1969: 1, 1972: 109, 1484: 43, 1465: 11, 1738: 10, 1765: 9, 1772: 8, 1865: 7}, 급회전 {1484: 78.4}
controller=agent, 동기모드=켬 0.05s
conn_spacing=4.0m(전 구간), sharp_speed=없음
follow=on(뒤 8m, 위 4m, 매 tick)
맵: Carla/Maps/OpenDriveMap, spawn point 1302개
server_map_sha256=5240ca8b883e42c0 (파일과 일치)
spawn: Location(x=217.845581, y=-1087.414185, z=0.500000) road1278 lane-1 s=0.00
계획 CSV: /home/gyumin/campus_mobility_sim/map/docs/logs/drive_plan_20261007_201537.csv
계획 웨이포인트 총 168개
road   kind  n  s범위          최대간격(m)
1278   road  39 1.96~151.01  4.38
1969   conn  2  1.07~3.22  2.93
1393   road  10 1.85~35.20  4.0
1972   conn  1  1.48~1.48  2.07
1392   road  15 1.87~54.20  4.13
1484   conn  4  1.74~12.17  3.33
1202   road  30 1.98~117.07  3.97
1465   conn  4  1.99~13.94  3.98
1157   road  6  1.69~18.62  3.69
1738   conn  4  1.88~13.17  3.85
1156   road  16 1.88~58.16  3.77
1765   conn  4  1.94~13.57  3.88
1155   road  15 1.96~56.97  3.93
1772   conn  5  1.69~15.22  3.66
1154   road  3  1.74~8.72  3.5
1865   conn  4  1.99~13.96  4.35
1153   road  6  1.83~20.17  4.1
커넥터 안쪽 점: 28개 / 점 없는 커넥터: 없음
전체 최대 간격 4.38m, 평균 3.80m
인접 road 연결 확인: 16쌍 모두 next() 로 이어짐
판정: record(세션19, 종료/기록 분리)
궤적 로그(tick마다 기록): /home/gyumin/campus_mobility_sim/map/docs/logs/drive_log_20261007_201537.csv
차량 스폰: actor_id=25
bounding box: half_length=1.853m half_width=0.894m half_height=0.775m -> /home/gyumin/campus_mobility_sim/map/docs/logs/vehicle_bbox_20261007_201537.txt
충돌 센서 부착: actor_id=26 -> /home/gyumin/campus_mobility_sim/map/docs/logs/collision_events_20261007_201537.csv
BasicAgent set_global_plan 168점, target_speed=20.0km/h, dt=0.05
[동기모드] 전환 전: synchronous_mode=False fixed_delta_seconds=None
[동기모드] 전환 후: synchronous_mode=True fixed_delta_seconds=0.05
[전이] t=   0.05s road1278 일반 speed= 0.00m/s limit=30km/h
t=   0.1s (  217.85,-1087.41) speed= 0.00m/s road1278 s=   0.0 on_road=True
t=   1.1s (  217.86,-1087.16) speed= 1.52m/s road1278 s=   0.2 on_road=True
t=   2.1s (  217.99,-1084.54) speed= 3.75m/s road1278 s=   2.9 on_road=True
t=   3.1s (  218.22,-1079.78) speed= 5.32m/s road1278 s=   7.6 on_road=True
t=   4.1s (  218.48,-1074.32) speed= 4.34m/s road1278 s=  13.1 on_road=True
t=   5.1s (  218.72,-1069.47) speed= 5.30m/s road1278 s=  18.0 on_road=True
t=   6.1s (  218.99,-1063.99) speed= 4.37m/s road1278 s=  23.5 on_road=True
t=   7.1s (  219.22,-1059.16) speed= 5.33m/s road1278 s=  28.3 on_road=True
t=   8.1s (  219.49,-1053.63) speed= 6.20m/s road1278 s=  33.8 on_road=True
t=   9.1s (  219.73,-1048.73) speed= 4.57m/s road1278 s=  38.7 on_road=True
[tick 대조] fixed_delta=0.05 delta_seconds=0.0500 시뮬경과/프레임=0.0500s 벽시계 139.2 tick/s (프레임 200)
t=  10.1s (  220.01,-1043.39) speed= 6.36m/s road1278 s=  44.1 on_road=True
t=  11.1s (  220.31,-1038.42) speed= 4.50m/s road1278 s=  49.1 on_road=True
t=  12.1s (  220.70,-1033.09) speed= 6.16m/s road1278 s=  54.4 on_road=True
t=  13.1s (  221.14,-1028.29) speed= 4.62m/s road1278 s=  59.2 on_road=True
t=  14.1s (  221.68,-1022.88) speed= 5.98m/s road1278 s=  64.6 on_road=True
t=  15.1s (  222.18,-1018.20) speed= 4.70m/s road1278 s=  69.3 on_road=True
t=  16.1s (  222.86,-1012.74) speed= 5.90m/s road1278 s=  74.8 on_road=True
t=  17.1s (  223.91,-1008.19) speed= 4.77m/s road1278 s=  79.4 on_road=True
t=  18.1s (  225.64,-1002.98) speed= 5.63m/s road1278 s=  84.6 on_road=True
t=  19.1s (  227.38, -998.69) speed= 4.92m/s road1278 s=  89.2 on_road=True
t=  20.1s (  230.19, -993.98) speed= 5.36m/s road1278 s=  94.6 on_road=True
t=  21.1s (  233.26, -990.52) speed= 5.07m/s road1278 s=  98.9 on_road=True
t=  22.1s (  237.30, -986.79) speed= 5.13m/s road1278 s= 104.4 on_road=True
t=  23.1s (  240.83, -983.78) speed= 5.21m/s road1278 s= 109.0 on_road=True
t=  24.1s (  245.15, -980.22) speed= 5.04m/s road1278 s= 114.6 on_road=True
t=  25.1s (  248.75, -977.32) speed= 5.17m/s road1278 s= 119.3 on_road=True
t=  26.1s (  253.08, -973.84) speed= 5.09m/s road1278 s= 124.8 on_road=True
t=  27.1s (  256.68, -970.97) speed= 5.32m/s road1278 s= 129.4 on_road=True
t=  28.1s (  261.04, -967.54) speed= 4.94m/s road1278 s= 134.9 on_road=True
t=  29.1s (  264.68, -964.72) speed= 5.12m/s road1278 s= 139.5 on_road=True
t=  30.1s (  269.03, -961.39) speed= 4.46m/s road1278 s= 145.0 on_road=True
t=  31.1s (  272.78, -958.51) speed= 5.35m/s road1278 s= 149.7 on_road=True
[전이] t=  31.50s road1970 커넥터 speed= 6.00m/s limit=30km/h
[계획 이탈] t=31.50s road1970 는 계획의 현재/다음 road 가 아님(비치명, 계속 주행)
[전이] t=  31.55s road1278 일반 speed= 5.89m/s limit=30km/h
[전이] t=  31.65s road1969 커넥터 speed= 5.49m/s limit=30km/h
t=  32.1s (  277.00, -955.05) speed= 4.17m/s road1969 s=   2.4 on_road=True
[전이] t=  32.55s road1393 일반 speed= 4.80m/s limit=30km/h
t=  33.1s (  280.66, -952.05) speed= 5.17m/s road1393 s=   2.7 on_road=True
t=  34.1s (  284.84, -948.75) speed= 4.17m/s road1393 s=   8.0 on_road=True
t=  35.1s (  288.89, -946.02) speed= 5.71m/s road1393 s=  12.7 on_road=True
t=  36.1s (  293.35, -943.33) speed= 4.13m/s road1393 s=  17.8 on_road=True
t=  37.1s (  297.65, -940.84) speed= 6.00m/s road1393 s=  22.8 on_road=True
t=  38.1s (  302.15, -938.30) speed= 4.24m/s road1393 s=  28.0 on_road=True
t=  39.1s (  306.42, -935.58) speed= 6.17m/s road1393 s=  33.0 on_road=True
[전이] t=  39.65s road1972 커넥터 speed= 5.11m/s limit=30km/h
t=  40.1s (  310.34, -932.28) speed= 4.37m/s road1972 s=   2.6 on_road=True
[전이] t=  40.20s road1971 커넥터 speed= 4.63m/s limit=30km/h
[전이] t=  40.45s road1392 일반 speed= 5.13m/s limit=30km/h
t=  41.1s (  314.42, -929.03) speed= 6.37m/s road1392 s=   4.0 on_road=True
t=  42.1s (  318.37, -926.05) speed= 4.42m/s road1392 s=   9.0 on_road=True
t=  43.1s (  322.62, -922.90) speed= 6.28m/s road1392 s=  14.3 on_road=True
t=  44.1s (  326.55, -920.02) speed= 4.50m/s road1392 s=  19.1 on_road=True
t=  45.1s (  330.89, -916.86) speed= 6.18m/s road1392 s=  24.5 on_road=True
t=  46.1s (  334.79, -914.02) speed= 4.63m/s road1392 s=  29.3 on_road=True
t=  47.1s (  339.20, -910.81) speed= 6.01m/s road1392 s=  34.8 on_road=True
t=  48.1s (  343.00, -908.06) speed= 4.69m/s road1392 s=  39.5 on_road=True
t=  49.1s (  347.49, -904.81) speed= 6.08m/s road1392 s=  45.0 on_road=True
t=  50.1s (  351.33, -902.02) speed= 4.72m/s road1392 s=  49.8 on_road=True
[전이] t=  51.05s road1487 커넥터 speed= 5.56m/s limit=30km/h
t=  51.1s (  355.46, -898.49) speed= 5.56m/s road1487 s=   0.0 on_road=True
[전이] t=  51.20s road1392 일반 speed= 5.19m/s limit=30km/h
[전이] t=  51.25s road1484 커넥터 speed= 5.09m/s limit=30km/h
t=  52.1s (  357.46, -894.31) speed= 4.93m/s road1484 s=   5.4 on_road=False
t=  53.1s (  357.13, -888.98) speed= 6.29m/s road1484 s=  13.3 on_road=True
[전이] t=  53.15s road1202 일반 speed= 6.12m/s limit=30km/h
[전이] t=  53.20s road1483 커넥터 speed= 6.02m/s limit=30km/h
[전이] t=  53.40s road1202 일반 speed= 5.23m/s limit=30km/h
t=  54.1s (  355.76, -884.25) speed= 4.32m/s road1202 s=   4.3 on_road=True
t=  55.1s (  353.90, -879.39) speed= 6.38m/s road1202 s=   9.5 on_road=True
t=  56.1s (  351.96, -874.82) speed= 4.42m/s road1202 s=  14.5 on_road=True
t=  57.1s (  349.82, -869.98) speed= 6.28m/s road1202 s=  19.8 on_road=True
t=  58.1s (  347.82, -865.54) speed= 4.50m/s road1202 s=  24.6 on_road=True
t=  59.1s (  345.60, -860.67) speed= 6.17m/s road1202 s=  30.0 on_road=True
--- 메모리 측정(주행중(차량1대+BasicAgent, 동기 20Hz)) ---
total        used        free      shared  buff/cache   available
Mem:            12Gi       8.4Gi       3.6Gi        61Mi       721Mi       4.0Gi
Swap:          8.0Gi       905Mi       7.1Gi
gtt_used: 1751838720 bytes (1.63GiB)
t=  60.1s (  343.60, -856.28) speed= 4.62m/s road1202 s=  34.8 on_road=True
t=  61.1s (  341.34, -851.36) speed= 6.14m/s road1202 s=  40.2 on_road=True
t=  62.1s (  339.32, -846.96) speed= 4.68m/s road1202 s=  45.1 on_road=True
t=  63.1s (  337.06, -842.04) speed= 6.19m/s road1202 s=  50.5 on_road=True
t=  64.1s (  335.01, -837.57) speed= 4.61m/s road1202 s=  55.4 on_road=True
t=  65.1s (  332.74, -832.65) speed= 6.14m/s road1202 s=  60.8 on_road=True
t=  66.1s (  330.72, -828.26) speed= 4.67m/s road1202 s=  65.7 on_road=True
t=  67.1s (  328.47, -823.36) speed= 6.36m/s road1202 s=  71.0 on_road=True
t=  68.1s (  326.39, -818.84) speed= 4.41m/s road1202 s=  76.0 on_road=True
t=  69.1s (  324.21, -814.11) speed= 6.27m/s road1202 s=  81.2 on_road=True
t=  70.1s (  322.09, -809.49) speed= 4.32m/s road1202 s=  86.3 on_road=True
t=  71.1s (  319.92, -804.78) speed= 6.26m/s road1202 s=  91.5 on_road=True
t=  72.1s (  317.85, -800.28) speed= 4.40m/s road1202 s=  96.5 on_road=True
t=  73.1s (  315.66, -795.52) speed= 6.25m/s road1202 s= 101.7 on_road=True
t=  74.1s (  313.54, -790.92) speed= 4.48m/s road1202 s= 106.8 on_road=True
t=  75.1s (  311.33, -786.11) speed= 6.31m/s road1202 s= 112.1 on_road=True
t=  76.1s (  309.25, -781.60) speed= 4.40m/s road1202 s= 117.0 on_road=True
[전이] t=  76.50s road1465 커넥터 speed= 5.34m/s limit=30km/h
t=  77.1s (  307.01, -776.82) speed= 6.24m/s road1465 s=   3.2 on_road=True
t=  78.1s (  304.88, -772.40) speed= 4.52m/s road1465 s=   8.1 on_road=True
t=  79.1s (  302.52, -767.57) speed= 6.11m/s road1465 s=  13.6 on_road=True
[전이] t=  79.50s road1157 일반 speed= 4.77m/s limit=30km/h
t=  80.1s (  300.41, -763.30) speed= 4.59m/s road1157 s=   2.4 on_road=True
t=  81.1s (  298.02, -758.47) speed= 5.92m/s road1157 s=   7.8 on_road=True
t=  82.1s (  295.93, -754.24) speed= 4.71m/s road1157 s=  12.5 on_road=True
t=  83.1s (  293.50, -749.33) speed= 5.73m/s road1157 s=  18.0 on_road=True
[전이] t=  83.55s road1737 커넥터 speed= 4.11m/s limit=30km/h
[전이] t=  83.60s road1738 커넥터 speed= 4.07m/s limit=30km/h
t=  84.1s (  291.45, -745.15) speed= 4.80m/s road1738 s=   2.3 on_road=True
[전이] t=  85.05s road1742 커넥터 speed= 5.55m/s limit=30km/h
t=  85.1s (  289.14, -740.15) speed= 5.55m/s road1742 s=   6.6 on_road=True
[전이] t=  85.10s road1738 커넥터 speed= 5.44m/s limit=30km/h
[전이] t=  85.15s road1740 커넥터 speed= 5.22m/s limit=30km/h
[전이] t=  85.20s road1738 커넥터 speed= 5.16m/s limit=30km/h
t=  86.1s (  287.32, -735.86) speed= 4.93m/s road1738 s=  12.4 on_road=True
[전이] t=  86.60s road1156 일반 speed= 5.67m/s limit=30km/h
t=  87.1s (  285.24, -730.70) speed= 5.35m/s road1156 s=   2.9 on_road=True
t=  88.1s (  283.52, -726.44) speed= 5.01m/s road1156 s=   7.5 on_road=True
t=  89.1s (  281.30, -721.34) speed= 5.22m/s road1156 s=  13.2 on_road=True
t=  90.1s (  279.39, -717.13) speed= 5.14m/s road1156 s=  17.8 on_road=True
t=  91.1s (  277.04, -712.05) speed= 5.05m/s road1156 s=  23.4 on_road=True
t=  92.1s (  275.09, -707.89) speed= 5.17m/s road1156 s=  28.0 on_road=True
t=  93.1s (  272.72, -702.86) speed= 5.03m/s road1156 s=  33.5 on_road=True
t=  94.1s (  270.74, -698.66) speed= 5.38m/s road1156 s=  38.2 on_road=True
t=  95.1s (  268.34, -693.59) speed= 5.04m/s road1156 s=  43.8 on_road=True
t=  96.1s (  266.37, -689.43) speed= 5.36m/s road1156 s=  48.4 on_road=True
t=  97.1s (  263.98, -684.37) speed= 5.26m/s road1156 s=  54.0 on_road=True
t=  98.1s (  261.99, -680.15) speed= 5.13m/s road1156 s=  58.7 on_road=True
[전이] t=  98.35s road1765 커넥터 speed= 5.29m/s limit=30km/h
t=  99.1s (  259.59, -675.08) speed= 5.51m/s road1765 s=   4.2 on_road=True
t= 100.1s (  257.58, -670.83) speed= 5.02m/s road1765 s=   8.9 on_road=True
t= 101.1s (  255.18, -665.77) speed= 5.24m/s road1765 s=  14.5 on_road=True
[전이] t= 101.25s road1155 일반 speed= 5.01m/s limit=30km/h
t= 102.1s (  253.19, -661.57) speed= 5.16m/s road1155 s=   3.7 on_road=True
t= 103.1s (  250.77, -656.45) speed= 5.29m/s road1155 s=   9.3 on_road=True
t= 104.1s (  248.80, -652.29) speed= 5.13m/s road1155 s=  13.9 on_road=True
t= 105.1s (  246.40, -647.20) speed= 5.36m/s road1155 s=  19.6 on_road=True
t= 106.1s (  244.42, -643.04) speed= 5.01m/s road1155 s=  24.2 on_road=True
t= 107.1s (  242.00, -637.92) speed= 5.41m/s road1155 s=  29.8 on_road=True
t= 108.1s (  240.03, -633.75) speed= 5.04m/s road1155 s=  34.4 on_road=True
t= 109.1s (  237.64, -628.70) speed= 5.77m/s road1155 s=  40.0 on_road=True
t= 110.1s (  235.61, -624.42) speed= 4.92m/s road1155 s=  44.8 on_road=True
t= 111.1s (  233.23, -619.38) speed= 5.50m/s road1155 s=  50.3 on_road=True
t= 112.1s (  231.21, -615.12) speed= 5.04m/s road1155 s=  55.1 on_road=True
[전이] t= 112.80s road1772 커넥터 speed= 6.27m/s limit=30km/h
t= 113.1s (  228.81, -610.05) speed= 5.63m/s road1772 s=   1.7 on_road=True
t= 114.1s (  226.82, -605.85) speed= 4.91m/s road1772 s=   6.4 on_road=True
t= 115.1s (  224.45, -600.82) speed= 5.45m/s road1772 s=  11.9 on_road=True
[전이] t= 115.90s road1776 커넥터 speed= 4.73m/s limit=30km/h
t= 116.1s (  222.44, -596.64) speed= 5.04m/s road1776 s=  16.0 on_road=True
[전이] t= 116.15s road1154 일반 speed= 5.19m/s limit=30km/h
[전이] t= 116.20s road1775 커넥터 speed= 5.16m/s limit=30km/h
[전이] t= 116.25s road1154 일반 speed= 5.16m/s limit=30km/h
t= 117.1s (  219.96, -591.67) speed= 5.23m/s road1154 s=   5.3 on_road=True
[전이] t= 118.05s road1866 커넥터 speed= 5.12m/s limit=30km/h
t= 118.1s (  217.83, -587.62) speed= 5.12m/s road1866 s=   0.1 on_road=True
[전이] t= 118.10s road1154 일반 speed= 5.26m/s limit=30km/h
[전이] t= 118.20s road1864 커넥터 speed= 5.25m/s limit=30km/h
[전이] t= 118.65s road1865 커넥터 speed= 6.24m/s limit=30km/h
t= 119.1s (  215.24, -582.71) speed= 5.03m/s road1865 s=   5.1 on_road=True
[전이] t= 119.60s road1870 커넥터 speed= 4.27m/s limit=30km/h
[전이] t= 119.80s road1868 커넥터 speed= 4.67m/s limit=30km/h
t= 120.1s (  213.63, -578.46) speed= 5.14m/s road1868 s=   6.6 on_road=True
[전이] t= 120.10s road1865 커넥터 speed= 5.11m/s limit=30km/h
t= 121.1s (  212.46, -573.09) speed= 5.06m/s road1865 s=  14.6 on_road=True
[전이] t= 121.40s road1153 일반 speed= 4.14m/s limit=30km/h
t= 122.1s (  211.82, -568.49) speed= 5.30m/s road1153 s=   3.2 on_road=True
t= 123.1s (  211.50, -562.93) speed= 5.01m/s road1153 s=   8.8 on_road=True
t= 124.1s (  212.05, -558.40) speed= 5.20m/s road1153 s=  13.2 on_road=True
t= 125.1s (  213.35, -553.05) speed= 4.94m/s road1153 s=  18.4 on_road=True
[계획 소진] t=125.30s 완주 전에 계획 웨이포인트가 모두 소진됨(이후 제동, 정체 조건으로 판정)
t= 126.1s (  213.98, -550.56) speed= 0.01m/s road1153 s=  20.9 on_road=True
t= 127.1s (  213.98, -550.56) speed= 0.00m/s road1153 s=  20.9 on_road=True
t= 128.1s (  213.98, -550.56) speed= 0.00m/s road1153 s=  20.9 on_road=True
t= 129.1s (  213.98, -550.56) speed= 0.00m/s road1153 s=  20.9 on_road=True
t= 130.1s (  213.98, -550.56) speed= 0.00m/s road1153 s=  20.9 on_road=True
[정지 근접 완주] 속도<0.5m/s 가 t=125.90s 부터 5.0s, road1153 s=20.94, 정차점까지 1.11m <= 2m
완주: t=130.9s 종점까지 1.11m

=== 요약 ===
route: yangseong (종점 road1153 s=22.0)
결과: 완주 (정지 근접 판정, 세션21)
주행 시간(시뮬): 130.9s
계획 이탈 기록: t=31.50s road1970 는 계획의 현재/다음 road 가 아님(비치명, 계속 주행)

=== 계획 vs 실제 road 시퀀스 ===
 0 계획 1278  실제 1278 
 1 계획 1969  실제 1970   <-- 불일치
 2 계획 1393  실제 1278   <-- 불일치
 3 계획 1972  실제 1969   <-- 불일치
 4 계획 1392  실제 1393   <-- 불일치
 5 계획 1484  실제 1972   <-- 불일치
 6 계획 1202  실제 1971   <-- 불일치
 7 계획 1465  실제 1392   <-- 불일치
 8 계획 1157  실제 1487   <-- 불일치
 9 계획 1738  실제 1392   <-- 불일치
10 계획 1156  실제 1484   <-- 불일치
11 계획 1765  실제 1202   <-- 불일치
12 계획 1155  실제 1483   <-- 불일치
13 계획 1772  실제 1202   <-- 불일치
14 계획 1154  실제 1465   <-- 불일치
15 계획 1865  실제 1157   <-- 불일치
16 계획 1153  실제 1737   <-- 불일치
17 계획 -     실제 1738   <-- 불일치
18 계획 -     실제 1742   <-- 불일치
19 계획 -     실제 1738   <-- 불일치
20 계획 -     실제 1740   <-- 불일치
21 계획 -     실제 1738   <-- 불일치
22 계획 -     실제 1156   <-- 불일치
23 계획 -     실제 1765   <-- 불일치
24 계획 -     실제 1155   <-- 불일치
25 계획 -     실제 1772   <-- 불일치
26 계획 -     실제 1776   <-- 불일치
27 계획 -     실제 1154   <-- 불일치
28 계획 -     실제 1775   <-- 불일치
29 계획 -     실제 1154   <-- 불일치
30 계획 -     실제 1866   <-- 불일치
31 계획 -     실제 1154   <-- 불일치
32 계획 -     실제 1864   <-- 불일치
33 계획 -     실제 1865   <-- 불일치
34 계획 -     실제 1870   <-- 불일치
35 계획 -     실제 1868   <-- 불일치
36 계획 -     실제 1865   <-- 불일치
37 계획 -     실제 1153   <-- 불일치
첫 불일치 위치: 1번째 (계획 1969 / 실제 1970)
junction 통과(커넥터 road 를 실제로 밟았는지):
junction1   (r1969): 통과
junction109 (r1972): 통과
junction43  (r1484): 통과
junction11  (r1465): 통과
junction10  (r1738): 통과
junction9   (r1765): 통과
junction8   (r1772): 통과
junction7   (r1865): 통과
junction2(출발 전), junction35(종점 밖)는 통과 대상 아님

=== 급회전 커넥터 이탈량 (정의: sharp_offset docstring) ===
r1484 (+78.4°): tick 38, 최대|lat| 1.72m, 최대 차체초과 +1.06m(안쪽, s=10.0), on_road False 14tick, 충돌 0건
r1484 진입: t=51.25s speed=5.09m/s(18.3km/h)

=== 차체 판정 road 별 (tick 수, 최대 차선밖 꼭짓점) ===
road1278: 인도 23tick, 차선밖꼭짓점 최대 1/4 (1개 이상 27tick), 반대차선(중심) 0tick, (계획 차선 안 0tick), 꼭짓점 침범깊이 최대 0.16m, 메시밖 0tick
road1393: 인도 1tick, 차선밖꼭짓점 최대 1/4 (1개 이상 1tick), 반대차선(중심) 0tick, (계획 차선 안 0tick), 꼭짓점 침범깊이 최대 0.00m, 메시밖 0tick
road1972: 인도 2tick, 차선밖꼭짓점 최대 1/4 (1개 이상 2tick), 반대차선(중심) 0tick, (계획 차선 안 0tick), 꼭짓점 침범깊이 최대 0.00m, 메시밖 0tick
road1392: 인도 1tick, 차선밖꼭짓점 최대 1/4 (1개 이상 1tick), 반대차선(중심) 0tick, (계획 차선 안 0tick), 꼭짓점 침범깊이 최대 0.00m, 메시밖 0tick
road1487: 인도 2tick, 차선밖꼭짓점 최대 1/4 (1개 이상 2tick), 반대차선(중심) 0tick, (계획 차선 안 0tick), 꼭짓점 침범깊이 최대 0.00m, 메시밖 0tick
road1484: 인도 38tick, 차선밖꼭짓점 최대 2/4 (1개 이상 38tick), 반대차선(중심) 0tick, (계획 차선 안 0tick), 꼭짓점 침범깊이 최대 0.00m, 메시밖 1tick
road1202: 인도 16tick, 차선밖꼭짓점 최대 1/4 (1개 이상 16tick), 반대차선(중심) 0tick, (계획 차선 안 0tick), 꼭짓점 침범깊이 최대 0.00m, 메시밖 0tick
road1483: 인도 4tick, 차선밖꼭짓점 최대 1/4 (1개 이상 4tick), 반대차선(중심) 0tick, (계획 차선 안 0tick), 꼭짓점 침범깊이 최대 0.00m, 메시밖 0tick
road1738: 인도 0tick, 차선밖꼭짓점 최대 0/4 (1개 이상 0tick), 반대차선(중심) 0tick, (계획 차선 안 0tick), 꼭짓점 침범깊이 최대 1.75m, 메시밖 0tick
road1742: 인도 0tick, 차선밖꼭짓점 최대 0/4 (1개 이상 0tick), 반대차선(중심) 0tick, (계획 차선 안 0tick), 꼭짓점 침범깊이 최대 1.28m, 메시밖 0tick
road1740: 인도 0tick, 차선밖꼭짓점 최대 0/4 (1개 이상 0tick), 반대차선(중심) 0tick, (계획 차선 안 0tick), 꼭짓점 침범깊이 최대 1.23m, 메시밖 0tick
road1765: 인도 0tick, 차선밖꼭짓점 최대 0/4 (1개 이상 0tick), 반대차선(중심) 0tick, (계획 차선 안 0tick), 꼭짓점 침범깊이 최대 1.58m, 메시밖 0tick
road1772: 인도 0tick, 차선밖꼭짓점 최대 0/4 (1개 이상 0tick), 반대차선(중심) 0tick, (계획 차선 안 0tick), 꼭짓점 침범깊이 최대 2.54m, 메시밖 0tick
road1865: 인도 0tick, 차선밖꼭짓점 최대 0/4 (1개 이상 0tick), 반대차선(중심) 0tick, (계획 차선 안 0tick), 꼭짓점 침범깊이 최대 2.49m, 메시밖 0tick
road1870: 인도 0tick, 차선밖꼭짓점 최대 0/4 (1개 이상 0tick), 반대차선(중심) 0tick, (계획 차선 안 0tick), 꼭짓점 침범깊이 최대 1.90m, 메시밖 0tick
road1868: 인도 0tick, 차선밖꼭짓점 최대 0/4 (1개 이상 0tick), 반대차선(중심) 5tick, (계획 차선 안 5tick), 꼭짓점 침범깊이 최대 1.37m, 메시밖 0tick
road1153: 인도 0tick, 차선밖꼭짓점 최대 1/4 (1개 이상 1tick), 반대차선(중심) 0tick, (계획 차선 안 0tick), 꼭짓점 침범깊이 최대 0.13m, 메시밖 0tick
(목록에 없는 road 는 전부 0)

=== 차선 이탈 구간 (차체 기준, 계획 중심선 기준, 세션19) ===
t=19.95~20.90s road1278 -중앙선 쪽 최대 lat -0.92m 차체초과 0.14m 중심초과 0.00m 20tick, 진입 20.6km/h, road 평균R 173.65 R2min 10.28
t=39.50~39.65s road1393 +인도 쪽 최대 lat +0.89m 차체초과 0.11m 중심초과 0.00m 4tick, 진입 18.8km/h, road 평균R 209.60 R2min 13.11
t=51.25~53.65s road1484 +인도 쪽 최대 lat +1.82m 차체초과 1.04m 중심초과 0.15m 49tick, 진입 18.3km/h, road 평균R 10.12 R2min 7.40
t=123.85~124.50s road1153 -중앙선 쪽 최대 lat -0.91m 차체초과 0.13m 중심초과 0.00m 14tick, 진입 17.9km/h, road 평균R 52.40 R2min 10.28
합계 4구간 (중앙선 쪽 2, 인도 쪽 2), 최대 차체초과 1.04m
충돌 누적 0건
판정: record
follow=on
궤적 로그: /home/gyumin/campus_mobility_sim/map/docs/logs/drive_log_20261007_201537.csv
충돌 센서(actor_id=26) 제거함
정상 종료 - 차량(actor_id=25) 브레이크 유지로 남겨둠
[동기모드] 복귀: synchronous_mode=False fixed_delta_seconds=None
