[s33_v2_run1] 20:32:17 시작 firefox=0 carla=0 avail=6263Mi swap=400Mi
[s33_v2_run1] nohup sh PID=7963
[s33_v2_run1] 20:32:22 포트 열림 6s, server PID=7973
map/scripts/s33_one_run.sh: line 39:  8063 Aborted                 (core dumped) $PY map/tests/test_load_map_878.py --wall-height 0 --xodr "$V2" > "$LOGS/${TAG}_load.log" 2>&1
[s33_v2_run1] 20:33:13 로드 직후 avail=1652Mi swap=1075Mi
[s33_v2_run1] 20:35:13 2분 후 avail=1678Mi swap=1062Mi
[s33_v2_run1] 중단 기준 도달, kill 7973
[s33_v2_run1r2] 20:36:22 시작 firefox=0 carla=0 avail=6111Mi swap=683Mi
[s33_v2_run1r2] nohup sh PID=8342
[s33_v2_run1r2] 20:36:27 포트 열림 6s, server PID=8352
[s33_v2_run1r2] 20:36:40 get_world 응답(시도 3회) avail=2874Mi swap=2640Mi
[s33_v2_run1r2] spawn point 개수: 1302
[s33_v2_run1r2] 보낸 문자열 sha256=5240ca8b883e42c0, 서버 to_opendrive sha256=5240ca8b883e42c0 (일치), 길이 2219959 / 2219959
[s33_v2_run1r2] 서버 맵 road 917 / junction 112
[s33_v2_run1r2] 20:36:47 로드 직후 avail=1386Mi swap=1343Mi
[s33_v2_run1r2] 20:38:47 2분 후 avail=4166Mi swap=1284Mi
[s33_v2_run1r2] 20:39:08 주행 rc=0 주행 후 avail=4139Mi swap=1283Mi
[s33_v2_run1r2] 20:39:09 종료 carla 프로세스=0 주행 중 서버 error 줄=0 Signal11=1
[s33_v1_run1] 20:39:31 시작 firefox=0 carla=0 avail=6459Mi swap=776Mi
[s33_v1_run1] nohup sh PID=8923
[s33_v1_run1] 20:39:36 포트 열림 6s, server PID=8933
[s33_v1_run1] 20:39:49 get_world 응답(시도 3회) avail=2443Mi swap=2850Mi
map/scripts/s33_one_run.sh: line 45:  9085 Aborted                 (core dumped) $PY map/tests/test_load_map_878.py --wall-height 0 > "$LOGS/${TAG}_load.log" 2>&1
[s33_v1_run1] 20:40:33 로드 직후 avail=1365Mi swap=2144Mi
[s33_v1_run1] 20:39:55 KILL avail=968Mi
[s33_v1_run1] 감시 kill 기록 있음, 중단
[s33_v1_run1r2] 20:43:33 시작 firefox=0 carla=0 avail=11633Mi swap=844Mi
[s33_v1_run1r2] nohup sh PID=9401
[s33_v1_run1r2] 20:43:38 포트 열림 6s, server PID=9411
[s33_v1_run1r2] 20:43:51 get_world 응답(시도 3회) avail=3006Mi swap=2712Mi
[s33_v1_run1r2] spawn point 개수: 1243
[s33_v1_run1r2] 보낸 문자열 sha256=bf835cdfad0cea65, 서버 to_opendrive sha256=bf835cdfad0cea65 (일치), 길이 2125011 / 2125011
[s33_v1_run1r2] 서버 맵 road 878 / junction 95
[s33_v1_run1r2] 20:44:02 로드 직후 avail=1822Mi swap=1818Mi
[s33_v1_run1r2] 20:46:02 2분 후 avail=4194Mi swap=1452Mi
[s33_v1_run1r2] 20:46:19 주행 rc=0 주행 후 avail=4208Mi swap=1439Mi
[s33_v1_run1r2] 20:46:21 종료 carla 프로세스=0 주행 중 서버 error 줄=0 Signal11=1
[s33_v2_run2] 20:47:34 시작 firefox=0 carla=0 avail=11643Mi swap=897Mi
[s33_v2_run2] nohup sh PID=10058
[s33_v2_run2] 20:47:39 포트 열림 6s, server PID=10068
[s33_v2_run2] 20:47:54 get_world 응답(시도 3회) avail=2572Mi swap=2419Mi
[s33_v2_run2] spawn point 개수: 1302
[s33_v2_run2] 보낸 문자열 sha256=5240ca8b883e42c0, 서버 to_opendrive sha256=5240ca8b883e42c0 (일치), 길이 2219959 / 2219959
[s33_v2_run2] 서버 맵 road 917 / junction 112
[s33_v2_run2] 20:48:02 로드 직후 avail=1414Mi swap=1375Mi
[s33_v2_run2] 20:50:02 2분 후 avail=4247Mi swap=1320Mi
[s33_v2_run2] 20:50:20 주행 rc=0 주행 후 avail=4245Mi swap=1318Mi
[s33_v2_run2] 20:50:21 종료 carla 프로세스=0 주행 중 서버 error 줄=0 Signal11=1
[s33_v1_run2] 20:51:01 시작 firefox=0 carla=0 avail=11656Mi swap=908Mi
[s33_v1_run2] nohup sh PID=10642
[s33_v1_run2] 20:51:06 포트 열림 6s, server PID=10652
[s33_v1_run2] 20:51:20 get_world 응답(시도 3회) avail=3120Mi swap=2809Mi
[s33_v1_run2] spawn point 개수: 1243
[s33_v1_run2] 보낸 문자열 sha256=bf835cdfad0cea65, 서버 to_opendrive sha256=bf835cdfad0cea65 (일치), 길이 2125011 / 2125011
[s33_v1_run2] 서버 맵 road 878 / junction 95
[s33_v1_run2] 20:51:31 로드 직후 avail=1682Mi swap=1737Mi
[s33_v1_run2] 20:53:31 2분 후 avail=4188Mi swap=1456Mi
[s33_v1_run2] 20:53:49 주행 rc=0 주행 후 avail=4187Mi swap=1455Mi
[s33_v1_run2] 20:53:51 종료 carla 프로세스=0 주행 중 서버 error 줄=0 Signal11=1
[s33_v2_run3] 20:54:04 시작 firefox=0 carla=0 avail=11685Mi swap=945Mi
[s33_v2_run3] nohup sh PID=11235
[s33_v2_run3] 20:54:09 포트 열림 6s, server PID=11245
[s33_v2_run3] 20:54:23 get_world 응답(시도 3회) avail=3153Mi swap=2831Mi
[s33_v2_run3] spawn point 개수: 1302
[s33_v2_run3] 보낸 문자열 sha256=5240ca8b883e42c0, 서버 to_opendrive sha256=5240ca8b883e42c0 (일치), 길이 2219959 / 2219959
[s33_v2_run3] 서버 맵 road 917 / junction 112
[s33_v2_run3] 20:54:32 로드 직후 avail=1572Mi swap=1628Mi
[s33_v2_run3] 20:56:32 2분 후 avail=4147Mi swap=1420Mi
[s33_v2_run3] 20:56:49 주행 rc=0 주행 후 avail=4166Mi swap=1418Mi
[s33_v2_run3] 20:56:51 종료 carla 프로세스=0 주행 중 서버 error 줄=0 Signal11=1
[s33_v1_run3] 20:57:06 시작 firefox=0 carla=0 avail=11705Mi swap=960Mi
[s33_v1_run3] nohup sh PID=11824
[s33_v1_run3] 20:57:11 포트 열림 6s, server PID=11834
[s33_v1_run3] 20:57:25 get_world 응답(시도 3회) avail=3263Mi swap=2911Mi
[s33_v1_run3] spawn point 개수: 1243
[s33_v1_run3] 보낸 문자열 sha256=bf835cdfad0cea65, 서버 to_opendrive sha256=bf835cdfad0cea65 (일치), 길이 2125011 / 2125011
[s33_v1_run3] 서버 맵 road 878 / junction 95
[s33_v1_run3] 20:57:37 로드 직후 avail=1768Mi swap=1877Mi
[s33_v1_run3] 20:59:37 2분 후 avail=4111Mi swap=1525Mi
[s33_v1_run3] 20:59:57 주행 rc=0 주행 후 avail=4109Mi swap=1525Mi
[s33_v1_run3] 20:59:59 종료 carla 프로세스=0 주행 중 서버 error 줄=0 Signal11=1
[s33_v2_north_run1] 21:01:52 시작 firefox=0 carla=0 avail=11677Mi swap=931Mi
[s33_v2_north_run1] nohup sh PID=13346
[s33_v2_north_run1] 21:01:57 포트 열림 6s, server PID=13356
[s33_v2_north_run1] 21:02:10 get_world 응답(시도 3회) avail=3001Mi swap=2806Mi
[s33_v2_north_run1] spawn point 개수: 1302
[s33_v2_north_run1] 보낸 문자열 sha256=5240ca8b883e42c0, 서버 to_opendrive sha256=5240ca8b883e42c0 (일치), 길이 2219959 / 2219959
[s33_v2_north_run1] 서버 맵 road 917 / junction 112
[s33_v2_north_run1] 21:02:21 로드 직후 avail=1710Mi swap=1936Mi
[s33_v2_north_run1] 21:04:21 2분 후 avail=4283Mi swap=1503Mi
[s33_v2_north_run1] 21:04:40 주행 rc=0 주행 후 avail=4281Mi swap=1503Mi
[s33_v2_north_run1] 21:04:41 종료 carla 프로세스=0 주행 중 서버 error 줄=0 Signal11=1
[s33_v2_south_run1] 21:04:58 시작 firefox=0 carla=0 avail=11692Mi swap=997Mi
[s33_v2_south_run1] nohup sh PID=13949
[s33_v2_south_run1] 21:05:03 포트 열림 6s, server PID=13959
[s33_v2_south_run1] 21:05:16 get_world 응답(시도 3회) avail=3004Mi swap=2885Mi
[s33_v2_south_run1] spawn point 개수: 1302
[s33_v2_south_run1] 보낸 문자열 sha256=5240ca8b883e42c0, 서버 to_opendrive sha256=5240ca8b883e42c0 (일치), 길이 2219959 / 2219959
[s33_v2_south_run1] 서버 맵 road 917 / junction 112
[s33_v2_south_run1] 21:05:26 로드 직후 avail=1661Mi swap=1645Mi
[s33_v2_south_run1] 21:07:26 2분 후 avail=4434Mi swap=1506Mi
[s33_v2_south_run1] 21:07:51 주행 rc=0 주행 후 avail=4409Mi swap=1502Mi
[s33_v2_south_run1] 21:07:53 종료 carla 프로세스=0 주행 중 서버 error 줄=0 Signal11=1
[s33_v2_middle_run1] 21:08:39 시작 firefox=0 carla=0 avail=11732Mi swap=1001Mi
[s33_v2_middle_run1] nohup sh PID=14561
[s33_v2_middle_run1] 21:08:44 포트 열림 6s, server PID=14571
[s33_v2_middle_run1] 21:08:57 get_world 응답(시도 3회) avail=3147Mi swap=2790Mi
[s33_v2_middle_run1] spawn point 개수: 1302
[s33_v2_middle_run1] 보낸 문자열 sha256=5240ca8b883e42c0, 서버 to_opendrive sha256=5240ca8b883e42c0 (일치), 길이 2219959 / 2219959
[s33_v2_middle_run1] 서버 맵 road 917 / junction 112
[s33_v2_middle_run1] 21:09:08 로드 직후 avail=1783Mi swap=1937Mi
[s33_v2_middle_run1] 21:11:08 2분 후 avail=4331Mi swap=1534Mi
[s33_v2_middle_run1] 21:11:27 주행 rc=0 주행 후 avail=4313Mi swap=1533Mi
[s33_v2_middle_run1] 21:11:29 종료 carla 프로세스=0 주행 중 서버 error 줄=0 Signal11=1
[s33_v2_back_run1] 21:12:27 시작 firefox=0 carla=0 avail=11726Mi swap=1006Mi
[s33_v2_back_run1] nohup sh PID=15218
[s33_v2_back_run1] 21:12:32 포트 열림 6s, server PID=15228
[s33_v2_back_run1] 21:12:46 get_world 응답(시도 3회) avail=3182Mi swap=2910Mi
[s33_v2_back_run1] spawn point 개수: 1302
[s33_v2_back_run1] 보낸 문자열 sha256=5240ca8b883e42c0, 서버 to_opendrive sha256=5240ca8b883e42c0 (일치), 길이 2219959 / 2219959
[s33_v2_back_run1] 서버 맵 road 917 / junction 112
[s33_v2_back_run1] 21:12:55 로드 직후 avail=1644Mi swap=1590Mi
[s33_v2_back_run1] 21:14:55 2분 후 avail=4391Mi swap=1526Mi
[s33_v2_back_run1] 21:15:32 주행 rc=0 주행 후 avail=4385Mi swap=1511Mi
[s33_v2_back_run1] 21:15:33 종료 carla 프로세스=0 주행 중 서버 error 줄=0 Signal11=1
