map_sha256=bf835cdfad0cea65 (cbnu_internal_only_localtm_tags73_smooth.xodr)
route=yangseong: 17 road [1247, 1914, 1356, 1917, 1355, 1446, 1172, 1427, 1127, 1699, 1126, 1726, 1125, 1733, 1124, 1826, 1123]
  종점 road1123 lane-1 s=22.0 (완주 s>=21.0 이고 종점 5m 이내) - 양성재(서문) 앞(건물 외곽선 45.7m)
  커넥터 {1914: 1, 1917: 107, 1446: 42, 1427: 10, 1699: 9, 1726: 8, 1733: 7, 1826: 6}, 급회전 {1446: 78.4}
controller=agent, 동기모드=켬 0.05s
conn_spacing=4.0m(전 구간), sharp_speed=없음
follow=on(뒤 8m, 위 4m, 매 tick)
맵: Carla/Maps/OpenDriveMap, spawn point 1243개
server_map_sha256=bf835cdfad0cea65 (파일과 일치)
spawn: Location(x=217.845581, y=-1087.414185, z=0.500000) road1247 lane-1 s=0.00
계획 CSV: /home/gyumin/campus_mobility_sim/map/docs/logs/drive_plan_20261007_205331.csv
계획 웨이포인트 총 168개
road   kind  n  s범위          최대간격(m)
1247   road  39 1.96~151.01  4.38
1914   conn  2  1.07~3.22  2.93
1356   road  10 1.85~35.20  4.0
1917   conn  1  1.48~1.48  2.07
1355   road  15 1.87~54.20  4.13
1446   conn  4  1.74~12.17  3.33
1172   road  30 1.98~117.07  3.97
1427   conn  4  1.99~13.94  3.98
1127   road  6  1.69~18.62  3.69
1699   conn  4  1.88~13.17  3.85
1126   road  16 1.88~58.16  3.77
1726   conn  4  1.94~13.57  3.88
1125   road  15 1.96~56.97  3.93
1733   conn  5  1.69~15.22  3.66
1124   road  3  1.74~8.72  3.5
1826   conn  4  1.99~13.96  4.35
1123   road  6  1.83~20.17  4.1
커넥터 안쪽 점: 28개 / 점 없는 커넥터: 없음
전체 최대 간격 4.38m, 평균 3.80m
인접 road 연결 확인: 16쌍 모두 next() 로 이어짐
판정: record(세션19, 종료/기록 분리)
궤적 로그(tick마다 기록): /home/gyumin/campus_mobility_sim/map/docs/logs/drive_log_20261007_205331.csv
차량 스폰: actor_id=25
bounding box: half_length=1.853m half_width=0.894m half_height=0.775m -> /home/gyumin/campus_mobility_sim/map/docs/logs/vehicle_bbox_20261007_205331.txt
충돌 센서 부착: actor_id=26 -> /home/gyumin/campus_mobility_sim/map/docs/logs/collision_events_20261007_205331.csv
BasicAgent set_global_plan 168점, target_speed=20.0km/h, dt=0.05
[동기모드] 전환 전: synchronous_mode=False fixed_delta_seconds=None
[동기모드] 전환 후: synchronous_mode=True fixed_delta_seconds=0.05
[전이] t=   0.05s road1247 일반 speed= 0.00m/s limit=30km/h
t=   0.1s (  217.85,-1087.41) speed= 0.00m/s road1247 s=   0.0 on_road=True
t=   1.1s (  217.86,-1087.16) speed= 1.52m/s road1247 s=   0.3 on_road=True
t=   2.1s (  217.99,-1084.54) speed= 3.75m/s road1247 s=   2.9 on_road=True
t=   3.1s (  218.22,-1079.77) speed= 5.31m/s road1247 s=   7.6 on_road=True
t=   4.1s (  218.49,-1074.21) speed= 4.80m/s road1247 s=  13.2 on_road=True
t=   5.1s (  218.72,-1069.46) speed= 5.37m/s road1247 s=  18.0 on_road=True
t=   6.1s (  218.99,-1063.98) speed= 4.32m/s road1247 s=  23.5 on_road=True
t=   7.1s (  219.22,-1059.25) speed= 5.37m/s road1247 s=  28.2 on_road=True
t=   8.1s (  219.48,-1053.81) speed= 4.20m/s road1247 s=  33.6 on_road=True
t=   9.1s (  219.72,-1049.01) speed= 5.33m/s road1247 s=  38.5 on_road=True
[tick 대조] fixed_delta=0.05 delta_seconds=0.0500 시뮬경과/프레임=0.0500s 벽시계 165.5 tick/s (프레임 200)
t=  10.1s (  219.99,-1043.58) speed= 4.13m/s road1247 s=  43.9 on_road=True
t=  11.1s (  220.28,-1038.83) speed= 5.25m/s road1247 s=  48.6 on_road=True
t=  12.1s (  220.67,-1033.47) speed= 4.11m/s road1247 s=  54.0 on_road=True
t=  13.1s (  221.10,-1028.67) speed= 5.22m/s road1247 s=  58.8 on_road=True
t=  14.1s (  221.63,-1023.41) speed= 4.10m/s road1247 s=  64.1 on_road=True
t=  15.1s (  222.14,-1018.52) speed= 5.38m/s road1247 s=  69.0 on_road=True
t=  16.1s (  222.81,-1013.24) speed= 4.18m/s road1247 s=  74.3 on_road=True
t=  17.1s (  223.83,-1008.40) speed= 5.94m/s road1247 s=  79.1 on_road=True
t=  18.1s (  225.42,-1003.50) speed= 4.29m/s road1247 s=  84.0 on_road=True
t=  19.1s (  227.36, -998.74) speed= 6.33m/s road1247 s=  89.1 on_road=True
t=  20.1s (  229.92, -994.43) speed= 4.29m/s road1247 s=  94.1 on_road=True
t=  21.1s (  233.27, -990.54) speed= 6.27m/s road1247 s=  98.9 on_road=True
t=  22.1s (  236.89, -987.15) speed= 4.45m/s road1247 s= 103.8 on_road=True
t=  23.1s (  240.94, -983.69) speed= 6.34m/s road1247 s= 109.2 on_road=True
t=  24.1s (  244.70, -980.60) speed= 4.50m/s road1247 s= 114.0 on_road=True
t=  25.1s (  248.84, -977.24) speed= 6.08m/s road1247 s= 119.4 on_road=True
t=  26.1s (  252.57, -974.25) speed= 4.61m/s road1247 s= 124.2 on_road=True
t=  27.1s (  256.80, -970.88) speed= 6.33m/s road1247 s= 129.6 on_road=True
t=  28.1s (  260.63, -967.87) speed= 4.50m/s road1247 s= 134.4 on_road=True
t=  29.1s (  264.86, -964.58) speed= 6.17m/s road1247 s= 139.7 on_road=True
t=  30.1s (  268.69, -961.65) speed= 4.62m/s road1247 s= 144.5 on_road=True
t=  31.1s (  272.86, -958.44) speed= 6.21m/s road1247 s= 149.8 on_road=True
[전이] t=  31.45s road1915 커넥터 speed= 5.42m/s limit=30km/h
[계획 이탈] t=31.45s road1915 는 계획의 현재/다음 road 가 아님(비치명, 계속 주행)
[전이] t=  31.55s road1247 일반 speed= 5.14m/s limit=30km/h
[전이] t=  31.65s road1914 커넥터 speed= 5.14m/s limit=30km/h
t=  32.1s (  276.85, -955.17) speed= 4.27m/s road1914 s=   2.2 on_road=True
[전이] t=  32.55s road1356 일반 speed= 5.31m/s limit=30km/h
t=  33.1s (  280.77, -951.95) speed= 5.40m/s road1356 s=   2.8 on_road=True
t=  34.1s (  284.93, -948.69) speed= 4.25m/s road1356 s=   8.1 on_road=True
t=  35.1s (  289.10, -945.90) speed= 6.12m/s road1356 s=  12.9 on_road=True
t=  36.1s (  293.51, -943.24) speed= 4.21m/s road1356 s=  18.0 on_road=True
t=  37.1s (  297.90, -940.70) speed= 6.20m/s road1356 s=  23.1 on_road=True
t=  38.1s (  302.32, -938.20) speed= 4.33m/s road1356 s=  28.2 on_road=True
t=  39.1s (  306.65, -935.39) speed= 6.22m/s road1356 s=  33.3 on_road=True
[전이] t=  39.60s road1917 커넥터 speed= 5.11m/s limit=30km/h
t=  40.1s (  310.49, -932.14) speed= 4.41m/s road1917 s=   2.8 on_road=True
[전이] t=  40.15s road1916 커넥터 speed= 4.60m/s limit=30km/h
[전이] t=  40.40s road1355 일반 speed= 5.11m/s limit=30km/h
t=  41.1s (  314.63, -928.87) speed= 6.22m/s road1355 s=   4.3 on_road=True
t=  42.1s (  318.49, -925.95) speed= 4.50m/s road1355 s=   9.1 on_road=True
t=  43.1s (  322.80, -922.76) speed= 6.09m/s road1355 s=  14.5 on_road=True
t=  44.1s (  326.67, -919.93) speed= 4.60m/s road1355 s=  19.3 on_road=True
t=  45.1s (  330.90, -916.84) speed= 5.36m/s road1355 s=  24.5 on_road=True
t=  46.1s (  335.45, -913.54) speed= 5.06m/s road1355 s=  30.1 on_road=True
t=  47.1s (  339.18, -910.82) speed= 5.26m/s road1355 s=  34.8 on_road=True
t=  48.1s (  343.67, -907.57) speed= 5.06m/s road1355 s=  40.3 on_road=True
t=  49.1s (  347.40, -904.88) speed= 5.35m/s road1355 s=  44.9 on_road=True
t=  50.1s (  351.92, -901.58) speed= 5.08m/s road1355 s=  50.5 on_road=True
[전이] t=  51.05s road1449 커넥터 speed= 5.14m/s limit=30km/h
t=  51.1s (  355.44, -898.60) speed= 5.14m/s road1449 s=   0.0 on_road=True
[전이] t=  51.20s road1355 일반 speed= 5.30m/s limit=30km/h
[전이] t=  51.25s road1446 커넥터 speed= 5.42m/s limit=30km/h
t=  52.1s (  357.55, -893.98) speed= 5.17m/s road1446 s=   6.2 on_road=False
t=  53.1s (  357.04, -888.58) speed= 4.54m/s road1446 s=  13.7 on_road=True
[전이] t=  53.10s road1172 일반 speed= 4.34m/s limit=30km/h
[전이] t=  53.15s road1445 커넥터 speed= 4.34m/s limit=30km/h
[전이] t=  53.40s road1172 일반 speed= 4.49m/s limit=30km/h
t=  54.1s (  355.69, -884.00) speed= 5.21m/s road1172 s=   4.6 on_road=True
t=  55.1s (  353.72, -878.94) speed= 4.06m/s road1172 s=  10.0 on_road=True
t=  56.1s (  351.86, -874.58) speed= 5.18m/s road1172 s=  14.7 on_road=True
t=  57.1s (  349.70, -869.72) speed= 4.01m/s road1172 s=  20.1 on_road=True
t=  58.1s (  347.72, -865.32) speed= 5.31m/s road1172 s=  24.9 on_road=True
t=  59.1s (  345.47, -860.38) speed= 4.17m/s road1172 s=  30.3 on_road=True
--- 메모리 측정(주행중(차량1대+BasicAgent, 동기 20Hz)) ---
total        used        free      shared  buff/cache   available
Mem:            12Gi       8.4Gi       3.9Gi        11Mi       388Mi       4.0Gi
Swap:          8.0Gi       1.4Gi       6.6Gi
gtt_used: 1651757056 bytes (1.54GiB)
t=  60.1s (  343.48, -856.02) speed= 5.28m/s road1172 s=  35.1 on_road=True
t=  61.1s (  341.18, -850.99) speed= 4.10m/s road1172 s=  40.6 on_road=True
t=  62.1s (  339.16, -846.60) speed= 5.38m/s road1172 s=  45.5 on_road=True
t=  63.1s (  336.85, -841.59) speed= 4.54m/s road1172 s=  51.0 on_road=True
t=  64.1s (  334.84, -837.22) speed= 5.36m/s road1172 s=  55.8 on_road=True
t=  65.1s (  332.53, -832.19) speed= 4.62m/s road1172 s=  61.3 on_road=True
t=  66.1s (  330.55, -827.89) speed= 5.38m/s road1172 s=  66.1 on_road=True
t=  67.1s (  328.22, -822.83) speed= 5.07m/s road1172 s=  71.6 on_road=True
t=  68.1s (  326.27, -818.58) speed= 5.29m/s road1172 s=  76.3 on_road=True
t=  69.1s (  323.93, -813.50) speed= 4.81m/s road1172 s=  81.9 on_road=True
t=  70.1s (  321.97, -809.23) speed= 5.40m/s road1172 s=  86.6 on_road=True
t=  71.1s (  319.59, -804.07) speed= 5.16m/s road1172 s=  92.3 on_road=True
t=  72.1s (  317.66, -799.88) speed= 5.38m/s road1172 s=  96.9 on_road=True
t=  73.1s (  315.36, -794.86) speed= 6.11m/s road1172 s= 102.4 on_road=True
t=  74.1s (  313.34, -790.48) speed= 4.76m/s road1172 s= 107.2 on_road=True
t=  75.1s (  311.03, -785.46) speed= 5.75m/s road1172 s= 112.8 on_road=True
t=  76.1s (  309.07, -781.22) speed= 4.80m/s road1172 s= 117.4 on_road=True
[전이] t=  76.40s road1427 커넥터 speed= 5.34m/s limit=30km/h
t=  77.1s (  306.71, -776.20) speed= 5.62m/s road1427 s=   3.9 on_road=True
t=  78.1s (  304.69, -772.00) speed= 4.91m/s road1427 s=   8.6 on_road=True
t=  79.1s (  302.27, -767.06) speed= 5.35m/s road1427 s=  14.2 on_road=True
[전이] t=  79.45s road1127 일반 speed= 4.16m/s limit=30km/h
t=  80.1s (  300.21, -762.88) speed= 5.11m/s road1127 s=   2.9 on_road=True
t=  81.1s (  297.72, -757.86) speed= 5.18m/s road1127 s=   8.5 on_road=True
t=  82.1s (  295.68, -753.73) speed= 5.23m/s road1127 s=  13.1 on_road=True
t=  83.1s (  293.18, -748.70) speed= 5.63m/s road1127 s=  18.7 on_road=True
[전이] t=  83.40s road1698 커넥터 speed= 4.60m/s limit=30km/h
[전이] t=  83.45s road1699 커넥터 speed= 4.32m/s limit=30km/h
t=  84.1s (  291.15, -744.53) speed= 4.91m/s road1699 s=   3.0 on_road=True
[전이] t=  84.90s road1703 커넥터 speed= 5.93m/s limit=30km/h
[전이] t=  84.95s road1699 커넥터 speed= 5.80m/s limit=30km/h
[전이] t=  85.00s road1701 커넥터 speed= 5.54m/s limit=30km/h
[전이] t=  85.05s road1699 커넥터 speed= 5.44m/s limit=30km/h
t=  85.1s (  288.85, -739.47) speed= 5.44m/s road1699 s=   8.5 on_road=True
t=  86.1s (  287.04, -735.19) speed= 5.04m/s road1699 s=  13.1 on_road=True
[전이] t=  86.45s road1126 일반 speed= 5.27m/s limit=30km/h
t=  87.1s (  284.95, -730.00) speed= 5.23m/s road1126 s=   3.6 on_road=True
t=  88.1s (  283.22, -725.72) speed= 5.13m/s road1126 s=   8.3 on_road=True
t=  89.1s (  281.00, -720.65) speed= 5.09m/s road1126 s=  13.9 on_road=True
t=  90.1s (  279.09, -716.46) speed= 5.22m/s road1126 s=  18.5 on_road=True
t=  91.1s (  276.72, -711.37) speed= 5.05m/s road1126 s=  24.1 on_road=True
t=  92.1s (  274.75, -707.18) speed= 5.29m/s road1126 s=  28.8 on_road=True
t=  93.1s (  272.37, -702.13) speed= 5.05m/s road1126 s=  34.3 on_road=True
t=  94.1s (  270.41, -697.96) speed= 5.19m/s road1126 s=  39.0 on_road=True
t=  95.1s (  268.05, -692.97) speed= 4.86m/s road1126 s=  44.5 on_road=True
t=  96.1s (  266.06, -688.76) speed= 5.30m/s road1126 s=  49.1 on_road=True
t=  97.1s (  263.68, -683.73) speed= 4.84m/s road1126 s=  54.7 on_road=True
t=  98.1s (  261.64, -679.42) speed= 5.42m/s road1126 s=  59.5 on_road=True
[전이] t=  98.20s road1726 커넥터 speed= 5.24m/s limit=30km/h
t=  99.1s (  259.24, -674.35) speed= 5.16m/s road1726 s=   5.0 on_road=True
t= 100.1s (  257.27, -670.17) speed= 5.27m/s road1726 s=   9.7 on_road=True
t= 101.1s (  254.95, -665.29) speed= 6.39m/s road1726 s=  15.1 on_road=True
[전이] t= 101.10s road1729 커넥터 speed= 6.25m/s limit=30km/h
[전이] t= 101.15s road1125 일반 speed= 6.18m/s limit=30km/h
t= 102.1s (  252.83, -660.81) speed= 4.42m/s road1125 s=   4.5 on_road=True
t= 103.1s (  250.63, -656.14) speed= 5.83m/s road1125 s=   9.7 on_road=True
t= 104.1s (  248.39, -651.42) speed= 4.28m/s road1125 s=  14.9 on_road=True
t= 105.1s (  246.21, -646.82) speed= 6.07m/s road1125 s=  20.0 on_road=True
t= 106.1s (  243.99, -642.12) speed= 4.25m/s road1125 s=  25.2 on_road=True
t= 107.1s (  241.82, -637.53) speed= 6.11m/s road1125 s=  30.3 on_road=True
t= 108.1s (  239.60, -632.85) speed= 4.23m/s road1125 s=  35.4 on_road=True
t= 109.1s (  237.45, -628.30) speed= 5.25m/s road1125 s=  40.5 on_road=True
t= 110.1s (  235.07, -623.28) speed= 4.40m/s road1125 s=  46.0 on_road=True
t= 111.1s (  233.07, -619.04) speed= 5.36m/s road1125 s=  50.7 on_road=True
t= 112.1s (  230.70, -614.04) speed= 4.54m/s road1125 s=  56.2 on_road=True
[전이] t= 112.65s road1733 커넥터 speed= 4.96m/s limit=30km/h
t= 113.1s (  228.65, -609.71) speed= 5.31m/s road1733 s=   2.1 on_road=True
t= 114.1s (  226.32, -604.79) speed= 4.11m/s road1733 s=   7.5 on_road=True
t= 115.1s (  224.28, -600.47) speed= 5.29m/s road1733 s=  12.3 on_road=True
[전이] t= 115.65s road1737 커넥터 speed= 5.23m/s limit=30km/h
[전이] t= 115.90s road1124 일반 speed= 4.56m/s limit=30km/h
t= 116.1s (  221.94, -595.62) speed= 4.12m/s road1124 s=   0.8 on_road=True
t= 117.1s (  219.78, -591.32) speed= 5.24m/s road1124 s=   5.7 on_road=True
[전이] t= 117.75s road1827 커넥터 speed= 5.08m/s limit=30km/h
[전이] t= 117.85s road1124 일반 speed= 4.37m/s limit=30km/h
[전이] t= 117.95s road1825 커넥터 speed= 4.07m/s limit=30km/h
t= 118.1s (  217.29, -586.66) speed= 4.08m/s road1825 s=   0.5 on_road=True
[전이] t= 118.55s road1826 커넥터 speed= 5.02m/s limit=30km/h
t= 119.1s (  215.06, -582.32) speed= 5.52m/s road1826 s=   5.5 on_road=True
[전이] t= 119.40s road1831 커넥터 speed= 5.79m/s limit=30km/h
[전이] t= 119.55s road1829 커넥터 speed= 5.21m/s limit=30km/h
[전이] t= 119.80s road1826 커넥터 speed= 4.49m/s limit=30km/h
t= 120.1s (  213.33, -577.39) speed= 4.19m/s road1826 s=  10.4 on_road=True
t= 121.1s (  212.34, -572.48) speed= 5.34m/s road1826 s=  15.2 on_road=True
[전이] t= 121.20s road1123 일반 speed= 6.16m/s limit=30km/h
t= 122.1s (  211.68, -567.16) speed= 4.21m/s road1123 s=   4.6 on_road=True
t= 123.1s (  211.53, -562.22) speed= 5.76m/s road1123 s=   9.5 on_road=True
t= 124.1s (  212.36, -557.08) speed= 4.13m/s road1123 s=  14.5 on_road=True
t= 125.1s (  213.55, -552.27) speed= 6.05m/s road1123 s=  19.2 on_road=True
[계획 소진] t=125.15s 완주 전에 계획 웨이포인트가 모두 소진됨(이후 제동, 정체 조건으로 판정)
완주: t=125.4s 종점까지 0.84m

=== 요약 ===
route: yangseong (종점 road1123 s=22.0)
결과: 완주
주행 시간(시뮬): 125.4s
계획 이탈 기록: t=31.45s road1915 는 계획의 현재/다음 road 가 아님(비치명, 계속 주행)

=== 계획 vs 실제 road 시퀀스 ===
 0 계획 1247  실제 1247 
 1 계획 1914  실제 1915   <-- 불일치
 2 계획 1356  실제 1247   <-- 불일치
 3 계획 1917  실제 1914   <-- 불일치
 4 계획 1355  실제 1356   <-- 불일치
 5 계획 1446  실제 1917   <-- 불일치
 6 계획 1172  실제 1916   <-- 불일치
 7 계획 1427  실제 1355   <-- 불일치
 8 계획 1127  실제 1449   <-- 불일치
 9 계획 1699  실제 1355   <-- 불일치
10 계획 1126  실제 1446   <-- 불일치
11 계획 1726  실제 1172   <-- 불일치
12 계획 1125  실제 1445   <-- 불일치
13 계획 1733  실제 1172   <-- 불일치
14 계획 1124  실제 1427   <-- 불일치
15 계획 1826  실제 1127   <-- 불일치
16 계획 1123  실제 1698   <-- 불일치
17 계획 -     실제 1699   <-- 불일치
18 계획 -     실제 1703   <-- 불일치
19 계획 -     실제 1699   <-- 불일치
20 계획 -     실제 1701   <-- 불일치
21 계획 -     실제 1699   <-- 불일치
22 계획 -     실제 1126   <-- 불일치
23 계획 -     실제 1726   <-- 불일치
24 계획 -     실제 1729   <-- 불일치
25 계획 -     실제 1125   <-- 불일치
26 계획 -     실제 1733   <-- 불일치
27 계획 -     실제 1737   <-- 불일치
28 계획 -     실제 1124   <-- 불일치
29 계획 -     실제 1827   <-- 불일치
30 계획 -     실제 1124   <-- 불일치
31 계획 -     실제 1825   <-- 불일치
32 계획 -     실제 1826   <-- 불일치
33 계획 -     실제 1831   <-- 불일치
34 계획 -     실제 1829   <-- 불일치
35 계획 -     실제 1826   <-- 불일치
36 계획 -     실제 1123   <-- 불일치
첫 불일치 위치: 1번째 (계획 1914 / 실제 1915)
junction 통과(커넥터 road 를 실제로 밟았는지):
junction1   (r1914): 통과
junction107 (r1917): 통과
junction42  (r1446): 통과
junction10  (r1427): 통과
junction9   (r1699): 통과
junction8   (r1726): 통과
junction7   (r1733): 통과
junction6   (r1826): 통과
junction2(출발 전), junction35(종점 밖)는 통과 대상 아님

=== 급회전 커넥터 이탈량 (정의: sharp_offset docstring) ===
r1446 (+78.4°): tick 35, 최대|lat| 1.71m, 최대 차체초과 +1.01m(안쪽, s=10.2), on_road False 12tick, 충돌 0건
r1446 진입: t=51.25s speed=5.42m/s(19.5km/h)

=== 차체 판정 road 별 (tick 수, 최대 차선밖 꼭짓점) ===
road1247: 인도 23tick, 차선밖꼭짓점 최대 1/4 (1개 이상 25tick), 반대차선(중심) 0tick, (계획 차선 안 0tick), 꼭짓점 침범깊이 최대 0.19m, 메시밖 0tick
road1356: 인도 1tick, 차선밖꼭짓점 최대 1/4 (1개 이상 1tick), 반대차선(중심) 0tick, (계획 차선 안 0tick), 꼭짓점 침범깊이 최대 0.00m, 메시밖 0tick
road1917: 인도 2tick, 차선밖꼭짓점 최대 1/4 (1개 이상 2tick), 반대차선(중심) 0tick, (계획 차선 안 0tick), 꼭짓점 침범깊이 최대 0.00m, 메시밖 0tick
road1355: 인도 1tick, 차선밖꼭짓점 최대 1/4 (1개 이상 1tick), 반대차선(중심) 0tick, (계획 차선 안 0tick), 꼭짓점 침범깊이 최대 0.00m, 메시밖 0tick
road1446: 인도 37tick, 차선밖꼭짓점 최대 2/4 (1개 이상 37tick), 반대차선(중심) 0tick, (계획 차선 안 0tick), 꼭짓점 침범깊이 최대 0.00m, 메시밖 0tick
road1172: 인도 14tick, 차선밖꼭짓점 최대 1/4 (1개 이상 14tick), 반대차선(중심) 0tick, (계획 차선 안 0tick), 꼭짓점 침범깊이 최대 0.00m, 메시밖 0tick
road1445: 인도 5tick, 차선밖꼭짓점 최대 1/4 (1개 이상 5tick), 반대차선(중심) 0tick, (계획 차선 안 0tick), 꼭짓점 침범깊이 최대 0.00m, 메시밖 0tick
road1699: 인도 0tick, 차선밖꼭짓점 최대 0/4 (1개 이상 0tick), 반대차선(중심) 0tick, (계획 차선 안 0tick), 꼭짓점 침범깊이 최대 1.72m, 메시밖 0tick
road1703: 인도 0tick, 차선밖꼭짓점 최대 0/4 (1개 이상 0tick), 반대차선(중심) 0tick, (계획 차선 안 0tick), 꼭짓점 침범깊이 최대 1.35m, 메시밖 0tick
road1701: 인도 0tick, 차선밖꼭짓점 최대 0/4 (1개 이상 0tick), 반대차선(중심) 0tick, (계획 차선 안 0tick), 꼭짓점 침범깊이 최대 1.18m, 메시밖 0tick
road1726: 인도 0tick, 차선밖꼭짓점 최대 0/4 (1개 이상 0tick), 반대차선(중심) 0tick, (계획 차선 안 0tick), 꼭짓점 침범깊이 최대 1.59m, 메시밖 0tick
road1733: 인도 0tick, 차선밖꼭짓점 최대 0/4 (1개 이상 0tick), 반대차선(중심) 0tick, (계획 차선 안 0tick), 꼭짓점 침범깊이 최대 2.47m, 메시밖 0tick
road1826: 인도 0tick, 차선밖꼭짓점 최대 0/4 (1개 이상 0tick), 반대차선(중심) 0tick, (계획 차선 안 0tick), 꼭짓점 침범깊이 최대 2.52m, 메시밖 0tick
road1831: 인도 0tick, 차선밖꼭짓점 최대 0/4 (1개 이상 0tick), 반대차선(중심) 0tick, (계획 차선 안 0tick), 꼭짓점 침범깊이 최대 1.81m, 메시밖 0tick
road1829: 인도 0tick, 차선밖꼭짓점 최대 0/4 (1개 이상 0tick), 반대차선(중심) 4tick, (계획 차선 안 4tick), 꼭짓점 침범깊이 최대 1.33m, 메시밖 0tick
road1123: 인도 0tick, 차선밖꼭짓점 최대 1/4 (1개 이상 2tick), 반대차선(중심) 0tick, (계획 차선 안 0tick), 꼭짓점 침범깊이 최대 0.14m, 메시밖 0tick
(목록에 없는 road 는 전부 0)

=== 차선 이탈 구간 (차체 기준, 계획 중심선 기준, 세션19) ===
t=19.95~20.95s road1247 -중앙선 쪽 최대 lat -0.96m 차체초과 0.18m 중심초과 0.00m 21tick, 진입 14.8km/h, road 평균R 173.65 R2min 10.28
t=39.45~39.60s road1356 +인도 쪽 최대 lat +0.89m 차체초과 0.11m 중심초과 0.00m 4tick, 진입 19.0km/h, road 평균R 209.60 R2min 13.11
t=51.30~53.65s road1446 +인도 쪽 최대 lat +1.81m 차체초과 1.03m 중심초과 0.13m 48tick, 진입 20.0km/h, road 평균R 10.12 R2min 7.40
t=123.55~124.35s road1123 -중앙선 쪽 최대 lat -0.92m 차체초과 0.14m 중심초과 0.00m 17tick, 진입 18.8km/h, road 평균R 52.40 R2min 10.28
합계 4구간 (중앙선 쪽 2, 인도 쪽 2), 최대 차체초과 1.03m
충돌 누적 0건
판정: record
follow=on
궤적 로그: /home/gyumin/campus_mobility_sim/map/docs/logs/drive_log_20261007_205331.csv
충돌 센서(actor_id=26) 제거함
정상 종료 - 차량(actor_id=25) 브레이크 유지로 남겨둠
[동기모드] 복귀: synchronous_mode=False fixed_delta_seconds=None
