map_sha256=5240ca8b883e42c0 (cbnu_internal_only_localtm_tags81_B_smooth_turnfix.xodr)
route=middle: 19 road [1278, 1969, 1393, 1972, 1392, 1485, 1410, 1712, 1411, 1630, 1314, 1655, 1315, 1644, 1316, 1635, 1317, 1877, 1360]
  종점 road1360 lane-1 s=70.0 (완주 s>=69.0 이고 종점 5m 이내) - 중문 앞(road1327 막다른 끝 5.7m 전, 문까지 약 40~80m)
  커넥터 {1969: 1, 1972: 109, 1485: 43, 1712: 59, 1630: 45, 1655: 44, 1644: 46, 1635: 47, 1877: 49}, 급회전 {1630: -97.2, 1877: -71.4}
controller=agent, 동기모드=켬 0.05s
conn_spacing=4.0m(전 구간), sharp_speed=없음
follow=on(뒤 8m, 위 4m, 매 tick)
맵: Carla/Maps/OpenDriveMap, spawn point 1302개
server_map_sha256=5240ca8b883e42c0 (파일과 일치)
spawn: Location(x=217.845581, y=-1087.414185, z=0.500000) road1278 lane-1 s=0.00
계획 CSV: /home/gyumin/campus_mobility_sim/map/docs/logs/drive_plan_20261007_211109.csv
계획 웨이포인트 총 184개
road   kind  n  s범위          최대간격(m)
1278   road  39 1.96~151.01  4.38
1969   conn  2  1.07~3.22  2.93
1393   road  10 1.85~35.20  4.0
1972   conn  1  1.48~1.48  2.07
1392   road  15 1.87~54.20  4.13
1485   conn  5  1.63~14.67  3.5
1410   road  16 1.88~58.17  3.75
1712   conn  4  1.91~13.39  3.83
1411   road  21 1.95~79.75  3.9
1630   conn  4  1.67~11.66  4.33
1314   road  2  1.69~5.06  3.56
1655   conn  4  1.94~13.55  3.87
1315   road  8  1.99~29.82  3.98
1644   conn  4  1.86~13.01  3.85
1316   road  19 1.93~71.56  3.88
1635   conn  5  1.80~16.19  3.74
1317   road  4  1.88~13.15  3.75
1877   conn  3  1.38~6.90  4.78
1360   road  18 1.94~68.06  4.21
커넥터 안쪽 점: 32개 / 점 없는 커넥터: 없음
전체 최대 간격 4.78m, 평균 3.79m
인접 road 연결 확인: 18쌍 모두 next() 로 이어짐
판정: record(세션19, 종료/기록 분리)
궤적 로그(tick마다 기록): /home/gyumin/campus_mobility_sim/map/docs/logs/drive_log_20261007_211109.csv
차량 스폰: actor_id=25
bounding box: half_length=1.853m half_width=0.894m half_height=0.775m -> /home/gyumin/campus_mobility_sim/map/docs/logs/vehicle_bbox_20261007_211109.txt
충돌 센서 부착: actor_id=26 -> /home/gyumin/campus_mobility_sim/map/docs/logs/collision_events_20261007_211109.csv
BasicAgent set_global_plan 184점, target_speed=20.0km/h, dt=0.05
[동기모드] 전환 전: synchronous_mode=False fixed_delta_seconds=None
[동기모드] 전환 후: synchronous_mode=True fixed_delta_seconds=0.05
[전이] t=   0.05s road1278 일반 speed= 0.01m/s limit=30km/h
t=   0.1s (  217.85,-1087.41) speed= 0.01m/s road1278 s=   0.0 on_road=True
t=   1.1s (  217.86,-1087.17) speed= 1.51m/s road1278 s=   0.2 on_road=True
t=   2.1s (  217.99,-1084.54) speed= 3.75m/s road1278 s=   2.9 on_road=True
t=   3.1s (  218.22,-1079.78) speed= 5.32m/s road1278 s=   7.6 on_road=True
t=   4.1s (  218.48,-1074.31) speed= 4.43m/s road1278 s=  13.1 on_road=True
t=   5.1s (  218.72,-1069.44) speed= 5.37m/s road1278 s=  18.0 on_road=True
t=   6.1s (  218.99,-1063.93) speed= 4.61m/s road1278 s=  23.5 on_road=True
t=   7.1s (  219.22,-1059.10) speed= 5.35m/s road1278 s=  28.3 on_road=True
t=   8.1s (  219.50,-1053.53) speed= 5.07m/s road1278 s=  33.9 on_road=True
t=   9.1s (  219.72,-1048.94) speed= 5.35m/s road1278 s=  38.5 on_road=True
[tick 대조] fixed_delta=0.05 delta_seconds=0.0500 시뮬경과/프레임=0.0500s 벽시계 182.0 tick/s (프레임 200)
t=  10.1s (  220.01,-1043.34) speed= 5.04m/s road1278 s=  44.1 on_road=True
t=  11.1s (  220.28,-1038.75) speed= 5.10m/s road1278 s=  48.7 on_road=True
t=  12.1s (  220.69,-1033.27) speed= 5.06m/s road1278 s=  54.2 on_road=True
t=  13.1s (  221.10,-1028.61) speed= 5.27m/s road1278 s=  58.9 on_road=True
t=  14.1s (  221.66,-1023.11) speed= 4.56m/s road1278 s=  64.4 on_road=True
t=  15.1s (  222.15,-1018.47) speed= 5.20m/s road1278 s=  69.0 on_road=True
t=  16.1s (  222.83,-1013.05) speed= 4.17m/s road1278 s=  74.5 on_road=True
t=  17.1s (  223.81,-1008.44) speed= 5.29m/s road1278 s=  79.1 on_road=True
t=  18.1s (  225.55,-1003.20) speed= 4.50m/s road1278 s=  84.3 on_road=True
t=  19.1s (  227.29, -998.89) speed= 5.19m/s road1278 s=  89.0 on_road=True
t=  20.1s (  230.06, -994.21) speed= 4.41m/s road1278 s=  94.3 on_road=True
t=  21.1s (  233.21, -990.57) speed= 5.22m/s road1278 s=  98.8 on_road=True
t=  22.1s (  237.16, -986.91) speed= 4.07m/s road1278 s= 104.2 on_road=True
t=  23.1s (  240.81, -983.80) speed= 5.22m/s road1278 s= 109.0 on_road=True
t=  24.1s (  244.89, -980.44) speed= 4.08m/s road1278 s= 114.3 on_road=True
t=  25.1s (  248.71, -977.35) speed= 5.61m/s road1278 s= 119.2 on_road=True
t=  26.1s (  252.79, -974.07) speed= 4.15m/s road1278 s= 124.4 on_road=True
t=  27.1s (  256.65, -971.00) speed= 6.01m/s road1278 s= 129.4 on_road=True
t=  28.1s (  260.69, -967.82) speed= 4.31m/s road1278 s= 134.4 on_road=True
t=  29.1s (  264.77, -964.65) speed= 6.37m/s road1278 s= 139.6 on_road=True
t=  30.1s (  268.74, -961.61) speed= 4.34m/s road1278 s= 144.6 on_road=True
t=  31.1s (  272.88, -958.41) speed= 6.57m/s road1278 s= 149.8 on_road=True
[전이] t=  31.45s road1970 커넥터 speed= 5.36m/s limit=30km/h
[계획 이탈] t=31.45s road1970 는 계획의 현재/다음 road 가 아님(비치명, 계속 주행)
[전이] t=  31.55s road1278 일반 speed= 5.30m/s limit=30km/h
[전이] t=  31.60s road1969 커넥터 speed= 5.02m/s limit=30km/h
t=  32.1s (  276.85, -955.16) speed= 4.38m/s road1969 s=   2.2 on_road=True
[전이] t=  32.55s road1393 일반 speed= 5.42m/s limit=30km/h
t=  33.1s (  280.87, -951.86) speed= 6.27m/s road1393 s=   3.0 on_road=True
t=  34.1s (  284.85, -948.75) speed= 4.30m/s road1393 s=   8.0 on_road=True
t=  35.1s (  289.11, -945.89) speed= 6.17m/s road1393 s=  13.0 on_road=True
t=  36.1s (  293.45, -943.27) speed= 4.26m/s road1393 s=  18.0 on_road=True
t=  37.1s (  297.88, -940.72) speed= 6.38m/s road1393 s=  23.1 on_road=True
t=  38.1s (  302.28, -938.23) speed= 4.31m/s road1393 s=  28.1 on_road=True
t=  39.1s (  306.59, -935.43) speed= 6.21m/s road1393 s=  33.2 on_road=True
[전이] t=  39.60s road1972 커넥터 speed= 4.91m/s limit=30km/h
t=  40.1s (  310.40, -932.21) speed= 4.43m/s road1972 s=   2.7 on_road=True
[전이] t=  40.15s road1971 커넥터 speed= 4.62m/s limit=30km/h
[전이] t=  40.40s road1392 일반 speed= 5.11m/s limit=30km/h
t=  41.1s (  314.56, -928.92) speed= 6.34m/s road1392 s=   4.2 on_road=True
t=  42.1s (  318.42, -926.00) speed= 4.50m/s road1392 s=   9.0 on_road=True
t=  43.1s (  322.73, -922.81) speed= 6.18m/s road1392 s=  14.4 on_road=True
t=  44.1s (  326.62, -919.96) speed= 4.63m/s road1392 s=  19.2 on_road=True
t=  45.1s (  331.04, -916.75) speed= 5.99m/s road1392 s=  24.7 on_road=True
t=  46.1s (  334.86, -913.97) speed= 4.70m/s road1392 s=  29.4 on_road=True
t=  47.1s (  339.29, -910.75) speed= 5.82m/s road1392 s=  34.9 on_road=True
t=  48.1s (  343.08, -908.00) speed= 4.83m/s road1392 s=  39.6 on_road=True
t=  49.1s (  347.60, -904.73) speed= 6.03m/s road1392 s=  45.1 on_road=True
t=  50.1s (  351.40, -901.98) speed= 4.70m/s road1392 s=  49.8 on_road=True
t=  51.1s (  355.86, -898.76) speed= 5.84m/s road1392 s=  55.3 on_road=True
[전이] t=  51.20s road1485 커넥터 speed= 5.24m/s limit=30km/h
t=  52.1s (  359.69, -896.00) speed= 4.84m/s road1485 s=   4.0 on_road=True
t=  53.1s (  364.17, -892.77) speed= 5.84m/s road1485 s=   9.5 on_road=True
t=  54.1s (  368.07, -889.96) speed= 4.88m/s road1485 s=  14.3 on_road=True
[전이] t=  54.45s road1410 일반 speed= 5.29m/s limit=30km/h
t=  55.1s (  372.57, -886.71) speed= 5.83m/s road1410 s=   3.6 on_road=True
t=  56.1s (  376.42, -883.92) speed= 4.86m/s road1410 s=   8.3 on_road=True
t=  57.1s (  380.89, -880.70) speed= 6.07m/s road1410 s=  13.8 on_road=True
t=  58.1s (  384.82, -877.87) speed= 4.78m/s road1410 s=  18.7 on_road=True
t=  59.1s (  389.24, -874.67) speed= 6.33m/s road1410 s=  24.1 on_road=True
--- 메모리 측정(주행중(차량1대+BasicAgent, 동기 20Hz)) ---
total        used        free      shared  buff/cache   available
Mem:            12Gi       8.3Gi       4.1Gi       8.0Mi       343Mi       4.1Gi
Swap:          8.0Gi       1.5Gi       6.5Gi
gtt_used: 1676877824 bytes (1.56GiB)
t=  60.1s (  393.20, -871.82) speed= 4.50m/s road1410 s=  29.0 on_road=True
t=  61.1s (  397.55, -868.68) speed= 6.18m/s road1410 s=  34.4 on_road=True
t=  62.1s (  401.47, -865.85) speed= 4.63m/s road1410 s=  39.2 on_road=True
t=  63.1s (  405.89, -862.66) speed= 6.14m/s road1410 s=  44.7 on_road=True
t=  64.1s (  409.78, -859.85) speed= 4.60m/s road1410 s=  49.5 on_road=True
t=  65.1s (  414.20, -856.67) speed= 5.99m/s road1410 s=  54.9 on_road=True
t=  66.1s (  418.07, -853.88) speed= 4.72m/s road1410 s=  59.7 on_road=True
[전이] t=  66.15s road1712 커넥터 speed= 4.93m/s limit=30km/h
t=  67.1s (  422.52, -850.66) speed= 5.75m/s road1712 s=   5.1 on_road=True
t=  68.1s (  426.31, -847.93) speed= 4.81m/s road1712 s=   9.8 on_road=True
[전이] t=  69.05s road1411 일반 speed= 5.82m/s limit=30km/h
t=  69.1s (  430.84, -844.66) speed= 5.82m/s road1411 s=   0.1 on_road=True
t=  70.1s (  434.53, -842.00) speed= 4.64m/s road1411 s=   4.6 on_road=True
t=  71.1s (  438.86, -838.87) speed= 6.25m/s road1411 s=  10.0 on_road=True
t=  72.1s (  442.91, -835.95) speed= 4.42m/s road1411 s=  15.0 on_road=True
t=  73.1s (  447.21, -832.85) speed= 6.28m/s road1411 s=  20.3 on_road=True
t=  74.1s (  451.15, -830.00) speed= 4.50m/s road1411 s=  25.1 on_road=True
t=  75.1s (  455.49, -826.87) speed= 6.29m/s road1411 s=  30.5 on_road=True
t=  76.1s (  459.44, -824.02) speed= 4.50m/s road1411 s=  35.3 on_road=True
t=  77.1s (  463.79, -820.88) speed= 6.22m/s road1411 s=  40.7 on_road=True
t=  78.1s (  467.71, -818.06) speed= 4.60m/s road1411 s=  45.5 on_road=True
t=  79.1s (  472.11, -814.90) speed= 6.13m/s road1411 s=  50.9 on_road=True
t=  80.1s (  476.04, -812.08) speed= 4.63m/s road1411 s=  55.8 on_road=True
t=  81.1s (  480.44, -808.95) speed= 6.15m/s road1411 s=  61.2 on_road=True
t=  82.1s (  484.44, -806.10) speed= 4.67m/s road1411 s=  66.1 on_road=True
t=  83.1s (  488.92, -802.92) speed= 5.92m/s road1411 s=  71.6 on_road=True
t=  84.1s (  492.79, -800.20) speed= 4.76m/s road1411 s=  76.3 on_road=True
[전이] t=  85.00s road1631 커넥터 speed= 6.30m/s limit=30km/h
t=  85.1s (  497.49, -797.40) speed= 6.10m/s road1631 s=   1.1 on_road=True
[전이] t=  85.70s road1630 커넥터 speed= 4.19m/s limit=30km/h
[전이] t=  85.90s road1628 커넥터 speed= 4.46m/s limit=30km/h
t=  86.1s (  502.15, -796.44) speed= 4.71m/s road1628 s=  11.0 on_road=True
[전이] t=  86.60s road1625 커넥터 speed= 5.32m/s limit=30km/h
[전이] t=  86.95s road1650 커넥터 speed= 5.52m/s limit=30km/h
t=  87.1s (  506.89, -798.32) speed= 6.19m/s road1650 s=  25.6 on_road=True
[전이] t=  87.25s road1626 커넥터 speed= 5.85m/s limit=30km/h
[전이] t=  87.90s road1314 일반 speed= 4.22m/s limit=30km/h
t=  88.1s (  510.30, -802.03) speed= 4.42m/s road1314 s=   1.4 on_road=True
[전이] t=  89.00s road1656 커넥터 speed= 6.30m/s limit=30km/h
t=  89.1s (  513.22, -806.38) speed= 6.21m/s road1656 s=   0.9 on_road=True
[전이] t=  89.25s road1655 커넥터 speed= 5.54m/s limit=30km/h
t=  90.1s (  515.67, -810.58) speed= 4.51m/s road1655 s=   4.8 on_road=True
[전이] t=  90.35s road1652 커넥터 speed= 5.13m/s limit=30km/h
[전이] t=  90.45s road1655 커넥터 speed= 5.21m/s limit=30km/h
t=  91.1s (  518.24, -815.27) speed= 6.08m/s road1655 s=  10.1 on_road=True
t=  92.1s (  520.49, -819.48) speed= 4.59m/s road1655 s=  14.9 on_road=True
[전이] t=  92.20s road1315 일반 speed= 4.91m/s limit=30km/h
t=  93.1s (  523.05, -824.27) speed= 5.94m/s road1315 s=   4.8 on_road=True
t=  94.1s (  525.32, -828.44) speed= 4.72m/s road1315 s=   9.6 on_road=True
t=  95.1s (  528.06, -833.20) speed= 5.73m/s road1315 s=  15.1 on_road=True
t=  96.1s (  530.50, -837.16) speed= 4.80m/s road1315 s=  19.9 on_road=True
t=  97.1s (  533.46, -841.75) speed= 5.51m/s road1315 s=  25.4 on_road=True
t=  98.1s (  536.04, -845.66) speed= 5.02m/s road1315 s=  30.1 on_road=True
[전이] t=  98.40s road1644 커넥터 speed= 5.25m/s limit=30km/h
t=  99.1s (  539.18, -850.26) speed= 5.23m/s road1644 s=   3.8 on_road=True
t= 100.1s (  541.86, -853.97) speed= 5.10m/s road1644 s=   8.5 on_road=True
t= 101.1s (  545.19, -858.43) speed= 5.05m/s road1644 s=  14.0 on_road=True
[전이] t= 101.25s road1316 일반 speed= 4.60m/s limit=30km/h
[전이] t= 101.30s road1643 커넥터 speed= 4.33m/s limit=30km/h
[전이] t= 101.35s road1316 일반 speed= 4.17m/s limit=30km/h
t= 102.1s (  547.96, -862.13) speed= 5.18m/s road1316 s=   3.8 on_road=True
t= 103.1s (  551.28, -866.62) speed= 5.03m/s road1316 s=   9.4 on_road=True
t= 104.1s (  554.03, -870.37) speed= 5.29m/s road1316 s=  14.0 on_road=True
t= 105.1s (  557.33, -874.88) speed= 5.05m/s road1316 s=  19.6 on_road=True
t= 106.1s (  560.05, -878.61) speed= 5.30m/s road1316 s=  24.2 on_road=True
t= 107.1s (  563.33, -883.11) speed= 5.01m/s road1316 s=  29.8 on_road=True
t= 108.1s (  566.10, -886.90) speed= 5.37m/s road1316 s=  34.5 on_road=True
t= 109.1s (  569.39, -891.41) speed= 4.86m/s road1316 s=  40.1 on_road=True
t= 110.1s (  572.13, -895.13) speed= 5.17m/s road1316 s=  44.7 on_road=True
t= 111.1s (  575.42, -899.52) speed= 4.48m/s road1316 s=  50.2 on_road=True
t= 112.1s (  578.26, -903.24) speed= 5.32m/s road1316 s=  54.9 on_road=True
t= 113.1s (  581.64, -907.54) speed= 4.26m/s road1316 s=  60.4 on_road=True
t= 114.1s (  584.56, -911.21) speed= 5.23m/s road1316 s=  65.1 on_road=True
t= 115.1s (  587.97, -915.39) speed= 4.12m/s road1316 s=  70.5 on_road=True
[전이] t= 115.55s road1637 커넥터 speed= 4.82m/s limit=30km/h
[전이] t= 115.65s road1316 일반 speed= 5.03m/s limit=30km/h
[전이] t= 115.75s road1635 커넥터 speed= 5.16m/s limit=30km/h
t= 116.1s (  591.25, -918.80) speed= 5.17m/s road1635 s=   1.7 on_road=True
t= 117.1s (  595.64, -921.76) speed= 4.21m/s road1635 s=   8.1 on_road=True
t= 118.1s (  600.02, -924.06) speed= 5.84m/s road1635 s=  13.2 on_road=True
[전이] t= 118.90s road1639 커넥터 speed= 4.12m/s limit=30km/h
[전이] t= 119.05s road1317 일반 speed= 4.23m/s limit=30km/h
t= 119.1s (  604.62, -926.40) speed= 4.23m/s road1317 s=   0.1 on_road=True
t= 120.1s (  609.25, -928.08) speed= 5.67m/s road1317 s=   5.3 on_road=True
t= 121.1s (  614.06, -927.07) speed= 4.36m/s road1317 s=  14.3 on_road=True
[전이] t= 121.15s road1878 커넥터 speed= 4.52m/s limit=30km/h
[전이] t= 121.70s road1872 커넥터 speed= 5.23m/s limit=30km/h
t= 122.1s (  619.17, -927.66) speed= 6.35m/s road1872 s=   4.7 on_road=True
[전이] t= 122.10s road1877 커넥터 speed= 6.22m/s limit=30km/h
[전이] t= 122.55s road1873 커넥터 speed= 5.12m/s limit=30km/h
t= 123.1s (  623.88, -929.33) speed= 4.49m/s road1873 s=   9.0 on_road=True
[전이] t= 123.15s road1360 일반 speed= 4.69m/s limit=30km/h
t= 124.1s (  628.74, -931.48) speed= 6.08m/s road1360 s=   5.6 on_road=True
t= 125.1s (  633.01, -933.67) speed= 4.59m/s road1360 s=  10.4 on_road=True
t= 126.1s (  637.54, -936.59) speed= 5.92m/s road1360 s=  15.6 on_road=True
t= 127.1s (  641.33, -939.43) speed= 4.75m/s road1360 s=  20.2 on_road=True
t= 128.1s (  645.42, -943.09) speed= 5.76m/s road1360 s=  25.7 on_road=True
t= 129.1s (  648.63, -946.45) speed= 4.82m/s road1360 s=  30.2 on_road=True
t= 130.1s (  652.13, -950.70) speed= 5.57m/s road1360 s=  35.6 on_road=True
t= 131.1s (  654.80, -954.46) speed= 4.89m/s road1360 s=  40.1 on_road=True
t= 132.1s (  657.68, -959.19) speed= 5.34m/s road1360 s=  45.5 on_road=True
t= 133.1s (  659.75, -963.29) speed= 5.01m/s road1360 s=  50.0 on_road=True
t= 134.1s (  661.78, -968.42) speed= 5.22m/s road1360 s=  55.4 on_road=True
t= 135.1s (  663.30, -972.79) speed= 5.17m/s road1360 s=  60.0 on_road=True
t= 136.1s (  665.08, -978.12) speed= 5.16m/s road1360 s=  65.6 on_road=True
[계획 소진] t=136.45s 완주 전에 계획 웨이포인트가 모두 소진됨(이후 제동, 정체 조건으로 판정)
t= 137.1s (  666.12, -981.24) speed= 0.01m/s road1360 s=  68.9 on_road=True
t= 138.1s (  666.12, -981.24) speed= 0.00m/s road1360 s=  68.9 on_road=True
t= 139.1s (  666.12, -981.24) speed= 0.00m/s road1360 s=  68.9 on_road=True
t= 140.1s (  666.12, -981.24) speed= 0.00m/s road1360 s=  68.9 on_road=True
t= 141.1s (  666.12, -981.24) speed= 0.00m/s road1360 s=  68.9 on_road=True
t= 142.1s (  666.12, -981.24) speed= 0.00m/s road1360 s=  68.9 on_road=True
[정지 근접 완주] 속도<0.5m/s 가 t=137.05s 부터 5.0s, road1360 s=68.89, 정차점까지 1.11m <= 2m
완주: t=142.1s 종점까지 1.11m

=== 요약 ===
route: middle (종점 road1360 s=70.0)
결과: 완주 (정지 근접 판정, 세션21)
주행 시간(시뮬): 142.1s
계획 이탈 기록: t=31.45s road1970 는 계획의 현재/다음 road 가 아님(비치명, 계속 주행)

=== 계획 vs 실제 road 시퀀스 ===
 0 계획 1278  실제 1278 
 1 계획 1969  실제 1970   <-- 불일치
 2 계획 1393  실제 1278   <-- 불일치
 3 계획 1972  실제 1969   <-- 불일치
 4 계획 1392  실제 1393   <-- 불일치
 5 계획 1485  실제 1972   <-- 불일치
 6 계획 1410  실제 1971   <-- 불일치
 7 계획 1712  실제 1392   <-- 불일치
 8 계획 1411  실제 1485   <-- 불일치
 9 계획 1630  실제 1410   <-- 불일치
10 계획 1314  실제 1712   <-- 불일치
11 계획 1655  실제 1411   <-- 불일치
12 계획 1315  실제 1631   <-- 불일치
13 계획 1644  실제 1630   <-- 불일치
14 계획 1316  실제 1628   <-- 불일치
15 계획 1635  실제 1625   <-- 불일치
16 계획 1317  실제 1650   <-- 불일치
17 계획 1877  실제 1626   <-- 불일치
18 계획 1360  실제 1314   <-- 불일치
19 계획 -     실제 1656   <-- 불일치
20 계획 -     실제 1655   <-- 불일치
21 계획 -     실제 1652   <-- 불일치
22 계획 -     실제 1655   <-- 불일치
23 계획 -     실제 1315   <-- 불일치
24 계획 -     실제 1644   <-- 불일치
25 계획 -     실제 1316   <-- 불일치
26 계획 -     실제 1643   <-- 불일치
27 계획 -     실제 1316   <-- 불일치
28 계획 -     실제 1637   <-- 불일치
29 계획 -     실제 1316   <-- 불일치
30 계획 -     실제 1635   <-- 불일치
31 계획 -     실제 1639   <-- 불일치
32 계획 -     실제 1317   <-- 불일치
33 계획 -     실제 1878   <-- 불일치
34 계획 -     실제 1872   <-- 불일치
35 계획 -     실제 1877   <-- 불일치
36 계획 -     실제 1873   <-- 불일치
37 계획 -     실제 1360   <-- 불일치
첫 불일치 위치: 1번째 (계획 1969 / 실제 1970)
junction 통과(커넥터 road 를 실제로 밟았는지):
junction1   (r1969): 통과
junction109 (r1972): 통과
junction43  (r1485): 통과
junction59  (r1712): 통과
junction45  (r1630): 통과
junction44  (r1655): 통과
junction46  (r1644): 통과
junction47  (r1635): 통과
junction49  (r1877): 통과
junction2(출발 전), junction35(종점 밖)는 통과 대상 아님

=== 급회전 커넥터 이탈량 (정의: sharp_offset docstring) ===
r1630 (-97.2°): tick 52, 최대|lat| 1.96m, 최대 차체초과 +1.19m(안쪽, s=10.0), on_road False 0tick, 충돌 0건
r1877 (-71.4°): tick 32, 최대|lat| 1.64m, 최대 차체초과 +0.82m(안쪽, s=2.8), on_road False 0tick, 충돌 0건
r1630 진입: t=85.70s speed=4.19m/s(15.1km/h)
r1877 진입: t=122.10s speed=6.22m/s(22.4km/h)

=== 차체 판정 road 별 (tick 수, 최대 차선밖 꼭짓점) ===
road1278: 인도 23tick, 차선밖꼭짓점 최대 1/4 (1개 이상 26tick), 반대차선(중심) 0tick, (계획 차선 안 0tick), 꼭짓점 침범깊이 최대 0.17m, 메시밖 0tick
road1393: 인도 1tick, 차선밖꼭짓점 최대 1/4 (1개 이상 1tick), 반대차선(중심) 0tick, (계획 차선 안 0tick), 꼭짓점 침범깊이 최대 0.00m, 메시밖 0tick
road1972: 인도 3tick, 차선밖꼭짓점 최대 1/4 (1개 이상 3tick), 반대차선(중심) 0tick, (계획 차선 안 0tick), 꼭짓점 침범깊이 최대 0.00m, 메시밖 0tick
road1485: 인도 0tick, 차선밖꼭짓점 최대 0/4 (1개 이상 0tick), 반대차선(중심) 0tick, (계획 차선 안 0tick), 꼭짓점 침범깊이 최대 2.04m, 메시밖 0tick
road1712: 인도 0tick, 차선밖꼭짓점 최대 0/4 (1개 이상 0tick), 반대차선(중심) 0tick, (계획 차선 안 0tick), 꼭짓점 침범깊이 최대 1.54m, 메시밖 0tick
road1631: 인도 0tick, 차선밖꼭짓점 최대 0/4 (1개 이상 0tick), 반대차선(중심) 0tick, (계획 차선 안 0tick), 꼭짓점 침범깊이 최대 1.44m, 메시밖 0tick
road1630: 인도 0tick, 차선밖꼭짓점 최대 0/4 (1개 이상 0tick), 반대차선(중심) 0tick, (계획 차선 안 0tick), 꼭짓점 침범깊이 최대 1.87m, 메시밖 0tick
road1628: 인도 0tick, 차선밖꼭짓점 최대 0/4 (1개 이상 0tick), 반대차선(중심) 11tick, (계획 차선 안 7tick), 꼭짓점 침범깊이 최대 2.70m, 메시밖 0tick
road1625: 인도 0tick, 차선밖꼭짓점 최대 0/4 (1개 이상 0tick), 반대차선(중심) 0tick, (계획 차선 안 0tick), 꼭짓점 침범깊이 최대 1.61m, 메시밖 0tick
road1650: 인도 0tick, 차선밖꼭짓점 최대 0/4 (1개 이상 0tick), 반대차선(중심) 6tick, (계획 차선 안 0tick), 꼭짓점 침범깊이 최대 2.08m, 메시밖 0tick
road1626: 인도 0tick, 차선밖꼭짓점 최대 0/4 (1개 이상 0tick), 반대차선(중심) 0tick, (계획 차선 안 0tick), 꼭짓점 침범깊이 최대 2.11m, 메시밖 0tick
road1314: 인도 0tick, 차선밖꼭짓점 최대 0/4 (1개 이상 0tick), 반대차선(중심) 0tick, (계획 차선 안 0tick), 꼭짓점 침범깊이 최대 1.07m, 메시밖 0tick
road1655: 인도 0tick, 차선밖꼭짓점 최대 0/4 (1개 이상 0tick), 반대차선(중심) 0tick, (계획 차선 안 0tick), 꼭짓점 침범깊이 최대 1.41m, 메시밖 0tick
road1652: 인도 0tick, 차선밖꼭짓점 최대 0/4 (1개 이상 0tick), 반대차선(중심) 0tick, (계획 차선 안 0tick), 꼭짓점 침범깊이 최대 0.94m, 메시밖 0tick
road1635: 인도 15tick, 차선밖꼭짓점 최대 1/4 (1개 이상 17tick), 반대차선(중심) 0tick, (계획 차선 안 0tick), 꼭짓점 침범깊이 최대 0.00m, 메시밖 0tick
road1317: 인도 10tick, 차선밖꼭짓점 최대 2/4 (1개 이상 11tick), 반대차선(중심) 0tick, (계획 차선 안 0tick), 꼭짓점 침범깊이 최대 0.44m, 메시밖 0tick
road1878: 인도 0tick, 차선밖꼭짓점 최대 0/4 (1개 이상 0tick), 반대차선(중심) 0tick, (계획 차선 안 0tick), 꼭짓점 침범깊이 최대 0.70m, 메시밖 0tick
road1872: 인도 0tick, 차선밖꼭짓점 최대 0/4 (1개 이상 0tick), 반대차선(중심) 1tick, (계획 차선 안 1tick), 꼭짓점 침범깊이 최대 0.86m, 메시밖 0tick
road1877: 인도 0tick, 차선밖꼭짓점 최대 0/4 (1개 이상 0tick), 반대차선(중심) 0tick, (계획 차선 안 0tick), 꼭짓점 침범깊이 최대 2.00m, 메시밖 0tick
road1873: 인도 0tick, 차선밖꼭짓점 최대 0/4 (1개 이상 0tick), 반대차선(중심) 0tick, (계획 차선 안 0tick), 꼭짓점 침범깊이 최대 0.74m, 메시밖 0tick
(목록에 없는 road 는 전부 0)

=== 차선 이탈 구간 (차체 기준, 계획 중심선 기준, 세션19) ===
t=19.95~20.95s road1278 -중앙선 쪽 최대 lat -0.94m 차체초과 0.16m 중심초과 0.00m 21tick, 진입 17.8km/h, road 평균R 173.65 R2min 10.28
t=39.50~39.65s road1972 +인도 쪽 최대 lat +0.91m 차체초과 0.13m 중심초과 0.00m 4tick, 진입 18.7km/h, road 평균R inf R2min inf
t=85.35~88.40s road1630 -중앙선 쪽 최대 lat -1.97m 차체초과 1.19m 중심초과 0.30m 62tick, 진입 18.1km/h, road 평균R 7.82 R2min 5.02
t=116.55~117.25s road1635 +인도 쪽 최대 lat +0.87m 차체초과 0.09m 중심초과 0.00m 15tick, 진입 19.7km/h, road 평균R 43.91 R2min 12.45
t=120.15~120.70s road1317 +인도 쪽 최대 lat +1.59m 차체초과 0.81m 중심초과 0.00m 12tick, 진입 21.3km/h, road 평균R 10.33 R2min 1.29
t=121.20~122.50s road1877 -중앙선 쪽 최대 lat -1.64m 차체초과 0.86m 중심초과 0.00m 27tick, 진입 16.6km/h, road 평균R 5.73 R2min 1.50
합계 6구간 (중앙선 쪽 3, 인도 쪽 3), 최대 차체초과 1.19m
충돌 누적 0건
판정: record
follow=on
궤적 로그: /home/gyumin/campus_mobility_sim/map/docs/logs/drive_log_20261007_211109.csv
충돌 센서(actor_id=26) 제거함
정상 종료 - 차량(actor_id=25) 브레이크 유지로 남겨둠
[동기모드] 복귀: synchronous_mode=False fixed_delta_seconds=None
