map_sha256=5240ca8b883e42c0 (cbnu_internal_only_localtm_tags81_B_smooth_turnfix.xodr)
route=north: 17 road [1278, 1969, 1393, 1972, 1392, 1485, 1410, 1712, 1411, 1629, 1412, 1728, 1413, 1663, 1414, 1678, 1415]
  종점 road1415 lane-1 s=78.0 (완주 s>=77.0 이고 종점 5m 이내) - 도서관 북문(구관 북동 면 중점 46.1m)
  커넥터 {1969: 1, 1972: 109, 1485: 43, 1712: 59, 1629: 45, 1728: 60, 1663: 48, 1678: 52}, 급회전 없음
controller=agent, 동기모드=켬 0.05s
conn_spacing=4.0m(전 구간), sharp_speed=없음
follow=on(뒤 8m, 위 4m, 매 tick)
맵: Carla/Maps/OpenDriveMap, spawn point 1302개
server_map_sha256=5240ca8b883e42c0 (파일과 일치)
spawn: Location(x=217.845581, y=-1087.414185, z=0.500000) road1278 lane-1 s=0.00
계획 CSV: /home/gyumin/campus_mobility_sim/map/docs/logs/drive_plan_20261007_210422.csv
계획 웨이포인트 총 165개
road   kind  n  s범위          최대간격(m)
1278   road  39 1.96~151.01  4.38
1969   conn  2  1.07~3.22  2.93
1393   road  10 1.85~35.20  4.0
1972   conn  1  1.48~1.48  2.07
1392   road  15 1.87~54.20  4.13
1485   conn  5  1.63~14.67  3.5
1410   road  16 1.88~58.17  3.75
1712   conn  4  1.91~13.39  3.83
1411   road  21 1.95~79.75  3.9
1629   conn  4  1.93~13.48  3.87
1412   road  2  1.01~3.02  2.93
1728   conn  4  1.92~13.41  3.83
1413   road  4  1.88~13.18  3.8
1663   conn  4  1.91~13.39  3.83
1414   road  10 1.89~35.86  3.8
1678   conn  4  1.91~13.39  3.83
1415   road  20 1.95~76.05  3.9
커넥터 안쪽 점: 28개 / 점 없는 커넥터: 없음
전체 최대 간격 4.38m, 평균 3.78m
인접 road 연결 확인: 16쌍 모두 next() 로 이어짐
판정: record(세션19, 종료/기록 분리)
궤적 로그(tick마다 기록): /home/gyumin/campus_mobility_sim/map/docs/logs/drive_log_20261007_210422.csv
차량 스폰: actor_id=25
bounding box: half_length=1.853m half_width=0.894m half_height=0.775m -> /home/gyumin/campus_mobility_sim/map/docs/logs/vehicle_bbox_20261007_210422.txt
충돌 센서 부착: actor_id=26 -> /home/gyumin/campus_mobility_sim/map/docs/logs/collision_events_20261007_210422.csv
BasicAgent set_global_plan 165점, target_speed=20.0km/h, dt=0.05
[동기모드] 전환 전: synchronous_mode=False fixed_delta_seconds=None
[동기모드] 전환 후: synchronous_mode=True fixed_delta_seconds=0.05
[전이] t=   0.05s road1278 일반 speed= 0.00m/s limit=30km/h
t=   0.1s (  217.85,-1087.41) speed= 0.00m/s road1278 s=   0.0 on_road=True
t=   1.1s (  217.86,-1087.16) speed= 1.52m/s road1278 s=   0.2 on_road=True
t=   2.1s (  217.99,-1084.54) speed= 3.75m/s road1278 s=   2.9 on_road=True
t=   3.1s (  218.22,-1079.78) speed= 5.31m/s road1278 s=   7.6 on_road=True
t=   4.1s (  218.49,-1074.22) speed= 4.80m/s road1278 s=  13.2 on_road=True
t=   5.1s (  218.72,-1069.46) speed= 5.37m/s road1278 s=  18.0 on_road=True
t=   6.1s (  218.99,-1063.89) speed= 5.06m/s road1278 s=  23.6 on_road=True
t=   7.1s (  219.22,-1059.19) speed= 5.41m/s road1278 s=  28.3 on_road=True
t=   8.1s (  219.49,-1053.59) speed= 5.03m/s road1278 s=  33.9 on_road=True
t=   9.1s (  219.72,-1048.94) speed= 5.30m/s road1278 s=  38.5 on_road=True
[tick 대조] fixed_delta=0.05 delta_seconds=0.0500 시뮬경과/프레임=0.0500s 벽시계 168.3 tick/s (프레임 200)
t=  10.1s (  220.00,-1043.36) speed= 5.02m/s road1278 s=  44.1 on_road=True
t=  11.1s (  220.29,-1038.66) speed= 5.14m/s road1278 s=  48.8 on_road=True
t=  12.1s (  220.70,-1033.12) speed= 4.66m/s road1278 s=  54.4 on_road=True
t=  13.1s (  221.12,-1028.52) speed= 5.23m/s road1278 s=  58.9 on_road=True
t=  14.1s (  221.67,-1023.02) speed= 4.48m/s road1278 s=  64.5 on_road=True
t=  15.1s (  222.15,-1018.41) speed= 5.16m/s road1278 s=  69.1 on_road=True
t=  16.1s (  222.83,-1013.03) speed= 4.27m/s road1278 s=  74.5 on_road=True
t=  17.1s (  223.83,-1008.35) speed= 5.38m/s road1278 s=  79.2 on_road=True
t=  18.1s (  225.53,-1003.19) speed= 4.18m/s road1278 s=  84.3 on_road=True
t=  19.1s (  227.36, -998.73) speed= 5.25m/s road1278 s=  89.2 on_road=True
t=  20.1s (  230.07, -994.18) speed= 4.26m/s road1278 s=  94.4 on_road=True
t=  21.1s (  233.39, -990.40) speed= 6.18m/s road1278 s=  99.1 on_road=True
t=  22.1s (  237.11, -986.95) speed= 4.31m/s road1278 s= 104.1 on_road=True
t=  23.1s (  241.04, -983.60) speed= 6.36m/s road1278 s= 109.3 on_road=True
t=  24.1s (  244.89, -980.44) speed= 4.42m/s road1278 s= 114.3 on_road=True
t=  25.1s (  248.99, -977.12) speed= 6.28m/s road1278 s= 119.6 on_road=True
t=  26.1s (  252.77, -974.09) speed= 4.49m/s road1278 s= 124.4 on_road=True
t=  27.1s (  256.96, -970.76) speed= 6.29m/s road1278 s= 129.8 on_road=True
t=  28.1s (  260.78, -967.75) speed= 4.49m/s road1278 s= 134.6 on_road=True
t=  29.1s (  265.02, -964.46) speed= 6.17m/s road1278 s= 139.9 on_road=True
t=  30.1s (  268.84, -961.53) speed= 4.62m/s road1278 s= 144.7 on_road=True
t=  31.1s (  273.14, -958.21) speed= 5.99m/s road1278 s= 150.2 on_road=True
[전이] t=  31.45s road1970 커넥터 speed= 4.77m/s limit=30km/h
[계획 이탈] t=31.45s road1970 는 계획의 현재/다음 road 가 아님(비치명, 계속 주행)
[전이] t=  31.55s road1278 일반 speed= 4.18m/s limit=30km/h
[전이] t=  31.65s road1969 커넥터 speed= 4.05m/s limit=30km/h
t=  32.1s (  276.78, -955.23) speed= 4.70m/s road1969 s=   2.1 on_road=True
[전이] t=  32.55s road1393 일반 speed= 5.35m/s limit=30km/h
t=  33.1s (  281.03, -951.74) speed= 5.89m/s road1393 s=   3.2 on_road=True
t=  34.1s (  284.74, -948.84) speed= 4.81m/s road1393 s=   7.9 on_road=True
t=  35.1s (  289.30, -945.79) speed= 5.54m/s road1393 s=  13.1 on_road=True
t=  36.1s (  293.27, -943.38) speed= 4.94m/s road1393 s=  17.7 on_road=True
t=  37.1s (  298.11, -940.59) speed= 5.45m/s road1393 s=  23.3 on_road=True
t=  38.1s (  302.13, -938.31) speed= 5.04m/s road1393 s=  28.0 on_road=True
t=  39.1s (  306.79, -935.22) speed= 5.21m/s road1393 s=  33.5 on_road=True
[전이] t=  39.65s road1972 커넥터 speed= 4.37m/s limit=30km/h
t=  40.1s (  310.26, -932.27) speed= 5.10m/s road1972 s=   2.6 on_road=True
[전이] t=  40.20s road1971 커넥터 speed= 5.17m/s limit=30km/h
[전이] t=  40.40s road1392 일반 speed= 5.15m/s limit=30km/h
t=  41.1s (  314.63, -928.84) speed= 5.08m/s road1392 s=   4.3 on_road=True
t=  42.1s (  318.32, -926.06) speed= 5.27m/s road1392 s=   8.9 on_road=True
t=  43.1s (  322.85, -922.72) speed= 5.17m/s road1392 s=  14.5 on_road=True
t=  44.1s (  326.56, -920.01) speed= 5.31m/s road1392 s=  19.1 on_road=True
t=  45.1s (  331.10, -916.70) speed= 5.06m/s road1392 s=  24.8 on_road=True
t=  46.1s (  334.84, -913.98) speed= 5.26m/s road1392 s=  29.4 on_road=True
t=  47.1s (  339.36, -910.70) speed= 5.04m/s road1392 s=  35.0 on_road=True
t=  48.1s (  343.10, -907.99) speed= 5.36m/s road1392 s=  39.6 on_road=True
t=  49.1s (  347.64, -904.70) speed= 5.04m/s road1392 s=  45.2 on_road=True
t=  50.1s (  351.39, -901.99) speed= 5.20m/s road1392 s=  49.8 on_road=True
t=  51.1s (  355.89, -898.75) speed= 5.05m/s road1392 s=  55.4 on_road=True
[전이] t=  51.25s road1485 커넥터 speed= 4.11m/s limit=30km/h
t=  52.1s (  359.62, -896.05) speed= 5.19m/s road1485 s=   3.9 on_road=True
t=  53.1s (  364.12, -892.80) speed= 4.92m/s road1485 s=   9.4 on_road=True
t=  54.1s (  367.90, -890.07) speed= 5.26m/s road1485 s=  14.1 on_road=True
[전이] t=  54.45s road1410 일반 speed= 6.30m/s limit=30km/h
t=  55.1s (  372.39, -886.83) speed= 4.41m/s road1410 s=   3.3 on_road=True
t=  56.1s (  376.17, -884.11) speed= 5.24m/s road1410 s=   8.0 on_road=True
t=  57.1s (  380.62, -880.90) speed= 4.30m/s road1410 s=  13.5 on_road=True
t=  58.1s (  384.47, -878.12) speed= 5.30m/s road1410 s=  18.2 on_road=True
t=  59.1s (  388.92, -874.91) speed= 4.38m/s road1410 s=  23.7 on_road=True
--- 메모리 측정(주행중(차량1대+BasicAgent, 동기 20Hz)) ---
total        used        free      shared  buff/cache   available
Mem:            12Gi       8.3Gi       4.0Gi       5.0Mi       370Mi       4.1Gi
Swap:          8.0Gi       1.5Gi       6.5Gi
gtt_used: 1636077568 bytes (1.52GiB)
t=  60.1s (  392.84, -872.08) speed= 5.36m/s road1410 s=  28.6 on_road=True
t=  61.1s (  397.21, -868.92) speed= 4.06m/s road1410 s=  34.0 on_road=True
t=  62.1s (  401.15, -866.09) speed= 5.32m/s road1410 s=  38.8 on_road=True
t=  63.1s (  405.51, -862.94) speed= 4.20m/s road1410 s=  44.2 on_road=True
t=  64.1s (  409.50, -860.06) speed= 5.38m/s road1410 s=  49.1 on_road=True
t=  65.1s (  413.82, -856.94) speed= 4.22m/s road1410 s=  54.4 on_road=True
t=  66.1s (  417.88, -854.01) speed= 5.97m/s road1410 s=  59.4 on_road=True
[전이] t=  66.15s road1712 커넥터 speed= 6.33m/s limit=30km/h
t=  67.1s (  422.10, -850.97) speed= 4.26m/s road1712 s=   4.6 on_road=True
t=  68.1s (  426.19, -848.01) speed= 5.33m/s road1712 s=   9.6 on_road=True
t=  69.1s (  430.53, -844.89) speed= 4.17m/s road1712 s=  15.0 on_road=True
[전이] t=  69.15s road1411 일반 speed= 4.27m/s limit=30km/h
t=  70.1s (  434.54, -841.99) speed= 5.33m/s road1411 s=   4.6 on_road=True
t=  71.1s (  438.88, -838.86) speed= 4.24m/s road1411 s=  10.0 on_road=True
t=  72.1s (  442.91, -835.95) speed= 5.31m/s road1411 s=  15.0 on_road=True
t=  73.1s (  447.27, -832.80) speed= 4.19m/s road1411 s=  20.3 on_road=True
t=  74.1s (  451.27, -829.92) speed= 5.38m/s road1411 s=  25.3 on_road=True
t=  75.1s (  455.59, -826.81) speed= 4.16m/s road1411 s=  30.6 on_road=True
t=  76.1s (  459.61, -823.90) speed= 5.29m/s road1411 s=  35.6 on_road=True
t=  77.1s (  464.01, -820.73) speed= 4.13m/s road1411 s=  41.0 on_road=True
t=  78.1s (  467.85, -817.96) speed= 5.20m/s road1411 s=  45.7 on_road=True
t=  79.1s (  472.18, -814.85) speed= 4.13m/s road1411 s=  51.0 on_road=True
t=  80.1s (  476.17, -811.99) speed= 5.37m/s road1411 s=  55.9 on_road=True
t=  81.1s (  480.68, -808.78) speed= 4.21m/s road1411 s=  61.5 on_road=True
t=  82.1s (  484.53, -806.04) speed= 5.30m/s road1411 s=  66.2 on_road=True
t=  83.1s (  488.99, -802.87) speed= 4.26m/s road1411 s=  71.7 on_road=True
t=  84.1s (  492.93, -800.08) speed= 5.34m/s road1411 s=  76.5 on_road=True
[전이] t=  85.05s road1629 커넥터 speed= 4.07m/s limit=30km/h
t=  85.1s (  497.32, -796.96) speed= 4.07m/s road1629 s=   0.2 on_road=True
t=  86.1s (  501.27, -794.15) speed= 5.29m/s road1629 s=   5.0 on_road=True
t=  87.1s (  505.62, -791.07) speed= 4.10m/s road1629 s=  10.4 on_road=True
[전이] t=  87.45s road1651 커넥터 speed= 4.67m/s limit=30km/h
[전이] t=  87.50s road1629 커넥터 speed= 4.75m/s limit=30km/h
t=  88.1s (  509.54, -788.28) speed= 5.48m/s road1629 s=  15.2 on_road=True
[전이] t=  88.10s road1412 일반 speed= 5.94m/s limit=30km/h
[전이] t=  88.85s road1727 커넥터 speed= 5.18m/s limit=30km/h
[전이] t=  88.90s road1728 커넥터 speed= 5.26m/s limit=30km/h
t=  89.1s (  513.96, -785.14) speed= 5.55m/s road1728 s=   1.2 on_road=True
t=  90.1s (  517.94, -782.32) speed= 5.02m/s road1728 s=   6.0 on_road=True
t=  91.1s (  522.52, -779.07) speed= 5.37m/s road1728 s=  11.6 on_road=True
[전이] t=  91.90s road1413 일반 speed= 4.71m/s limit=30km/h
t=  92.1s (  526.29, -776.40) speed= 5.03m/s road1413 s=   0.9 on_road=True
t=  93.1s (  530.86, -773.15) speed= 5.63m/s road1413 s=   6.5 on_road=True
t=  94.1s (  534.65, -770.46) speed= 4.92m/s road1413 s=  11.2 on_road=True
[전이] t=  94.80s road1663 커넥터 speed= 6.25m/s limit=30km/h
t=  95.1s (  539.20, -767.23) speed= 5.71m/s road1663 s=   1.7 on_road=True
t=  96.1s (  543.07, -764.49) speed= 4.98m/s road1663 s=   6.5 on_road=True
t=  97.1s (  547.60, -761.28) speed= 5.82m/s road1663 s=  12.0 on_road=True
[전이] t=  97.75s road1414 일반 speed= 4.30m/s limit=30km/h
t=  98.1s (  551.50, -758.52) speed= 4.87m/s road1414 s=   1.5 on_road=True
t=  99.1s (  555.95, -755.36) speed= 6.28m/s road1414 s=   6.9 on_road=True
t= 100.1s (  559.92, -752.55) speed= 4.50m/s road1414 s=  11.8 on_road=True
t= 101.1s (  564.30, -749.44) speed= 6.19m/s road1414 s=  17.2 on_road=True
t= 102.1s (  568.24, -746.64) speed= 4.63m/s road1414 s=  22.0 on_road=True
t= 103.1s (  572.70, -743.48) speed= 5.96m/s road1414 s=  27.5 on_road=True
t= 104.1s (  576.57, -740.73) speed= 4.72m/s road1414 s=  32.2 on_road=True
t= 105.1s (  580.91, -737.65) speed= 6.21m/s road1414 s=  37.5 on_road=True
[전이] t= 105.10s road1678 커넥터 speed= 6.35m/s limit=30km/h
t= 106.1s (  585.06, -734.71) speed= 4.33m/s road1678 s=   4.9 on_road=True
t= 107.1s (  589.24, -731.74) speed= 5.94m/s road1678 s=  10.0 on_road=True
[전이] t= 108.05s road1673 커넥터 speed= 4.24m/s limit=30km/h
t= 108.1s (  593.47, -728.74) speed= 4.24m/s road1673 s=  12.4 on_road=True
[전이] t= 108.10s road1415 일반 speed= 4.32m/s limit=30km/h
t= 109.1s (  597.62, -725.80) speed= 6.22m/s road1415 s=   5.0 on_road=True
t= 110.1s (  601.81, -722.82) speed= 4.37m/s road1415 s=  10.1 on_road=True
t= 111.1s (  606.04, -719.83) speed= 6.16m/s road1415 s=  15.3 on_road=True
t= 112.1s (  610.21, -716.88) speed= 4.45m/s road1415 s=  20.4 on_road=True
t= 113.1s (  614.54, -713.82) speed= 6.40m/s road1415 s=  25.7 on_road=True
t= 114.1s (  618.62, -710.94) speed= 4.42m/s road1415 s=  30.7 on_road=True
t= 115.1s (  622.95, -707.89) speed= 6.24m/s road1415 s=  36.0 on_road=True
t= 116.1s (  626.94, -705.08) speed= 4.52m/s road1415 s=  40.9 on_road=True
t= 117.1s (  631.34, -701.98) speed= 6.11m/s road1415 s=  46.3 on_road=True
t= 118.1s (  635.27, -699.21) speed= 4.60m/s road1415 s=  51.1 on_road=True
t= 119.1s (  639.72, -696.07) speed= 5.94m/s road1415 s=  56.5 on_road=True
t= 120.1s (  643.61, -693.32) speed= 4.73m/s road1415 s=  61.3 on_road=True
t= 121.1s (  647.92, -690.29) speed= 6.06m/s road1415 s=  66.6 on_road=True
t= 122.1s (  652.14, -687.30) speed= 4.24m/s road1415 s=  71.7 on_road=True
[계획 소진] t=122.80s 완주 전에 계획 웨이포인트가 모두 소진됨(이후 제동, 정체 조건으로 판정)
t= 123.1s (  656.15, -684.47) speed= 4.23m/s road1415 s=  76.6 on_road=True
완주: t=123.2s 종점까지 0.98m

=== 요약 ===
route: north (종점 road1415 s=78.0)
결과: 완주
주행 시간(시뮬): 123.2s
계획 이탈 기록: t=31.45s road1970 는 계획의 현재/다음 road 가 아님(비치명, 계속 주행)

=== 계획 vs 실제 road 시퀀스 ===
 0 계획 1278  실제 1278 
 1 계획 1969  실제 1970   <-- 불일치
 2 계획 1393  실제 1278   <-- 불일치
 3 계획 1972  실제 1969   <-- 불일치
 4 계획 1392  실제 1393   <-- 불일치
 5 계획 1485  실제 1972   <-- 불일치
 6 계획 1410  실제 1971   <-- 불일치
 7 계획 1712  실제 1392   <-- 불일치
 8 계획 1411  실제 1485   <-- 불일치
 9 계획 1629  실제 1410   <-- 불일치
10 계획 1412  실제 1712   <-- 불일치
11 계획 1728  실제 1411   <-- 불일치
12 계획 1413  실제 1629   <-- 불일치
13 계획 1663  실제 1651   <-- 불일치
14 계획 1414  실제 1629   <-- 불일치
15 계획 1678  실제 1412   <-- 불일치
16 계획 1415  실제 1727   <-- 불일치
17 계획 -     실제 1728   <-- 불일치
18 계획 -     실제 1413   <-- 불일치
19 계획 -     실제 1663   <-- 불일치
20 계획 -     실제 1414   <-- 불일치
21 계획 -     실제 1678   <-- 불일치
22 계획 -     실제 1673   <-- 불일치
23 계획 -     실제 1415   <-- 불일치
첫 불일치 위치: 1번째 (계획 1969 / 실제 1970)
junction 통과(커넥터 road 를 실제로 밟았는지):
junction1   (r1969): 통과
junction109 (r1972): 통과
junction43  (r1485): 통과
junction59  (r1712): 통과
junction45  (r1629): 통과
junction60  (r1728): 통과
junction48  (r1663): 통과
junction52  (r1678): 통과
junction2(출발 전), junction35(종점 밖)는 통과 대상 아님

=== 급회전 커넥터 이탈량 (정의: sharp_offset docstring) ===

=== 차체 판정 road 별 (tick 수, 최대 차선밖 꼭짓점) ===
road1278: 인도 23tick, 차선밖꼭짓점 최대 1/4 (1개 이상 27tick), 반대차선(중심) 0tick, (계획 차선 안 0tick), 꼭짓점 침범깊이 최대 0.17m, 메시밖 0tick
road1393: 인도 2tick, 차선밖꼭짓점 최대 1/4 (1개 이상 2tick), 반대차선(중심) 0tick, (계획 차선 안 0tick), 꼭짓점 침범깊이 최대 0.00m, 메시밖 0tick
road1972: 인도 4tick, 차선밖꼭짓점 최대 1/4 (1개 이상 4tick), 반대차선(중심) 0tick, (계획 차선 안 0tick), 꼭짓점 침범깊이 최대 0.00m, 메시밖 0tick
road1485: 인도 0tick, 차선밖꼭짓점 최대 0/4 (1개 이상 0tick), 반대차선(중심) 0tick, (계획 차선 안 0tick), 꼭짓점 침범깊이 최대 2.02m, 메시밖 0tick
road1712: 인도 0tick, 차선밖꼭짓점 최대 0/4 (1개 이상 0tick), 반대차선(중심) 0tick, (계획 차선 안 0tick), 꼭짓점 침범깊이 최대 1.61m, 메시밖 0tick
road1728: 인도 0tick, 차선밖꼭짓점 최대 0/4 (1개 이상 0tick), 반대차선(중심) 0tick, (계획 차선 안 0tick), 꼭짓점 침범깊이 최대 1.73m, 메시밖 0tick
(목록에 없는 road 는 전부 0)

=== 차선 이탈 구간 (차체 기준, 계획 중심선 기준, 세션19) ===
t=19.95~20.90s road1278 -중앙선 쪽 최대 lat -0.95m 차체초과 0.17m 중심초과 0.00m 20tick, 진입 15.2km/h, road 평균R 173.65 R2min 10.28
t=39.45~39.70s road1972 +인도 쪽 최대 lat +0.96m 차체초과 0.18m 중심초과 0.00m 6tick, 진입 15.2km/h, road 평균R inf R2min inf
합계 2구간 (중앙선 쪽 1, 인도 쪽 1), 최대 차체초과 0.18m
충돌 누적 0건
판정: record
follow=on
궤적 로그: /home/gyumin/campus_mobility_sim/map/docs/logs/drive_log_20261007_210422.csv
충돌 센서(actor_id=26) 제거함
정상 종료 - 차량(actor_id=25) 브레이크 유지로 남겨둠
[동기모드] 복귀: synchronous_mode=False fixed_delta_seconds=None
