map_sha256=5240ca8b883e42c0 (cbnu_internal_only_localtm_tags81_B_smooth_turnfix.xodr)
route=south: 15 road [1278, 1969, 1393, 1972, 1392, 1484, 1202, 1466, 1271, 1734, 1270, 1464, 1269, 1601, 1268]
  종점 road1268 lane-1 s=47.0 (완주 s>=46.0 이고 종점 5m 이내) - 도서관 남문(자연대-도서관 사이, 남서 면 중점 약 57.5m)
  커넥터 {1969: 1, 1972: 109, 1484: 43, 1466: 11, 1734: 61, 1464: 85, 1601: 37}, 급회전 {1484: 78.4, 1466: -68.1}
controller=agent, 동기모드=켬 0.05s
conn_spacing=4.0m(전 구간), sharp_speed=없음
follow=on(뒤 8m, 위 4m, 매 tick)
맵: Carla/Maps/OpenDriveMap, spawn point 1302개
server_map_sha256=5240ca8b883e42c0 (파일과 일치)
spawn: Location(x=217.845581, y=-1087.414185, z=0.500000) road1278 lane-1 s=0.00
계획 CSV: /home/gyumin/campus_mobility_sim/map/docs/logs/drive_plan_20261007_210727.csv
계획 웨이포인트 총 190개
road   kind  n  s범위          최대간격(m)
1278   road  39 1.96~151.01  4.38
1969   conn  2  1.07~3.22  2.93
1393   road  10 1.85~35.20  4.0
1972   conn  1  1.48~1.48  2.07
1392   road  15 1.87~54.20  4.13
1484   conn  4  1.74~12.17  3.33
1202   road  30 1.98~117.07  3.97
1466   conn  4  1.78~12.46  4.3
1271   road  38 1.97~147.53  4.09
1734   conn  4  1.89~13.23  3.86
1270   road  13 1.95~48.68  4.06
1464   conn  5  1.74~15.69  3.7
1269   road  9  1.91~32.45  3.82
1601   conn  4  1.93~13.48  3.85
1268   road  12 1.96~45.04  3.92
커넥터 안쪽 점: 24개 / 점 없는 커넥터: 없음
전체 최대 간격 4.38m, 평균 3.85m
인접 road 연결 확인: 14쌍 모두 next() 로 이어짐
판정: record(세션19, 종료/기록 분리)
궤적 로그(tick마다 기록): /home/gyumin/campus_mobility_sim/map/docs/logs/drive_log_20261007_210727.csv
차량 스폰: actor_id=25
bounding box: half_length=1.853m half_width=0.894m half_height=0.775m -> /home/gyumin/campus_mobility_sim/map/docs/logs/vehicle_bbox_20261007_210727.txt
충돌 센서 부착: actor_id=26 -> /home/gyumin/campus_mobility_sim/map/docs/logs/collision_events_20261007_210727.csv
BasicAgent set_global_plan 190점, target_speed=20.0km/h, dt=0.05
[동기모드] 전환 전: synchronous_mode=False fixed_delta_seconds=None
[동기모드] 전환 후: synchronous_mode=True fixed_delta_seconds=0.05
[전이] t=   0.05s road1278 일반 speed= 0.00m/s limit=30km/h
t=   0.1s (  217.85,-1087.41) speed= 0.00m/s road1278 s=   0.0 on_road=True
t=   1.1s (  217.86,-1087.16) speed= 1.55m/s road1278 s=   0.3 on_road=True
t=   2.1s (  217.99,-1084.53) speed= 3.75m/s road1278 s=   2.9 on_road=True
t=   3.1s (  218.22,-1079.76) speed= 5.28m/s road1278 s=   7.7 on_road=True
t=   4.1s (  218.49,-1074.17) speed= 4.81m/s road1278 s=  13.3 on_road=True
t=   5.1s (  218.72,-1069.54) speed= 5.23m/s road1278 s=  17.9 on_road=True
t=   6.1s (  218.99,-1064.02) speed= 4.48m/s road1278 s=  23.4 on_road=True
t=   7.1s (  219.21,-1059.36) speed= 5.30m/s road1278 s=  28.1 on_road=True
t=   8.1s (  219.48,-1053.81) speed= 4.62m/s road1278 s=  33.6 on_road=True
t=   9.1s (  219.71,-1049.12) speed= 5.37m/s road1278 s=  38.3 on_road=True
[tick 대조] fixed_delta=0.05 delta_seconds=0.0500 시뮬경과/프레임=0.0500s 벽시계 143.5 tick/s (프레임 200)
t=  10.1s (  219.99,-1043.55) speed= 5.02m/s road1278 s=  43.9 on_road=True
t=  11.1s (  220.28,-1038.91) speed= 5.28m/s road1278 s=  48.6 on_road=True
t=  12.1s (  220.68,-1033.40) speed= 4.56m/s road1278 s=  54.1 on_road=True
t=  13.1s (  221.09,-1028.73) speed= 5.29m/s road1278 s=  58.7 on_road=True
t=  14.1s (  221.64,-1023.30) speed= 4.19m/s road1278 s=  64.2 on_road=True
t=  15.1s (  222.13,-1018.63) speed= 5.32m/s road1278 s=  68.9 on_road=True
t=  16.1s (  222.80,-1013.24) speed= 4.16m/s road1278 s=  74.3 on_road=True
t=  17.1s (  223.78,-1008.56) speed= 5.35m/s road1278 s=  79.0 on_road=True
t=  18.1s (  225.50,-1003.29) speed= 4.62m/s road1278 s=  84.2 on_road=True
t=  19.1s (  227.26, -998.96) speed= 5.21m/s road1278 s=  88.9 on_road=True
t=  20.1s (  230.00, -994.30) speed= 4.32m/s road1278 s=  94.2 on_road=True
t=  21.1s (  233.13, -990.64) speed= 5.23m/s road1278 s=  98.7 on_road=True
t=  22.1s (  237.09, -986.96) speed= 4.06m/s road1278 s= 104.1 on_road=True
t=  23.1s (  240.75, -983.84) speed= 5.23m/s road1278 s= 108.9 on_road=True
t=  24.1s (  244.83, -980.48) speed= 4.08m/s road1278 s= 114.2 on_road=True
t=  25.1s (  248.64, -977.40) speed= 5.59m/s road1278 s= 119.1 on_road=True
t=  26.1s (  252.72, -974.13) speed= 4.15m/s road1278 s= 124.3 on_road=True
t=  27.1s (  256.58, -971.05) speed= 6.01m/s road1278 s= 129.3 on_road=True
t=  28.1s (  260.62, -967.87) speed= 4.31m/s road1278 s= 134.4 on_road=True
t=  29.1s (  264.70, -964.70) speed= 6.37m/s road1278 s= 139.5 on_road=True
t=  30.1s (  268.67, -961.67) speed= 4.31m/s road1278 s= 144.5 on_road=True
t=  31.1s (  272.79, -958.50) speed= 6.26m/s road1278 s= 149.7 on_road=True
[전이] t=  31.50s road1970 커넥터 speed= 5.04m/s limit=30km/h
[계획 이탈] t=31.50s road1970 는 계획의 현재/다음 road 가 아님(비치명, 계속 주행)
[전이] t=  31.60s road1278 일반 speed= 4.94m/s limit=30km/h
[전이] t=  31.70s road1969 커넥터 speed= 4.26m/s limit=30km/h
t=  32.1s (  276.63, -955.36) speed= 4.40m/s road1969 s=   1.8 on_road=True
[전이] t=  32.60s road1393 일반 speed= 5.33m/s limit=30km/h
t=  33.1s (  280.71, -952.01) speed= 6.26m/s road1393 s=   2.7 on_road=True
t=  34.1s (  284.57, -948.96) speed= 4.51m/s road1393 s=   7.7 on_road=True
t=  35.1s (  288.97, -945.98) speed= 6.04m/s road1393 s=  12.8 on_road=True
t=  36.1s (  293.08, -943.49) speed= 4.70m/s road1393 s=  17.5 on_road=True
t=  37.1s (  297.82, -940.75) speed= 5.82m/s road1393 s=  23.0 on_road=True
t=  38.1s (  301.90, -938.44) speed= 4.83m/s road1393 s=  27.7 on_road=True
t=  39.1s (  306.59, -935.41) speed= 5.74m/s road1393 s=  33.3 on_road=True
[전이] t=  39.70s road1972 커넥터 speed= 4.31m/s limit=30km/h
t=  40.1s (  310.19, -932.34) speed= 4.79m/s road1972 s=   2.5 on_road=True
[전이] t=  40.20s road1971 커넥터 speed= 5.07m/s limit=30km/h
[전이] t=  40.45s road1392 일반 speed= 5.17m/s limit=30km/h
t=  41.1s (  314.51, -928.94) speed= 5.53m/s road1392 s=   4.1 on_road=True
t=  42.1s (  318.23, -926.13) speed= 4.97m/s road1392 s=   8.8 on_road=True
t=  43.1s (  322.76, -922.79) speed= 5.39m/s road1392 s=  14.4 on_road=True
t=  44.1s (  326.47, -920.07) speed= 5.03m/s road1392 s=  19.0 on_road=True
t=  45.1s (  330.96, -916.81) speed= 5.22m/s road1392 s=  24.6 on_road=True
t=  46.1s (  334.68, -914.10) speed= 5.15m/s road1392 s=  29.2 on_road=True
t=  47.1s (  339.21, -910.80) speed= 5.33m/s road1392 s=  34.8 on_road=True
t=  48.1s (  343.03, -908.04) speed= 5.22m/s road1392 s=  39.5 on_road=True
t=  49.1s (  347.58, -904.75) speed= 5.25m/s road1392 s=  45.1 on_road=True
t=  50.1s (  351.31, -902.04) speed= 5.11m/s road1392 s=  49.7 on_road=True
[전이] t=  51.05s road1487 커넥터 speed= 5.00m/s limit=30km/h
t=  51.1s (  355.51, -898.51) speed= 5.00m/s road1487 s=   0.0 on_road=True
[전이] t=  51.20s road1392 일반 speed= 4.64m/s limit=30km/h
[전이] t=  51.25s road1484 커넥터 speed= 4.36m/s limit=30km/h
t=  52.1s (  357.53, -894.48) speed= 5.27m/s road1484 s=   5.3 on_road=True
t=  53.1s (  357.25, -889.32) speed= 5.27m/s road1484 s=  12.8 on_road=True
[전이] t=  53.25s road1483 커넥터 speed= 6.14m/s limit=30km/h
[전이] t=  53.45s road1202 일반 speed= 5.65m/s limit=30km/h
t=  54.1s (  355.73, -884.08) speed= 5.33m/s road1202 s=   4.5 on_road=True
t=  55.1s (  353.93, -879.44) speed= 4.83m/s road1202 s=   9.5 on_road=True
t=  56.1s (  351.76, -874.36) speed= 5.59m/s road1202 s=  15.0 on_road=True
t=  57.1s (  349.90, -870.15) speed= 4.91m/s road1202 s=  19.6 on_road=True
t=  58.1s (  347.60, -865.06) speed= 5.50m/s road1202 s=  25.2 on_road=True
t=  59.1s (  345.69, -860.85) speed= 4.99m/s road1202 s=  29.8 on_road=True
--- 메모리 측정(주행중(차량1대+BasicAgent, 동기 20Hz)) ---
total        used        free      shared  buff/cache   available
Mem:            12Gi       8.2Gi       4.2Gi       8.0Mi       345Mi       4.2Gi
Swap:          8.0Gi       1.5Gi       6.5Gi
gtt_used: 1601196032 bytes (1.49GiB)
t=  60.1s (  343.50, -856.06) speed= 5.33m/s road1202 s=  35.1 on_road=True
t=  61.1s (  341.28, -851.21) speed= 4.11m/s road1202 s=  40.4 on_road=True
t=  62.1s (  339.22, -846.73) speed= 5.41m/s road1202 s=  45.3 on_road=True
t=  63.1s (  336.97, -841.85) speed= 4.08m/s road1202 s=  50.7 on_road=True
t=  64.1s (  334.95, -837.45) speed= 5.36m/s road1202 s=  55.5 on_road=True
t=  65.1s (  332.72, -832.61) speed= 4.13m/s road1202 s=  60.9 on_road=True
t=  66.1s (  330.66, -828.13) speed= 5.33m/s road1202 s=  65.8 on_road=True
t=  67.1s (  328.38, -823.16) speed= 4.32m/s road1202 s=  71.3 on_road=True
t=  68.1s (  326.40, -818.86) speed= 5.38m/s road1202 s=  76.0 on_road=True
t=  69.1s (  324.08, -813.83) speed= 4.21m/s road1202 s=  81.5 on_road=True
t=  70.1s (  322.11, -809.54) speed= 5.30m/s road1202 s=  86.3 on_road=True
t=  71.1s (  319.84, -804.61) speed= 4.13m/s road1202 s=  91.7 on_road=True
t=  72.1s (  317.84, -800.26) speed= 5.30m/s road1202 s=  96.5 on_road=True
t=  73.1s (  315.59, -795.37) speed= 4.14m/s road1202 s= 101.9 on_road=True
t=  74.1s (  313.55, -790.94) speed= 5.39m/s road1202 s= 106.7 on_road=True
t=  75.1s (  311.30, -786.05) speed= 4.07m/s road1202 s= 112.1 on_road=True
t=  76.1s (  309.51, -781.60) speed= 5.14m/s road1202 s= 116.9 on_road=True
[전이] t=  76.35s road1467 커넥터 speed= 6.16m/s limit=30km/h
t=  77.1s (  309.03, -776.45) speed= 4.04m/s road1467 s=   5.0 on_road=True
[전이] t=  77.10s road1472 커넥터 speed= 4.10m/s limit=30km/h
[전이] t=  77.95s road1469 커넥터 speed= 5.28m/s limit=30km/h
t=  78.1s (  310.19, -771.79) speed= 5.32m/s road1469 s=   6.0 on_road=True
[전이] t=  78.45s road1466 커넥터 speed= 5.74m/s limit=30km/h
[전이] t=  78.95s road1470 커넥터 speed= 4.05m/s limit=30km/h
t=  79.1s (  312.84, -767.24) speed= 4.07m/s road1470 s=   6.4 on_road=True
[전이] t=  79.60s road1271 일반 speed= 5.11m/s limit=30km/h
t=  80.1s (  315.85, -763.44) speed= 5.63m/s road1271 s=   3.0 on_road=True
t=  81.1s (  319.29, -759.52) speed= 4.25m/s road1271 s=   8.3 on_road=True
t=  82.1s (  322.73, -755.79) speed= 6.23m/s road1271 s=  13.3 on_road=True
t=  83.1s (  326.21, -752.10) speed= 4.33m/s road1271 s=  18.4 on_road=True
t=  84.1s (  329.81, -748.33) speed= 6.29m/s road1271 s=  23.6 on_road=True
t=  85.1s (  333.23, -744.75) speed= 4.39m/s road1271 s=  28.6 on_road=True
t=  86.1s (  336.86, -740.98) speed= 6.26m/s road1271 s=  33.8 on_road=True
t=  87.1s (  340.37, -737.39) speed= 4.43m/s road1271 s=  38.8 on_road=True
t=  88.1s (  344.11, -733.69) speed= 6.22m/s road1271 s=  44.0 on_road=True
t=  89.1s (  347.61, -730.34) speed= 4.51m/s road1271 s=  48.9 on_road=True
t=  90.1s (  351.54, -726.71) speed= 6.09m/s road1271 s=  54.2 on_road=True
t=  91.1s (  355.07, -723.49) speed= 4.59m/s road1271 s=  58.9 on_road=True
t=  92.1s (  359.06, -719.88) speed= 5.89m/s road1271 s=  64.3 on_road=True
t=  93.1s (  362.59, -716.70) speed= 4.80m/s road1271 s=  69.1 on_road=True
t=  94.1s (  366.72, -712.99) speed= 5.65m/s road1271 s=  74.6 on_road=True
t=  95.1s (  370.18, -709.89) speed= 4.86m/s road1271 s=  79.3 on_road=True
t=  96.1s (  374.42, -706.08) speed= 6.02m/s road1271 s=  85.0 on_road=True
t=  97.1s (  377.92, -702.94) speed= 4.87m/s road1271 s=  89.7 on_road=True
t=  98.1s (  382.03, -699.25) speed= 6.07m/s road1271 s=  95.2 on_road=True
t=  99.1s (  385.62, -696.03) speed= 4.77m/s road1271 s= 100.0 on_road=True
t= 100.1s (  389.55, -692.50) speed= 5.98m/s road1271 s= 105.3 on_road=True
t= 101.1s (  393.38, -689.07) speed= 4.21m/s road1271 s= 110.4 on_road=True
t= 102.1s (  397.10, -685.65) speed= 6.18m/s road1271 s= 115.5 on_road=True
t= 103.1s (  400.63, -682.00) speed= 4.34m/s road1271 s= 120.7 on_road=True
t= 104.1s (  404.13, -678.17) speed= 6.39m/s road1271 s= 126.0 on_road=True
t= 105.1s (  407.54, -674.58) speed= 4.41m/s road1271 s= 130.9 on_road=True
t= 106.1s (  411.24, -670.81) speed= 6.28m/s road1271 s= 136.1 on_road=True
t= 107.1s (  414.67, -667.36) speed= 4.49m/s road1271 s= 141.0 on_road=True
t= 108.1s (  418.43, -663.61) speed= 6.04m/s road1271 s= 146.3 on_road=True
[전이] t= 108.60s road1736 커넥터 speed= 4.26m/s limit=30km/h
[전이] t= 108.65s road1271 일반 speed= 4.17m/s limit=30km/h
[전이] t= 108.70s road1735 커넥터 speed= 4.15m/s limit=30km/h
[전이] t= 108.95s road1734 커넥터 speed= 4.49m/s limit=30km/h
t= 109.1s (  421.84, -660.22) speed= 4.70m/s road1734 s=   1.6 on_road=True
t= 110.1s (  425.64, -656.28) speed= 5.81m/s road1734 s=   7.1 on_road=True
t= 111.1s (  428.80, -652.81) speed= 4.82m/s road1734 s=  11.8 on_road=True
[전이] t= 111.70s road1270 일반 speed= 6.02m/s limit=30km/h
t= 112.1s (  432.44, -648.66) speed= 5.59m/s road1270 s=   2.3 on_road=True
t= 113.1s (  435.46, -645.18) speed= 4.91m/s road1270 s=   6.9 on_road=True
t= 114.1s (  439.08, -640.95) speed= 5.45m/s road1270 s=  12.5 on_road=True
t= 115.1s (  442.11, -637.44) speed= 5.03m/s road1270 s=  17.1 on_road=True
t= 116.1s (  445.89, -633.35) speed= 5.25m/s road1270 s=  22.7 on_road=True
t= 117.1s (  449.18, -630.16) speed= 5.11m/s road1270 s=  27.1 on_road=True
t= 118.1s (  453.43, -626.63) speed= 5.09m/s road1270 s=  32.5 on_road=True
t= 119.1s (  457.18, -623.91) speed= 5.22m/s road1270 s=  37.0 on_road=True
t= 120.1s (  461.85, -620.76) speed= 5.38m/s road1270 s=  42.6 on_road=True
t= 121.1s (  465.73, -618.19) speed= 5.05m/s road1270 s=  47.3 on_road=True
[전이] t= 121.70s road1464 커넥터 speed= 6.26m/s limit=30km/h
t= 122.1s (  470.42, -615.26) speed= 5.21m/s road1464 s=   2.2 on_road=True
t= 123.1s (  474.44, -612.92) speed= 5.18m/s road1464 s=   6.8 on_road=True
[전이] t= 123.20s road1460 커넥터 speed= 5.24m/s limit=30km/h
[전이] t= 123.30s road1462 커넥터 speed= 5.28m/s limit=30km/h
[전이] t= 123.40s road1464 커넥터 speed= 5.27m/s limit=30km/h
t= 124.1s (  479.32, -610.27) speed= 5.27m/s road1464 s=  12.3 on_road=True
t= 125.1s (  483.47, -608.15) speed= 5.14m/s road1464 s=  16.9 on_road=True
[전이] t= 125.20s road1269 일반 speed= 5.20m/s limit=30km/h
t= 126.1s (  488.35, -605.62) speed= 5.00m/s road1269 s=   5.0 on_road=True
t= 127.1s (  492.44, -603.52) speed= 5.30m/s road1269 s=   9.6 on_road=True
t= 128.1s (  497.36, -601.00) speed= 4.99m/s road1269 s=  15.1 on_road=True
t= 129.1s (  501.50, -598.88) speed= 5.20m/s road1269 s=  19.8 on_road=True
t= 130.1s (  506.41, -596.37) speed= 4.48m/s road1269 s=  25.3 on_road=True
t= 131.1s (  510.55, -594.25) speed= 5.22m/s road1269 s=  29.9 on_road=True
[전이] t= 131.85s road1601 커넥터 speed= 5.02m/s limit=30km/h
t= 132.1s (  515.43, -591.75) speed= 4.30m/s road1601 s=   1.0 on_road=True
t= 133.1s (  519.64, -589.60) speed= 5.26m/s road1601 s=   5.8 on_road=True
t= 134.1s (  524.46, -587.14) speed= 4.08m/s road1601 s=  11.2 on_road=True
[전이] t= 134.90s road1596 커넥터 speed= 5.15m/s limit=30km/h
[전이] t= 135.00s road1268 일반 speed= 5.29m/s limit=30km/h
t= 135.1s (  528.64, -585.01) speed= 5.35m/s road1268 s=   0.5 on_road=True
t= 136.1s (  533.45, -582.54) speed= 4.22m/s road1268 s=   5.9 on_road=True
t= 137.1s (  537.85, -580.29) speed= 5.39m/s road1268 s=  10.8 on_road=True
t= 138.1s (  542.63, -577.85) speed= 4.11m/s road1268 s=  16.2 on_road=True
t= 139.1s (  546.95, -575.64) speed= 5.37m/s road1268 s=  21.0 on_road=True
t= 140.1s (  551.70, -573.21) speed= 4.13m/s road1268 s=  26.4 on_road=True
t= 141.1s (  556.08, -570.96) speed= 5.40m/s road1268 s=  31.3 on_road=True
t= 142.1s (  560.86, -568.52) speed= 4.08m/s road1268 s=  36.7 on_road=True
t= 143.1s (  565.18, -566.31) speed= 5.41m/s road1268 s=  41.5 on_road=True
[계획 소진] t=143.55s 완주 전에 계획 웨이포인트가 모두 소진됨(이후 제동, 정체 조건으로 판정)
완주: t=143.9s 종점까지 0.93m

=== 요약 ===
route: south (종점 road1268 s=47.0)
결과: 완주
주행 시간(시뮬): 143.9s
계획 이탈 기록: t=31.50s road1970 는 계획의 현재/다음 road 가 아님(비치명, 계속 주행)

=== 계획 vs 실제 road 시퀀스 ===
 0 계획 1278  실제 1278 
 1 계획 1969  실제 1970   <-- 불일치
 2 계획 1393  실제 1278   <-- 불일치
 3 계획 1972  실제 1969   <-- 불일치
 4 계획 1392  실제 1393   <-- 불일치
 5 계획 1484  실제 1972   <-- 불일치
 6 계획 1202  실제 1971   <-- 불일치
 7 계획 1466  실제 1392   <-- 불일치
 8 계획 1271  실제 1487   <-- 불일치
 9 계획 1734  실제 1392   <-- 불일치
10 계획 1270  실제 1484   <-- 불일치
11 계획 1464  실제 1483   <-- 불일치
12 계획 1269  실제 1202   <-- 불일치
13 계획 1601  실제 1467   <-- 불일치
14 계획 1268  실제 1472   <-- 불일치
15 계획 -     실제 1469   <-- 불일치
16 계획 -     실제 1466   <-- 불일치
17 계획 -     실제 1470   <-- 불일치
18 계획 -     실제 1271   <-- 불일치
19 계획 -     실제 1736   <-- 불일치
20 계획 -     실제 1271   <-- 불일치
21 계획 -     실제 1735   <-- 불일치
22 계획 -     실제 1734   <-- 불일치
23 계획 -     실제 1270   <-- 불일치
24 계획 -     실제 1464   <-- 불일치
25 계획 -     실제 1460   <-- 불일치
26 계획 -     실제 1462   <-- 불일치
27 계획 -     실제 1464   <-- 불일치
28 계획 -     실제 1269   <-- 불일치
29 계획 -     실제 1601   <-- 불일치
30 계획 -     실제 1596   <-- 불일치
31 계획 -     실제 1268   <-- 불일치
첫 불일치 위치: 1번째 (계획 1969 / 실제 1970)
junction 통과(커넥터 road 를 실제로 밟았는지):
junction1   (r1969): 통과
junction109 (r1972): 통과
junction43  (r1484): 통과
junction11  (r1466): 통과
junction61  (r1734): 통과
junction85  (r1464): 통과
junction37  (r1601): 통과
junction2(출발 전), junction35(종점 밖)는 통과 대상 아님

=== 급회전 커넥터 이탈량 (정의: sharp_offset docstring) ===
r1484 (+78.4°): tick 38, 최대|lat| 1.65m, 최대 차체초과 +0.96m(안쪽, s=10.2), on_road False 9tick, 충돌 0건
r1466 (-68.1°): tick 59, 최대|lat| 1.44m, 최대 차체초과 +0.65m(안쪽, s=6.8), on_road False 0tick, 충돌 0건
r1484 진입: t=51.25s speed=4.36m/s(15.7km/h)
r1466 진입: t=78.45s speed=5.74m/s(20.7km/h)

=== 차체 판정 road 별 (tick 수, 최대 차선밖 꼭짓점) ===
road1278: 인도 23tick, 차선밖꼭짓점 최대 1/4 (1개 이상 25tick), 반대차선(중심) 0tick, (계획 차선 안 0tick), 꼭짓점 침범깊이 최대 0.16m, 메시밖 0tick
road1393: 인도 2tick, 차선밖꼭짓점 최대 1/4 (1개 이상 2tick), 반대차선(중심) 0tick, (계획 차선 안 0tick), 꼭짓점 침범깊이 최대 0.00m, 메시밖 0tick
road1972: 인도 3tick, 차선밖꼭짓점 최대 1/4 (1개 이상 3tick), 반대차선(중심) 0tick, (계획 차선 안 0tick), 꼭짓점 침범깊이 최대 0.00m, 메시밖 0tick
road1392: 인도 1tick, 차선밖꼭짓점 최대 1/4 (1개 이상 1tick), 반대차선(중심) 0tick, (계획 차선 안 0tick), 꼭짓점 침범깊이 최대 0.00m, 메시밖 0tick
road1487: 인도 1tick, 차선밖꼭짓점 최대 1/4 (1개 이상 1tick), 반대차선(중심) 0tick, (계획 차선 안 0tick), 꼭짓점 침범깊이 최대 0.00m, 메시밖 0tick
road1484: 인도 40tick, 차선밖꼭짓점 최대 2/4 (1개 이상 40tick), 반대차선(중심) 0tick, (계획 차선 안 0tick), 꼭짓점 침범깊이 최대 0.00m, 메시밖 1tick
road1483: 인도 4tick, 차선밖꼭짓점 최대 1/4 (1개 이상 4tick), 반대차선(중심) 0tick, (계획 차선 안 0tick), 꼭짓점 침범깊이 최대 0.00m, 메시밖 0tick
road1202: 인도 12tick, 차선밖꼭짓점 최대 1/4 (1개 이상 12tick), 반대차선(중심) 0tick, (계획 차선 안 0tick), 꼭짓점 침범깊이 최대 0.00m, 메시밖 0tick
road1467: 인도 0tick, 차선밖꼭짓점 최대 0/4 (1개 이상 0tick), 반대차선(중심) 0tick, (계획 차선 안 0tick), 꼭짓점 침범깊이 최대 1.93m, 메시밖 0tick
road1472: 인도 0tick, 차선밖꼭짓점 최대 0/4 (1개 이상 0tick), 반대차선(중심) 17tick, (계획 차선 안 17tick), 꼭짓점 침범깊이 최대 2.94m, 메시밖 0tick
road1469: 인도 0tick, 차선밖꼭짓점 최대 0/4 (1개 이상 0tick), 반대차선(중심) 2tick, (계획 차선 안 2tick), 꼭짓점 침범깊이 최대 2.48m, 메시밖 0tick
road1466: 인도 0tick, 차선밖꼭짓점 최대 0/4 (1개 이상 0tick), 반대차선(중심) 0tick, (계획 차선 안 0tick), 꼭짓점 침범깊이 최대 2.32m, 메시밖 0tick
road1470: 인도 0tick, 차선밖꼭짓점 최대 0/4 (1개 이상 0tick), 반대차선(중심) 0tick, (계획 차선 안 0tick), 꼭짓점 침범깊이 최대 0.91m, 메시밖 0tick
road1464: 인도 0tick, 차선밖꼭짓점 최대 0/4 (1개 이상 0tick), 반대차선(중심) 0tick, (계획 차선 안 0tick), 꼭짓점 침범깊이 최대 1.88m, 메시밖 0tick
road1460: 인도 0tick, 차선밖꼭짓점 최대 0/4 (1개 이상 0tick), 반대차선(중심) 0tick, (계획 차선 안 0tick), 꼭짓점 침범깊이 최대 0.98m, 메시밖 0tick
road1462: 인도 0tick, 차선밖꼭짓점 최대 0/4 (1개 이상 0tick), 반대차선(중심) 0tick, (계획 차선 안 0tick), 꼭짓점 침범깊이 최대 1.12m, 메시밖 0tick
road1269: 인도 0tick, 차선밖꼭짓점 최대 0/4 (1개 이상 0tick), 반대차선(중심) 0tick, (계획 차선 안 0tick), 꼭짓점 침범깊이 최대 2.56m, 메시밖 0tick
road1601: 인도 0tick, 차선밖꼭짓점 최대 0/4 (1개 이상 0tick), 반대차선(중심) 0tick, (계획 차선 안 0tick), 꼭짓점 침범깊이 최대 1.92m, 메시밖 0tick
road1596: 인도 0tick, 차선밖꼭짓점 최대 0/4 (1개 이상 0tick), 반대차선(중심) 0tick, (계획 차선 안 0tick), 꼭짓점 침범깊이 최대 1.72m, 메시밖 0tick
road1268: 인도 0tick, 차선밖꼭짓점 최대 0/4 (1개 이상 0tick), 반대차선(중심) 0tick, (계획 차선 안 0tick), 꼭짓점 침범깊이 최대 1.72m, 메시밖 0tick
(목록에 없는 road 는 전부 0)

=== 차선 이탈 구간 (차체 기준, 계획 중심선 기준, 세션19) ===
t=19.95~20.95s road1278 -중앙선 쪽 최대 lat -0.93m 차체초과 0.15m 중심초과 0.00m 21tick, 진입 17.3km/h, road 평균R 173.65 R2min 10.28
t=39.50~39.70s road1393 +인도 쪽 최대 lat +0.94m 차체초과 0.16m 중심초과 0.00m 5tick, 진입 17.5km/h, road 평균R 209.60 R2min 13.11
t=51.30~53.65s road1484 +인도 쪽 최대 lat +1.75m 차체초과 0.97m 중심초과 0.07m 48tick, 진입 15.0km/h, road 평균R 10.12 R2min 7.40
t=76.50~79.20s road1466 -중앙선 쪽 최대 lat -1.44m 차체초과 0.66m 중심초과 0.00m 55tick, 진입 20.1km/h, road 평균R 11.90 R2min 6.48
합계 4구간 (중앙선 쪽 2, 인도 쪽 2), 최대 차체초과 0.97m
충돌 누적 0건
판정: record
follow=on
궤적 로그: /home/gyumin/campus_mobility_sim/map/docs/logs/drive_log_20261007_210727.csv
충돌 센서(actor_id=26) 제거함
정상 종료 - 차량(actor_id=25) 브레이크 유지로 남겨둠
[동기모드] 복귀: synchronous_mode=False fixed_delta_seconds=None
