map_sha256=5240ca8b883e42c0 (cbnu_internal_only_localtm_tags81_B_smooth_turnfix.xodr)
route=back: 33 road [1278, 1969, 1393, 1972, 1392, 1484, 1202, 1466, 1271, 1734, 1270, 1464, 1269, 1601, 1268, 1457, 1250, 1828, 1249, 1619, 1254, 1609, 1253, 1822, 1252, 1860, 1251, 1948, 1391, 1952, 1248, 1896, 1151]
  종점 road1151 lane-1 s=23.1 (완주 s>=22.1 이고 종점 5m 이내) - 후문B 추정 게이트(392632034 위, 36.624844, 127.462860 최근접 1.65m)
  커넥터 {1969: 1, 1972: 109, 1484: 43, 1466: 11, 1734: 61, 1464: 85, 1601: 37, 1457: 107, 1828: 78, 1619: 41, 1609: 39, 1822: 86, 1860: 83, 1948: 108, 1952: 106, 1896: 3}, 급회전 {1484: 78.4, 1466: -68.1}
controller=agent, 동기모드=켬 0.05s
conn_spacing=4.0m(전 구간), sharp_speed=없음
follow=on(뒤 8m, 위 4m, 매 tick)
맵: Carla/Maps/OpenDriveMap, spawn point 1302개
server_map_sha256=5240ca8b883e42c0 (파일과 일치)
spawn: Location(x=217.845581, y=-1087.414185, z=0.500000) road1278 lane-1 s=0.00
계획 CSV: /home/gyumin/campus_mobility_sim/map/docs/logs/drive_plan_20261007_211456.csv
계획 웨이포인트 총 358개
road   kind  n  s범위          최대간격(m)
1278   road  39 1.96~151.01  4.38
1969   conn  2  1.07~3.22  2.93
1393   road  10 1.85~35.20  4.0
1972   conn  1  1.48~1.48  2.07
1392   road  15 1.87~54.20  4.13
1484   conn  4  1.74~12.17  3.33
1202   road  30 1.98~117.07  3.97
1466   conn  4  1.78~12.46  4.3
1271   road  38 1.97~147.53  4.09
1734   conn  4  1.89~13.23  3.86
1270   road  13 1.95~48.68  4.06
1464   conn  5  1.74~15.69  3.7
1269   road  9  1.91~32.45  3.82
1601   conn  4  1.93~13.48  3.85
1268   road  33 1.98~128.54  3.96
1457   conn  4  2.00~13.98  3.98
1250   road  14 1.87~50.58  3.87
1828   conn  4  1.91~13.39  3.83
1249   road  7  1.76~22.93  3.68
1619   conn  4  1.94~13.59  3.92
1254   road  5  1.92~17.27  3.86
1609   conn  4  1.94~13.56  3.95
1253   road  10 1.96~37.24  4.03
1822   conn  4  1.73~12.10  3.7
1252   road  8  1.75~26.28  3.53
1860   conn  7  1.84~23.88  3.67
1251   road  35 1.96~135.39  3.93
1948   conn  2  1.71~5.13  3.59
1391   road  5  1.79~16.08  4.04
1952   conn  3  1.39~6.94  3.93
1248   road  21 1.91~78.37  4.19
1896   conn  4  1.94~13.57  3.9
1151   road  6  1.93~21.18  3.86
커넥터 안쪽 점: 60개 / 점 없는 커넥터: 없음
전체 최대 간격 4.38m, 평균 3.83m
인접 road 연결 확인: 32쌍 모두 next() 로 이어짐
판정: record(세션19, 종료/기록 분리)
궤적 로그(tick마다 기록): /home/gyumin/campus_mobility_sim/map/docs/logs/drive_log_20261007_211456.csv
차량 스폰: actor_id=25
bounding box: half_length=1.853m half_width=0.894m half_height=0.775m -> /home/gyumin/campus_mobility_sim/map/docs/logs/vehicle_bbox_20261007_211456.txt
충돌 센서 부착: actor_id=26 -> /home/gyumin/campus_mobility_sim/map/docs/logs/collision_events_20261007_211456.csv
BasicAgent set_global_plan 358점, target_speed=20.0km/h, dt=0.05
[동기모드] 전환 전: synchronous_mode=False fixed_delta_seconds=None
[동기모드] 전환 후: synchronous_mode=True fixed_delta_seconds=0.05
[전이] t=   0.05s road1278 일반 speed= 0.00m/s limit=30km/h
t=   0.1s (  217.85,-1087.41) speed= 0.00m/s road1278 s=   0.0 on_road=True
t=   1.1s (  217.86,-1087.16) speed= 1.52m/s road1278 s=   0.3 on_road=True
t=   2.1s (  217.99,-1084.54) speed= 3.75m/s road1278 s=   2.9 on_road=True
t=   3.1s (  218.22,-1079.77) speed= 5.31m/s road1278 s=   7.6 on_road=True
t=   4.1s (  218.49,-1074.21) speed= 4.80m/s road1278 s=  13.2 on_road=True
t=   5.1s (  218.72,-1069.46) speed= 5.37m/s road1278 s=  18.0 on_road=True
t=   6.1s (  218.99,-1063.96) speed= 4.40m/s road1278 s=  23.5 on_road=True
t=   7.1s (  219.22,-1059.18) speed= 5.37m/s road1278 s=  28.3 on_road=True
t=   8.1s (  219.49,-1053.60) speed= 5.09m/s road1278 s=  33.9 on_road=True
t=   9.1s (  219.72,-1049.03) speed= 5.39m/s road1278 s=  38.4 on_road=True
[tick 대조] fixed_delta=0.05 delta_seconds=0.0500 시뮬경과/프레임=0.0500s 벽시계 143.5 tick/s (프레임 200)
t=  10.1s (  220.00,-1043.40) speed= 5.31m/s road1278 s=  44.1 on_road=True
t=  11.1s (  220.29,-1038.75) speed= 5.16m/s road1278 s=  48.7 on_road=True
t=  12.1s (  220.70,-1033.15) speed= 5.16m/s road1278 s=  54.3 on_road=True
t=  13.1s (  221.11,-1028.57) speed= 5.28m/s road1278 s=  58.9 on_road=True
t=  14.1s (  221.67,-1023.01) speed= 5.07m/s road1278 s=  64.5 on_road=True
t=  15.1s (  222.15,-1018.43) speed= 5.35m/s road1278 s=  69.1 on_road=True
t=  16.1s (  222.85,-1012.90) speed= 5.08m/s road1278 s=  74.7 on_road=True
t=  17.1s (  223.84,-1008.36) speed= 5.23m/s road1278 s=  79.2 on_road=True
t=  18.1s (  225.58,-1003.11) speed= 4.77m/s road1278 s=  84.4 on_road=True
t=  19.1s (  227.31, -998.85) speed= 5.27m/s road1278 s=  89.0 on_road=True
t=  20.1s (  230.10, -994.15) speed= 4.63m/s road1278 s=  94.4 on_road=True
t=  21.1s (  233.24, -990.53) speed= 5.22m/s road1278 s=  98.9 on_road=True
t=  22.1s (  237.23, -986.84) speed= 4.04m/s road1278 s= 104.3 on_road=True
t=  23.1s (  240.84, -983.78) speed= 5.19m/s road1278 s= 109.0 on_road=True
t=  24.1s (  244.95, -980.39) speed= 4.14m/s road1278 s= 114.4 on_road=True
t=  25.1s (  248.75, -977.32) speed= 5.49m/s road1278 s= 119.3 on_road=True
t=  26.1s (  252.84, -974.03) speed= 4.17m/s road1278 s= 124.5 on_road=True
t=  27.1s (  256.76, -970.91) speed= 6.01m/s road1278 s= 129.5 on_road=True
t=  28.1s (  260.79, -967.74) speed= 4.21m/s road1278 s= 134.6 on_road=True
t=  29.1s (  264.80, -964.62) speed= 6.21m/s road1278 s= 139.6 on_road=True
t=  30.1s (  268.84, -961.53) speed= 4.33m/s road1278 s= 144.7 on_road=True
t=  31.1s (  272.96, -958.36) speed= 6.26m/s road1278 s= 149.9 on_road=True
[전이] t=  31.45s road1970 커넥터 speed= 5.05m/s limit=30km/h
[계획 이탈] t=31.45s road1970 는 계획의 현재/다음 road 가 아님(비치명, 계속 주행)
[전이] t=  31.55s road1278 일반 speed= 5.02m/s limit=30km/h
[전이] t=  31.65s road1969 커넥터 speed= 4.60m/s limit=30km/h
t=  32.1s (  276.81, -955.20) speed= 4.41m/s road1969 s=   2.2 on_road=True
[전이] t=  32.55s road1393 일반 speed= 5.41m/s limit=30km/h
t=  33.1s (  280.85, -951.88) speed= 6.38m/s road1393 s=   2.9 on_road=True
t=  34.1s (  284.84, -948.76) speed= 4.31m/s road1393 s=   8.0 on_road=True
t=  35.1s (  289.11, -945.89) speed= 6.27m/s road1393 s=  13.0 on_road=True
t=  36.1s (  293.35, -943.33) speed= 4.48m/s road1393 s=  17.8 on_road=True
t=  37.1s (  297.95, -940.68) speed= 6.06m/s road1393 s=  23.1 on_road=True
t=  38.1s (  302.12, -938.31) speed= 4.66m/s road1393 s=  27.9 on_road=True
t=  39.1s (  306.58, -935.41) speed= 6.16m/s road1393 s=  33.3 on_road=True
[전이] t=  39.60s road1972 커넥터 speed= 5.22m/s limit=30km/h
t=  40.1s (  310.44, -932.16) speed= 4.22m/s road1972 s=   2.7 on_road=True
[전이] t=  40.15s road1971 커넥터 speed= 4.41m/s limit=30km/h
[전이] t=  40.40s road1392 일반 speed= 4.92m/s limit=30km/h
t=  41.1s (  314.45, -928.99) speed= 6.32m/s road1392 s=   4.1 on_road=True
t=  42.1s (  318.48, -925.96) speed= 4.29m/s road1392 s=   9.1 on_road=True
t=  43.1s (  322.64, -922.88) speed= 6.34m/s road1392 s=  14.3 on_road=True
t=  44.1s (  326.67, -919.93) speed= 4.42m/s road1392 s=  19.3 on_road=True
t=  45.1s (  330.90, -916.85) speed= 6.34m/s road1392 s=  24.5 on_road=True
t=  46.1s (  334.99, -913.87) speed= 4.30m/s road1392 s=  29.6 on_road=True
t=  47.1s (  339.13, -910.86) speed= 5.98m/s road1392 s=  34.7 on_road=True
t=  48.1s (  343.34, -907.82) speed= 4.42m/s road1392 s=  39.9 on_road=True
t=  49.1s (  347.54, -904.78) speed= 6.22m/s road1392 s=  45.1 on_road=True
t=  50.1s (  351.69, -901.76) speed= 4.37m/s road1392 s=  50.2 on_road=True
[전이] t=  51.00s road1487 커넥터 speed= 6.25m/s limit=30km/h
t=  51.1s (  355.63, -898.36) speed= 6.17m/s road1487 s=   0.0 on_road=True
[전이] t=  51.15s road1392 일반 speed= 5.98m/s limit=30km/h
[전이] t=  51.20s road1484 커넥터 speed= 5.88m/s limit=30km/h
t=  52.1s (  357.59, -894.06) speed= 4.28m/s road1484 s=   6.2 on_road=False
t=  53.1s (  357.22, -889.08) speed= 6.36m/s road1484 s=  13.1 on_road=True
[전이] t=  53.20s road1483 커넥터 speed= 6.31m/s limit=30km/h
[전이] t=  53.40s road1202 일반 speed= 5.46m/s limit=30km/h
t=  54.1s (  355.78, -884.23) speed= 4.30m/s road1202 s=   4.3 on_road=True
t=  55.1s (  353.92, -879.42) speed= 6.28m/s road1202 s=   9.5 on_road=True
t=  56.1s (  351.98, -874.86) speed= 4.46m/s road1202 s=  14.4 on_road=True
t=  57.1s (  349.88, -870.10) speed= 6.11m/s road1202 s=  19.6 on_road=True
t=  58.1s (  347.76, -865.40) speed= 4.39m/s road1202 s=  24.8 on_road=True
t=  59.1s (  345.63, -860.72) speed= 5.78m/s road1202 s=  29.9 on_road=True
--- 메모리 측정(주행중(차량1대+BasicAgent, 동기 20Hz)) ---
total        used        free      shared  buff/cache   available
Mem:            12Gi       8.3Gi       3.9Gi        11Mi       573Mi       4.2Gi
Swap:          8.0Gi       1.5Gi       6.5Gi
gtt_used: 1703215104 bytes (1.59GiB)
t=  60.1s (  343.45, -855.96) speed= 4.29m/s road1202 s=  35.2 on_road=True
t=  61.1s (  341.34, -851.36) speed= 5.38m/s road1202 s=  40.2 on_road=True
t=  62.1s (  339.13, -846.53) speed= 4.13m/s road1202 s=  45.5 on_road=True
t=  63.1s (  337.07, -842.05) speed= 5.39m/s road1202 s=  50.5 on_road=True
t=  64.1s (  334.79, -837.11) speed= 4.16m/s road1202 s=  55.9 on_road=True
t=  65.1s (  332.77, -832.70) speed= 5.25m/s road1202 s=  60.8 on_road=True
t=  66.1s (  330.43, -827.63) speed= 4.84m/s road1202 s=  66.3 on_road=True
t=  67.1s (  328.49, -823.40) speed= 5.28m/s road1202 s=  71.0 on_road=True
t=  68.1s (  326.17, -818.38) speed= 4.60m/s road1202 s=  76.5 on_road=True
t=  69.1s (  324.21, -814.11) speed= 5.32m/s road1202 s=  81.2 on_road=True
t=  70.1s (  321.90, -809.07) speed= 5.01m/s road1202 s=  86.8 on_road=True
t=  71.1s (  319.93, -804.81) speed= 5.39m/s road1202 s=  91.5 on_road=True
t=  72.1s (  317.60, -799.74) speed= 5.10m/s road1202 s=  97.1 on_road=True
t=  73.1s (  315.62, -795.43) speed= 5.37m/s road1202 s= 101.8 on_road=True
t=  74.1s (  313.29, -790.37) speed= 4.94m/s road1202 s= 107.4 on_road=True
t=  75.1s (  311.36, -786.15) speed= 5.33m/s road1202 s= 112.0 on_road=True
t=  76.1s (  309.45, -781.00) speed= 4.52m/s road1202 s= 117.5 on_road=True
[전이] t=  76.30s road1467 커넥터 speed= 4.14m/s limit=30km/h
t=  77.1s (  308.99, -776.42) speed= 5.32m/s road1467 s=   5.0 on_road=True
[전이] t=  77.10s road1472 커넥터 speed= 5.32m/s limit=30km/h
[전이] t=  77.80s road1469 커넥터 speed= 5.21m/s limit=30km/h
t=  78.1s (  310.44, -771.17) speed= 4.47m/s road1469 s=   5.8 on_road=True
[전이] t=  78.45s road1466 커넥터 speed= 4.50m/s limit=30km/h
[전이] t=  78.95s road1470 커넥터 speed= 5.16m/s limit=30km/h
t=  79.1s (  312.92, -767.17) speed= 5.21m/s road1470 s=   6.4 on_road=True
[전이] t=  79.45s road1271 일반 speed= 6.07m/s limit=30km/h
t=  80.1s (  316.27, -762.95) speed= 4.14m/s road1271 s=   3.7 on_road=True
t=  81.1s (  319.44, -759.36) speed= 5.24m/s road1271 s=   8.5 on_road=True
t=  82.1s (  323.09, -755.41) speed= 4.08m/s road1271 s=  13.8 on_road=True
t=  83.1s (  326.39, -751.92) speed= 5.23m/s road1271 s=  18.6 on_road=True
t=  84.1s (  330.03, -748.09) speed= 4.08m/s road1271 s=  23.9 on_road=True
t=  85.1s (  333.44, -744.54) speed= 5.40m/s road1271 s=  28.9 on_road=True
t=  86.1s (  337.16, -740.67) speed= 4.10m/s road1271 s=  34.2 on_road=True
t=  87.1s (  340.52, -737.24) speed= 5.21m/s road1271 s=  39.0 on_road=True
t=  88.1s (  344.28, -733.52) speed= 4.15m/s road1271 s=  44.3 on_road=True
t=  89.1s (  347.87, -730.10) speed= 5.40m/s road1271 s=  49.2 on_road=True
t=  90.1s (  351.77, -726.50) speed= 4.29m/s road1271 s=  54.5 on_road=True
t=  91.1s (  355.52, -723.09) speed= 6.22m/s road1271 s=  59.5 on_road=True
t=  92.1s (  359.28, -719.69) speed= 4.31m/s road1271 s=  64.6 on_road=True
t=  93.1s (  363.14, -716.21) speed= 6.42m/s road1271 s=  69.8 on_road=True
t=  94.1s (  366.91, -712.83) speed= 4.31m/s road1271 s=  74.9 on_road=True
t=  95.1s (  370.78, -709.35) speed= 6.26m/s road1271 s=  80.1 on_road=True
t=  96.1s (  374.47, -706.04) speed= 4.40m/s road1271 s=  85.0 on_road=True
t=  97.1s (  378.35, -702.55) speed= 6.24m/s road1271 s=  90.2 on_road=True
t=  98.1s (  382.14, -699.15) speed= 4.33m/s road1271 s=  95.3 on_road=True
t=  99.1s (  385.94, -695.75) speed= 5.29m/s road1271 s= 100.4 on_road=True
t= 100.1s (  389.88, -692.21) speed= 4.10m/s road1271 s= 105.7 on_road=True
t= 101.1s (  393.53, -688.93) speed= 5.45m/s road1271 s= 110.6 on_road=True
t= 102.1s (  397.38, -685.36) speed= 4.18m/s road1271 s= 115.9 on_road=True
t= 103.1s (  400.84, -681.76) speed= 5.99m/s road1271 s= 121.1 on_road=True
t= 104.1s (  404.31, -677.97) speed= 4.21m/s road1271 s= 126.3 on_road=True
t= 105.1s (  407.79, -674.32) speed= 6.24m/s road1271 s= 131.2 on_road=True
t= 106.1s (  411.32, -670.72) speed= 4.31m/s road1271 s= 136.2 on_road=True
t= 107.1s (  414.98, -667.05) speed= 6.26m/s road1271 s= 141.4 on_road=True
t= 108.1s (  418.49, -663.55) speed= 4.40m/s road1271 s= 146.4 on_road=True
[전이] t= 108.60s road1736 커넥터 speed= 5.31m/s limit=30km/h
[전이] t= 108.65s road1271 일반 speed= 5.25m/s limit=30km/h
[전이] t= 108.70s road1735 커넥터 speed= 5.34m/s limit=30km/h
[전이] t= 108.80s road1734 커넥터 speed= 5.33m/s limit=30km/h
t= 109.1s (  422.22, -659.82) speed= 6.23m/s road1734 s=   2.1 on_road=True
t= 110.1s (  425.62, -656.30) speed= 4.52m/s road1734 s=   7.0 on_road=True
t= 111.1s (  429.20, -652.34) speed= 6.06m/s road1734 s=  12.5 on_road=True
[전이] t= 111.55s road1270 일반 speed= 4.44m/s limit=30km/h
t= 112.1s (  432.37, -648.75) speed= 4.65m/s road1270 s=   2.2 on_road=True
t= 113.1s (  435.84, -644.73) speed= 6.31m/s road1270 s=   7.5 on_road=True
t= 114.1s (  439.13, -640.90) speed= 4.30m/s road1270 s=  12.5 on_road=True
t= 115.1s (  442.52, -636.99) speed= 6.36m/s road1270 s=  17.7 on_road=True
t= 116.1s (  445.92, -633.32) speed= 4.37m/s road1270 s=  22.7 on_road=True
t= 117.1s (  449.67, -629.72) speed= 6.16m/s road1270 s=  27.8 on_road=True
t= 118.1s (  453.45, -626.61) speed= 4.63m/s road1270 s=  32.6 on_road=True
t= 119.1s (  457.87, -623.43) speed= 5.93m/s road1270 s=  37.9 on_road=True
t= 120.1s (  461.79, -620.79) speed= 4.72m/s road1270 s=  42.6 on_road=True
t= 121.1s (  466.36, -617.78) speed= 5.79m/s road1270 s=  48.0 on_road=True
[전이] t= 121.60s road1464 커넥터 speed= 4.14m/s limit=30km/h
t= 122.1s (  470.37, -615.29) speed= 4.82m/s road1464 s=   2.1 on_road=True
[전이] t= 123.05s road1460 커넥터 speed= 5.62m/s limit=30km/h
t= 123.1s (  475.18, -612.52) speed= 5.62m/s road1460 s=   9.2 on_road=True
[전이] t= 123.10s road1464 커넥터 speed= 5.35m/s limit=30km/h
[전이] t= 123.15s road1462 커넥터 speed= 5.25m/s limit=30km/h
[전이] t= 123.20s road1464 커넥터 speed= 5.05m/s limit=30km/h
t= 124.1s (  479.23, -610.32) speed= 4.75m/s road1464 s=  12.2 on_road=True
[전이] t= 125.05s road1269 일반 speed= 5.51m/s limit=30km/h
t= 125.1s (  484.16, -607.78) speed= 5.51m/s road1269 s=   0.3 on_road=True
t= 126.1s (  488.28, -605.66) speed= 4.95m/s road1269 s=   4.9 on_road=True
t= 127.1s (  493.21, -603.12) speed= 5.34m/s road1269 s=  10.4 on_road=True
t= 128.1s (  497.38, -600.99) speed= 5.16m/s road1269 s=  15.1 on_road=True
t= 129.1s (  502.40, -598.42) speed= 5.08m/s road1269 s=  20.8 on_road=True
t= 130.1s (  506.49, -596.32) speed= 5.27m/s road1269 s=  25.4 on_road=True
t= 131.1s (  511.45, -593.79) speed= 5.07m/s road1269 s=  30.9 on_road=True
[전이] t= 131.85s road1601 커넥터 speed= 4.91m/s limit=30km/h
t= 132.1s (  515.55, -591.69) speed= 5.32m/s road1601 s=   1.2 on_road=True
t= 133.1s (  520.51, -589.16) speed= 5.09m/s road1601 s=   6.7 on_road=True
t= 134.1s (  524.65, -587.04) speed= 5.29m/s road1601 s=  11.4 on_road=True
[전이] t= 134.80s road1268 일반 speed= 5.32m/s limit=30km/h
t= 135.1s (  529.58, -584.52) speed= 4.87m/s road1268 s=   1.5 on_road=True
t= 136.1s (  533.70, -582.41) speed= 5.22m/s road1268 s=   6.2 on_road=True
t= 137.1s (  538.61, -579.90) speed= 4.51m/s road1268 s=  11.7 on_road=True
t= 138.1s (  542.78, -577.77) speed= 5.32m/s road1268 s=  16.3 on_road=True
t= 139.1s (  547.70, -575.25) speed= 4.87m/s road1268 s=  21.9 on_road=True
t= 140.1s (  551.78, -573.16) speed= 5.35m/s road1268 s=  26.5 on_road=True
t= 141.1s (  556.75, -570.62) speed= 5.01m/s road1268 s=  32.0 on_road=True
t= 142.1s (  560.99, -568.46) speed= 5.34m/s road1268 s=  36.8 on_road=True
t= 143.1s (  565.99, -565.90) speed= 5.05m/s road1268 s=  42.4 on_road=True
t= 144.1s (  570.14, -563.78) speed= 5.42m/s road1268 s=  47.1 on_road=True
t= 145.1s (  575.11, -561.23) speed= 4.92m/s road1268 s=  52.7 on_road=True
t= 146.1s (  579.04, -559.22) speed= 5.10m/s road1268 s=  57.1 on_road=True
t= 147.1s (  584.05, -556.66) speed= 5.44m/s road1268 s=  62.7 on_road=True
t= 148.1s (  588.22, -554.53) speed= 5.07m/s road1268 s=  67.4 on_road=True
t= 149.1s (  593.02, -552.07) speed= 6.40m/s road1268 s=  72.8 on_road=True
t= 150.1s (  597.52, -549.77) speed= 4.31m/s road1268 s=  77.8 on_road=True
t= 151.1s (  602.14, -547.41) speed= 6.27m/s road1268 s=  83.0 on_road=True
t= 152.1s (  606.63, -545.11) speed= 4.46m/s road1268 s=  88.1 on_road=True
t= 153.1s (  611.22, -542.77) speed= 5.31m/s road1268 s=  93.2 on_road=True
t= 154.1s (  616.03, -540.33) speed= 4.06m/s road1268 s=  98.6 on_road=True
t= 155.1s (  620.33, -538.12) speed= 5.24m/s road1268 s= 103.4 on_road=True
t= 156.1s (  624.98, -535.59) speed= 4.08m/s road1268 s= 108.7 on_road=True
t= 157.1s (  629.24, -533.21) speed= 5.48m/s road1268 s= 113.7 on_road=True
t= 158.1s (  633.80, -530.62) speed= 4.18m/s road1268 s= 119.0 on_road=True
t= 159.1s (  638.15, -528.13) speed= 6.02m/s road1268 s= 124.0 on_road=True
t= 160.1s (  642.62, -525.56) speed= 4.21m/s road1268 s= 129.1 on_road=True
[전이] t= 160.40s road1456 커넥터 speed= 4.90m/s limit=30km/h
[전이] t= 160.45s road1457 커넥터 speed= 5.01m/s limit=30km/h
[전이] t= 160.55s road1456 커넥터 speed= 5.12m/s limit=30km/h
[전이] t= 160.70s road1457 커넥터 speed= 5.27m/s limit=30km/h
t= 161.1s (  646.95, -522.98) speed= 5.48m/s road1457 s=   3.6 on_road=True
[전이] t= 161.65s road1452 커넥터 speed= 5.11m/s limit=30km/h
[전이] t= 161.70s road1457 커넥터 speed= 5.03m/s limit=30km/h
t= 162.1s (  651.35, -520.17) speed= 5.32m/s road1457 s=   8.9 on_road=True
[전이] t= 162.15s road1455 커넥터 speed= 5.92m/s limit=30km/h
[전이] t= 162.20s road1457 커넥터 speed= 6.22m/s limit=30km/h
[전이] t= 162.55s road1454 커넥터 speed= 5.42m/s limit=30km/h
t= 163.1s (  655.81, -517.13) speed= 4.39m/s road1454 s=   7.1 on_road=True
[전이] t= 163.40s road1250 일반 speed= 4.69m/s limit=30km/h
[전이] t= 163.50s road1453 커넥터 speed= 4.88m/s limit=30km/h
[전이] t= 163.55s road1250 일반 speed= 4.98m/s limit=30km/h
t= 164.1s (  659.81, -514.29) speed= 5.62m/s road1250 s=   3.4 on_road=True
t= 165.1s (  664.04, -511.25) speed= 4.13m/s road1250 s=   8.6 on_road=True
t= 166.1s (  668.07, -508.34) speed= 6.00m/s road1250 s=  13.6 on_road=True
t= 167.1s (  672.26, -505.31) speed= 4.25m/s road1250 s=  18.7 on_road=True
t= 168.1s (  676.38, -502.32) speed= 6.28m/s road1250 s=  23.8 on_road=True
t= 169.1s (  680.46, -499.36) speed= 4.30m/s road1250 s=  28.9 on_road=True
t= 170.1s (  684.65, -496.32) speed= 6.36m/s road1250 s=  34.0 on_road=True
t= 171.1s (  688.70, -493.38) speed= 4.40m/s road1250 s=  39.0 on_road=True
t= 172.1s (  692.96, -490.28) speed= 6.22m/s road1250 s=  44.3 on_road=True
t= 173.1s (  696.92, -487.41) speed= 4.52m/s road1250 s=  49.2 on_road=True
[전이] t= 173.70s road1828 커넥터 speed= 5.32m/s limit=30km/h
[전이] t= 173.80s road1827 커넥터 speed= 5.65m/s limit=30km/h
[전이] t= 174.00s road1828 커넥터 speed= 6.19m/s limit=30km/h
t= 174.1s (  701.25, -484.24) speed= 6.06m/s road1828 s=   2.1 on_road=True
t= 175.1s (  705.14, -481.43) speed= 4.54m/s road1828 s=   6.9 on_road=True
t= 176.1s (  709.53, -478.25) speed= 5.99m/s road1828 s=  12.3 on_road=True
[전이] t= 176.65s road1249 일반 speed= 4.08m/s limit=30km/h
t= 177.1s (  713.36, -475.48) speed= 4.70m/s road1249 s=   1.8 on_road=True
t= 178.1s (  717.65, -472.35) speed= 6.23m/s road1249 s=   7.1 on_road=True
t= 179.1s (  721.73, -469.35) speed= 4.31m/s road1249 s=  12.1 on_road=True
t= 180.1s (  725.89, -466.26) speed= 6.34m/s road1249 s=  17.3 on_road=True
t= 181.1s (  729.87, -463.26) speed= 4.43m/s road1249 s=  22.3 on_road=True
[전이] t= 181.55s road1619 커넥터 speed= 5.36m/s limit=30km/h
t= 182.1s (  734.11, -460.07) speed= 6.28m/s road1619 s=   3.0 on_road=True
t= 183.1s (  738.03, -457.19) speed= 4.49m/s road1619 s=   7.8 on_road=True
t= 184.1s (  742.35, -454.07) speed= 6.07m/s road1619 s=  13.1 on_road=True
[전이] t= 184.25s road1614 커넥터 speed= 5.37m/s limit=30km/h
[전이] t= 184.55s road1254 일반 speed= 4.48m/s limit=30km/h
[전이] t= 184.60s road1618 커넥터 speed= 4.25m/s limit=30km/h
[전이] t= 184.65s road1254 일반 speed= 4.13m/s limit=30km/h
t= 185.1s (  746.25, -451.28) speed= 4.62m/s road1254 s=   2.3 on_road=True
t= 186.1s (  750.67, -448.09) speed= 5.99m/s road1254 s=   7.8 on_road=True
t= 187.1s (  754.47, -445.28) speed= 4.69m/s road1254 s=  12.5 on_road=True
t= 188.1s (  758.77, -441.93) speed= 5.74m/s road1254 s=  18.0 on_road=True
[전이] t= 188.10s road1611 커넥터 speed= 5.55m/s limit=30km/h
[전이] t= 188.20s road1254 일반 speed= 5.23m/s limit=30km/h
[전이] t= 188.25s road1609 커넥터 speed= 5.09m/s limit=30km/h
t= 189.1s (  762.45, -439.06) speed= 4.82m/s road1609 s=   3.6 on_road=True
t= 190.1s (  766.87, -435.75) speed= 5.61m/s road1609 s=   9.1 on_road=True
t= 191.1s (  770.61, -433.01) speed= 4.91m/s road1609 s=  13.6 on_road=True
[전이] t= 191.10s road1605 커넥터 speed= 5.01m/s limit=30km/h
[전이] t= 191.45s road1253 일반 speed= 5.31m/s limit=30km/h
t= 192.1s (  775.11, -429.76) speed= 5.44m/s road1253 s=   3.7 on_road=True
t= 193.1s (  778.88, -427.06) speed= 5.04m/s road1253 s=   8.3 on_road=True
t= 194.1s (  783.43, -423.85) speed= 5.25m/s road1253 s=  13.9 on_road=True
t= 195.1s (  787.21, -421.28) speed= 5.11m/s road1253 s=  18.5 on_road=True
t= 196.1s (  791.79, -418.12) speed= 5.12m/s road1253 s=  24.0 on_road=True
t= 197.1s (  795.20, -415.04) speed= 5.23m/s road1253 s=  28.7 on_road=True
t= 198.1s (  798.93, -410.95) speed= 5.05m/s road1253 s=  34.8 on_road=True
[전이] t= 199.00s road1821 커넥터 speed= 5.29m/s limit=30km/h
t= 199.1s (  801.94, -407.41) speed= 5.27m/s road1821 s=   0.3 on_road=True
[전이] t= 199.25s road1822 커넥터 speed= 5.28m/s limit=30km/h
t= 200.1s (  805.81, -403.36) speed= 5.02m/s road1822 s=   5.8 on_road=True
[전이] t= 200.15s road1819 커넥터 speed= 4.41m/s limit=30km/h
[전이] t= 200.30s road1816 커넥터 speed= 4.05m/s limit=30km/h
[전이] t= 200.45s road1822 커넥터 speed= 4.21m/s limit=30km/h
t= 201.1s (  809.21, -400.28) speed= 5.18m/s road1822 s=  10.1 on_road=True
[전이] t= 201.65s road1817 커넥터 speed= 5.91m/s limit=30km/h
[전이] t= 201.80s road1252 일반 speed= 5.37m/s limit=30km/h
t= 202.1s (  813.53, -396.86) speed= 4.86m/s road1252 s=   1.8 on_road=True
t= 203.1s (  817.26, -394.06) speed= 5.31m/s road1252 s=   6.4 on_road=True
t= 204.1s (  821.75, -390.79) speed= 4.45m/s road1252 s=  11.9 on_road=True
t= 205.1s (  825.54, -388.05) speed= 5.32m/s road1252 s=  16.6 on_road=True
t= 206.1s (  830.00, -384.85) speed= 4.23m/s road1252 s=  22.1 on_road=True
t= 207.1s (  833.84, -382.10) speed= 5.39m/s road1252 s=  26.8 on_road=True
[전이] t= 207.20s road1862 커넥터 speed= 5.36m/s limit=30km/h
[전이] t= 207.25s road1252 일반 speed= 5.45m/s limit=30km/h
[전이] t= 207.30s road1861 커넥터 speed= 5.37m/s limit=30km/h
[전이] t= 207.35s road1860 커넥터 speed= 5.44m/s limit=30km/h
t= 208.1s (  838.34, -378.87) speed= 5.00m/s road1860 s=   4.3 on_road=True
t= 209.1s (  842.14, -376.14) speed= 5.17m/s road1860 s=   9.0 on_road=True
t= 210.1s (  846.59, -372.93) speed= 4.43m/s road1860 s=  14.5 on_road=True
t= 211.1s (  850.39, -370.18) speed= 5.28m/s road1860 s=  19.2 on_road=True
t= 212.1s (  854.85, -366.95) speed= 4.36m/s road1860 s=  24.7 on_road=True
[전이] t= 212.25s road1856 커넥터 speed= 4.19m/s limit=30km/h
[전이] t= 212.30s road1251 일반 speed= 4.26m/s limit=30km/h
t= 213.1s (  858.71, -364.16) speed= 5.37m/s road1251 s=   3.7 on_road=True
t= 214.1s (  863.19, -360.92) speed= 4.21m/s road1251 s=   9.3 on_road=True
t= 215.1s (  867.00, -358.18) speed= 5.22m/s road1251 s=  14.0 on_road=True
t= 216.1s (  871.38, -355.03) speed= 4.11m/s road1251 s=  19.4 on_road=True
t= 217.1s (  875.30, -352.23) speed= 5.28m/s road1251 s=  24.2 on_road=True
t= 218.1s (  879.82, -348.99) speed= 4.73m/s road1251 s=  29.7 on_road=True
t= 219.1s (  883.69, -346.21) speed= 5.39m/s road1251 s=  34.5 on_road=True
t= 220.1s (  888.21, -342.97) speed= 5.08m/s road1251 s=  40.1 on_road=True
t= 221.1s (  892.10, -340.19) speed= 5.47m/s road1251 s=  44.9 on_road=True
t= 222.1s (  896.58, -336.95) speed= 5.70m/s road1251 s=  50.4 on_road=True
t= 223.1s (  900.30, -334.19) speed= 4.79m/s road1251 s=  55.0 on_road=True
t= 224.1s (  904.67, -330.92) speed= 5.51m/s road1251 s=  60.5 on_road=True
t= 225.1s (  908.42, -328.10) speed= 5.02m/s road1251 s=  65.2 on_road=True
t= 226.1s (  912.87, -324.74) speed= 5.25m/s road1251 s=  70.7 on_road=True
t= 227.1s (  916.54, -321.97) speed= 5.12m/s road1251 s=  75.3 on_road=True
t= 228.1s (  921.00, -318.61) speed= 5.16m/s road1251 s=  80.9 on_road=True
t= 229.1s (  924.68, -315.83) speed= 5.28m/s road1251 s=  85.5 on_road=True
t= 230.1s (  929.17, -312.44) speed= 5.14m/s road1251 s=  91.2 on_road=True
t= 231.1s (  932.89, -309.63) speed= 5.26m/s road1251 s=  95.8 on_road=True
t= 232.1s (  937.35, -306.26) speed= 5.02m/s road1251 s= 101.5 on_road=True
t= 233.1s (  941.08, -303.44) speed= 5.34m/s road1251 s= 106.1 on_road=True
t= 234.1s (  945.58, -300.04) speed= 5.51m/s road1251 s= 111.8 on_road=True
t= 235.1s (  949.31, -297.22) speed= 5.00m/s road1251 s= 116.4 on_road=True
t= 236.1s (  953.83, -293.81) speed= 5.42m/s road1251 s= 122.1 on_road=True
t= 237.1s (  957.51, -291.02) speed= 5.05m/s road1251 s= 126.7 on_road=True
t= 238.1s (  961.98, -287.63) speed= 5.40m/s road1251 s= 132.3 on_road=True
[전이] t= 238.95s road1949 커넥터 speed= 4.81m/s limit=30km/h
t= 239.1s (  965.45, -284.56) speed= 4.95m/s road1949 s=   0.2 on_road=True
[전이] t= 239.10s road1251 일반 speed= 5.06m/s limit=30km/h
[전이] t= 239.15s road1948 커넥터 speed= 5.18m/s limit=30km/h
t= 240.1s (  968.69, -280.49) speed= 5.08m/s road1948 s=   6.2 on_road=True
[전이] t= 240.20s road1391 일반 speed= 5.12m/s limit=30km/h
t= 241.1s (  972.51, -276.52) speed= 5.04m/s road1391 s=   4.0 on_road=True
t= 242.1s (  976.07, -273.58) speed= 5.12m/s road1391 s=   8.6 on_road=True
t= 243.1s (  980.79, -270.90) speed= 5.03m/s road1391 s=  13.9 on_road=True
[충돌] frame=29669 other=static.unknown tags= impulse=5.94 (이후 충돌은 CSV만 기록)

=== 요약 ===
route: back (종점 road1151 s=23.1)
결과: 실패 - 충돌 1tick/0.00s 연속 (road1391 s=15.0)
주행 시간(시뮬): 243.3s
계획 이탈 기록: t=31.45s road1970 는 계획의 현재/다음 road 가 아님(비치명, 계속 주행)

=== 계획 vs 실제 road 시퀀스 ===
 0 계획 1278  실제 1278 
 1 계획 1969  실제 1970   <-- 불일치
 2 계획 1393  실제 1278   <-- 불일치
 3 계획 1972  실제 1969   <-- 불일치
 4 계획 1392  실제 1393   <-- 불일치
 5 계획 1484  실제 1972   <-- 불일치
 6 계획 1202  실제 1971   <-- 불일치
 7 계획 1466  실제 1392   <-- 불일치
 8 계획 1271  실제 1487   <-- 불일치
 9 계획 1734  실제 1392   <-- 불일치
10 계획 1270  실제 1484   <-- 불일치
11 계획 1464  실제 1483   <-- 불일치
12 계획 1269  실제 1202   <-- 불일치
13 계획 1601  실제 1467   <-- 불일치
14 계획 1268  실제 1472   <-- 불일치
15 계획 1457  실제 1469   <-- 불일치
16 계획 1250  실제 1466   <-- 불일치
17 계획 1828  실제 1470   <-- 불일치
18 계획 1249  실제 1271   <-- 불일치
19 계획 1619  실제 1736   <-- 불일치
20 계획 1254  실제 1271   <-- 불일치
21 계획 1609  실제 1735   <-- 불일치
22 계획 1253  실제 1734   <-- 불일치
23 계획 1822  실제 1270   <-- 불일치
24 계획 1252  실제 1464   <-- 불일치
25 계획 1860  실제 1460   <-- 불일치
26 계획 1251  실제 1464   <-- 불일치
27 계획 1948  실제 1462   <-- 불일치
28 계획 1391  실제 1464   <-- 불일치
29 계획 1952  실제 1269   <-- 불일치
30 계획 1248  실제 1601   <-- 불일치
31 계획 1896  실제 1268   <-- 불일치
32 계획 1151  실제 1456   <-- 불일치
33 계획 -     실제 1457   <-- 불일치
34 계획 -     실제 1456   <-- 불일치
35 계획 -     실제 1457   <-- 불일치
36 계획 -     실제 1452   <-- 불일치
37 계획 -     실제 1457   <-- 불일치
38 계획 -     실제 1455   <-- 불일치
39 계획 -     실제 1457   <-- 불일치
40 계획 -     실제 1454   <-- 불일치
41 계획 -     실제 1250   <-- 불일치
42 계획 -     실제 1453   <-- 불일치
43 계획 -     실제 1250   <-- 불일치
44 계획 -     실제 1828   <-- 불일치
45 계획 -     실제 1827   <-- 불일치
46 계획 -     실제 1828   <-- 불일치
47 계획 -     실제 1249   <-- 불일치
48 계획 -     실제 1619   <-- 불일치
49 계획 -     실제 1614   <-- 불일치
50 계획 -     실제 1254   <-- 불일치
51 계획 -     실제 1618   <-- 불일치
52 계획 -     실제 1254   <-- 불일치
53 계획 -     실제 1611   <-- 불일치
54 계획 -     실제 1254   <-- 불일치
55 계획 -     실제 1609   <-- 불일치
56 계획 -     실제 1605   <-- 불일치
57 계획 -     실제 1253   <-- 불일치
58 계획 -     실제 1821   <-- 불일치
59 계획 -     실제 1822   <-- 불일치
60 계획 -     실제 1819   <-- 불일치
61 계획 -     실제 1816   <-- 불일치
62 계획 -     실제 1822   <-- 불일치
63 계획 -     실제 1817   <-- 불일치
64 계획 -     실제 1252   <-- 불일치
65 계획 -     실제 1862   <-- 불일치
66 계획 -     실제 1252   <-- 불일치
67 계획 -     실제 1861   <-- 불일치
68 계획 -     실제 1860   <-- 불일치
69 계획 -     실제 1856   <-- 불일치
70 계획 -     실제 1251   <-- 불일치
71 계획 -     실제 1949   <-- 불일치
72 계획 -     실제 1251   <-- 불일치
73 계획 -     실제 1948   <-- 불일치
74 계획 -     실제 1391   <-- 불일치
첫 불일치 위치: 1번째 (계획 1969 / 실제 1970)
junction 통과(커넥터 road 를 실제로 밟았는지):
junction1   (r1969): 통과
junction109 (r1972): 통과
junction43  (r1484): 통과
junction11  (r1466): 통과
junction61  (r1734): 통과
junction85  (r1464): 통과
junction37  (r1601): 통과
junction107 (r1457): 통과
junction78  (r1828): 통과
junction41  (r1619): 통과
junction39  (r1609): 통과
junction86  (r1822): 통과
junction83  (r1860): 통과
junction108 (r1948): 통과
junction106 (r1952): 미통과
junction3   (r1896): 미통과
junction2(출발 전), junction35(종점 밖)는 통과 대상 아님

=== 급회전 커넥터 이탈량 (정의: sharp_offset docstring) ===
r1484 (+78.4°): tick 39, 최대|lat| 1.64m, 최대 차체초과 +0.99m(안쪽, s=10.0), on_road False 12tick, 충돌 0건
r1466 (-68.1°): tick 56, 최대|lat| 1.39m, 최대 차체초과 +0.61m(안쪽, s=7.0), on_road False 0tick, 충돌 0건
r1484 진입: t=51.20s speed=5.88m/s(21.2km/h)
r1466 진입: t=78.45s speed=4.50m/s(16.2km/h)

=== 차체 판정 road 별 (tick 수, 최대 차선밖 꼭짓점) ===
road1278: 인도 23tick, 차선밖꼭짓점 최대 1/4 (1개 이상 25tick), 반대차선(중심) 0tick, (계획 차선 안 0tick), 꼭짓점 침범깊이 최대 0.16m, 메시밖 0tick
road1393: 인도 1tick, 차선밖꼭짓점 최대 1/4 (1개 이상 1tick), 반대차선(중심) 0tick, (계획 차선 안 0tick), 꼭짓점 침범깊이 최대 0.00m, 메시밖 0tick
road1972: 인도 3tick, 차선밖꼭짓점 최대 1/4 (1개 이상 3tick), 반대차선(중심) 0tick, (계획 차선 안 0tick), 꼭짓점 침범깊이 최대 0.00m, 메시밖 0tick
road1392: 인도 1tick, 차선밖꼭짓점 최대 1/4 (1개 이상 1tick), 반대차선(중심) 0tick, (계획 차선 안 0tick), 꼭짓점 침범깊이 최대 0.00m, 메시밖 0tick
road1487: 인도 1tick, 차선밖꼭짓점 최대 1/4 (1개 이상 1tick), 반대차선(중심) 0tick, (계획 차선 안 0tick), 꼭짓점 침범깊이 최대 0.00m, 메시밖 0tick
road1484: 인도 40tick, 차선밖꼭짓점 최대 2/4 (1개 이상 40tick), 반대차선(중심) 0tick, (계획 차선 안 0tick), 꼭짓점 침범깊이 최대 0.00m, 메시밖 1tick
road1483: 인도 4tick, 차선밖꼭짓점 최대 1/4 (1개 이상 4tick), 반대차선(중심) 0tick, (계획 차선 안 0tick), 꼭짓점 침범깊이 최대 0.00m, 메시밖 0tick
road1202: 인도 13tick, 차선밖꼭짓점 최대 1/4 (1개 이상 13tick), 반대차선(중심) 0tick, (계획 차선 안 0tick), 꼭짓점 침범깊이 최대 0.00m, 메시밖 0tick
road1467: 인도 0tick, 차선밖꼭짓점 최대 0/4 (1개 이상 0tick), 반대차선(중심) 0tick, (계획 차선 안 0tick), 꼭짓점 침범깊이 최대 1.86m, 메시밖 0tick
road1472: 인도 0tick, 차선밖꼭짓점 최대 0/4 (1개 이상 0tick), 반대차선(중심) 14tick, (계획 차선 안 14tick), 꼭짓점 침범깊이 최대 2.85m, 메시밖 0tick
road1469: 인도 0tick, 차선밖꼭짓점 최대 0/4 (1개 이상 0tick), 반대차선(중심) 4tick, (계획 차선 안 4tick), 꼭짓점 침범깊이 최대 2.57m, 메시밖 0tick
road1466: 인도 0tick, 차선밖꼭짓점 최대 0/4 (1개 이상 0tick), 반대차선(중심) 0tick, (계획 차선 안 0tick), 꼭짓점 침범깊이 최대 2.37m, 메시밖 0tick
road1470: 인도 0tick, 차선밖꼭짓점 최대 0/4 (1개 이상 0tick), 반대차선(중심) 0tick, (계획 차선 안 0tick), 꼭짓점 침범깊이 최대 0.95m, 메시밖 0tick
road1464: 인도 0tick, 차선밖꼭짓점 최대 0/4 (1개 이상 0tick), 반대차선(중심) 0tick, (계획 차선 안 0tick), 꼭짓점 침범깊이 최대 1.90m, 메시밖 0tick
road1460: 인도 0tick, 차선밖꼭짓점 최대 0/4 (1개 이상 0tick), 반대차선(중심) 0tick, (계획 차선 안 0tick), 꼭짓점 침범깊이 최대 0.95m, 메시밖 0tick
road1462: 인도 0tick, 차선밖꼭짓점 최대 0/4 (1개 이상 0tick), 반대차선(중심) 0tick, (계획 차선 안 0tick), 꼭짓점 침범깊이 최대 1.01m, 메시밖 0tick
road1269: 인도 0tick, 차선밖꼭짓점 최대 0/4 (1개 이상 0tick), 반대차선(중심) 0tick, (계획 차선 안 0tick), 꼭짓점 침범깊이 최대 2.56m, 메시밖 0tick
road1601: 인도 0tick, 차선밖꼭짓점 최대 0/4 (1개 이상 0tick), 반대차선(중심) 0tick, (계획 차선 안 0tick), 꼭짓점 침범깊이 최대 1.92m, 메시밖 0tick
road1268: 인도 0tick, 차선밖꼭짓점 최대 0/4 (1개 이상 0tick), 반대차선(중심) 0tick, (계획 차선 안 0tick), 꼭짓점 침범깊이 최대 1.72m, 메시밖 0tick
road1456: 인도 0tick, 차선밖꼭짓점 최대 0/4 (1개 이상 0tick), 반대차선(중심) 0tick, (계획 차선 안 0tick), 꼭짓점 침범깊이 최대 1.72m, 메시밖 0tick
road1457: 인도 0tick, 차선밖꼭짓점 최대 0/4 (1개 이상 0tick), 반대차선(중심) 0tick, (계획 차선 안 0tick), 꼭짓점 침범깊이 최대 2.06m, 메시밖 0tick
road1452: 인도 0tick, 차선밖꼭짓점 최대 0/4 (1개 이상 0tick), 반대차선(중심) 0tick, (계획 차선 안 0tick), 꼭짓점 침범깊이 최대 1.98m, 메시밖 0tick
road1455: 인도 0tick, 차선밖꼭짓점 최대 0/4 (1개 이상 0tick), 반대차선(중심) 0tick, (계획 차선 안 0tick), 꼭짓점 침범깊이 최대 1.93m, 메시밖 0tick
road1454: 인도 0tick, 차선밖꼭짓점 최대 0/4 (1개 이상 0tick), 반대차선(중심) 0tick, (계획 차선 안 0tick), 꼭짓점 침범깊이 최대 2.23m, 메시밖 0tick
road1250: 인도 0tick, 차선밖꼭짓점 최대 0/4 (1개 이상 0tick), 반대차선(중심) 0tick, (계획 차선 안 0tick), 꼭짓점 침범깊이 최대 2.56m, 메시밖 0tick
road1453: 인도 0tick, 차선밖꼭짓점 최대 0/4 (1개 이상 0tick), 반대차선(중심) 0tick, (계획 차선 안 0tick), 꼭짓점 침범깊이 최대 2.24m, 메시밖 0tick
road1828: 인도 0tick, 차선밖꼭짓점 최대 0/4 (1개 이상 0tick), 반대차선(중심) 0tick, (계획 차선 안 0tick), 꼭짓점 침범깊이 최대 1.18m, 메시밖 0tick
road1822: 인도 0tick, 차선밖꼭짓점 최대 0/4 (1개 이상 0tick), 반대차선(중심) 0tick, (계획 차선 안 0tick), 꼭짓점 침범깊이 최대 1.71m, 메시밖 0tick
road1819: 인도 0tick, 차선밖꼭짓점 최대 0/4 (1개 이상 0tick), 반대차선(중심) 0tick, (계획 차선 안 0tick), 꼭짓점 침범깊이 최대 1.31m, 메시밖 0tick
road1816: 인도 0tick, 차선밖꼭짓점 최대 0/4 (1개 이상 0tick), 반대차선(중심) 0tick, (계획 차선 안 0tick), 꼭짓점 침범깊이 최대 1.28m, 메시밖 0tick
road1860: 인도 0tick, 차선밖꼭짓점 최대 0/4 (1개 이상 0tick), 반대차선(중심) 0tick, (계획 차선 안 0tick), 꼭짓점 침범깊이 최대 1.73m, 메시밖 0tick
road1948: 인도 14tick, 차선밖꼭짓점 최대 1/4 (1개 이상 14tick), 반대차선(중심) 0tick, (계획 차선 안 0tick), 꼭짓점 침범깊이 최대 0.00m, 메시밖 0tick
road1391: 인도 0tick, 차선밖꼭짓점 최대 1/4 (1개 이상 11tick), 반대차선(중심) 0tick, (계획 차선 안 0tick), 꼭짓점 침범깊이 최대 0.00m, 메시밖 0tick
(목록에 없는 road 는 전부 0)

=== 차선 이탈 구간 (차체 기준, 계획 중심선 기준, 세션19) ===
t=19.95~20.90s road1278 -중앙선 쪽 최대 lat -0.93m 차체초과 0.15m 중심초과 0.00m 20tick, 진입 18.3km/h, road 평균R 173.65 R2min 10.28
t=39.45~39.60s road1393 +인도 쪽 최대 lat +0.91m 차체초과 0.13m 중심초과 0.00m 4tick, 진입 19.4km/h, road 평균R 209.60 R2min 13.11
t=51.25~53.55s road1484 +인도 쪽 최대 lat +1.74m 차체초과 0.95m 중심초과 0.06m 47tick, 진입 20.4km/h, road 평균R 10.12 R2min 7.40
t=76.40~79.20s road1466 -중앙선 쪽 최대 lat -1.40m 차체초과 0.62m 중심초과 0.00m 57tick, 진입 15.5km/h, road 평균R 11.90 R2min 6.48
t=239.40~239.80s road1948 +인도 쪽 최대 lat +1.01m 차체초과 0.23m 중심초과 0.00m 9tick, 진입 19.4km/h, road 평균R 10.95 R2min 5.25
t=242.95~243.30s road1391 -중앙선 쪽 최대 lat -1.15m 차체초과 0.37m 중심초과 0.00m 8tick, 진입 18.2km/h, road 평균R 11.51 R2min 3.22
합계 6구간 (중앙선 쪽 3, 인도 쪽 3), 최대 차체초과 0.95m
충돌 누적 1건
판정: record
follow=on

=== 실패 직전 10초 road 전이 (t_end=243.30s) ===
t= 238.95s road1949  커넥터 speed= 4.81m/s (965.1,-284.9)
t= 239.10s road1251  일반  speed= 5.06m/s (965.6,-284.4)
t= 239.15s road1948  커넥터 speed= 5.18m/s (965.8,-284.2)
t= 240.20s road1391  일반  speed= 5.12m/s (969.2,-279.9)
궤적 로그: /home/gyumin/campus_mobility_sim/map/docs/logs/drive_log_20261007_211456.csv
충돌 센서(actor_id=26) 제거함
실패/예외로 차량(actor_id=25) 제거함
[동기모드] 복귀: synchronous_mode=False fixed_delta_seconds=None
