map_sha256=5240ca8b883e42c0 (cbnu_internal_only_localtm_tags81_B_smooth_turnfix.xodr)
route=yangseong: 17 road [1278, 1969, 1393, 1972, 1392, 1484, 1202, 1465, 1157, 1738, 1156, 1765, 1155, 1772, 1154, 1865, 1153]
  종점 road1153 lane-1 s=22.0 (완주 s>=21.0 이고 종점 5m 이내) - 양성재(서문) 앞(건물 외곽선 45.7m)
  커넥터 {1969: 1, 1972: 109, 1484: 43, 1465: 11, 1738: 10, 1765: 9, 1772: 8, 1865: 7}, 급회전 {1484: 78.4}
controller=agent, 동기모드=켬 0.05s
conn_spacing=4.0m(전 구간), sharp_speed=없음
follow=on(뒤 8m, 위 4m, 매 tick)
맵: Carla/Maps/OpenDriveMap, spawn point 1302개
server_map_sha256=5240ca8b883e42c0 (파일과 일치)
spawn: Location(x=217.845581, y=-1087.414185, z=0.500000) road1278 lane-1 s=0.00
계획 CSV: /home/gyumin/campus_mobility_sim/map/docs/logs/drive_plan_20261007_203848.csv
계획 웨이포인트 총 168개
road   kind  n  s범위          최대간격(m)
1278   road  39 1.96~151.01  4.38
1969   conn  2  1.07~3.22  2.93
1393   road  10 1.85~35.20  4.0
1972   conn  1  1.48~1.48  2.07
1392   road  15 1.87~54.20  4.13
1484   conn  4  1.74~12.17  3.33
1202   road  30 1.98~117.07  3.97
1465   conn  4  1.99~13.94  3.98
1157   road  6  1.69~18.62  3.69
1738   conn  4  1.88~13.17  3.85
1156   road  16 1.88~58.16  3.77
1765   conn  4  1.94~13.57  3.88
1155   road  15 1.96~56.97  3.93
1772   conn  5  1.69~15.22  3.66
1154   road  3  1.74~8.72  3.5
1865   conn  4  1.99~13.96  4.35
1153   road  6  1.83~20.17  4.1
커넥터 안쪽 점: 28개 / 점 없는 커넥터: 없음
전체 최대 간격 4.38m, 평균 3.80m
인접 road 연결 확인: 16쌍 모두 next() 로 이어짐
판정: record(세션19, 종료/기록 분리)
궤적 로그(tick마다 기록): /home/gyumin/campus_mobility_sim/map/docs/logs/drive_log_20261007_203848.csv
차량 스폰: actor_id=25
bounding box: half_length=1.853m half_width=0.894m half_height=0.775m -> /home/gyumin/campus_mobility_sim/map/docs/logs/vehicle_bbox_20261007_203848.txt
충돌 센서 부착: actor_id=26 -> /home/gyumin/campus_mobility_sim/map/docs/logs/collision_events_20261007_203848.csv
BasicAgent set_global_plan 168점, target_speed=20.0km/h, dt=0.05
[동기모드] 전환 전: synchronous_mode=False fixed_delta_seconds=None
[동기모드] 전환 후: synchronous_mode=True fixed_delta_seconds=0.05
[전이] t=   0.05s road1278 일반 speed= 0.00m/s limit=30km/h
t=   0.1s (  217.85,-1087.41) speed= 0.00m/s road1278 s=   0.0 on_road=True
t=   1.1s (  217.86,-1087.17) speed= 1.50m/s road1278 s=   0.2 on_road=True
t=   2.1s (  217.99,-1084.54) speed= 3.75m/s road1278 s=   2.9 on_road=True
t=   3.1s (  218.22,-1079.78) speed= 5.32m/s road1278 s=   7.6 on_road=True
t=   4.1s (  218.48,-1074.31) speed= 4.43m/s road1278 s=  13.1 on_road=True
t=   5.1s (  218.72,-1069.44) speed= 5.34m/s road1278 s=  18.0 on_road=True
t=   6.1s (  218.99,-1063.85) speed= 5.13m/s road1278 s=  23.6 on_road=True
t=   7.1s (  219.22,-1059.16) speed= 5.30m/s road1278 s=  28.3 on_road=True
t=   8.1s (  219.49,-1053.61) speed= 4.92m/s road1278 s=  33.8 on_road=True
t=   9.1s (  219.72,-1048.87) speed= 5.36m/s road1278 s=  38.6 on_road=True
[tick 대조] fixed_delta=0.05 delta_seconds=0.0500 시뮬경과/프레임=0.0500s 벽시계 146.1 tick/s (프레임 200)
t=  10.1s (  220.00,-1043.35) speed= 4.59m/s road1278 s=  44.1 on_road=True
t=  11.1s (  220.30,-1038.58) speed= 5.37m/s road1278 s=  48.9 on_road=True
t=  12.1s (  220.70,-1033.16) speed= 4.16m/s road1278 s=  54.3 on_road=True
t=  13.1s (  221.12,-1028.40) speed= 5.29m/s road1278 s=  59.1 on_road=True
t=  14.1s (  221.66,-1023.09) speed= 4.07m/s road1278 s=  64.4 on_road=True
t=  15.1s (  222.17,-1018.29) speed= 5.32m/s road1278 s=  69.2 on_road=True
t=  16.1s (  222.84,-1013.03) speed= 4.12m/s road1278 s=  74.5 on_road=True
t=  17.1s (  223.88,-1008.23) speed= 5.38m/s road1278 s=  79.3 on_road=True
t=  18.1s (  225.57,-1003.15) speed= 4.11m/s road1278 s=  84.4 on_road=True
t=  19.1s (  227.37, -998.72) speed= 5.16m/s road1278 s=  89.2 on_road=True
t=  20.1s (  230.06, -994.21) speed= 4.26m/s road1278 s=  94.3 on_road=True
t=  21.1s (  233.37, -990.43) speed= 6.18m/s road1278 s=  99.1 on_road=True
t=  22.1s (  237.08, -986.98) speed= 4.31m/s road1278 s= 104.1 on_road=True
t=  23.1s (  241.01, -983.63) speed= 6.25m/s road1278 s= 109.3 on_road=True
t=  24.1s (  244.83, -980.49) speed= 4.39m/s road1278 s= 114.2 on_road=True
t=  25.1s (  248.93, -977.17) speed= 6.27m/s road1278 s= 119.5 on_road=True
t=  26.1s (  252.76, -974.09) speed= 4.49m/s road1278 s= 124.4 on_road=True
t=  27.1s (  256.95, -970.76) speed= 6.26m/s road1278 s= 129.8 on_road=True
t=  28.1s (  260.73, -967.79) speed= 4.51m/s road1278 s= 134.5 on_road=True
t=  29.1s (  264.98, -964.49) speed= 6.10m/s road1278 s= 139.9 on_road=True
t=  30.1s (  268.78, -961.58) speed= 4.59m/s road1278 s= 144.7 on_road=True
t=  31.1s (  273.05, -958.28) speed= 5.91m/s road1278 s= 150.0 on_road=True
[전이] t=  31.45s road1970 커넥터 speed= 4.86m/s limit=30km/h
[계획 이탈] t=31.45s road1970 는 계획의 현재/다음 road 가 아님(비치명, 계속 주행)
[전이] t=  31.60s road1278 일반 speed= 4.14m/s limit=30km/h
[전이] t=  31.65s road1969 커넥터 speed= 4.11m/s limit=30km/h
t=  32.1s (  276.71, -955.29) speed= 4.74m/s road1969 s=   2.0 on_road=True
[전이] t=  32.55s road1393 일반 speed= 5.36m/s limit=30km/h
t=  33.1s (  280.85, -951.88) speed= 6.36m/s road1393 s=   2.9 on_road=True
t=  34.1s (  284.79, -948.79) speed= 4.39m/s road1393 s=   7.9 on_road=True
t=  35.1s (  289.14, -945.88) speed= 6.35m/s road1393 s=  13.0 on_road=True
t=  36.1s (  293.40, -943.30) speed= 4.42m/s road1393 s=  17.9 on_road=True
t=  37.1s (  297.97, -940.66) speed= 6.29m/s road1393 s=  23.2 on_road=True
t=  38.1s (  302.19, -938.28) speed= 4.49m/s road1393 s=  28.0 on_road=True
t=  39.1s (  306.69, -935.33) speed= 6.30m/s road1393 s=  33.4 on_road=True
[전이] t=  39.60s road1972 커넥터 speed= 4.57m/s limit=30km/h
t=  40.1s (  310.44, -932.17) speed= 4.44m/s road1972 s=   2.7 on_road=True
[전이] t=  40.15s road1971 커넥터 speed= 4.65m/s limit=30km/h
[전이] t=  40.40s road1392 일반 speed= 5.17m/s limit=30km/h
t=  41.1s (  314.62, -928.87) speed= 6.09m/s road1392 s=   4.3 on_road=True
t=  42.1s (  318.46, -925.97) speed= 4.61m/s road1392 s=   9.1 on_road=True
t=  43.1s (  322.83, -922.74) speed= 5.98m/s road1392 s=  14.5 on_road=True
t=  44.1s (  326.63, -919.96) speed= 4.70m/s road1392 s=  19.2 on_road=True
t=  45.1s (  331.05, -916.74) speed= 5.83m/s road1392 s=  24.7 on_road=True
t=  46.1s (  334.86, -913.97) speed= 4.84m/s road1392 s=  29.4 on_road=True
t=  47.1s (  339.38, -910.68) speed= 5.81m/s road1392 s=  35.0 on_road=True
t=  48.1s (  343.16, -907.94) speed= 4.82m/s road1392 s=  39.7 on_road=True
t=  49.1s (  347.67, -904.68) speed= 5.78m/s road1392 s=  45.2 on_road=True
t=  50.1s (  351.47, -901.92) speed= 4.87m/s road1392 s=  49.9 on_road=True
[전이] t=  51.00s road1487 커넥터 speed= 5.79m/s limit=30km/h
t=  51.1s (  355.62, -898.26) speed= 5.55m/s road1487 s=   0.0 on_road=True
[전이] t=  51.15s road1392 일반 speed= 5.27m/s limit=30km/h
[전이] t=  51.20s road1484 커넥터 speed= 5.18m/s limit=30km/h
t=  52.1s (  357.50, -894.11) speed= 4.85m/s road1484 s=   5.6 on_road=False
t=  53.1s (  357.11, -888.79) speed= 6.43m/s road1484 s=  13.4 on_road=True
[전이] t=  53.15s road1483 커넥터 speed= 6.32m/s limit=30km/h
[전이] t=  53.35s road1202 일반 speed= 5.56m/s limit=30km/h
t=  54.1s (  355.70, -884.05) speed= 4.26m/s road1202 s=   4.5 on_road=True
t=  55.1s (  353.84, -879.24) speed= 6.23m/s road1202 s=   9.7 on_road=True
t=  56.1s (  351.90, -874.67) speed= 4.40m/s road1202 s=  14.6 on_road=True
t=  57.1s (  349.77, -869.86) speed= 6.22m/s road1202 s=  19.9 on_road=True
t=  58.1s (  347.75, -865.39) speed= 4.52m/s road1202 s=  24.8 on_road=True
t=  59.1s (  345.53, -860.49) speed= 6.10m/s road1202 s=  30.2 on_road=True
--- 메모리 측정(주행중(차량1대+BasicAgent, 동기 20Hz)) ---
total        used        free      shared  buff/cache   available
Mem:            12Gi       8.4Gi       3.8Gi        23Mi       550Mi       4.0Gi
Swap:          8.0Gi       1.3Gi       6.7Gi
gtt_used: 1598291968 bytes (1.49GiB)
t=  60.1s (  343.53, -856.14) speed= 4.60m/s road1202 s=  35.0 on_road=True
t=  61.1s (  341.27, -851.19) speed= 5.96m/s road1202 s=  40.4 on_road=True
t=  62.1s (  339.28, -846.86) speed= 4.73m/s road1202 s=  45.2 on_road=True
t=  63.1s (  337.00, -841.91) speed= 6.15m/s road1202 s=  50.6 on_road=True
t=  64.1s (  334.97, -837.50) speed= 4.64m/s road1202 s=  55.5 on_road=True
t=  65.1s (  332.69, -832.53) speed= 5.95m/s road1202 s=  61.0 on_road=True
t=  66.1s (  330.70, -828.22) speed= 4.73m/s road1202 s=  65.7 on_road=True
t=  67.1s (  328.41, -823.23) speed= 5.88m/s road1202 s=  71.2 on_road=True
t=  68.1s (  326.40, -818.87) speed= 4.85m/s road1202 s=  76.0 on_road=True
t=  69.1s (  324.12, -813.91) speed= 6.24m/s road1202 s=  81.5 on_road=True
t=  70.1s (  322.08, -809.47) speed= 4.52m/s road1202 s=  86.3 on_road=True
t=  71.1s (  319.90, -804.73) speed= 6.03m/s road1202 s=  91.6 on_road=True
t=  72.1s (  317.74, -800.05) speed= 4.21m/s road1202 s=  96.7 on_road=True
t=  73.1s (  315.62, -795.44) speed= 6.19m/s road1202 s= 101.8 on_road=True
t=  74.1s (  313.49, -790.80) speed= 4.30m/s road1202 s= 106.9 on_road=True
t=  75.1s (  311.34, -786.14) speed= 6.18m/s road1202 s= 112.0 on_road=True
t=  76.1s (  309.18, -781.45) speed= 4.39m/s road1202 s= 117.2 on_road=True
[전이] t=  76.35s road1467 커넥터 speed= 4.98m/s limit=30km/h
[전이] t=  76.40s road1202 일반 speed= 5.09m/s limit=30km/h
[전이] t=  76.45s road1465 커넥터 speed= 5.22m/s limit=30km/h
t=  77.1s (  306.96, -776.72) speed= 6.33m/s road1465 s=   3.4 on_road=True
t=  78.1s (  304.79, -772.20) speed= 4.44m/s road1465 s=   8.4 on_road=True
t=  79.1s (  302.45, -767.44) speed= 6.26m/s road1465 s=  13.7 on_road=True
[전이] t=  79.45s road1157 일반 speed= 5.07m/s limit=30km/h
t=  80.1s (  300.29, -763.05) speed= 4.52m/s road1157 s=   2.7 on_road=True
t=  81.1s (  297.91, -758.23) speed= 6.11m/s road1157 s=   8.1 on_road=True
t=  82.1s (  295.78, -753.94) speed= 4.59m/s road1157 s=  12.8 on_road=True
t=  83.1s (  293.38, -749.10) speed= 6.17m/s road1157 s=  18.3 on_road=True
[전이] t=  83.45s road1737 커넥터 speed= 5.02m/s limit=30km/h
[전이] t=  83.50s road1738 커넥터 speed= 5.08m/s limit=30km/h
t=  84.1s (  291.23, -744.69) speed= 4.67m/s road1738 s=   2.8 on_road=True
[전이] t=  84.95s road1742 커넥터 speed= 6.30m/s limit=30km/h
[전이] t=  85.00s road1738 커넥터 speed= 6.13m/s limit=30km/h
[전이] t=  85.05s road1740 커넥터 speed= 6.04m/s limit=30km/h
t=  85.1s (  288.96, -739.72) speed= 6.04m/s road1740 s=   6.4 on_road=True
[전이] t=  85.10s road1738 커넥터 speed= 5.80m/s limit=30km/h
t=  86.1s (  287.10, -735.32) speed= 4.73m/s road1738 s=  13.0 on_road=True
[전이] t=  86.50s road1156 일반 speed= 5.25m/s limit=30km/h
t=  87.1s (  285.04, -730.20) speed= 5.82m/s road1156 s=   3.4 on_road=True
t=  88.1s (  283.28, -725.86) speed= 4.82m/s road1156 s=   8.1 on_road=True
t=  89.1s (  281.06, -720.79) speed= 5.60m/s road1156 s=  13.8 on_road=True
t=  90.1s (  279.15, -716.60) speed= 4.90m/s road1156 s=  18.4 on_road=True
t=  91.1s (  276.81, -711.57) speed= 5.45m/s road1156 s=  23.9 on_road=True
t=  92.1s (  274.84, -707.37) speed= 5.04m/s road1156 s=  28.6 on_road=True
t=  93.1s (  272.45, -702.29) speed= 6.08m/s road1156 s=  34.2 on_road=True
t=  94.1s (  270.43, -698.00) speed= 4.73m/s road1156 s=  38.9 on_road=True
t=  95.1s (  268.11, -693.11) speed= 6.28m/s road1156 s=  44.3 on_road=True
t=  96.1s (  266.01, -688.65) speed= 4.53m/s road1156 s=  49.3 on_road=True
t=  97.1s (  263.72, -683.82) speed= 6.19m/s road1156 s=  54.6 on_road=True
t=  98.1s (  261.62, -679.37) speed= 4.58m/s road1156 s=  59.5 on_road=True
[전이] t=  98.20s road1765 커넥터 speed= 4.89m/s limit=30km/h
t=  99.1s (  259.34, -674.57) speed= 6.32m/s road1765 s=   4.8 on_road=True
t= 100.1s (  257.21, -670.05) speed= 4.43m/s road1765 s=   9.8 on_road=True
t= 101.1s (  254.97, -665.34) speed= 6.27m/s road1765 s=  15.0 on_road=True
[전이] t= 101.15s road1155 일반 speed= 6.30m/s limit=30km/h
t= 102.1s (  252.80, -660.75) speed= 4.32m/s road1155 s=   4.6 on_road=True
t= 103.1s (  250.62, -656.14) speed= 5.74m/s road1155 s=   9.7 on_road=True
t= 104.1s (  248.38, -651.39) speed= 4.18m/s road1155 s=  14.9 on_road=True
t= 105.1s (  246.24, -646.87) speed= 5.40m/s road1155 s=  19.9 on_road=True
t= 106.1s (  243.97, -642.07) speed= 4.27m/s road1155 s=  25.2 on_road=True
t= 107.1s (  241.82, -637.53) speed= 5.34m/s road1155 s=  30.3 on_road=True
t= 108.1s (  239.49, -632.61) speed= 4.17m/s road1155 s=  35.7 on_road=True
t= 109.1s (  237.43, -628.27) speed= 5.36m/s road1155 s=  40.5 on_road=True
t= 110.1s (  235.06, -623.25) speed= 4.47m/s road1155 s=  46.1 on_road=True
t= 111.1s (  233.03, -618.96) speed= 5.28m/s road1155 s=  50.8 on_road=True
t= 112.1s (  230.65, -613.94) speed= 4.96m/s road1155 s=  56.4 on_road=True
[전이] t= 112.70s road1772 커넥터 speed= 4.49m/s limit=30km/h
t= 113.1s (  228.76, -609.94) speed= 5.18m/s road1772 s=   1.8 on_road=True
t= 114.1s (  226.36, -604.88) speed= 5.12m/s road1772 s=   7.5 on_road=True
t= 115.1s (  224.36, -600.63) speed= 5.31m/s road1772 s=  12.2 on_road=True
[전이] t= 115.75s road1776 커넥터 speed= 6.26m/s limit=30km/h
[전이] t= 115.95s road1154 일반 speed= 5.99m/s limit=30km/h
t= 116.1s (  221.91, -595.56) speed= 5.61m/s road1154 s=   0.9 on_road=True
t= 117.1s (  219.84, -591.43) speed= 4.91m/s road1154 s=   5.5 on_road=True
[전이] t= 117.80s road1866 커넥터 speed= 6.22m/s limit=30km/h
[전이] t= 117.90s road1154 일반 speed= 5.93m/s limit=30km/h
[전이] t= 117.95s road1864 커넥터 speed= 5.81m/s limit=30km/h
t= 118.1s (  217.24, -586.52) speed= 5.43m/s road1864 s=   0.6 on_road=True
[전이] t= 118.45s road1865 커넥터 speed= 4.18m/s limit=30km/h
t= 119.1s (  215.09, -582.40) speed= 5.02m/s road1865 s=   5.4 on_road=True
[전이] t= 119.50s road1870 커넥터 speed= 5.24m/s limit=30km/h
[전이] t= 119.60s road1868 커넥터 speed= 6.11m/s limit=30km/h
[전이] t= 119.85s road1865 커넥터 speed= 5.89m/s limit=30km/h
t= 120.1s (  213.30, -577.16) speed= 5.21m/s road1865 s=  10.7 on_road=True
t= 121.1s (  212.37, -572.64) speed= 5.17m/s road1865 s=  15.1 on_road=True
[전이] t= 121.25s road1153 일반 speed= 5.21m/s limit=30km/h
t= 122.1s (  211.69, -567.07) speed= 5.05m/s road1153 s=   4.7 on_road=True
t= 123.1s (  211.50, -562.53) speed= 5.17m/s road1153 s=   9.2 on_road=True
t= 124.1s (  212.32, -557.11) speed= 5.04m/s road1153 s=  14.5 on_road=True
t= 125.1s (  213.48, -552.53) speed= 5.25m/s road1153 s=  18.9 on_road=True
[계획 소진] t=125.20s 완주 전에 계획 웨이포인트가 모두 소진됨(이후 제동, 정체 조건으로 판정)
완주: t=125.5s 종점까지 0.95m

=== 요약 ===
route: yangseong (종점 road1153 s=22.0)
결과: 완주
주행 시간(시뮬): 125.5s
계획 이탈 기록: t=31.45s road1970 는 계획의 현재/다음 road 가 아님(비치명, 계속 주행)

=== 계획 vs 실제 road 시퀀스 ===
 0 계획 1278  실제 1278 
 1 계획 1969  실제 1970   <-- 불일치
 2 계획 1393  실제 1278   <-- 불일치
 3 계획 1972  실제 1969   <-- 불일치
 4 계획 1392  실제 1393   <-- 불일치
 5 계획 1484  실제 1972   <-- 불일치
 6 계획 1202  실제 1971   <-- 불일치
 7 계획 1465  실제 1392   <-- 불일치
 8 계획 1157  실제 1487   <-- 불일치
 9 계획 1738  실제 1392   <-- 불일치
10 계획 1156  실제 1484   <-- 불일치
11 계획 1765  실제 1483   <-- 불일치
12 계획 1155  실제 1202   <-- 불일치
13 계획 1772  실제 1467   <-- 불일치
14 계획 1154  실제 1202   <-- 불일치
15 계획 1865  실제 1465   <-- 불일치
16 계획 1153  실제 1157   <-- 불일치
17 계획 -     실제 1737   <-- 불일치
18 계획 -     실제 1738   <-- 불일치
19 계획 -     실제 1742   <-- 불일치
20 계획 -     실제 1738   <-- 불일치
21 계획 -     실제 1740   <-- 불일치
22 계획 -     실제 1738   <-- 불일치
23 계획 -     실제 1156   <-- 불일치
24 계획 -     실제 1765   <-- 불일치
25 계획 -     실제 1155   <-- 불일치
26 계획 -     실제 1772   <-- 불일치
27 계획 -     실제 1776   <-- 불일치
28 계획 -     실제 1154   <-- 불일치
29 계획 -     실제 1866   <-- 불일치
30 계획 -     실제 1154   <-- 불일치
31 계획 -     실제 1864   <-- 불일치
32 계획 -     실제 1865   <-- 불일치
33 계획 -     실제 1870   <-- 불일치
34 계획 -     실제 1868   <-- 불일치
35 계획 -     실제 1865   <-- 불일치
36 계획 -     실제 1153   <-- 불일치
첫 불일치 위치: 1번째 (계획 1969 / 실제 1970)
junction 통과(커넥터 road 를 실제로 밟았는지):
junction1   (r1969): 통과
junction109 (r1972): 통과
junction43  (r1484): 통과
junction11  (r1465): 통과
junction10  (r1738): 통과
junction9   (r1765): 통과
junction8   (r1772): 통과
junction7   (r1865): 통과
junction2(출발 전), junction35(종점 밖)는 통과 대상 아님

=== 급회전 커넥터 이탈량 (정의: sharp_offset docstring) ===
r1484 (+78.4°): tick 38, 최대|lat| 1.73m, 최대 차체초과 +1.07m(안쪽, s=10.0), on_road False 14tick, 충돌 0건
r1484 진입: t=51.20s speed=5.18m/s(18.6km/h)

=== 차체 판정 road 별 (tick 수, 최대 차선밖 꼭짓점) ===
road1278: 인도 23tick, 차선밖꼭짓점 최대 1/4 (1개 이상 26tick), 반대차선(중심) 0tick, (계획 차선 안 0tick), 꼭짓점 침범깊이 최대 0.18m, 메시밖 0tick
road1393: 인도 2tick, 차선밖꼭짓점 최대 1/4 (1개 이상 2tick), 반대차선(중심) 0tick, (계획 차선 안 0tick), 꼭짓점 침범깊이 최대 0.00m, 메시밖 0tick
road1972: 인도 3tick, 차선밖꼭짓점 최대 1/4 (1개 이상 3tick), 반대차선(중심) 0tick, (계획 차선 안 0tick), 꼭짓점 침범깊이 최대 0.00m, 메시밖 0tick
road1392: 인도 1tick, 차선밖꼭짓점 최대 1/4 (1개 이상 1tick), 반대차선(중심) 0tick, (계획 차선 안 0tick), 꼭짓점 침범깊이 최대 0.00m, 메시밖 0tick
road1487: 인도 2tick, 차선밖꼭짓점 최대 1/4 (1개 이상 2tick), 반대차선(중심) 0tick, (계획 차선 안 0tick), 꼭짓점 침범깊이 최대 0.00m, 메시밖 0tick
road1484: 인도 39tick, 차선밖꼭짓점 최대 2/4 (1개 이상 39tick), 반대차선(중심) 0tick, (계획 차선 안 0tick), 꼭짓점 침범깊이 최대 0.00m, 메시밖 1tick
road1483: 인도 4tick, 차선밖꼭짓점 최대 1/4 (1개 이상 4tick), 반대차선(중심) 0tick, (계획 차선 안 0tick), 꼭짓점 침범깊이 최대 0.00m, 메시밖 0tick
road1202: 인도 14tick, 차선밖꼭짓점 최대 1/4 (1개 이상 14tick), 반대차선(중심) 0tick, (계획 차선 안 0tick), 꼭짓점 침범깊이 최대 0.00m, 메시밖 0tick
road1738: 인도 0tick, 차선밖꼭짓점 최대 0/4 (1개 이상 0tick), 반대차선(중심) 0tick, (계획 차선 안 0tick), 꼭짓점 침범깊이 최대 1.75m, 메시밖 0tick
road1742: 인도 0tick, 차선밖꼭짓점 최대 0/4 (1개 이상 0tick), 반대차선(중심) 0tick, (계획 차선 안 0tick), 꼭짓점 침범깊이 최대 1.39m, 메시밖 0tick
road1740: 인도 0tick, 차선밖꼭짓점 최대 0/4 (1개 이상 0tick), 반대차선(중심) 0tick, (계획 차선 안 0tick), 꼭짓점 침범깊이 최대 1.18m, 메시밖 0tick
road1765: 인도 0tick, 차선밖꼭짓점 최대 0/4 (1개 이상 0tick), 반대차선(중심) 0tick, (계획 차선 안 0tick), 꼭짓점 침범깊이 최대 1.56m, 메시밖 0tick
road1772: 인도 0tick, 차선밖꼭짓점 최대 0/4 (1개 이상 0tick), 반대차선(중심) 0tick, (계획 차선 안 0tick), 꼭짓점 침범깊이 최대 2.54m, 메시밖 0tick
road1865: 인도 0tick, 차선밖꼭짓점 최대 0/4 (1개 이상 0tick), 반대차선(중심) 0tick, (계획 차선 안 0tick), 꼭짓점 침범깊이 최대 2.46m, 메시밖 0tick
road1870: 인도 0tick, 차선밖꼭짓점 최대 0/4 (1개 이상 0tick), 반대차선(중심) 0tick, (계획 차선 안 0tick), 꼭짓점 침범깊이 최대 1.74m, 메시밖 0tick
road1868: 인도 0tick, 차선밖꼭짓점 최대 0/4 (1개 이상 0tick), 반대차선(중심) 4tick, (계획 차선 안 4tick), 꼭짓점 침범깊이 최대 1.40m, 메시밖 0tick
road1153: 인도 0tick, 차선밖꼭짓점 최대 1/4 (1개 이상 2tick), 반대차선(중심) 0tick, (계획 차선 안 0tick), 꼭짓점 침범깊이 최대 0.10m, 메시밖 0tick
(목록에 없는 road 는 전부 0)

=== 차선 이탈 구간 (차체 기준, 계획 중심선 기준, 세션19) ===
t=19.95~20.95s road1278 -중앙선 쪽 최대 lat -0.95m 차체초과 0.17m 중심초과 0.00m 21tick, 진입 15.2km/h, road 평균R 173.65 R2min 10.28
t=39.45~39.60s road1393 +인도 쪽 최대 lat +0.91m 차체초과 0.13m 중심초과 0.00m 4tick, 진입 19.0km/h, road 평균R 209.60 R2min 13.11
t=51.20~53.55s road1484 +인도 쪽 최대 lat +1.83m 차체초과 1.05m 중심초과 0.16m 48tick, 진입 18.6km/h, road 평균R 10.12 R2min 7.40
t=123.65~124.25s road1153 -중앙선 쪽 최대 lat -0.88m 차체초과 0.10m 중심초과 0.00m 13tick, 진입 22.1km/h, road 평균R 52.40 R2min 10.28
합계 4구간 (중앙선 쪽 2, 인도 쪽 2), 최대 차체초과 1.05m
충돌 누적 0건
판정: record
follow=on
궤적 로그: /home/gyumin/campus_mobility_sim/map/docs/logs/drive_log_20261007_203848.csv
충돌 센서(actor_id=26) 제거함
정상 종료 - 차량(actor_id=25) 브레이크 유지로 남겨둠
[동기모드] 복귀: synchronous_mode=False fixed_delta_seconds=None
