map_sha256=5240ca8b883e42c0 (cbnu_internal_only_localtm_tags81_B_smooth_turnfix.xodr)
route=yangseong: 17 road [1278, 1969, 1393, 1972, 1392, 1484, 1202, 1465, 1157, 1738, 1156, 1765, 1155, 1772, 1154, 1865, 1153]
  종점 road1153 lane-1 s=22.0 (완주 s>=21.0 이고 종점 5m 이내) - 양성재(서문) 앞(건물 외곽선 45.7m)
  커넥터 {1969: 1, 1972: 109, 1484: 43, 1465: 11, 1738: 10, 1765: 9, 1772: 8, 1865: 7}, 급회전 {1484: 78.4}
controller=agent, 동기모드=켬 0.05s
conn_spacing=4.0m(전 구간), sharp_speed=없음
follow=on(뒤 8m, 위 4m, 매 tick)
맵: Carla/Maps/OpenDriveMap, spawn point 1302개
server_map_sha256=5240ca8b883e42c0 (파일과 일치)
spawn: Location(x=217.845581, y=-1087.414185, z=0.500000) road1278 lane-1 s=0.00
계획 CSV: /home/gyumin/campus_mobility_sim/map/docs/logs/drive_plan_20261007_205003.csv
계획 웨이포인트 총 168개
road   kind  n  s범위          최대간격(m)
1278   road  39 1.96~151.01  4.38
1969   conn  2  1.07~3.22  2.93
1393   road  10 1.85~35.20  4.0
1972   conn  1  1.48~1.48  2.07
1392   road  15 1.87~54.20  4.13
1484   conn  4  1.74~12.17  3.33
1202   road  30 1.98~117.07  3.97
1465   conn  4  1.99~13.94  3.98
1157   road  6  1.69~18.62  3.69
1738   conn  4  1.88~13.17  3.85
1156   road  16 1.88~58.16  3.77
1765   conn  4  1.94~13.57  3.88
1155   road  15 1.96~56.97  3.93
1772   conn  5  1.69~15.22  3.66
1154   road  3  1.74~8.72  3.5
1865   conn  4  1.99~13.96  4.35
1153   road  6  1.83~20.17  4.1
커넥터 안쪽 점: 28개 / 점 없는 커넥터: 없음
전체 최대 간격 4.38m, 평균 3.80m
인접 road 연결 확인: 16쌍 모두 next() 로 이어짐
판정: record(세션19, 종료/기록 분리)
궤적 로그(tick마다 기록): /home/gyumin/campus_mobility_sim/map/docs/logs/drive_log_20261007_205003.csv
차량 스폰: actor_id=25
bounding box: half_length=1.853m half_width=0.894m half_height=0.775m -> /home/gyumin/campus_mobility_sim/map/docs/logs/vehicle_bbox_20261007_205003.txt
충돌 센서 부착: actor_id=26 -> /home/gyumin/campus_mobility_sim/map/docs/logs/collision_events_20261007_205003.csv
BasicAgent set_global_plan 168점, target_speed=20.0km/h, dt=0.05
[동기모드] 전환 전: synchronous_mode=False fixed_delta_seconds=None
[동기모드] 전환 후: synchronous_mode=True fixed_delta_seconds=0.05
[전이] t=   0.05s road1278 일반 speed= 0.00m/s limit=30km/h
t=   0.1s (  217.85,-1087.41) speed= 0.00m/s road1278 s=   0.0 on_road=True
t=   1.1s (  217.86,-1087.09) speed= 1.58m/s road1278 s=   0.3 on_road=True
t=   2.1s (  217.99,-1084.35) speed= 3.86m/s road1278 s=   3.1 on_road=True
t=   3.1s (  218.23,-1079.51) speed= 5.34m/s road1278 s=   7.9 on_road=True
t=   4.1s (  218.50,-1073.97) speed= 4.49m/s road1278 s=  13.5 on_road=True
t=   5.1s (  218.73,-1069.29) speed= 5.36m/s road1278 s=  18.1 on_road=True
t=   6.1s (  218.99,-1063.82) speed= 4.32m/s road1278 s=  23.6 on_road=True
t=   7.1s (  219.22,-1059.09) speed= 5.37m/s road1278 s=  28.4 on_road=True
t=   8.1s (  219.49,-1053.65) speed= 4.20m/s road1278 s=  33.8 on_road=True
t=   9.1s (  219.72,-1048.84) speed= 5.31m/s road1278 s=  38.6 on_road=True
[tick 대조] fixed_delta=0.05 delta_seconds=0.0500 시뮬경과/프레임=0.0500s 벽시계 165.5 tick/s (프레임 200)
t=  10.1s (  220.01,-1043.28) speed= 4.79m/s road1278 s=  44.2 on_road=True
t=  11.1s (  220.30,-1038.54) speed= 5.37m/s road1278 s=  48.9 on_road=True
t=  12.1s (  220.71,-1033.04) speed= 4.40m/s road1278 s=  54.4 on_road=True
t=  13.1s (  221.13,-1028.30) speed= 5.37m/s road1278 s=  59.2 on_road=True
t=  14.1s (  221.68,-1022.88) speed= 4.14m/s road1278 s=  64.6 on_road=True
t=  15.1s (  222.19,-1018.11) speed= 5.38m/s road1278 s=  69.4 on_road=True
t=  16.1s (  222.87,-1012.75) speed= 4.18m/s road1278 s=  74.8 on_road=True
t=  17.1s (  223.93,-1008.05) speed= 5.24m/s road1278 s=  79.5 on_road=True
t=  18.1s (  225.60,-1003.03) speed= 4.08m/s road1278 s=  84.5 on_road=True
t=  19.1s (  227.45, -998.55) speed= 5.63m/s road1278 s=  89.4 on_road=True
t=  20.1s (  230.15, -994.11) speed= 4.32m/s road1278 s=  94.5 on_road=True
t=  21.1s (  233.53, -990.27) speed= 6.31m/s road1278 s=  99.3 on_road=True
t=  22.1s (  237.22, -986.85) speed= 4.44m/s road1278 s= 104.3 on_road=True
t=  23.1s (  241.26, -983.41) speed= 6.25m/s road1278 s= 109.6 on_road=True
t=  24.1s (  245.03, -980.32) speed= 4.52m/s road1278 s= 114.5 on_road=True
t=  25.1s (  249.21, -976.95) speed= 6.09m/s road1278 s= 119.8 on_road=True
t=  26.1s (  252.93, -973.96) speed= 4.60m/s road1278 s= 124.6 on_road=True
t=  27.1s (  257.19, -970.58) speed= 5.96m/s road1278 s= 130.1 on_road=True
t=  28.1s (  260.94, -967.63) speed= 4.74m/s road1278 s= 134.8 on_road=True
t=  29.1s (  265.30, -964.24) speed= 5.82m/s road1278 s= 140.3 on_road=True
t=  30.1s (  269.03, -961.39) speed= 4.83m/s road1278 s= 145.0 on_road=True
t=  31.1s (  273.43, -957.98) speed= 5.76m/s road1278 s= 150.5 on_road=True
[전이] t=  31.40s road1970 커넥터 speed= 4.82m/s limit=30km/h
[계획 이탈] t=31.40s road1970 는 계획의 현재/다음 road 가 아님(비치명, 계속 주행)
[전이] t=  31.50s road1278 일반 speed= 4.29m/s limit=30km/h
[전이] t=  31.55s road1969 커넥터 speed= 4.19m/s limit=30km/h
t=  32.1s (  277.08, -954.98) speed= 4.93m/s road1969 s=   2.5 on_road=True
[전이] t=  32.45s road1393 일반 speed= 5.30m/s limit=30km/h
t=  33.1s (  281.40, -951.44) speed= 5.35m/s road1393 s=   3.6 on_road=True
t=  34.1s (  285.03, -948.62) speed= 5.00m/s road1393 s=   8.2 on_road=True
t=  35.1s (  289.63, -945.58) speed= 5.22m/s road1393 s=  13.5 on_road=True
t=  36.1s (  293.62, -943.17) speed= 5.22m/s road1393 s=  18.2 on_road=True
t=  37.1s (  298.49, -940.37) speed= 5.14m/s road1393 s=  23.8 on_road=True
t=  38.1s (  302.49, -938.11) speed= 5.27m/s road1393 s=  28.4 on_road=True
t=  39.1s (  307.10, -934.97) speed= 5.03m/s road1393 s=  33.9 on_road=True
[전이] t=  39.60s road1972 커넥터 speed= 4.40m/s limit=30km/h
t=  40.1s (  310.57, -932.03) speed= 5.16m/s road1972 s=   2.9 on_road=True
[전이] t=  40.10s road1971 커넥터 speed= 5.10m/s limit=30km/h
[전이] t=  40.35s road1392 일반 speed= 5.20m/s limit=30km/h
t=  41.1s (  314.94, -928.61) speed= 5.12m/s road1392 s=   4.7 on_road=True
t=  42.1s (  318.66, -925.82) speed= 5.23m/s road1392 s=   9.3 on_road=True
t=  43.1s (  323.17, -922.49) speed= 4.66m/s road1392 s=  14.9 on_road=True
t=  44.1s (  326.90, -919.76) speed= 5.29m/s road1392 s=  19.6 on_road=True
t=  45.1s (  331.39, -916.49) speed= 4.71m/s road1392 s=  25.1 on_road=True
t=  46.1s (  335.23, -913.70) speed= 5.37m/s road1392 s=  29.9 on_road=True
t=  47.1s (  339.70, -910.45) speed= 4.55m/s road1392 s=  35.4 on_road=True
t=  48.1s (  343.59, -907.63) speed= 5.37m/s road1392 s=  40.2 on_road=True
t=  49.1s (  347.99, -904.45) speed= 4.20m/s road1392 s=  45.6 on_road=True
t=  50.1s (  351.95, -901.56) speed= 5.25m/s road1392 s=  50.5 on_road=True
[전이] t=  50.85s road1487 커넥터 speed= 5.11m/s limit=30km/h
[전이] t=  51.05s road1392 일반 speed= 4.67m/s limit=30km/h
t=  51.1s (  355.98, -897.79) speed= 4.67m/s road1392 s=  56.0 on_road=True
[전이] t=  51.10s road1484 커넥터 speed= 4.36m/s limit=30km/h
t=  52.1s (  357.64, -893.70) speed= 5.23m/s road1484 s=   6.5 on_road=False
[전이] t=  53.05s road1483 커넥터 speed= 6.05m/s limit=30km/h
t=  53.1s (  357.03, -888.22) speed= 6.05m/s road1483 s=   9.8 on_road=True
[전이] t=  53.25s road1202 일반 speed= 5.23m/s limit=30km/h
t=  54.1s (  355.61, -883.74) speed= 4.64m/s road1202 s=   4.9 on_road=True
t=  55.1s (  353.61, -878.66) speed= 5.96m/s road1202 s=  10.3 on_road=True
t=  56.1s (  351.75, -874.31) speed= 4.73m/s road1202 s=  15.0 on_road=True
t=  57.1s (  349.50, -869.27) speed= 5.76m/s road1202 s=  20.5 on_road=True
t=  58.1s (  347.59, -865.02) speed= 4.80m/s road1202 s=  25.2 on_road=True
t=  59.1s (  345.32, -860.05) speed= 6.08m/s road1202 s=  30.7 on_road=True
--- 메모리 측정(주행중(차량1대+BasicAgent, 동기 20Hz)) ---
total        used        free      shared  buff/cache   available
Mem:            12Gi       8.4Gi       3.3Gi        19Mi       1.0Gi       4.1Gi
Swap:          8.0Gi       1.3Gi       6.7Gi
gtt_used: 1581023232 bytes (1.47GiB)
t=  60.1s (  343.31, -855.65) speed= 4.62m/s road1202 s=  35.5 on_road=True
t=  61.1s (  341.05, -850.72) speed= 5.99m/s road1202 s=  40.9 on_road=True
t=  62.1s (  339.09, -846.45) speed= 4.70m/s road1202 s=  45.6 on_road=True
t=  63.1s (  336.77, -841.41) speed= 6.11m/s road1202 s=  51.2 on_road=True
t=  64.1s (  334.78, -837.09) speed= 4.75m/s road1202 s=  55.9 on_road=True
t=  65.1s (  332.46, -832.04) speed= 5.80m/s road1202 s=  61.5 on_road=True
t=  66.1s (  330.51, -827.79) speed= 4.82m/s road1202 s=  66.2 on_road=True
t=  67.1s (  328.18, -822.74) speed= 5.71m/s road1202 s=  71.7 on_road=True
t=  68.1s (  326.21, -818.46) speed= 4.97m/s road1202 s=  76.4 on_road=True
t=  69.1s (  323.90, -813.43) speed= 6.12m/s road1202 s=  82.0 on_road=True
t=  70.1s (  321.90, -809.08) speed= 4.59m/s road1202 s=  86.8 on_road=True
t=  71.1s (  319.62, -804.14) speed= 5.98m/s road1202 s=  92.2 on_road=True
t=  72.1s (  317.63, -799.81) speed= 4.72m/s road1202 s=  97.0 on_road=True
t=  73.1s (  315.33, -794.80) speed= 5.83m/s road1202 s= 102.5 on_road=True
t=  74.1s (  313.34, -790.48) speed= 4.86m/s road1202 s= 107.2 on_road=True
t=  75.1s (  311.12, -785.65) speed= 5.36m/s road1202 s= 112.6 on_road=True
t=  76.1s (  308.80, -780.63) speed= 4.21m/s road1202 s= 118.1 on_road=True
[전이] t=  76.30s road1465 커넥터 speed= 4.23m/s limit=30km/h
t=  77.1s (  306.80, -776.37) speed= 5.23m/s road1465 s=   3.7 on_road=True
t=  78.1s (  304.45, -771.50) speed= 4.11m/s road1465 s=   9.1 on_road=True
t=  79.1s (  302.35, -767.23) speed= 5.25m/s road1465 s=  14.0 on_road=True
[전이] t=  79.40s road1157 일반 speed= 6.16m/s limit=30km/h
t=  80.1s (  299.98, -762.41) speed= 4.11m/s road1157 s=   3.4 on_road=True
t=  81.1s (  297.82, -758.05) speed= 5.31m/s road1157 s=   8.3 on_road=True
t=  82.1s (  295.46, -753.29) speed= 4.12m/s road1157 s=  13.6 on_road=True
t=  83.1s (  293.28, -748.89) speed= 5.46m/s road1157 s=  18.5 on_road=True
[전이] t=  83.35s road1738 커넥터 speed= 5.93m/s limit=30km/h
t=  84.1s (  290.98, -744.17) speed= 4.18m/s road1738 s=   3.4 on_road=True
[전이] t=  84.95s road1742 커넥터 speed= 5.20m/s limit=30km/h
[전이] t=  85.00s road1738 커넥터 speed= 5.71m/s limit=30km/h
[전이] t=  85.05s road1740 커넥터 speed= 6.02m/s limit=30km/h
t=  85.1s (  288.92, -739.63) speed= 6.02m/s road1740 s=   6.4 on_road=True
[전이] t=  85.10s road1738 커넥터 speed= 6.30m/s limit=30km/h
t=  86.1s (  286.93, -734.90) speed= 4.20m/s road1738 s=  13.4 on_road=True
[전이] t=  86.45s road1156 일반 speed= 5.01m/s limit=30km/h
t=  87.1s (  285.05, -730.24) speed= 6.22m/s road1156 s=   3.4 on_road=True
t=  88.1s (  283.15, -725.56) speed= 4.40m/s road1156 s=   8.4 on_road=True
t=  89.1s (  281.04, -720.74) speed= 6.23m/s road1156 s=  13.8 on_road=True
t=  90.1s (  279.01, -716.30) speed= 4.52m/s road1156 s=  18.7 on_road=True
t=  91.1s (  276.75, -711.44) speed= 6.08m/s road1156 s=  24.1 on_road=True
t=  92.1s (  274.72, -707.11) speed= 4.59m/s road1156 s=  28.8 on_road=True
t=  93.1s (  272.41, -702.20) speed= 6.36m/s road1156 s=  34.3 on_road=True
t=  94.1s (  270.32, -697.78) speed= 4.47m/s road1156 s=  39.2 on_road=True
t=  95.1s (  268.08, -693.04) speed= 6.21m/s road1156 s=  44.4 on_road=True
t=  96.1s (  265.91, -688.44) speed= 4.41m/s road1156 s=  49.5 on_road=True
t=  97.1s (  263.70, -683.78) speed= 5.35m/s road1156 s=  54.6 on_road=True
[전이] t=  98.05s road1765 커넥터 speed= 5.09m/s limit=30km/h
t=  98.1s (  261.30, -678.69) speed= 5.09m/s road1765 s=   0.2 on_road=True
t=  99.1s (  259.30, -674.48) speed= 5.21m/s road1765 s=   4.9 on_road=True
t= 100.1s (  256.91, -669.41) speed= 5.05m/s road1765 s=  10.5 on_road=True
t= 101.1s (  254.92, -665.23) speed= 5.30m/s road1765 s=  15.1 on_road=True
[전이] t= 101.15s road1155 일반 speed= 5.33m/s limit=30km/h
t= 102.1s (  252.52, -660.14) speed= 5.10m/s road1155 s=   5.2 on_road=True
t= 103.1s (  250.52, -655.93) speed= 5.22m/s road1155 s=   9.9 on_road=True
t= 104.1s (  248.11, -650.84) speed= 5.17m/s road1155 s=  15.5 on_road=True
t= 105.1s (  246.10, -646.58) speed= 5.31m/s road1155 s=  20.2 on_road=True
t= 106.1s (  243.74, -641.59) speed= 6.06m/s road1155 s=  25.8 on_road=True
t= 107.1s (  241.69, -637.26) speed= 4.75m/s road1155 s=  30.6 on_road=True
t= 108.1s (  239.34, -632.29) speed= 6.00m/s road1155 s=  36.1 on_road=True
t= 109.1s (  237.32, -628.02) speed= 4.70m/s road1155 s=  40.8 on_road=True
t= 110.1s (  235.01, -623.15) speed= 6.27m/s road1155 s=  46.2 on_road=True
t= 111.1s (  232.89, -618.66) speed= 4.55m/s road1155 s=  51.1 on_road=True
t= 112.1s (  230.66, -613.95) speed= 5.88m/s road1155 s=  56.3 on_road=True
[전이] t= 112.50s road1772 커넥터 speed= 5.25m/s limit=30km/h
t= 113.1s (  228.45, -609.29) speed= 4.23m/s road1772 s=   2.6 on_road=True
t= 114.1s (  226.30, -604.73) speed= 5.58m/s road1772 s=   7.6 on_road=True
t= 115.1s (  224.05, -599.99) speed= 4.33m/s road1772 s=  12.9 on_road=True
[전이] t= 115.65s road1776 커넥터 speed= 5.22m/s limit=30km/h
[전이] t= 115.90s road1154 일반 speed= 5.36m/s limit=30km/h
[전이] t= 115.95s road1775 커넥터 speed= 5.78m/s limit=30km/h
[전이] t= 116.00s road1154 일반 speed= 6.21m/s limit=30km/h
t= 116.1s (  221.81, -595.36) speed= 6.32m/s road1154 s=   1.1 on_road=True
t= 117.1s (  219.53, -590.83) speed= 4.32m/s road1154 s=   6.2 on_road=True
[전이] t= 117.75s road1866 커넥터 speed= 5.25m/s limit=30km/h
[전이] t= 117.85s road1154 일반 speed= 5.25m/s limit=30km/h
[전이] t= 117.90s road1864 커넥터 speed= 5.67m/s limit=30km/h
t= 118.1s (  217.10, -586.25) speed= 6.26m/s road1864 s=   1.1 on_road=True
[전이] t= 118.30s road1865 커넥터 speed= 5.60m/s limit=30km/h
t= 119.1s (  214.83, -581.85) speed= 4.34m/s road1865 s=   6.0 on_road=True
[전이] t= 119.40s road1870 커넥터 speed= 5.09m/s limit=30km/h
[전이] t= 119.55s road1868 커넥터 speed= 5.31m/s limit=30km/h
[전이] t= 119.80s road1865 커넥터 speed= 5.21m/s limit=30km/h
t= 120.1s (  213.20, -576.89) speed= 6.28m/s road1865 s=  11.0 on_road=True
t= 121.1s (  212.28, -572.09) speed= 4.51m/s road1865 s=  15.6 on_road=True
[전이] t= 121.15s road1153 일반 speed= 4.72m/s limit=30km/h
t= 122.1s (  211.67, -566.82) speed= 6.04m/s road1153 s=   4.9 on_road=True
t= 123.1s (  211.52, -562.04) speed= 4.66m/s road1153 s=   9.7 on_road=True
t= 124.1s (  212.43, -556.64) speed= 6.04m/s road1153 s=  14.9 on_road=True
t= 125.1s (  213.60, -552.07) speed= 4.73m/s road1153 s=  19.4 on_road=True
[계획 소진] t=125.10s 완주 전에 계획 웨이포인트가 모두 소진됨(이후 제동, 정체 조건으로 판정)
완주: t=125.5s 종점까지 0.92m

=== 요약 ===
route: yangseong (종점 road1153 s=22.0)
결과: 완주
주행 시간(시뮬): 125.5s
계획 이탈 기록: t=31.40s road1970 는 계획의 현재/다음 road 가 아님(비치명, 계속 주행)

=== 계획 vs 실제 road 시퀀스 ===
 0 계획 1278  실제 1278 
 1 계획 1969  실제 1970   <-- 불일치
 2 계획 1393  실제 1278   <-- 불일치
 3 계획 1972  실제 1969   <-- 불일치
 4 계획 1392  실제 1393   <-- 불일치
 5 계획 1484  실제 1972   <-- 불일치
 6 계획 1202  실제 1971   <-- 불일치
 7 계획 1465  실제 1392   <-- 불일치
 8 계획 1157  실제 1487   <-- 불일치
 9 계획 1738  실제 1392   <-- 불일치
10 계획 1156  실제 1484   <-- 불일치
11 계획 1765  실제 1483   <-- 불일치
12 계획 1155  실제 1202   <-- 불일치
13 계획 1772  실제 1465   <-- 불일치
14 계획 1154  실제 1157   <-- 불일치
15 계획 1865  실제 1738   <-- 불일치
16 계획 1153  실제 1742   <-- 불일치
17 계획 -     실제 1738   <-- 불일치
18 계획 -     실제 1740   <-- 불일치
19 계획 -     실제 1738   <-- 불일치
20 계획 -     실제 1156   <-- 불일치
21 계획 -     실제 1765   <-- 불일치
22 계획 -     실제 1155   <-- 불일치
23 계획 -     실제 1772   <-- 불일치
24 계획 -     실제 1776   <-- 불일치
25 계획 -     실제 1154   <-- 불일치
26 계획 -     실제 1775   <-- 불일치
27 계획 -     실제 1154   <-- 불일치
28 계획 -     실제 1866   <-- 불일치
29 계획 -     실제 1154   <-- 불일치
30 계획 -     실제 1864   <-- 불일치
31 계획 -     실제 1865   <-- 불일치
32 계획 -     실제 1870   <-- 불일치
33 계획 -     실제 1868   <-- 불일치
34 계획 -     실제 1865   <-- 불일치
35 계획 -     실제 1153   <-- 불일치
첫 불일치 위치: 1번째 (계획 1969 / 실제 1970)
junction 통과(커넥터 road 를 실제로 밟았는지):
junction1   (r1969): 통과
junction109 (r1972): 통과
junction43  (r1484): 통과
junction11  (r1465): 통과
junction10  (r1738): 통과
junction9   (r1765): 통과
junction8   (r1772): 통과
junction7   (r1865): 통과
junction2(출발 전), junction35(종점 밖)는 통과 대상 아님

=== 급회전 커넥터 이탈량 (정의: sharp_offset docstring) ===
r1484 (+78.4°): tick 38, 최대|lat| 1.64m, 최대 차체초과 +0.97m(안쪽, s=10.2), on_road False 8tick, 충돌 0건
r1484 진입: t=51.10s speed=4.36m/s(15.7km/h)

=== 차체 판정 road 별 (tick 수, 최대 차선밖 꼭짓점) ===
road1278: 인도 22tick, 차선밖꼭짓점 최대 1/4 (1개 이상 25tick), 반대차선(중심) 0tick, (계획 차선 안 0tick), 꼭짓점 침범깊이 최대 0.17m, 메시밖 0tick
road1393: 인도 3tick, 차선밖꼭짓점 최대 1/4 (1개 이상 3tick), 반대차선(중심) 0tick, (계획 차선 안 0tick), 꼭짓점 침범깊이 최대 0.00m, 메시밖 0tick
road1972: 인도 3tick, 차선밖꼭짓점 최대 1/4 (1개 이상 3tick), 반대차선(중심) 0tick, (계획 차선 안 0tick), 꼭짓점 침범깊이 최대 0.00m, 메시밖 0tick
road1392: 인도 1tick, 차선밖꼭짓점 최대 1/4 (1개 이상 1tick), 반대차선(중심) 0tick, (계획 차선 안 0tick), 꼭짓점 침범깊이 최대 0.00m, 메시밖 0tick
road1487: 인도 2tick, 차선밖꼭짓점 최대 1/4 (1개 이상 2tick), 반대차선(중심) 0tick, (계획 차선 안 0tick), 꼭짓점 침범깊이 최대 0.00m, 메시밖 0tick
road1484: 인도 39tick, 차선밖꼭짓점 최대 2/4 (1개 이상 39tick), 반대차선(중심) 0tick, (계획 차선 안 0tick), 꼭짓점 침범깊이 최대 0.00m, 메시밖 0tick
road1483: 인도 4tick, 차선밖꼭짓점 최대 1/4 (1개 이상 4tick), 반대차선(중심) 0tick, (계획 차선 안 0tick), 꼭짓점 침범깊이 최대 0.00m, 메시밖 0tick
road1202: 인도 14tick, 차선밖꼭짓점 최대 1/4 (1개 이상 14tick), 반대차선(중심) 0tick, (계획 차선 안 0tick), 꼭짓점 침범깊이 최대 0.00m, 메시밖 0tick
road1738: 인도 0tick, 차선밖꼭짓점 최대 0/4 (1개 이상 0tick), 반대차선(중심) 0tick, (계획 차선 안 0tick), 꼭짓점 침범깊이 최대 1.82m, 메시밖 0tick
road1742: 인도 0tick, 차선밖꼭짓점 최대 0/4 (1개 이상 0tick), 반대차선(중심) 0tick, (계획 차선 안 0tick), 꼭짓점 침범깊이 최대 1.28m, 메시밖 0tick
road1740: 인도 0tick, 차선밖꼭짓점 최대 0/4 (1개 이상 0tick), 반대차선(중심) 0tick, (계획 차선 안 0tick), 꼭짓점 침범깊이 최대 1.26m, 메시밖 0tick
road1765: 인도 0tick, 차선밖꼭짓점 최대 0/4 (1개 이상 0tick), 반대차선(중심) 0tick, (계획 차선 안 0tick), 꼭짓점 침범깊이 최대 1.54m, 메시밖 0tick
road1772: 인도 0tick, 차선밖꼭짓점 최대 0/4 (1개 이상 0tick), 반대차선(중심) 0tick, (계획 차선 안 0tick), 꼭짓점 침범깊이 최대 2.54m, 메시밖 0tick
road1865: 인도 0tick, 차선밖꼭짓점 최대 0/4 (1개 이상 0tick), 반대차선(중심) 0tick, (계획 차선 안 0tick), 꼭짓점 침범깊이 최대 2.50m, 메시밖 0tick
road1870: 인도 0tick, 차선밖꼭짓점 최대 0/4 (1개 이상 0tick), 반대차선(중심) 0tick, (계획 차선 안 0tick), 꼭짓점 침범깊이 최대 1.75m, 메시밖 0tick
road1868: 인도 0tick, 차선밖꼭짓점 최대 0/4 (1개 이상 0tick), 반대차선(중심) 4tick, (계획 차선 안 4tick), 꼭짓점 침범깊이 최대 1.30m, 메시밖 0tick
road1153: 인도 0tick, 차선밖꼭짓점 최대 1/4 (1개 이상 2tick), 반대차선(중심) 0tick, (계획 차선 안 0tick), 꼭짓점 침범깊이 최대 0.10m, 메시밖 0tick
(목록에 없는 road 는 전부 0)

=== 차선 이탈 구간 (차체 기준, 계획 중심선 기준, 세션19) ===
t=19.90~20.90s road1278 -중앙선 쪽 최대 lat -0.95m 차체초과 0.17m 중심초과 0.00m 21tick, 진입 15.2km/h, road 평균R 173.65 R2min 10.28
t=39.40~39.65s road1393 +인도 쪽 최대 lat +0.93m 차체초과 0.14m 중심초과 0.00m 6tick, 진입 15.0km/h, road 평균R 209.60 R2min 13.11
t=51.10~53.45s road1484 +인도 쪽 최대 lat +1.74m 차체초과 0.96m 중심초과 0.07m 48tick, 진입 15.7km/h, road 평균R 10.12 R2min 7.40
t=123.65~124.15s road1153 -중앙선 쪽 최대 lat -0.88m 차체초과 0.10m 중심초과 0.00m 11tick, 진입 18.9km/h, road 평균R 52.40 R2min 10.28
합계 4구간 (중앙선 쪽 2, 인도 쪽 2), 최대 차체초과 0.96m
충돌 누적 0건
판정: record
follow=on
궤적 로그: /home/gyumin/campus_mobility_sim/map/docs/logs/drive_log_20261007_205003.csv
충돌 센서(actor_id=26) 제거함
정상 종료 - 차량(actor_id=25) 브레이크 유지로 남겨둠
[동기모드] 복귀: synchronous_mode=False fixed_delta_seconds=None
