r1251 name= junction=-1 길이 137.35 기하 [('line', 5.20989942), ('paramPoly3', 13.88996119), ('line', 33.60926175), ('paramPoly3', 8.1243886), ('line', 51.94388766), ('paramPoly3', 13.88999848)]... 앞 [1850, 1855, 1856, 1860] 뒤 [1948, 1949] 고리 구성=False
r1948 name=:4658272907_2 junction=108 길이 6.84 기하 [('paramPoly3', 6.8387867)] 앞 [1251] 뒤 [1391] 고리 구성=False
r1391 name= junction=-1 길이 17.87 기하 [('line', 0.2), ('paramPoly3', 8.7952215), ('paramPoly3', 0.63617805), ('paramPoly3', 8.03476376), ('line', 0.2)] 앞 [1947, 1948] 뒤 [1952, 1953] 고리 구성=False
r1952 name=:4658272910_2 junction=106 길이 8.32 기하 [('paramPoly3', 8.32371609)] 앞 [1391] 뒤 [1248] 고리 구성=False
r1248 name= junction=-1 길이 80.28 기하 [('line', 35.07546946), ('paramPoly3', 2.30199461), ('line', 29.34029054), ('paramPoly3', 12.2493124), ('line', 1.31014005)] 앞 [1951, 1952] 뒤 [1895, 1896, 1897] 고리 구성=False
r1896 name=:4496854212_7 junction=3 길이 15.51 기하 [('paramPoly3', 15.50503015)] 앞 [1248] 뒤 [1151] 고리 구성=False
r1151 name= junction=-1 길이 96.10 기하 [('line', 44.16973861), ('paramPoly3', 13.88963618), ('paramPoly3', 8.99132017), ('paramPoly3', 5.5006024), ('line', 23.55029182)] 앞 [1891, 1892, 1896] 뒤 [1418] 고리 구성=False
정지 r1391 s=15.0 -> 게이트 종점(r1151 s=23.1)까지 경로상 130.1m, 정문 기준 진행 1238.1m
r1391 s=15 차선 중심 (981.34,-269.50) 폭 3.35
  s=  0.0 yaw=   72.9
  s=  5.0 yaw=   38.4
  s= 10.0 yaw=   31.3
  s= 13.0 yaw=   35.0
  s= 14.0 yaw=   32.8
  s= 15.0 yaw=   28.9
  s= 16.0 yaw=   21.4
  s= 17.0 yaw=    5.2
  s= 17.8 yaw=  -16.0
충돌 직전 5행:
  t=243.1 (981.02,-270.81) z=-0.014 v=4.807 road=1391 s=14.16 steer=-0.069 pitch=-0.627 roll=-1.198 lat=
  t=243.15 (981.24,-270.73) z=-0.027 v=4.816 road=1391 s=14.39 steer=-0.092 pitch=-1.296 roll=-2.928 lat=
  t=243.2 (981.46,-270.65) z=-0.044 v=4.831 road=1391 s=14.62 steer=-0.093 pitch=-2.13 roll=-5.059 lat=
  t=243.25 (981.67,-270.58) z=-0.062 v=4.834 road=1391 s=14.84 steer=-0.193 pitch=-3.178 roll=-7.567 lat=
  t=243.3 (981.87,-270.52) z=-0.061 v=3.775 road=1391 s=15.0 steer=-0.254 pitch=-4.69 roll=-9.646 lat=
남문 겹침 구간 2878행(t<=143.9): 같은 tick 위치 차 최대 1.10m(t=134.9), 평균 0.326m
  남문 정차 감속 전(마지막 10s 제외): 최대 1.05m
