== r1948 (길이 6.84)
  t= 239.15 s_geom=  0.09 s_carla=  0.10 t_lat=-2.16 k=-0.007 v=5.18 steer=+0.162 z=-0.009 pitch=0.218 roll=-0.714 body= opp=False
  t=  239.2 s_geom=  0.35 s_carla=  0.36 t_lat=-2.22 k=-0.012 v=5.20 steer=+0.139 z=-0.009 pitch=0.217 roll=-0.561 body= opp=False
  t= 239.25 s_geom=  0.61 s_carla=  0.61 t_lat=-2.28 k=-0.018 v=5.19 steer=+0.116 z=-0.009 pitch=0.184 roll=-0.414 body= opp=False
  t=  239.3 s_geom=  0.87 s_carla=  0.86 t_lat=-2.35 k=-0.025 v=5.19 steer=+0.102 z=-0.008 pitch=0.148 roll=-0.306 body= opp=False
  t= 239.35 s_geom=  1.15 s_carla=  1.11 t_lat=-2.45 k=-0.036 v=5.17 steer=+0.078 z=0.009 pitch=1.187 roll=-3.536 body= opp=False
  t=  239.4 s_geom=  1.44 s_carla=  1.37 t_lat=-2.51 k=-0.051 v=5.38 steer=+0.050 z=0.023 pitch=1.778 roll=-4.364 body= opp=False
  t= 239.45 s_geom=  1.75 s_carla=  1.64 t_lat=-2.57 k=-0.072 v=5.46 steer=+0.054 z=0.03 pitch=2.035 roll=-4.585 body= opp=False
  t=  239.5 s_geom=  2.10 s_carla=  2.14 t_lat=-2.63 k=-0.103 v=5.60 steer=+0.049 z=0.033 pitch=2.102 roll=-4.607 body= opp=False
  t= 239.55 s_geom=  2.51 s_carla=  2.41 t_lat=-2.67 k=-0.150 v=5.50 steer=+0.039 z=0.03 pitch=1.79 roll=-3.787 body= opp=False
  t=  239.6 s_geom=  3.03 s_carla=  3.12 t_lat=-2.69 k=-0.207 v=5.58 steer=-0.061 z=0.018 pitch=1.113 roll=-2.057 body= opp=False
  t= 239.65 s_geom=  3.68 s_carla=  3.39 t_lat=-2.67 k=-0.216 v=5.38 steer=-0.122 z=0.006 pitch=0.496 roll=-0.647 body= opp=False
  t=  239.7 s_geom=  4.21 s_carla=  4.18 t_lat=-2.62 k=-0.164 v=5.27 steer=-0.082 z=-0.001 pitch=0.162 roll=-0.068 body= opp=False
  t= 239.75 s_geom=  4.58 s_carla=  4.42 t_lat=-2.58 k=-0.120 v=5.07 steer=-0.059 z=0.024 pitch=-1.539 roll=-1.634 body= opp=False
  t=  239.8 s_geom=  4.90 s_carla=  4.66 t_lat=-2.50 k=-0.087 v=4.98 steer=-0.052 z=0.03 pitch=-1.891 roll=-1.643 body= opp=False
  t= 239.85 s_geom=  5.19 s_carla=  5.18 t_lat=-2.42 k=-0.064 v=4.98 steer=-0.030 z=0.031 pitch=-1.987 roll=-1.676 body= opp=False
  t=  239.9 s_geom=  5.46 s_carla=  5.41 t_lat=-2.33 k=-0.047 v=5.01 steer=-0.029 z=0.032 pitch=-1.968 roll=-1.711 body= opp=False
  t= 239.95 s_geom=  5.72 s_carla=  5.64 t_lat=-2.23 k=-0.035 v=5.07 steer=-0.029 z=0.032 pitch=-1.896 roll=-1.738 body= opp=False
  t=  240.0 s_geom=  5.97 s_carla=  5.88 t_lat=-2.13 k=-0.025 v=5.14 steer=-0.025 z=0.029 pitch=-1.687 roll=-1.602 body= opp=False
  t= 240.05 s_geom=  6.21 s_carla=  6.21 t_lat=-2.02 k=-0.018 v=5.08 steer=-0.019 z=0.019 pitch=-1.134 roll=-1.077 body= opp=False
  t=  240.1 s_geom=  6.46 s_carla=  6.44 t_lat=-1.92 k=-0.012 v=5.12 steer=-0.016 z=0.01 pitch=-0.7 roll=-0.727 body= opp=False
  t= 240.15 s_geom=  6.69 s_carla=  6.68 t_lat=-1.81 k=-0.008 v=5.03 steer=-0.012 z=0.003 pitch=-0.425 roll=-0.5 body= opp=False
== r1391 (길이 17.87)
  t=  240.2 s_geom=  0.09 s_carla=  0.09 t_lat=-1.71 k=+0.000 v=5.12 steer=-0.016 z=-0.001 pitch=-0.239 roll=-0.332 body= opp=False
  t= 240.25 s_geom=  0.27 s_carla=  0.33 t_lat=-1.61 k=+0.421 v=5.06 steer=-0.009 z=-0.004 pitch=-0.12 roll=-0.219 body= opp=False
  t=  240.3 s_geom=  0.42 s_carla=  0.58 t_lat=-1.52 k=+0.371 v=5.17 steer=-0.012 z=-0.006 pitch=-0.03 roll=-0.137 body= opp=False
  t= 240.35 s_geom=  0.59 s_carla=  0.82 t_lat=-1.44 k=+0.324 v=5.09 steer=-0.006 z=-0.007 pitch=0.015 roll=-0.087 body= opp=False
  t=  240.4 s_geom=  0.76 s_carla=  1.00 t_lat=-1.38 k=+0.281 v=5.15 steer=-0.106 z=-0.008 pitch=0.042 roll=0.049 body= opp=False
  t= 240.45 s_geom=  0.95 s_carla=  1.00 t_lat=-1.32 k=+0.242 v=5.42 steer=-0.137 z=-0.008 pitch=0.112 roll=0.296 body= opp=False
  t=  240.5 s_geom=  1.17 s_carla=  1.25 t_lat=-1.26 k=+0.205 v=5.93 steer=-0.089 z=-0.01 pitch=0.289 roll=0.404 body= opp=False
  t= 240.55 s_geom=  1.41 s_carla=  1.55 t_lat=-1.21 k=+0.172 v=6.15 steer=-0.054 z=-0.011 pitch=0.419 roll=0.361 body= opp=False
  t=  240.6 s_geom=  1.68 s_carla=  1.87 t_lat=-1.18 k=+0.144 v=6.32 steer=-0.043 z=-0.011 pitch=0.459 roll=0.281 body= opp=False
  t= 240.65 s_geom=  1.94 s_carla=  2.00 t_lat=-1.15 k=+0.122 v=6.23 steer=-0.038 z=-0.011 pitch=0.4 roll=0.215 body= opp=False
  t=  240.7 s_geom=  2.22 s_carla=  2.27 t_lat=-1.14 k=+0.103 v=6.17 steer=-0.032 z=-0.01 pitch=0.291 roll=0.163 body= opp=False
  t= 240.75 s_geom=  2.49 s_carla=  2.57 t_lat=-1.13 k=+0.089 v=5.96 steer=-0.029 z=-0.009 pitch=0.159 roll=0.127 body= opp=False
  t=  240.8 s_geom=  2.76 s_carla=  2.87 t_lat=-1.13 k=+0.077 v=5.84 steer=-0.020 z=-0.007 pitch=0.043 roll=0.093 body= opp=False
  t= 240.85 s_geom=  3.02 s_carla=  3.04 t_lat=-1.13 k=+0.067 v=5.58 steer=-0.021 z=-0.007 pitch=-0.062 roll=0.071 body= opp=False
  t=  240.9 s_geom=  3.28 s_carla=  3.31 t_lat=-1.14 k=+0.059 v=5.47 steer=-0.014 z=-0.006 pitch=-0.135 roll=0.05 body= opp=False
  t= 240.95 s_geom=  3.52 s_carla=  3.58 t_lat=-1.15 k=+0.052 v=5.24 steer=-0.114 z=-0.005 pitch=-0.189 roll=0.139 body= opp=False
  t=  241.0 s_geom=  3.77 s_carla=  3.84 t_lat=-1.16 k=+0.046 v=5.16 steer=-0.130 z=-0.005 pitch=-0.213 roll=0.3 body= opp=False
  t= 241.05 s_geom=  4.01 s_carla=  4.02 t_lat=-1.16 k=+0.041 v=5.04 steer=-0.094 z=-0.005 pitch=-0.207 roll=0.346 body= opp=False
  t=  241.1 s_geom=  4.26 s_carla=  4.28 t_lat=-1.17 k=+0.036 v=5.11 steer=-0.064 z=-0.006 pitch=-0.154 roll=0.301 body= opp=False
  t= 241.15 s_geom=  4.50 s_carla=  4.53 t_lat=-1.18 k=+0.032 v=4.84 steer=-0.057 z=-0.006 pitch=-0.132 roll=0.237 body= opp=False
  t=  241.2 s_geom=  4.72 s_carla=  4.76 t_lat=-1.19 k=+0.028 v=4.50 steer=-0.046 z=-0.005 pitch=-0.212 roll=0.172 body= opp=False
  t= 241.25 s_geom=  4.93 s_carla=  4.97 t_lat=-1.19 k=+0.025 v=4.26 steer=-0.046 z=-0.005 pitch=-0.289 roll=0.126 body= opp=False
  t=  241.3 s_geom=  5.13 s_carla=  5.14 t_lat=-1.20 k=+0.022 v=4.14 steer=-0.041 z=-0.005 pitch=-0.312 roll=0.094 body= opp=False
  t= 241.35 s_geom=  5.33 s_carla=  5.34 t_lat=-1.21 k=+0.019 v=4.10 steer=-0.036 z=-0.005 pitch=-0.28 roll=0.068 body= opp=False
  t=  241.4 s_geom=  5.53 s_carla=  5.55 t_lat=-1.22 k=+0.016 v=4.12 steer=-0.031 z=-0.005 pitch=-0.211 roll=0.048 body= opp=False
  t= 241.45 s_geom=  5.74 s_carla=  5.76 t_lat=-1.23 k=+0.013 v=4.17 steer=-0.026 z=-0.006 pitch=-0.126 roll=0.032 body= opp=False
  t=  241.5 s_geom=  5.95 s_carla=  5.97 t_lat=-1.24 k=+0.010 v=4.24 steer=-0.023 z=-0.007 pitch=-0.04 roll=0.021 body= opp=False
  t= 241.55 s_geom=  6.16 s_carla=  6.18 t_lat=-1.25 k=+0.007 v=4.33 steer=-0.019 z=-0.008 pitch=0.036 roll=0.012 body= opp=False
  t=  241.6 s_geom=  6.38 s_carla=  6.40 t_lat=-1.26 k=+0.003 v=4.42 steer=-0.016 z=-0.008 pitch=0.099 roll=0.007 body= opp=False
  t= 241.65 s_geom=  6.60 s_carla=  6.63 t_lat=-1.27 k=-0.001 v=4.52 steer=-0.014 z=-0.009 pitch=0.149 roll=0.003 body= opp=False
  t=  241.7 s_geom=  6.83 s_carla=  6.86 t_lat=-1.28 k=-0.005 v=4.63 steer=-0.012 z=-0.009 pitch=0.186 roll=0.001 body= opp=False
  t= 241.75 s_geom=  7.07 s_carla=  7.09 t_lat=-1.29 k=-0.010 v=4.73 steer=-0.010 z=-0.009 pitch=0.213 roll=0.0 body= opp=False
  t=  241.8 s_geom=  7.31 s_carla=  7.33 t_lat=-1.31 k=-0.015 v=4.83 steer=-0.008 z=-0.009 pitch=0.231 roll=-0.0 body= opp=False
  t= 241.85 s_geom=  7.56 s_carla=  7.58 t_lat=-1.31 k=-0.023 v=4.93 steer=-0.108 z=-0.009 pitch=0.241 roll=0.112 body= opp=False
  t=  241.9 s_geom=  7.82 s_carla=  7.82 t_lat=-1.31 k=-0.032 v=5.02 steer=-0.137 z=-0.009 pitch=0.242 roll=0.316 body= opp=False
  t= 241.95 s_geom=  8.08 s_carla=  8.08 t_lat=-1.30 k=-0.044 v=5.13 steer=-0.089 z=-0.009 pitch=0.245 roll=0.379 body= opp=False
  t=  242.0 s_geom=  8.36 s_carla=  8.33 t_lat=-1.29 k=-0.061 v=5.14 steer=-0.067 z=-0.009 pitch=0.235 roll=0.321 body= opp=False
  t= 242.05 s_geom=  8.64 s_carla=  8.59 t_lat=-1.27 k=-0.086 v=5.12 steer=-0.054 z=-0.009 pitch=0.194 roll=0.24 body= opp=False
  t=  242.1 s_geom=  8.94 s_carla=  8.85 t_lat=-1.25 k=-0.128 v=5.12 steer=-0.052 z=-0.008 pitch=0.153 roll=0.183 body= opp=False
  t= 242.15 s_geom=  9.10 s_carla=  9.26 t_lat=-1.23 k=+0.447 v=5.13 steer=-0.036 z=-0.008 pitch=0.125 roll=0.129 body= opp=False
  t=  242.2 s_geom=  9.29 s_carla=  9.52 t_lat=-1.23 k=+0.248 v=5.15 steer=-0.037 z=-0.008 pitch=0.111 roll=0.099 body= opp=False
  t= 242.25 s_geom=  9.49 s_carla=  9.77 t_lat=-1.24 k=+0.321 v=5.17 steer=-0.024 z=-0.008 pitch=0.107 roll=0.067 body= opp=False
  t=  242.3 s_geom=  9.65 s_carla= 10.00 t_lat=-1.26 k=-0.214 v=5.17 steer=-0.027 z=-0.008 pitch=0.098 roll=0.053 body= opp=False
  t= 242.35 s_geom=  9.98 s_carla= 10.00 t_lat=-1.29 k=-0.126 v=5.21 steer=-0.016 z=-0.008 pitch=0.092 roll=0.034 body= opp=False
  t=  242.4 s_geom= 10.30 s_carla= 10.24 t_lat=-1.31 k=-0.080 v=5.71 steer=-0.020 z=-0.009 pitch=0.215 roll=0.036 body= opp=False
  t= 242.45 s_geom= 10.62 s_carla= 10.54 t_lat=-1.32 k=-0.052 v=6.08 steer=-0.015 z=-0.01 pitch=0.371 roll=0.035 body= opp=False
  t=  242.5 s_geom= 10.95 s_carla= 10.85 t_lat=-1.32 k=-0.033 v=6.26 steer=-0.115 z=-0.011 pitch=0.449 roll=0.169 body= opp=False
  t= 242.55 s_geom= 11.28 s_carla= 11.27 t_lat=-1.30 k=-0.019 v=6.26 steer=-0.215 z=-0.011 pitch=0.422 roll=0.473 body= opp=False
  t=  242.6 s_geom= 11.58 s_carla= 11.57 t_lat=-1.28 k=-0.009 v=6.12 steer=-0.315 z=-0.01 pitch=0.31 roll=0.812 body= opp=False
  t= 242.65 s_geom= 11.88 s_carla= 11.87 t_lat=-1.23 k=-0.001 v=5.91 steer=-0.404 z=-0.008 pitch=0.151 roll=1.133 body= opp=False
  t=  242.7 s_geom= 12.16 s_carla= 12.15 t_lat=-1.18 k=+0.006 v=5.74 steer=-0.311 z=-0.007 pitch=0.01 roll=1.247 body= opp=False
  t= 242.75 s_geom= 12.43 s_carla= 12.42 t_lat=-1.12 k=+0.013 v=5.57 steer=-0.222 z=-0.006 pitch=-0.093 roll=1.11 body= opp=False
  t=  242.8 s_geom= 12.69 s_carla= 12.69 t_lat=-1.06 k=+0.018 v=5.41 steer=-0.183 z=-0.006 pitch=-0.162 roll=0.886 body= opp=False
  t= 242.85 s_geom= 12.94 s_carla= 12.94 t_lat=-1.00 k=+0.024 v=5.28 steer=-0.150 z=-0.005 pitch=-0.199 roll=0.676 body= opp=False
  t=  242.9 s_geom= 13.19 s_carla= 13.20 t_lat=-0.94 k=+0.030 v=5.14 steer=-0.135 z=-0.005 pitch=-0.213 roll=0.519 body= opp=False
  t= 242.95 s_geom= 13.43 s_carla= 13.44 t_lat=-0.88 k=+0.035 v=5.06 steer=-0.108 z=-0.005 pitch=-0.207 roll=0.391 body= opp=False
  t=  243.0 s_geom= 13.67 s_carla= 13.69 t_lat=-0.82 k=+0.041 v=5.05 steer=-0.098 z=-0.006 pitch=-0.168 roll=0.307 body= opp=False
  t= 243.05 s_geom= 13.90 s_carla= 13.93 t_lat=-0.76 k=+0.048 v=5.03 steer=-0.075 z=-0.007 pitch=-0.211 roll=-0.033 body= opp=False
  t=  243.1 s_geom= 14.13 s_carla= 14.16 t_lat=-0.71 k=+0.055 v=4.81 steer=-0.069 z=-0.014 pitch=-0.627 roll=-1.198 body= opp=False
  t= 243.15 s_geom= 14.35 s_carla= 14.39 t_lat=-0.66 k=+0.063 v=4.82 steer=-0.092 z=-0.027 pitch=-1.296 roll=-2.928 body= opp=False
  t=  243.2 s_geom= 14.56 s_carla= 14.62 t_lat=-0.62 k=+0.071 v=4.83 steer=-0.093 z=-0.044 pitch=-2.13 roll=-5.059 body= opp=False
  t= 243.25 s_geom= 14.78 s_carla= 14.84 t_lat=-0.57 k=+0.081 v=4.83 steer=-0.193 z=-0.062 pitch=-3.178 roll=-7.567 body= opp=False
  t=  243.3 s_geom= 14.97 s_carla= 15.00 t_lat=-0.52 k=+0.091 v=3.77 steer=-0.254 z=-0.061 pitch=-4.69 roll=-9.646 body= opp=False
