r1391 길이 17.866 junction=-1 laneSection 1
  기하 이음매(시작 s, 위치 차 m, 방위 차 도): [(0.2, 0.0, 0.0), (8.995, 0.0, -0.0), (9.631, 0.0, 0.0), (17.666, 0.0, 0.0)]
  paramPoly3 선언 길이 vs 실제 호장: [(0.2, 8.7952, 8.7978), (9.631, 8.0348, 8.0397)]
  s, k(1/m), R_ref, w(lane-1), 차선중심 R, 안쪽가장자리 R(=중심R - w/2), 인도 끝 r
  s=  0.00 k=+0.0000 R_ref=inf w=3.35 Rc=inf Rin=inf Rsw=inf line
  s=  0.20 k=+0.4478 R_ref=2.23 w=3.35 Rc=3.91 Rin=2.23 Rsw=8.38 paramPoly3
  s=  0.24 k=+0.4315 R_ref=2.32 w=3.35 Rc=3.99 Rin=2.32 Rsw=8.47 paramPoly3
  s=  0.29 k=+0.4155 R_ref=2.41 w=3.35 Rc=4.08 Rin=2.41 Rsw=8.56 paramPoly3
  s=  0.34 k=+0.3999 R_ref=2.50 w=3.35 Rc=4.18 Rin=2.50 Rsw=8.65 paramPoly3
  s=  0.38 k=+0.3847 R_ref=2.60 w=3.35 Rc=4.27 Rin=2.60 Rsw=8.75 paramPoly3
  s=  0.43 k=+0.3700 R_ref=2.70 w=3.35 Rc=4.38 Rin=2.70 Rsw=8.85 paramPoly3
  s=  0.47 k=+0.3557 R_ref=2.81 w=3.35 Rc=4.49 Rin=2.81 Rsw=8.96 paramPoly3
  s=  0.52 k=+0.3419 R_ref=2.93 w=3.35 Rc=4.60 Rin=2.93 Rsw=9.08 paramPoly3
  s=  0.57 k=+0.3285 R_ref=3.04 w=3.35 Rc=4.72 Rin=3.04 Rsw=9.19 paramPoly3
  s=  0.62 k=+0.3156 R_ref=3.17 w=3.35 Rc=4.84 Rin=3.17 Rsw=9.32 paramPoly3
  s=  0.67 k=+0.3032 R_ref=3.30 w=3.35 Rc=4.97 Rin=3.30 Rsw=9.45 paramPoly3
  s=  0.72 k=+0.2913 R_ref=3.43 w=3.35 Rc=5.11 Rin=3.43 Rsw=9.58 paramPoly3
  s=  0.77 k=+0.2798 R_ref=3.57 w=3.35 Rc=5.25 Rin=3.57 Rsw=9.72 paramPoly3
  s=  0.82 k=+0.2688 R_ref=3.72 w=3.35 Rc=5.40 Rin=3.72 Rsw=9.87 paramPoly3
  s=  0.87 k=+0.2582 R_ref=3.87 w=3.35 Rc=5.55 Rin=3.87 Rsw=10.02 paramPoly3
  s=  0.92 k=+0.2480 R_ref=4.03 w=3.35 Rc=5.71 Rin=4.03 Rsw=10.18 paramPoly3
  s=  0.97 k=+0.2383 R_ref=4.20 w=3.35 Rc=5.87 Rin=4.20 Rsw=10.35 paramPoly3
  s=  1.02 k=+0.2290 R_ref=4.37 w=3.35 Rc=6.04 Rin=4.37 Rsw=10.52 paramPoly3
  s=  1.07 k=+0.2201 R_ref=4.54 w=3.35 Rc=6.22 Rin=4.54 Rsw=10.69 paramPoly3
  s=  1.12 k=+0.2115 R_ref=4.73 w=3.35 Rc=6.40 Rin=4.73 Rsw=10.88 paramPoly3
  s=  1.18 k=+0.2034 R_ref=4.92 w=3.35 Rc=6.59 Rin=4.92 Rsw=11.07 paramPoly3
  s=  1.23 k=+0.1955 R_ref=5.11 w=3.35 Rc=6.79 Rin=5.11 Rsw=11.26 paramPoly3
  s=  1.29 k=+0.1881 R_ref=5.32 w=3.35 Rc=6.99 Rin=5.32 Rsw=11.47 paramPoly3
  s=  1.34 k=+0.1809 R_ref=5.53 w=3.35 Rc=7.20 Rin=5.53 Rsw=11.68 paramPoly3
  s=  1.40 k=+0.1741 R_ref=5.74 w=3.35 Rc=7.42 Rin=5.74 Rsw=11.89 paramPoly3
  s=  1.45 k=+0.1675 R_ref=5.97 w=3.35 Rc=7.64 Rin=5.97 Rsw=12.12 paramPoly3
  s=  1.51 k=+0.1613 R_ref=6.20 w=3.35 Rc=7.88 Rin=6.20 Rsw=12.35 paramPoly3
  s=  1.56 k=+0.1553 R_ref=6.44 w=3.35 Rc=8.12 Rin=6.44 Rsw=12.59 paramPoly3
  s=  1.62 k=+0.1495 R_ref=6.69 w=3.35 Rc=8.36 Rin=6.69 Rsw=12.84 paramPoly3
  s=  1.68 k=+0.1441 R_ref=6.94 w=3.35 Rc=8.62 Rin=6.94 Rsw=13.09 paramPoly3
  s=  1.73 k=+0.1388 R_ref=7.20 w=3.35 Rc=8.88 Rin=7.20 Rsw=13.35 paramPoly3
  s=  1.79 k=+0.1338 R_ref=7.47 w=3.35 Rc=9.15 Rin=7.47 Rsw=13.62 paramPoly3
  s=  1.85 k=+0.1290 R_ref=7.75 w=3.35 Rc=9.43 Rin=7.75 Rsw=13.90 paramPoly3
  s=  1.91 k=+0.1244 R_ref=8.04 w=3.35 Rc=9.71 Rin=8.04 Rsw=14.19 paramPoly3
  s=  1.97 k=+0.1200 R_ref=8.34 w=3.35 Rc=10.01 Rin=8.34 Rsw=14.49 paramPoly3
  s=  2.03 k=+0.1157 R_ref=8.64 w=3.35 Rc=10.32 Rin=8.64 Rsw=14.79 paramPoly3
  s=  2.09 k=+0.1117 R_ref=8.95 w=3.35 Rc=10.63 Rin=8.95 Rsw=15.10 paramPoly3
  s=  2.15 k=+0.1078 R_ref=9.28 w=3.35 Rc=10.95 Rin=9.28 Rsw=15.43 paramPoly3
  s=  2.21 k=+0.1041 R_ref=9.61 w=3.35 Rc=11.28 Rin=9.61 Rsw=15.76 paramPoly3
  s=  2.27 k=+0.1005 R_ref=9.95 w=3.35 Rc=11.63 Rin=9.95 Rsw=16.10 paramPoly3
  s=  2.33 k=+0.0971 R_ref=10.30 w=3.35 Rc=11.98 Rin=10.30 Rsw=16.45 paramPoly3
  s=  2.39 k=+0.0938 R_ref=10.66 w=3.35 Rc=12.34 Rin=10.66 Rsw=16.81 paramPoly3
  s=  2.46 k=+0.0906 R_ref=11.04 w=3.35 Rc=12.71 Rin=11.04 Rsw=17.19 paramPoly3
  s=  2.52 k=+0.0876 R_ref=11.42 w=3.35 Rc=13.09 Rin=11.42 Rsw=17.57 paramPoly3
  s=  2.58 k=+0.0846 R_ref=11.81 w=3.35 Rc=13.49 Rin=11.81 Rsw=17.96 paramPoly3
  s=  2.64 k=+0.0818 R_ref=12.22 w=3.35 Rc=13.90 Rin=12.22 Rsw=18.37 paramPoly3
  s=  2.71 k=+0.0791 R_ref=12.64 w=3.35 Rc=14.31 Rin=12.64 Rsw=18.79 paramPoly3
  s=  2.77 k=+0.0765 R_ref=13.07 w=3.35 Rc=14.74 Rin=13.07 Rsw=19.22 paramPoly3
  s=  2.84 k=+0.0740 R_ref=13.51 w=3.35 Rc=15.19 Rin=13.51 Rsw=19.66 paramPoly3
  s=  2.90 k=+0.0716 R_ref=13.97 w=3.35 Rc=15.64 Rin=13.97 Rsw=20.12 paramPoly3
  s=  2.96 k=+0.0693 R_ref=14.44 w=3.35 Rc=16.11 Rin=14.44 Rsw=20.59 paramPoly3
  s=  3.03 k=+0.0670 R_ref=14.92 w=3.35 Rc=16.60 Rin=14.92 Rsw=21.07 paramPoly3
  s=  3.09 k=+0.0648 R_ref=15.42 w=3.35 Rc=17.10 Rin=15.42 Rsw=21.57 paramPoly3
  s=  3.16 k=+0.0627 R_ref=15.94 w=3.35 Rc=17.61 Rin=15.94 Rsw=22.09 paramPoly3
  s=  3.23 k=+0.0607 R_ref=16.47 w=3.35 Rc=18.14 Rin=16.47 Rsw=22.62 paramPoly3
  s=  3.29 k=+0.0588 R_ref=17.02 w=3.35 Rc=18.69 Rin=17.02 Rsw=23.17 paramPoly3
  s=  3.36 k=+0.0569 R_ref=17.58 w=3.35 Rc=19.26 Rin=17.58 Rsw=23.73 paramPoly3
  s=  3.42 k=+0.0550 R_ref=18.17 w=3.35 Rc=19.84 Rin=18.17 Rsw=24.32 paramPoly3
  s=  3.49 k=+0.0533 R_ref=18.77 w=3.35 Rc=20.45 Rin=18.77 Rsw=24.92 paramPoly3
  s=  3.56 k=+0.0515 R_ref=19.40 w=3.35 Rc=21.08 Rin=19.40 Rsw=25.55 paramPoly3
  s=  3.62 k=+0.0499 R_ref=20.05 w=3.35 Rc=21.72 Rin=20.05 Rsw=26.20 paramPoly3
  s=  3.69 k=+0.0483 R_ref=20.72 w=3.35 Rc=22.40 Rin=20.72 Rsw=26.87 paramPoly3
  s=  3.76 k=+0.0467 R_ref=21.42 w=3.35 Rc=23.09 Rin=21.42 Rsw=27.57 paramPoly3
  s=  3.83 k=+0.0452 R_ref=22.14 w=3.35 Rc=23.82 Rin=22.14 Rsw=28.29 paramPoly3
  s=  3.89 k=+0.0437 R_ref=22.89 w=3.35 Rc=24.57 Rin=22.89 Rsw=29.04 paramPoly3
  s=  3.96 k=+0.0422 R_ref=23.68 w=3.35 Rc=25.35 Rin=23.68 Rsw=29.83 paramPoly3
  s=  4.03 k=+0.0408 R_ref=24.49 w=3.35 Rc=26.16 Rin=24.49 Rsw=30.64 paramPoly3
  s=  4.10 k=+0.0395 R_ref=25.34 w=3.35 Rc=27.01 Rin=25.34 Rsw=31.49 paramPoly3
  s=  4.17 k=+0.0381 R_ref=26.23 w=3.35 Rc=27.90 Rin=26.23 Rsw=32.38 paramPoly3
  s=  4.23 k=+0.0368 R_ref=27.16 w=3.35 Rc=28.83 Rin=27.16 Rsw=33.31 paramPoly3
  s=  4.30 k=+0.0355 R_ref=28.13 w=3.35 Rc=29.80 Rin=28.13 Rsw=34.28 paramPoly3
  s=  4.37 k=+0.0343 R_ref=29.15 w=3.35 Rc=30.83 Rin=29.15 Rsw=35.30 paramPoly3
  s=  4.44 k=+0.0331 R_ref=30.22 w=3.35 Rc=31.90 Rin=30.22 Rsw=36.37 paramPoly3
  s=  4.51 k=+0.0319 R_ref=31.36 w=3.35 Rc=33.03 Rin=31.36 Rsw=37.51 paramPoly3
  s=  4.58 k=+0.0307 R_ref=32.55 w=3.35 Rc=34.23 Rin=32.55 Rsw=38.70 paramPoly3
  s=  4.64 k=+0.0296 R_ref=33.82 w=3.35 Rc=35.49 Rin=33.82 Rsw=39.97 paramPoly3
  s=  4.71 k=+0.0284 R_ref=35.16 w=3.35 Rc=36.83 Rin=35.16 Rsw=41.31 paramPoly3
  s=  4.78 k=+0.0273 R_ref=36.58 w=3.35 Rc=38.26 Rin=36.58 Rsw=42.73 paramPoly3
  s=  4.85 k=+0.0262 R_ref=38.11 w=3.35 Rc=39.78 Rin=38.11 Rsw=44.26 paramPoly3
  s=  4.92 k=+0.0252 R_ref=39.74 w=3.35 Rc=41.41 Rin=39.74 Rsw=45.89 paramPoly3
  s=  4.99 k=+0.0241 R_ref=41.49 w=3.35 Rc=43.16 Rin=41.49 Rsw=47.64 paramPoly3
  s=  5.06 k=+0.0231 R_ref=43.38 w=3.35 Rc=45.05 Rin=43.38 Rsw=49.53 paramPoly3
  s=  5.13 k=+0.0220 R_ref=45.42 w=3.35 Rc=47.10 Rin=45.42 Rsw=51.57 paramPoly3
  s=  5.19 k=+0.0210 R_ref=47.64 w=3.35 Rc=49.32 Rin=47.64 Rsw=53.79 paramPoly3
  s=  5.26 k=+0.0200 R_ref=50.07 w=3.35 Rc=51.75 Rin=50.07 Rsw=56.22 paramPoly3
  s=  5.33 k=+0.0190 R_ref=52.74 w=3.35 Rc=54.42 Rin=52.74 Rsw=58.89 paramPoly3
  s=  5.40 k=+0.0180 R_ref=55.69 w=3.35 Rc=57.37 Rin=55.69 Rsw=61.84 paramPoly3
  s=  5.47 k=+0.0170 R_ref=58.98 w=3.35 Rc=60.65 Rin=58.98 Rsw=65.13 paramPoly3
  s=  5.54 k=+0.0160 R_ref=62.66 w=3.35 Rc=64.33 Rin=62.66 Rsw=68.81 paramPoly3
  s=  5.60 k=+0.0150 R_ref=66.81 w=3.35 Rc=68.49 Rin=66.81 Rsw=72.96 paramPoly3
  s=  5.67 k=+0.0140 R_ref=71.56 w=3.35 Rc=73.23 Rin=71.56 Rsw=77.71 paramPoly3
  s=  5.74 k=+0.0130 R_ref=77.03 w=3.35 Rc=78.71 Rin=77.03 Rsw=83.18 paramPoly3
  s=  5.81 k=+0.0120 R_ref=83.43 w=3.35 Rc=85.10 Rin=83.43 Rsw=89.58 paramPoly3
  s=  5.88 k=+0.0110 R_ref=91.00 w=3.35 Rc=92.68 Rin=91.00 Rsw=97.15 paramPoly3
  s=  5.94 k=+0.0100 R_ref=100.14 w=3.35 Rc=101.82 Rin=100.14 Rsw=106.29 paramPoly3
  s=  6.01 k=+0.0090 R_ref=111.40 w=3.35 Rc=113.08 Rin=111.40 Rsw=117.55 paramPoly3
  s=  6.08 k=+0.0080 R_ref=125.63 w=3.35 Rc=127.30 Rin=125.63 Rsw=131.78 paramPoly3
  s=  6.14 k=+0.0069 R_ref=144.22 w=3.35 Rc=145.89 Rin=144.22 Rsw=150.37 paramPoly3
  s=  6.21 k=+0.0059 R_ref=169.58 w=3.35 Rc=171.25 Rin=169.58 Rsw=175.73 paramPoly3
  s=  6.28 k=+0.0048 R_ref=206.29 w=3.35 Rc=207.96 Rin=206.29 Rsw=212.44 paramPoly3
  s=  6.34 k=+0.0038 R_ref=264.28 w=3.35 Rc=265.96 Rin=264.28 Rsw=270.43 paramPoly3
  s=  6.41 k=+0.0027 R_ref=369.82 w=3.35 Rc=371.50 Rin=369.82 Rsw=375.97 paramPoly3
  s=  6.48 k=+0.0016 R_ref=622.61 w=3.35 Rc=624.29 Rin=622.61 Rsw=628.76 paramPoly3
  s=  6.54 k=+0.0005 R_ref=2047.74 w=3.35 Rc=2049.41 Rin=2047.74 Rsw=2053.89 paramPoly3
  s=  6.61 k=-0.0007 R_ref=1535.01 w=3.35 Rc=1533.34 Rin=1531.66 Rsw=1528.86 paramPoly3
  s=  6.67 k=-0.0018 R_ref=550.83 w=3.35 Rc=549.16 Rin=547.48 Rsw=544.68 paramPoly3
  s=  6.74 k=-0.0030 R_ref=332.69 w=3.35 Rc=331.01 Rin=329.34 Rsw=326.54 paramPoly3
  s=  6.80 k=-0.0042 R_ref=236.68 w=3.35 Rc=235.01 Rin=233.33 Rsw=230.53 paramPoly3
  s=  6.87 k=-0.0055 R_ref=182.63 w=3.35 Rc=180.95 Rin=179.28 Rsw=176.48 paramPoly3
  s=  6.93 k=-0.0068 R_ref=147.92 w=3.35 Rc=146.25 Rin=144.57 Rsw=141.77 paramPoly3
  s=  6.99 k=-0.0081 R_ref=123.74 w=3.35 Rc=122.06 Rin=120.39 Rsw=117.59 paramPoly3
  s=  7.06 k=-0.0094 R_ref=105.90 w=3.35 Rc=104.22 Rin=102.55 Rsw=99.75 paramPoly3
  s=  7.12 k=-0.0108 R_ref=92.19 w=3.35 Rc=90.51 Rin=88.84 Rsw=86.04 paramPoly3
  s=  7.18 k=-0.0123 R_ref=81.31 w=3.35 Rc=79.64 Rin=77.96 Rsw=75.16 paramPoly3
  s=  7.24 k=-0.0138 R_ref=72.47 w=3.35 Rc=70.79 Rin=69.12 Rsw=66.32 paramPoly3
  s=  7.31 k=-0.0154 R_ref=65.13 w=3.35 Rc=63.46 Rin=61.78 Rsw=58.98 paramPoly3
  s=  7.37 k=-0.0170 R_ref=58.94 w=3.35 Rc=57.26 Rin=55.59 Rsw=52.79 paramPoly3
  s=  7.43 k=-0.0186 R_ref=53.64 w=3.35 Rc=51.97 Rin=50.29 Rsw=47.49 paramPoly3
  s=  7.49 k=-0.0204 R_ref=49.06 w=3.35 Rc=47.38 Rin=45.71 Rsw=42.91 paramPoly3
  s=  7.55 k=-0.0222 R_ref=45.04 w=3.35 Rc=43.37 Rin=41.69 Rsw=38.89 paramPoly3
  s=  7.61 k=-0.0241 R_ref=41.50 w=3.35 Rc=39.83 Rin=38.15 Rsw=35.35 paramPoly3
  s=  7.67 k=-0.0261 R_ref=38.36 w=3.35 Rc=36.68 Rin=35.01 Rsw=32.21 paramPoly3
  s=  7.73 k=-0.0281 R_ref=35.54 w=3.35 Rc=33.86 Rin=32.19 Rsw=29.39 paramPoly3
  s=  7.79 k=-0.0303 R_ref=33.00 w=3.35 Rc=31.33 Rin=29.65 Rsw=26.85 paramPoly3
  s=  7.84 k=-0.0326 R_ref=30.70 w=3.35 Rc=29.03 Rin=27.35 Rsw=24.55 paramPoly3
  s=  7.90 k=-0.0350 R_ref=28.61 w=3.35 Rc=26.93 Rin=25.26 Rsw=22.46 paramPoly3
  s=  7.96 k=-0.0375 R_ref=26.70 w=3.35 Rc=25.02 Rin=23.35 Rsw=20.55 paramPoly3
  s=  8.01 k=-0.0401 R_ref=24.94 w=3.35 Rc=23.27 Rin=21.59 Rsw=18.79 paramPoly3
  s=  8.07 k=-0.0429 R_ref=23.33 w=3.35 Rc=21.65 Rin=19.98 Rsw=17.18 paramPoly3
  s=  8.13 k=-0.0458 R_ref=21.83 w=3.35 Rc=20.16 Rin=18.48 Rsw=15.68 paramPoly3
  s=  8.18 k=-0.0489 R_ref=20.45 w=3.35 Rc=18.78 Rin=17.10 Rsw=14.30 paramPoly3
  s=  8.24 k=-0.0522 R_ref=19.17 w=3.35 Rc=17.49 Rin=15.82 Rsw=13.02 paramPoly3
  s=  8.29 k=-0.0556 R_ref=17.97 w=3.35 Rc=16.30 Rin=14.62 Rsw=11.82 paramPoly3
  s=  8.34 k=-0.0593 R_ref=16.86 w=3.35 Rc=15.19 Rin=13.51 Rsw=10.71 paramPoly3
  s=  8.40 k=-0.0632 R_ref=15.82 w=3.35 Rc=14.14 Rin=12.47 Rsw=9.67 paramPoly3
  s=  8.45 k=-0.0674 R_ref=14.84 w=3.35 Rc=13.17 Rin=11.49 Rsw=8.69 paramPoly3
  s=  8.50 k=-0.0718 R_ref=13.93 w=3.35 Rc=12.26 Rin=10.58 Rsw=7.78 paramPoly3
  s=  8.55 k=-0.0765 R_ref=13.07 w=3.35 Rc=11.40 Rin=9.72 Rsw=6.92 paramPoly3
  s=  8.60 k=-0.0815 R_ref=12.27 w=3.35 Rc=10.59 Rin=8.92 Rsw=6.12 paramPoly3
  s=  8.65 k=-0.0869 R_ref=11.51 w=3.35 Rc=9.83 Rin=8.16 Rsw=5.36 paramPoly3
  s=  8.70 k=-0.0926 R_ref=10.79 w=3.35 Rc=9.12 Rin=7.44 Rsw=4.64 paramPoly3
  s=  8.75 k=-0.0988 R_ref=10.12 w=3.35 Rc=8.45 Rin=6.77 Rsw=3.97 paramPoly3
  s=  8.80 k=-0.1054 R_ref=9.49 w=3.35 Rc=7.81 Rin=6.14 Rsw=3.34 paramPoly3
  s=  8.84 k=-0.1125 R_ref=8.89 w=3.35 Rc=7.21 Rin=5.54 Rsw=2.74 paramPoly3
  s=  8.89 k=-0.1202 R_ref=8.32 w=3.35 Rc=6.65 Rin=4.97 Rsw=2.17 paramPoly3
  s=  8.94 k=-0.1284 R_ref=7.79 w=3.35 Rc=6.11 Rin=4.44 Rsw=1.64 paramPoly3
  s=  8.98 k=-0.1373 R_ref=7.28 w=3.35 Rc=5.61 Rin=3.93 Rsw=1.13 paramPoly3
  s=  9.02 k=+0.8584 R_ref=1.16 w=3.35 Rc=2.84 Rin=1.16 Rsw=7.31 paramPoly3
  s=  9.08 k=+0.5257 R_ref=1.90 w=3.35 Rc=3.58 Rin=1.90 Rsw=8.05 paramPoly3
  s=  9.14 k=+0.3688 R_ref=2.71 w=3.35 Rc=4.39 Rin=2.71 Rsw=8.86 paramPoly3
  s=  9.20 k=+0.2898 R_ref=3.45 w=3.35 Rc=5.13 Rin=3.45 Rsw=9.60 paramPoly3
  s=  9.27 k=+0.2526 R_ref=3.96 w=3.35 Rc=5.63 Rin=3.96 Rsw=10.11 paramPoly3
  s=  9.34 k=+0.2433 R_ref=4.11 w=3.35 Rc=5.79 Rin=4.11 Rsw=10.26 paramPoly3
  s=  9.41 k=+0.2596 R_ref=3.85 w=3.35 Rc=5.53 Rin=3.85 Rsw=10.00 paramPoly3
  s=  9.48 k=+0.3086 R_ref=3.24 w=3.35 Rc=4.92 Rin=3.24 Rsw=9.39 paramPoly3
  s=  9.54 k=+0.4134 R_ref=2.42 w=3.35 Rc=4.09 Rin=2.42 Rsw=8.57 paramPoly3
  s=  9.59 k=+0.6377 R_ref=1.57 w=3.35 Rc=3.24 Rin=1.57 Rsw=7.72 paramPoly3
  s=  9.64 k=-0.2185 R_ref=4.58 w=3.35 Rc=2.90 Rin=1.23 Rsw=-1.57 paramPoly3
  s=  9.68 k=-0.2017 R_ref=4.96 w=3.35 Rc=3.28 Rin=1.61 Rsw=-1.19 paramPoly3
  s=  9.73 k=-0.1865 R_ref=5.36 w=3.35 Rc=3.69 Rin=2.01 Rsw=-0.79 paramPoly3
  s=  9.78 k=-0.1726 R_ref=5.79 w=3.35 Rc=4.12 Rin=2.44 Rsw=-0.36 paramPoly3
  s=  9.82 k=-0.1598 R_ref=6.26 w=3.35 Rc=4.58 Rin=2.91 Rsw=0.11 paramPoly3
  s=  9.87 k=-0.1481 R_ref=6.75 w=3.35 Rc=5.08 Rin=3.40 Rsw=0.60 paramPoly3
  s=  9.92 k=-0.1374 R_ref=7.28 w=3.35 Rc=5.60 Rin=3.93 Rsw=1.13 paramPoly3
  s=  9.97 k=-0.1275 R_ref=7.84 w=3.35 Rc=6.17 Rin=4.49 Rsw=1.69 paramPoly3
  s= 10.02 k=-0.1184 R_ref=8.45 w=3.35 Rc=6.77 Rin=5.10 Rsw=2.30 paramPoly3
  s= 10.07 k=-0.1099 R_ref=9.10 w=3.35 Rc=7.42 Rin=5.75 Rsw=2.95 paramPoly3
  s= 10.12 k=-0.1022 R_ref=9.79 w=3.35 Rc=8.11 Rin=6.44 Rsw=3.64 paramPoly3
  s= 10.17 k=-0.0949 R_ref=10.53 w=3.35 Rc=8.86 Rin=7.18 Rsw=4.38 paramPoly3
  s= 10.23 k=-0.0882 R_ref=11.34 w=3.35 Rc=9.66 Rin=7.99 Rsw=5.19 paramPoly3
  s= 10.28 k=-0.0820 R_ref=12.20 w=3.35 Rc=10.52 Rin=8.85 Rsw=6.05 paramPoly3
  s= 10.34 k=-0.0762 R_ref=13.13 w=3.35 Rc=11.45 Rin=9.78 Rsw=6.98 paramPoly3
  s= 10.39 k=-0.0707 R_ref=14.14 w=3.35 Rc=12.46 Rin=10.79 Rsw=7.99 paramPoly3
  s= 10.45 k=-0.0657 R_ref=15.23 w=3.35 Rc=13.55 Rin=11.88 Rsw=9.08 paramPoly3
  s= 10.50 k=-0.0609 R_ref=16.42 w=3.35 Rc=14.74 Rin=13.07 Rsw=10.27 paramPoly3
  s= 10.56 k=-0.0565 R_ref=17.71 w=3.35 Rc=16.04 Rin=14.36 Rsw=11.56 paramPoly3
  s= 10.62 k=-0.0523 R_ref=19.13 w=3.35 Rc=17.46 Rin=15.78 Rsw=12.98 paramPoly3
  s= 10.68 k=-0.0483 R_ref=20.70 w=3.35 Rc=19.02 Rin=17.35 Rsw=14.55 paramPoly3
  s= 10.74 k=-0.0446 R_ref=22.42 w=3.35 Rc=20.75 Rin=19.07 Rsw=16.27 paramPoly3
  s= 10.80 k=-0.0411 R_ref=24.34 w=3.35 Rc=22.66 Rin=20.99 Rsw=18.19 paramPoly3
  s= 10.86 k=-0.0378 R_ref=26.48 w=3.35 Rc=24.81 Rin=23.13 Rsw=20.33 paramPoly3
  s= 10.92 k=-0.0346 R_ref=28.89 w=3.35 Rc=27.22 Rin=25.54 Rsw=22.74 paramPoly3
  s= 10.98 k=-0.0316 R_ref=31.63 w=3.35 Rc=29.95 Rin=28.28 Rsw=25.48 paramPoly3
  s= 11.04 k=-0.0288 R_ref=34.75 w=3.35 Rc=33.08 Rin=31.40 Rsw=28.60 paramPoly3
  s= 11.10 k=-0.0261 R_ref=38.37 w=3.35 Rc=36.70 Rin=35.02 Rsw=32.22 paramPoly3
  s= 11.16 k=-0.0235 R_ref=42.61 w=3.35 Rc=40.93 Rin=39.26 Rsw=36.46 paramPoly3
  s= 11.23 k=-0.0210 R_ref=47.64 w=3.35 Rc=45.96 Rin=44.29 Rsw=41.49 paramPoly3
  s= 11.29 k=-0.0186 R_ref=53.71 w=3.35 Rc=52.04 Rin=50.36 Rsw=47.56 paramPoly3
  s= 11.35 k=-0.0163 R_ref=61.21 w=3.35 Rc=59.53 Rin=57.86 Rsw=55.06 paramPoly3
  s= 11.42 k=-0.0141 R_ref=70.70 w=3.35 Rc=69.03 Rin=67.35 Rsw=64.55 paramPoly3
  s= 11.48 k=-0.0120 R_ref=83.13 w=3.35 Rc=81.45 Rin=79.78 Rsw=76.98 paramPoly3
  s= 11.55 k=-0.0100 R_ref=100.12 w=3.35 Rc=98.44 Rin=96.77 Rsw=93.97 paramPoly3
  s= 11.62 k=-0.0080 R_ref=124.81 w=3.35 Rc=123.14 Rin=121.46 Rsw=118.66 paramPoly3
  s= 11.68 k=-0.0061 R_ref=164.04 w=3.35 Rc=162.37 Rin=160.69 Rsw=157.89 paramPoly3
  s= 11.75 k=-0.0042 R_ref=236.17 w=3.35 Rc=234.49 Rin=232.82 Rsw=230.02 paramPoly3
  s= 11.81 k=-0.0024 R_ref=412.95 w=3.35 Rc=411.27 Rin=409.60 Rsw=406.80 paramPoly3
  s= 11.88 k=-0.0007 R_ref=1531.05 w=3.35 Rc=1529.37 Rin=1527.70 Rsw=1524.90 paramPoly3
  s= 11.95 k=+0.0011 R_ref=929.52 w=3.35 Rc=931.19 Rin=929.52 Rsw=935.67 paramPoly3
  s= 12.02 k=+0.0028 R_ref=361.05 w=3.35 Rc=362.72 Rin=361.05 Rsw=367.20 paramPoly3
  s= 12.08 k=+0.0044 R_ref=225.60 w=3.35 Rc=227.27 Rin=225.60 Rsw=231.75 paramPoly3
  s= 12.15 k=+0.0061 R_ref=164.78 w=3.35 Rc=166.46 Rin=164.78 Rsw=170.93 paramPoly3
  s= 12.22 k=+0.0077 R_ref=130.18 w=3.35 Rc=131.86 Rin=130.18 Rsw=136.33 paramPoly3
  s= 12.29 k=+0.0093 R_ref=107.82 w=3.35 Rc=109.49 Rin=107.82 Rsw=113.97 paramPoly3
  s= 12.36 k=+0.0109 R_ref=92.15 w=3.35 Rc=93.82 Rin=92.15 Rsw=98.30 paramPoly3
  s= 12.43 k=+0.0124 R_ref=80.53 w=3.35 Rc=82.21 Rin=80.53 Rsw=86.68 paramPoly3
  s= 12.50 k=+0.0140 R_ref=71.57 w=3.35 Rc=73.24 Rin=71.57 Rsw=77.72 paramPoly3
  s= 12.56 k=+0.0155 R_ref=64.42 w=3.35 Rc=66.10 Rin=64.42 Rsw=70.57 paramPoly3
  s= 12.63 k=+0.0171 R_ref=58.59 w=3.35 Rc=60.26 Rin=58.59 Rsw=64.74 paramPoly3
  s= 12.70 k=+0.0186 R_ref=53.72 w=3.35 Rc=55.40 Rin=53.72 Rsw=59.87 paramPoly3
  s= 12.77 k=+0.0202 R_ref=49.59 w=3.35 Rc=51.27 Rin=49.59 Rsw=55.74 paramPoly3
  s= 12.84 k=+0.0217 R_ref=46.04 w=3.35 Rc=47.72 Rin=46.04 Rsw=52.19 paramPoly3
  s= 12.91 k=+0.0233 R_ref=42.95 w=3.35 Rc=44.62 Rin=42.95 Rsw=49.10 paramPoly3
  s= 12.98 k=+0.0249 R_ref=40.22 w=3.35 Rc=41.90 Rin=40.22 Rsw=46.37 paramPoly3
  s= 13.05 k=+0.0265 R_ref=37.80 w=3.35 Rc=39.48 Rin=37.80 Rsw=43.95 paramPoly3
  s= 13.12 k=+0.0281 R_ref=35.64 w=3.35 Rc=37.31 Rin=35.64 Rsw=41.79 paramPoly3
  s= 13.19 k=+0.0297 R_ref=33.68 w=3.35 Rc=35.36 Rin=33.68 Rsw=39.83 paramPoly3
  s= 13.26 k=+0.0313 R_ref=31.90 w=3.35 Rc=33.58 Rin=31.90 Rsw=38.05 paramPoly3
  s= 13.33 k=+0.0330 R_ref=30.28 w=3.35 Rc=31.96 Rin=30.28 Rsw=36.43 paramPoly3
  s= 13.40 k=+0.0347 R_ref=28.79 w=3.35 Rc=30.46 Rin=28.79 Rsw=34.94 paramPoly3
  s= 13.47 k=+0.0365 R_ref=27.41 w=3.35 Rc=29.09 Rin=27.41 Rsw=33.56 paramPoly3
  s= 13.54 k=+0.0383 R_ref=26.14 w=3.35 Rc=27.81 Rin=26.14 Rsw=32.29 paramPoly3
  s= 13.61 k=+0.0401 R_ref=24.95 w=3.35 Rc=26.63 Rin=24.95 Rsw=31.10 paramPoly3
  s= 13.68 k=+0.0419 R_ref=23.84 w=3.35 Rc=25.52 Rin=23.84 Rsw=29.99 paramPoly3
  s= 13.75 k=+0.0439 R_ref=22.80 w=3.35 Rc=24.48 Rin=22.80 Rsw=28.95 paramPoly3
  s= 13.82 k=+0.0458 R_ref=21.83 w=3.35 Rc=23.50 Rin=21.83 Rsw=27.98 paramPoly3
  s= 13.89 k=+0.0478 R_ref=20.91 w=3.35 Rc=22.58 Rin=20.91 Rsw=27.06 paramPoly3
  s= 13.96 k=+0.0499 R_ref=20.04 w=3.35 Rc=21.71 Rin=20.04 Rsw=26.19 paramPoly3
  s= 14.03 k=+0.0520 R_ref=19.22 w=3.35 Rc=20.89 Rin=19.22 Rsw=25.37 paramPoly3
  s= 14.10 k=+0.0542 R_ref=18.44 w=3.35 Rc=20.11 Rin=18.44 Rsw=24.59 paramPoly3
  s= 14.17 k=+0.0565 R_ref=17.69 w=3.35 Rc=19.37 Rin=17.69 Rsw=23.84 paramPoly3
  s= 14.24 k=+0.0589 R_ref=16.99 w=3.35 Rc=18.66 Rin=16.99 Rsw=23.14 paramPoly3
  s= 14.31 k=+0.0613 R_ref=16.31 w=3.35 Rc=17.99 Rin=16.31 Rsw=22.46 paramPoly3
  s= 14.37 k=+0.0638 R_ref=15.67 w=3.35 Rc=17.34 Rin=15.67 Rsw=21.82 paramPoly3
  s= 14.44 k=+0.0664 R_ref=15.05 w=3.35 Rc=16.73 Rin=15.05 Rsw=21.20 paramPoly3
  s= 14.51 k=+0.0691 R_ref=14.46 w=3.35 Rc=16.14 Rin=14.46 Rsw=20.61 paramPoly3
  s= 14.58 k=+0.0720 R_ref=13.90 w=3.35 Rc=15.57 Rin=13.90 Rsw=20.05 paramPoly3
  s= 14.64 k=+0.0749 R_ref=13.35 w=3.35 Rc=15.03 Rin=13.35 Rsw=19.50 paramPoly3
  s= 14.71 k=+0.0779 R_ref=12.83 w=3.35 Rc=14.51 Rin=12.83 Rsw=18.98 paramPoly3
  s= 14.78 k=+0.0811 R_ref=12.33 w=3.35 Rc=14.01 Rin=12.33 Rsw=18.48 paramPoly3
  s= 14.84 k=+0.0844 R_ref=11.85 w=3.35 Rc=13.52 Rin=11.85 Rsw=18.00 paramPoly3
  s= 14.91 k=+0.0878 R_ref=11.39 w=3.35 Rc=13.06 Rin=11.39 Rsw=17.54 paramPoly3
  s= 14.98 k=+0.0914 R_ref=10.94 w=3.35 Rc=12.61 Rin=10.94 Rsw=17.09 paramPoly3
  s= 15.04 k=+0.0952 R_ref=10.51 w=3.35 Rc=12.18 Rin=10.51 Rsw=16.66 paramPoly3
  s= 15.11 k=+0.0991 R_ref=10.09 w=3.35 Rc=11.77 Rin=10.09 Rsw=16.24 paramPoly3
  s= 15.17 k=+0.1032 R_ref=9.69 w=3.35 Rc=11.37 Rin=9.69 Rsw=15.84 paramPoly3
  s= 15.24 k=+0.1074 R_ref=9.31 w=3.35 Rc=10.98 Rin=9.31 Rsw=15.46 paramPoly3
  s= 15.30 k=+0.1119 R_ref=8.93 w=3.35 Rc=10.61 Rin=8.93 Rsw=15.08 paramPoly3
  s= 15.36 k=+0.1166 R_ref=8.58 w=3.35 Rc=10.25 Rin=8.58 Rsw=14.73 paramPoly3
  s= 15.43 k=+0.1215 R_ref=8.23 w=3.35 Rc=9.90 Rin=8.23 Rsw=14.38 paramPoly3
  s= 15.49 k=+0.1267 R_ref=7.89 w=3.35 Rc=9.57 Rin=7.89 Rsw=14.04 paramPoly3
  s= 15.55 k=+0.1321 R_ref=7.57 w=3.35 Rc=9.25 Rin=7.57 Rsw=13.72 paramPoly3
  s= 15.61 k=+0.1377 R_ref=7.26 w=3.35 Rc=8.93 Rin=7.26 Rsw=13.41 paramPoly3
  s= 15.67 k=+0.1437 R_ref=6.96 w=3.35 Rc=8.63 Rin=6.96 Rsw=13.11 paramPoly3
  s= 15.74 k=+0.1499 R_ref=6.67 w=3.35 Rc=8.34 Rin=6.67 Rsw=12.82 paramPoly3
  s= 15.80 k=+0.1565 R_ref=6.39 w=3.35 Rc=8.07 Rin=6.39 Rsw=12.54 paramPoly3
  s= 15.86 k=+0.1634 R_ref=6.12 w=3.35 Rc=7.80 Rin=6.12 Rsw=12.27 paramPoly3
  s= 15.92 k=+0.1706 R_ref=5.86 w=3.35 Rc=7.54 Rin=5.86 Rsw=12.01 paramPoly3
  s= 15.97 k=+0.1782 R_ref=5.61 w=3.35 Rc=7.29 Rin=5.61 Rsw=11.76 paramPoly3
  s= 16.03 k=+0.1862 R_ref=5.37 w=3.35 Rc=7.05 Rin=5.37 Rsw=11.52 paramPoly3
  s= 16.09 k=+0.1946 R_ref=5.14 w=3.35 Rc=6.81 Rin=5.14 Rsw=11.29 paramPoly3
  s= 16.15 k=+0.2034 R_ref=4.92 w=3.35 Rc=6.59 Rin=4.92 Rsw=11.07 paramPoly3
  s= 16.21 k=+0.2127 R_ref=4.70 w=3.35 Rc=6.38 Rin=4.70 Rsw=10.85 paramPoly3
  s= 16.26 k=+0.2225 R_ref=4.49 w=3.35 Rc=6.17 Rin=4.49 Rsw=10.64 paramPoly3
  s= 16.32 k=+0.2327 R_ref=4.30 w=3.35 Rc=5.97 Rin=4.30 Rsw=10.45 paramPoly3
  s= 16.37 k=+0.2435 R_ref=4.11 w=3.35 Rc=5.78 Rin=4.11 Rsw=10.26 paramPoly3
  s= 16.43 k=+0.2548 R_ref=3.92 w=3.35 Rc=5.60 Rin=3.92 Rsw=10.07 paramPoly3
  s= 16.48 k=+0.2667 R_ref=3.75 w=3.35 Rc=5.42 Rin=3.75 Rsw=9.90 paramPoly3
  s= 16.54 k=+0.2791 R_ref=3.58 w=3.35 Rc=5.26 Rin=3.58 Rsw=9.73 paramPoly3
  s= 16.59 k=+0.2922 R_ref=3.42 w=3.35 Rc=5.10 Rin=3.42 Rsw=9.57 paramPoly3
  s= 16.64 k=+0.3058 R_ref=3.27 w=3.35 Rc=4.95 Rin=3.27 Rsw=9.42 paramPoly3
  s= 16.69 k=+0.3201 R_ref=3.12 w=3.35 Rc=4.80 Rin=3.12 Rsw=9.27 paramPoly3
  s= 16.75 k=+0.3350 R_ref=2.99 w=3.35 Rc=4.66 Rin=2.99 Rsw=9.14 paramPoly3
  s= 16.80 k=+0.3505 R_ref=2.85 w=3.35 Rc=4.53 Rin=2.85 Rsw=9.00 paramPoly3
  s= 16.85 k=+0.3667 R_ref=2.73 w=3.35 Rc=4.40 Rin=2.73 Rsw=8.88 paramPoly3
  s= 16.90 k=+0.3835 R_ref=2.61 w=3.35 Rc=4.28 Rin=2.61 Rsw=8.76 paramPoly3
  s= 16.95 k=+0.4009 R_ref=2.49 w=3.35 Rc=4.17 Rin=2.49 Rsw=8.64 paramPoly3
  s= 17.00 k=+0.4189 R_ref=2.39 w=3.35 Rc=4.06 Rin=2.39 Rsw=8.54 paramPoly3
  s= 17.05 k=+0.4375 R_ref=2.29 w=3.35 Rc=3.96 Rin=2.29 Rsw=8.44 paramPoly3
  s= 17.09 k=+0.4566 R_ref=2.19 w=3.35 Rc=3.87 Rin=2.19 Rsw=8.34 paramPoly3
  s= 17.14 k=+0.4761 R_ref=2.10 w=3.35 Rc=3.78 Rin=2.10 Rsw=8.25 paramPoly3
  s= 17.19 k=+0.4960 R_ref=2.02 w=3.35 Rc=3.69 Rin=2.02 Rsw=8.17 paramPoly3
  s= 17.24 k=+0.5162 R_ref=1.94 w=3.35 Rc=3.61 Rin=1.94 Rsw=8.09 paramPoly3
  s= 17.28 k=+0.5365 R_ref=1.86 w=3.35 Rc=3.54 Rin=1.86 Rsw=8.01 paramPoly3
  s= 17.33 k=+0.5570 R_ref=1.80 w=3.35 Rc=3.47 Rin=1.80 Rsw=7.95 paramPoly3
  s= 17.38 k=+0.5773 R_ref=1.73 w=3.35 Rc=3.41 Rin=1.73 Rsw=7.88 paramPoly3
  s= 17.42 k=+0.5974 R_ref=1.67 w=3.35 Rc=3.35 Rin=1.67 Rsw=7.82 paramPoly3
  s= 17.47 k=+0.6171 R_ref=1.62 w=3.35 Rc=3.30 Rin=1.62 Rsw=7.77 paramPoly3
  s= 17.51 k=+0.6362 R_ref=1.57 w=3.35 Rc=3.25 Rin=1.57 Rsw=7.72 paramPoly3
  s= 17.56 k=+0.6544 R_ref=1.53 w=3.35 Rc=3.20 Rin=1.53 Rsw=7.68 paramPoly3
  s= 17.60 k=+0.6717 R_ref=1.49 w=3.35 Rc=3.16 Rin=1.49 Rsw=7.64 paramPoly3
  s= 17.64 k=+0.6877 R_ref=1.45 w=3.35 Rc=3.13 Rin=1.45 Rsw=7.60 paramPoly3
  s= 17.76 k=+0.0000 R_ref=inf w=3.35 Rc=inf Rin=inf Rsw=inf line
  최소 안쪽 가장자리 반경(lane -1) 0.808m at s=9.00 (k=+1.2370, w=3.35, paramPoly3)
  최소 R_ref 0.808m at s=9.00 / 인도 포함 최소 -1.633m at s=9.63
