map_sha256=5240ca8b883e42c0 (cbnu_internal_only_localtm_tags81_B_smooth_turnfix.xodr)
route=back: 33 road [1278, 1969, 1393, 1972, 1392, 1484, 1202, 1466, 1271, 1734, 1270, 1464, 1269, 1601, 1268, 1457, 1250, 1828, 1249, 1619, 1254, 1609, 1253, 1822, 1252, 1860, 1251, 1948, 1391, 1952, 1248, 1896, 1151]
  종점 road1151 lane-1 s=23.1 (완주 s>=22.1 이고 종점 5m 이내) - 후문B 추정 게이트(392632034 위, 36.624844, 127.462860 최근접 1.65m)
  커넥터 {1969: 1, 1972: 109, 1484: 43, 1466: 11, 1734: 61, 1464: 85, 1601: 37, 1457: 107, 1828: 78, 1619: 41, 1609: 39, 1822: 86, 1860: 83, 1948: 108, 1952: 106, 1896: 3}, 급회전 {1484: 78.4, 1466: -68.1}
controller=agent, 동기모드=켬 0.05s
conn_spacing=4.0m(전 구간), sharp_speed=없음
follow=on(뒤 8m, 위 4m, 매 tick)
맵: Carla/Maps/OpenDriveMap, spawn point 1302개
server_map_sha256=5240ca8b883e42c0 (파일과 일치)
spawn: Location(x=217.845581, y=-1087.414185, z=0.500000) road1278 lane-1 s=0.00
계획 CSV: /home/gyumin/campus_mobility_sim/map/docs/logs/drive_plan_20261007_213610.csv
계획 웨이포인트 총 358개
road   kind  n  s범위          최대간격(m)
1278   road  39 1.96~151.01  4.38
1969   conn  2  1.07~3.22  2.93
1393   road  10 1.85~35.20  4.0
1972   conn  1  1.48~1.48  2.07
1392   road  15 1.87~54.20  4.13
1484   conn  4  1.74~12.17  3.33
1202   road  30 1.98~117.07  3.97
1466   conn  4  1.78~12.46  4.3
1271   road  38 1.97~147.53  4.09
1734   conn  4  1.89~13.23  3.86
1270   road  13 1.95~48.68  4.06
1464   conn  5  1.74~15.69  3.7
1269   road  9  1.91~32.45  3.82
1601   conn  4  1.93~13.48  3.85
1268   road  33 1.98~128.54  3.96
1457   conn  4  2.00~13.98  3.98
1250   road  14 1.87~50.58  3.87
1828   conn  4  1.91~13.39  3.83
1249   road  7  1.76~22.93  3.68
1619   conn  4  1.94~13.59  3.92
1254   road  5  1.92~17.27  3.86
1609   conn  4  1.94~13.56  3.95
1253   road  10 1.96~37.24  4.03
1822   conn  4  1.73~12.10  3.7
1252   road  8  1.75~26.28  3.53
1860   conn  7  1.84~23.88  3.67
1251   road  35 1.96~135.39  3.93
1948   conn  2  1.71~5.13  3.59
1391   road  5  1.79~16.08  4.04
1952   conn  3  1.39~6.94  3.93
1248   road  21 1.91~78.37  4.19
1896   conn  4  1.94~13.57  3.9
1151   road  6  1.93~21.18  3.86
커넥터 안쪽 점: 60개 / 점 없는 커넥터: 없음
전체 최대 간격 4.38m, 평균 3.83m
인접 road 연결 확인: 32쌍 모두 next() 로 이어짐
판정: record(세션19, 종료/기록 분리)
궤적 로그(tick마다 기록): /home/gyumin/campus_mobility_sim/map/docs/logs/drive_log_20261007_213610.csv
차량 스폰: actor_id=25
bounding box: half_length=1.853m half_width=0.894m half_height=0.775m -> /home/gyumin/campus_mobility_sim/map/docs/logs/vehicle_bbox_20261007_213610.txt
충돌 센서 부착: actor_id=26 -> /home/gyumin/campus_mobility_sim/map/docs/logs/collision_events_20261007_213610.csv
BasicAgent set_global_plan 358점, target_speed=20.0km/h, dt=0.05
[동기모드] 전환 전: synchronous_mode=False fixed_delta_seconds=None
[동기모드] 전환 후: synchronous_mode=True fixed_delta_seconds=0.05
[전이] t=   0.05s road1278 일반 speed= 0.00m/s limit=30km/h
t=   0.1s (  217.85,-1087.41) speed= 0.00m/s road1278 s=   0.0 on_road=True
t=   1.1s (  217.86,-1087.17) speed= 1.51m/s road1278 s=   0.2 on_road=True
t=   2.1s (  217.99,-1084.54) speed= 3.75m/s road1278 s=   2.9 on_road=True
t=   3.1s (  218.22,-1079.78) speed= 5.30m/s road1278 s=   7.6 on_road=True
t=   4.1s (  218.49,-1074.23) speed= 4.68m/s road1278 s=  13.2 on_road=True
t=   5.1s (  218.72,-1069.52) speed= 5.30m/s road1278 s=  17.9 on_road=True
t=   6.1s (  218.99,-1063.95) speed= 4.82m/s road1278 s=  23.5 on_road=True
t=   7.1s (  219.22,-1059.17) speed= 5.45m/s road1278 s=  28.3 on_road=True
t=   8.1s (  219.49,-1053.59) speed= 5.25m/s road1278 s=  33.9 on_road=True
t=   9.1s (  219.72,-1049.00) speed= 5.12m/s road1278 s=  38.5 on_road=True
[tick 대조] fixed_delta=0.05 delta_seconds=0.0500 시뮬경과/프레임=0.0500s 벽시계 138.7 tick/s (프레임 200)
t=  10.1s (  220.01,-1043.39) speed= 5.26m/s road1278 s=  44.1 on_road=True
t=  11.1s (  220.28,-1038.78) speed= 5.12m/s road1278 s=  48.7 on_road=True
t=  12.1s (  220.69,-1033.26) speed= 5.04m/s road1278 s=  54.2 on_road=True
t=  13.1s (  221.10,-1028.69) speed= 5.17m/s road1278 s=  58.8 on_road=True
t=  14.1s (  221.65,-1023.15) speed= 5.02m/s road1278 s=  64.3 on_road=True
t=  15.1s (  222.14,-1018.54) speed= 5.24m/s road1278 s=  69.0 on_road=True
t=  16.1s (  222.83,-1013.02) speed= 5.05m/s road1278 s=  74.5 on_road=True
t=  17.1s (  223.79,-1008.53) speed= 5.30m/s road1278 s=  79.0 on_road=True
t=  18.1s (  225.55,-1003.21) speed= 5.16m/s road1278 s=  84.3 on_road=True
t=  19.1s (  227.29, -998.91) speed= 5.26m/s road1278 s=  89.0 on_road=True
t=  20.1s (  230.08, -994.13) speed= 4.62m/s road1278 s=  94.4 on_road=True
t=  21.1s (  233.07, -990.67) speed= 5.16m/s road1278 s=  98.7 on_road=True
t=  22.1s (  237.08, -986.95) speed= 4.45m/s road1278 s= 104.1 on_road=True
t=  23.1s (  240.67, -983.90) speed= 5.22m/s road1278 s= 108.8 on_road=True
t=  24.1s (  244.84, -980.47) speed= 4.18m/s road1278 s= 114.2 on_road=True
t=  25.1s (  248.57, -977.46) speed= 5.35m/s road1278 s= 119.0 on_road=True
t=  26.1s (  252.75, -974.11) speed= 4.08m/s road1278 s= 124.4 on_road=True
t=  27.1s (  256.50, -971.11) speed= 5.22m/s road1278 s= 129.2 on_road=True
t=  28.1s (  260.65, -967.85) speed= 4.10m/s road1278 s= 134.4 on_road=True
t=  29.1s (  264.53, -964.83) speed= 5.42m/s road1278 s= 139.3 on_road=True
t=  30.1s (  268.74, -961.61) speed= 4.23m/s road1278 s= 144.6 on_road=True
t=  31.1s (  272.72, -958.56) speed= 5.37m/s road1278 s= 149.6 on_road=True
[전이] t=  31.50s road1970 커넥터 speed= 5.62m/s limit=30km/h
[계획 이탈] t=31.50s road1970 는 계획의 현재/다음 road 가 아님(비치명, 계속 주행)
[전이] t=  31.60s road1278 일반 speed= 5.24m/s limit=30km/h
[전이] t=  31.65s road1969 커넥터 speed= 5.04m/s limit=30km/h
t=  32.1s (  276.83, -955.19) speed= 4.06m/s road1969 s=   2.2 on_road=True
[전이] t=  32.60s road1393 일반 speed= 5.11m/s limit=30km/h
t=  33.1s (  280.60, -952.09) speed= 5.49m/s road1393 s=   2.6 on_road=True
t=  34.1s (  284.73, -948.85) speed= 4.20m/s road1393 s=   7.8 on_road=True
t=  35.1s (  288.86, -946.04) speed= 6.12m/s road1393 s=  12.7 on_road=True
t=  36.1s (  293.28, -943.37) speed= 4.23m/s road1393 s=  17.8 on_road=True
t=  37.1s (  297.67, -940.83) speed= 6.26m/s road1393 s=  22.8 on_road=True
t=  38.1s (  302.05, -938.35) speed= 4.33m/s road1393 s=  27.9 on_road=True
t=  39.1s (  306.42, -935.54) speed= 6.28m/s road1393 s=  33.0 on_road=True
[전이] t=  39.65s road1972 커넥터 speed= 4.59m/s limit=30km/h
t=  40.1s (  310.24, -932.32) speed= 4.48m/s road1972 s=   2.5 on_road=True
[전이] t=  40.20s road1971 커넥터 speed= 4.75m/s limit=30km/h
[전이] t=  40.45s road1392 일반 speed= 5.18m/s limit=30km/h
t=  41.1s (  314.42, -929.02) speed= 6.13m/s road1392 s=   4.0 on_road=True
t=  42.1s (  318.27, -926.11) speed= 4.63m/s road1392 s=   8.8 on_road=True
t=  43.1s (  322.66, -922.87) speed= 5.95m/s road1392 s=  14.3 on_road=True
t=  44.1s (  326.49, -920.06) speed= 4.73m/s road1392 s=  19.1 on_road=True
t=  45.1s (  330.94, -916.81) speed= 5.75m/s road1392 s=  24.6 on_road=True
t=  46.1s (  334.71, -914.07) speed= 4.80m/s road1392 s=  29.2 on_road=True
t=  47.1s (  339.24, -910.78) speed= 5.83m/s road1392 s=  34.8 on_road=True
t=  48.1s (  343.04, -908.03) speed= 4.84m/s road1392 s=  39.5 on_road=True
t=  49.1s (  347.46, -904.83) speed= 6.22m/s road1392 s=  45.0 on_road=True
t=  50.1s (  351.42, -901.96) speed= 4.52m/s road1392 s=  49.9 on_road=True
[전이] t=  51.05s road1487 커넥터 speed= 6.05m/s limit=30km/h
t=  51.1s (  355.50, -898.50) speed= 6.05m/s road1487 s=   0.0 on_road=True
[전이] t=  51.20s road1392 일반 speed= 5.43m/s limit=30km/h
[전이] t=  51.25s road1484 커넥터 speed= 5.33m/s limit=30km/h
t=  52.1s (  357.54, -894.27) speed= 4.69m/s road1484 s=   5.5 on_road=False
t=  53.1s (  357.18, -888.91) speed= 5.98m/s road1484 s=  13.3 on_road=True
[전이] t=  53.15s road1202 일반 speed= 5.76m/s limit=30km/h
[전이] t=  53.20s road1483 커넥터 speed= 5.69m/s limit=30km/h
[전이] t=  53.40s road1202 일반 speed= 5.16m/s limit=30km/h
t=  54.1s (  355.86, -884.46) speed= 4.50m/s road1202 s=   4.1 on_road=True
t=  55.1s (  353.92, -879.42) speed= 6.42m/s road1202 s=   9.5 on_road=True
t=  56.1s (  352.00, -874.90) speed= 4.61m/s road1202 s=  14.4 on_road=True
t=  57.1s (  349.80, -869.92) speed= 5.99m/s road1202 s=  19.8 on_road=True
t=  58.1s (  347.86, -865.63) speed= 4.70m/s road1202 s=  24.5 on_road=True
t=  59.1s (  345.60, -860.65) speed= 5.81m/s road1202 s=  30.0 on_road=True
--- 메모리 측정(주행중(차량1대+BasicAgent, 동기 20Hz)) ---
total        used        free      shared  buff/cache   available
Mem:            12Gi       8.4Gi       4.0Gi       5.0Mi       347Mi       4.1Gi
Swap:          8.0Gi       1.5Gi       6.5Gi
gtt_used: 1588326400 bytes (1.48GiB)
t=  60.1s (  343.65, -856.39) speed= 4.83m/s road1202 s=  34.7 on_road=True
t=  61.1s (  341.35, -851.37) speed= 6.14m/s road1202 s=  40.2 on_road=True
t=  62.1s (  339.34, -847.00) speed= 4.68m/s road1202 s=  45.0 on_road=True
t=  63.1s (  337.09, -842.10) speed= 6.36m/s road1202 s=  50.4 on_road=True
t=  64.1s (  335.01, -837.58) speed= 4.41m/s road1202 s=  55.4 on_road=True
t=  65.1s (  332.87, -832.92) speed= 5.31m/s road1202 s=  60.5 on_road=True
t=  66.1s (  330.62, -828.04) speed= 4.05m/s road1202 s=  65.9 on_road=True
t=  67.1s (  328.60, -823.64) speed= 5.38m/s road1202 s=  70.7 on_road=True
t=  68.1s (  326.37, -818.81) speed= 4.15m/s road1202 s=  76.1 on_road=True
t=  69.1s (  324.31, -814.32) speed= 5.33m/s road1202 s=  81.0 on_road=True
t=  70.1s (  322.08, -809.47) speed= 4.16m/s road1202 s=  86.3 on_road=True
t=  71.1s (  320.01, -804.99) speed= 5.28m/s road1202 s=  91.3 on_road=True
t=  72.1s (  317.71, -799.99) speed= 4.09m/s road1202 s=  96.8 on_road=True
t=  73.1s (  315.79, -795.81) speed= 5.29m/s road1202 s= 101.4 on_road=True
t=  74.1s (  313.47, -790.76) speed= 4.47m/s road1202 s= 106.9 on_road=True
t=  75.1s (  311.51, -786.52) speed= 5.30m/s road1202 s= 111.6 on_road=True
t=  76.1s (  309.51, -781.40) speed= 4.38m/s road1202 s= 117.1 on_road=True
[전이] t=  76.40s road1467 커넥터 speed= 4.24m/s limit=30km/h
t=  77.1s (  308.98, -776.89) speed= 5.14m/s road1467 s=   5.0 on_road=True
[전이] t=  77.20s road1472 커넥터 speed= 5.20m/s limit=30km/h
[전이] t=  77.90s road1469 커넥터 speed= 5.05m/s limit=30km/h
t=  78.1s (  310.23, -771.63) speed= 4.50m/s road1469 s=   6.0 on_road=True
[전이] t=  78.55s road1466 커넥터 speed= 4.76m/s limit=30km/h
[전이] t=  79.05s road1470 커넥터 speed= 5.22m/s limit=30km/h
t=  79.1s (  312.63, -767.55) speed= 5.22m/s road1470 s=   6.1 on_road=True
[전이] t=  79.55s road1271 일반 speed= 5.77m/s limit=30km/h
t=  80.1s (  315.99, -763.28) speed= 4.06m/s road1271 s=   3.3 on_road=True
t=  81.1s (  319.12, -759.71) speed= 5.22m/s road1271 s=   8.0 on_road=True
t=  82.1s (  322.74, -755.79) speed= 4.08m/s road1271 s=  13.3 on_road=True
t=  83.1s (  326.07, -752.26) speed= 5.26m/s road1271 s=  18.2 on_road=True
t=  84.1s (  329.87, -748.26) speed= 4.60m/s road1271 s=  23.7 on_road=True
t=  85.1s (  333.11, -744.88) speed= 5.25m/s road1271 s=  28.4 on_road=True
t=  86.1s (  336.92, -740.92) speed= 4.31m/s road1271 s=  33.9 on_road=True
t=  87.1s (  340.22, -737.54) speed= 5.24m/s road1271 s=  38.6 on_road=True
t=  88.1s (  344.05, -733.74) speed= 4.09m/s road1271 s=  44.0 on_road=True
t=  89.1s (  347.50, -730.46) speed= 5.22m/s road1271 s=  48.7 on_road=True
t=  90.1s (  351.44, -726.81) speed= 4.09m/s road1271 s=  54.0 on_road=True
t=  91.1s (  355.01, -723.55) speed= 5.22m/s road1271 s=  58.9 on_road=True
t=  92.1s (  358.93, -720.00) speed= 4.09m/s road1271 s=  64.1 on_road=True
t=  93.1s (  362.58, -716.72) speed= 5.34m/s road1271 s=  69.1 on_road=True
t=  94.1s (  366.58, -713.13) speed= 4.22m/s road1271 s=  74.4 on_road=True
t=  95.1s (  370.27, -709.81) speed= 5.31m/s road1271 s=  79.4 on_road=True
t=  96.1s (  374.27, -706.21) speed= 4.14m/s road1271 s=  84.8 on_road=True
t=  97.1s (  377.93, -702.93) speed= 5.32m/s road1271 s=  89.7 on_road=True
t=  98.1s (  382.07, -699.21) speed= 4.45m/s road1271 s=  95.3 on_road=True
t=  99.1s (  385.57, -696.08) speed= 5.39m/s road1271 s=  99.9 on_road=True
t= 100.1s (  389.72, -692.35) speed= 5.08m/s road1271 s= 105.5 on_road=True
t= 101.1s (  393.20, -689.23) speed= 5.44m/s road1271 s= 110.2 on_road=True
t= 102.1s (  397.31, -685.42) speed= 5.12m/s road1271 s= 115.8 on_road=True
t= 103.1s (  400.61, -682.02) speed= 5.38m/s road1271 s= 120.7 on_road=True
t= 104.1s (  404.38, -677.89) speed= 5.10m/s road1271 s= 126.4 on_road=True
t= 105.1s (  407.60, -674.51) speed= 5.41m/s road1271 s= 131.0 on_road=True
t= 106.1s (  411.52, -670.52) speed= 5.03m/s road1271 s= 136.5 on_road=True
t= 107.1s (  414.81, -667.22) speed= 5.28m/s road1271 s= 141.2 on_road=True
t= 108.1s (  418.76, -663.28) speed= 5.05m/s road1271 s= 146.7 on_road=True
[전이] t= 108.60s road1736 커넥터 speed= 4.49m/s limit=30km/h
[전이] t= 108.65s road1271 일반 speed= 4.59m/s limit=30km/h
[전이] t= 108.70s road1735 커넥터 speed= 4.70m/s limit=30km/h
[전이] t= 108.85s road1734 커넥터 speed= 5.00m/s limit=30km/h
t= 109.1s (  422.02, -660.03) speed= 5.17m/s road1734 s=   1.8 on_road=True
t= 110.1s (  425.84, -656.06) speed= 4.86m/s road1734 s=   7.4 on_road=True
t= 111.1s (  428.97, -652.62) speed= 5.29m/s road1734 s=  12.1 on_road=True
[전이] t= 111.60s road1270 일반 speed= 5.95m/s limit=30km/h
t= 112.1s (  432.62, -648.46) speed= 4.50m/s road1270 s=   2.6 on_road=True
t= 113.1s (  435.68, -644.92) speed= 5.30m/s road1270 s=   7.3 on_road=True
t= 114.1s (  439.25, -640.77) speed= 4.22m/s road1270 s=  12.7 on_road=True
t= 115.1s (  442.33, -637.20) speed= 5.36m/s road1270 s=  17.4 on_road=True
t= 116.1s (  446.04, -633.21) speed= 4.19m/s road1270 s=  22.9 on_road=True
t= 117.1s (  449.47, -629.90) speed= 5.22m/s road1270 s=  27.5 on_road=True
t= 118.1s (  453.56, -626.53) speed= 4.01m/s road1270 s=  32.7 on_road=True
t= 119.1s (  457.48, -623.72) speed= 5.39m/s road1270 s=  37.4 on_road=True
t= 120.1s (  462.05, -620.63) speed= 4.48m/s road1270 s=  42.9 on_road=True
t= 121.1s (  466.01, -618.00) speed= 5.26m/s road1270 s=  47.6 on_road=True
[전이] t= 121.60s road1464 커넥터 speed= 5.53m/s limit=30km/h
t= 122.1s (  470.59, -615.16) speed= 4.10m/s road1464 s=   2.4 on_road=True
t= 123.1s (  474.74, -612.76) speed= 5.31m/s road1464 s=   7.1 on_road=True
[전이] t= 123.15s road1460 커넥터 speed= 5.84m/s limit=30km/h
[전이] t= 123.20s road1462 커넥터 speed= 6.13m/s limit=30km/h
[전이] t= 123.30s road1464 커넥터 speed= 6.38m/s limit=30km/h
t= 124.1s (  479.58, -610.17) speed= 4.32m/s road1464 s=  12.5 on_road=True
t= 125.1s (  483.86, -607.94) speed= 5.23m/s road1464 s=  17.4 on_road=True
[전이] t= 125.10s road1269 일반 speed= 5.59m/s limit=30km/h
t= 126.1s (  488.52, -605.53) speed= 3.85m/s road1269 s=   5.2 on_road=True
t= 127.1s (  492.74, -603.37) speed= 5.25m/s road1269 s=   9.9 on_road=True
t= 128.1s (  497.52, -600.92) speed= 4.12m/s road1269 s=  15.3 on_road=True
t= 129.1s (  501.84, -598.71) speed= 5.25m/s road1269 s=  20.1 on_road=True
t= 130.1s (  506.54, -596.30) speed= 4.08m/s road1269 s=  25.4 on_road=True
t= 131.1s (  510.89, -594.08) speed= 5.50m/s road1269 s=  30.3 on_road=True
[전이] t= 131.80s road1601 커넥터 speed= 4.53m/s limit=30km/h
t= 132.1s (  515.55, -591.69) speed= 4.10m/s road1601 s=   1.2 on_road=True
t= 133.1s (  519.94, -589.45) speed= 5.85m/s road1601 s=   6.1 on_road=True
t= 134.1s (  524.63, -587.05) speed= 4.15m/s road1601 s=  11.4 on_road=True
[전이] t= 134.65s road1596 커넥터 speed= 5.16m/s limit=30km/h
[전이] t= 134.90s road1268 일반 speed= 5.44m/s limit=30km/h
t= 135.1s (  529.01, -584.81) speed= 5.42m/s road1268 s=   0.9 on_road=True
t= 136.1s (  533.73, -582.42) speed= 5.15m/s road1268 s=   6.2 on_road=True
t= 137.1s (  538.53, -579.96) speed= 4.15m/s road1268 s=  11.6 on_road=True
t= 138.1s (  542.89, -577.72) speed= 5.21m/s road1268 s=  16.5 on_road=True
t= 139.1s (  547.85, -575.18) speed= 5.05m/s road1268 s=  22.0 on_road=True
t= 140.1s (  551.96, -573.08) speed= 5.31m/s road1268 s=  26.7 on_road=True
t= 141.1s (  556.96, -570.51) speed= 5.04m/s road1268 s=  32.3 on_road=True
t= 142.1s (  561.06, -568.42) speed= 5.17m/s road1268 s=  36.9 on_road=True
t= 143.1s (  566.02, -565.88) speed= 5.02m/s road1268 s=  42.5 on_road=True
t= 144.1s (  570.16, -563.77) speed= 5.30m/s road1268 s=  47.1 on_road=True
t= 145.1s (  575.18, -561.20) speed= 5.81m/s road1268 s=  52.7 on_road=True
t= 146.1s (  579.34, -559.07) speed= 4.83m/s road1268 s=  57.4 on_road=True
t= 147.1s (  584.30, -556.54) speed= 5.78m/s road1268 s=  63.0 on_road=True
t= 148.1s (  588.49, -554.39) speed= 4.90m/s road1268 s=  67.7 on_road=True
t= 149.1s (  593.43, -551.86) speed= 5.44m/s road1268 s=  73.2 on_road=True
t= 150.1s (  597.56, -549.75) speed= 5.04m/s road1268 s=  77.9 on_road=True
t= 151.1s (  602.60, -547.18) speed= 5.91m/s road1268 s=  83.5 on_road=True
t= 152.1s (  606.75, -545.05) speed= 4.79m/s road1268 s=  88.2 on_road=True
t= 153.1s (  611.69, -542.53) speed= 5.64m/s road1268 s=  93.7 on_road=True
t= 154.1s (  615.83, -540.42) speed= 4.88m/s road1268 s=  98.4 on_road=True
t= 155.1s (  620.79, -537.86) speed= 5.78m/s road1268 s= 104.0 on_road=True
t= 156.1s (  624.89, -535.64) speed= 4.80m/s road1268 s= 108.6 on_road=True
t= 157.1s (  629.71, -532.95) speed= 5.56m/s road1268 s= 114.2 on_road=True
t= 158.1s (  633.72, -530.66) speed= 4.91m/s road1268 s= 118.9 on_road=True
t= 159.1s (  638.50, -527.93) speed= 5.35m/s road1268 s= 124.4 on_road=True
t= 160.1s (  642.53, -525.60) speed= 5.11m/s road1268 s= 129.0 on_road=True
[전이] t= 160.25s road1458 커넥터 speed= 5.28m/s limit=30km/h
[전이] t= 160.30s road1268 일반 speed= 5.22m/s limit=30km/h
[전이] t= 160.35s road1456 커넥터 speed= 5.31m/s limit=30km/h
[전이] t= 160.45s road1457 커넥터 speed= 5.33m/s limit=30km/h
[전이] t= 160.55s road1456 커넥터 speed= 5.80m/s limit=30km/h
[전이] t= 160.70s road1457 커넥터 speed= 6.16m/s limit=30km/h
t= 161.1s (  647.28, -522.81) speed= 5.18m/s road1457 s=   4.0 on_road=True
[전이] t= 161.65s road1452 커넥터 speed= 4.41m/s limit=30km/h
[전이] t= 161.70s road1457 커넥터 speed= 4.48m/s limit=30km/h
t= 162.1s (  651.20, -520.28) speed= 5.18m/s road1457 s=   8.8 on_road=True
[전이] t= 162.20s road1455 커넥터 speed= 5.24m/s limit=30km/h
[전이] t= 162.25s road1457 커넥터 speed= 5.21m/s limit=30km/h
[전이] t= 162.65s road1454 커넥터 speed= 6.13m/s limit=30km/h
t= 163.1s (  655.75, -517.18) speed= 5.15m/s road1454 s=   7.0 on_road=True
[전이] t= 163.45s road1250 일반 speed= 4.16m/s limit=30km/h
[전이] t= 163.50s road1453 커넥터 speed= 4.23m/s limit=30km/h
[전이] t= 163.60s road1250 일반 speed= 4.41m/s limit=30km/h
t= 164.1s (  659.55, -514.47) speed= 5.30m/s road1250 s=   3.1 on_road=True
t= 165.1s (  664.10, -511.21) speed= 5.14m/s road1250 s=   8.7 on_road=True
t= 166.1s (  667.86, -508.50) speed= 5.33m/s road1250 s=  13.3 on_road=True
t= 167.1s (  672.36, -505.23) speed= 4.78m/s road1250 s=  18.9 on_road=True
t= 168.1s (  676.10, -502.52) speed= 5.29m/s road1250 s=  23.5 on_road=True
t= 169.1s (  680.57, -499.28) speed= 4.56m/s road1250 s=  29.0 on_road=True
t= 170.1s (  684.37, -496.52) speed= 5.30m/s road1250 s=  33.7 on_road=True
t= 171.1s (  688.79, -493.31) speed= 4.19m/s road1250 s=  39.2 on_road=True
t= 172.1s (  692.59, -490.55) speed= 5.31m/s road1250 s=  43.9 on_road=True
t= 173.1s (  696.98, -487.36) speed= 4.16m/s road1250 s=  49.3 on_road=True
[전이] t= 173.75s road1828 커넥터 speed= 5.28m/s limit=30km/h
[전이] t= 173.85s road1827 커넥터 speed= 5.30m/s limit=30km/h
[전이] t= 174.05s road1828 커넥터 speed= 5.43m/s limit=30km/h
t= 174.1s (  700.87, -484.51) speed= 5.43m/s road1828 s=   1.7 on_road=True
t= 175.1s (  705.44, -481.22) speed= 5.56m/s road1828 s=   7.3 on_road=True
t= 176.1s (  709.19, -478.50) speed= 4.93m/s road1828 s=  11.9 on_road=True
[전이] t= 176.70s road1249 일반 speed= 6.10m/s limit=30km/h
t= 177.1s (  713.71, -475.22) speed= 5.49m/s road1249 s=   2.2 on_road=True
t= 178.1s (  717.53, -472.44) speed= 5.06m/s road1249 s=   6.9 on_road=True
t= 179.1s (  722.02, -469.14) speed= 5.24m/s road1249 s=  12.5 on_road=True
t= 180.1s (  725.71, -466.40) speed= 5.14m/s road1249 s=  17.1 on_road=True
t= 181.1s (  730.18, -463.03) speed= 5.05m/s road1249 s=  22.7 on_road=True
[전이] t= 181.50s road1619 커넥터 speed= 4.15m/s limit=30km/h
t= 182.1s (  733.85, -460.27) speed= 5.18m/s road1619 s=   2.6 on_road=True
t= 183.1s (  738.34, -456.96) speed= 5.02m/s road1619 s=   8.2 on_road=True
t= 184.1s (  742.09, -454.25) speed= 5.16m/s road1619 s=  12.8 on_road=True
[전이] t= 184.35s road1614 커넥터 speed= 5.23m/s limit=30km/h
[전이] t= 184.55s road1254 일반 speed= 6.32m/s limit=30km/h
[전이] t= 184.60s road1618 커넥터 speed= 6.23m/s limit=30km/h
[전이] t= 184.65s road1254 일반 speed= 6.09m/s limit=30km/h
t= 185.1s (  746.61, -451.03) speed= 5.09m/s road1254 s=   2.8 on_road=True
t= 186.1s (  750.34, -448.34) speed= 5.32m/s road1254 s=   7.4 on_road=True
t= 187.1s (  754.79, -445.03) speed= 4.90m/s road1254 s=  12.9 on_road=True
t= 188.1s (  758.43, -442.20) speed= 5.16m/s road1254 s=  17.6 on_road=True
[전이] t= 188.20s road1611 커넥터 speed= 5.20m/s limit=30km/h
[전이] t= 188.30s road1254 일반 speed= 5.56m/s limit=30km/h
[전이] t= 188.35s road1609 커넥터 speed= 5.98m/s limit=30km/h
t= 189.1s (  762.75, -438.82) speed= 4.48m/s road1609 s=   4.0 on_road=True
t= 190.1s (  766.49, -436.02) speed= 5.30m/s road1609 s=   8.6 on_road=True
[전이] t= 191.00s road1605 커넥터 speed= 4.48m/s limit=30km/h
t= 191.1s (  770.91, -432.79) speed= 4.23m/s road1605 s=  11.4 on_road=True
[전이] t= 191.45s road1253 일반 speed= 4.49m/s limit=30km/h
t= 192.1s (  774.72, -430.04) speed= 5.27m/s road1253 s=   3.2 on_road=True
t= 193.1s (  779.12, -426.89) speed= 4.13m/s road1253 s=   8.6 on_road=True
t= 194.1s (  783.03, -424.11) speed= 5.37m/s road1253 s=  13.4 on_road=True
t= 195.1s (  787.47, -421.11) speed= 4.09m/s road1253 s=  18.8 on_road=True
t= 196.1s (  791.44, -418.38) speed= 5.31m/s road1253 s=  23.5 on_road=True
t= 197.1s (  795.39, -414.87) speed= 4.18m/s road1253 s=  29.1 on_road=True
t= 198.1s (  798.71, -411.20) speed= 5.98m/s road1253 s=  34.5 on_road=True
[전이] t= 198.95s road1821 커넥터 speed= 4.12m/s limit=30km/h
t= 199.1s (  802.03, -407.28) speed= 4.25m/s road1821 s=   0.4 on_road=True
[전이] t= 199.25s road1822 커넥터 speed= 4.62m/s limit=30km/h
t= 200.1s (  805.53, -403.59) speed= 6.31m/s road1822 s=   5.4 on_road=True
[전이] t= 200.20s road1819 커넥터 speed= 6.09m/s limit=30km/h
[전이] t= 200.30s road1816 커넥터 speed= 5.73m/s limit=30km/h
[전이] t= 200.40s road1822 커넥터 speed= 5.34m/s limit=30km/h
t= 201.1s (  809.27, -400.23) speed= 4.30m/s road1822 s=  10.2 on_road=True
[전이] t= 201.75s road1817 커넥터 speed= 5.22m/s limit=30km/h
[전이] t= 201.90s road1252 일반 speed= 5.55m/s limit=30km/h
t= 202.1s (  813.29, -397.03) speed= 6.29m/s road1252 s=   1.5 on_road=True
t= 203.1s (  817.25, -394.06) speed= 4.41m/s road1252 s=   6.4 on_road=True
t= 204.1s (  821.54, -390.93) speed= 6.57m/s road1252 s=  11.7 on_road=True
t= 205.1s (  825.59, -388.01) speed= 4.40m/s road1252 s=  16.7 on_road=True
t= 206.1s (  829.89, -384.93) speed= 6.28m/s road1252 s=  22.0 on_road=True
t= 207.1s (  833.85, -382.10) speed= 4.50m/s road1252 s=  26.8 on_road=True
[전이] t= 207.35s road1861 커넥터 speed= 5.12m/s limit=30km/h
[전이] t= 207.40s road1860 커넥터 speed= 5.18m/s limit=30km/h
t= 208.1s (  838.21, -378.97) speed= 6.21m/s road1860 s=   4.2 on_road=True
[전이] t= 208.65s road1854 커넥터 speed= 4.18m/s limit=30km/h
[전이] t= 208.70s road1860 커넥터 speed= 4.12m/s limit=30km/h
t= 209.1s (  842.14, -376.15) speed= 4.61m/s road1860 s=   9.0 on_road=True
[전이] t= 209.35s road1857 커넥터 speed= 5.26m/s limit=30km/h
[전이] t= 209.40s road1860 커넥터 speed= 5.29m/s limit=30km/h
t= 210.1s (  846.55, -372.96) speed= 6.15m/s road1860 s=  14.4 on_road=True
t= 211.1s (  850.44, -370.14) speed= 4.66m/s road1860 s=  19.2 on_road=True
t= 212.1s (  854.75, -367.02) speed= 6.28m/s road1860 s=  24.6 on_road=True
[전이] t= 212.20s road1856 커넥터 speed= 6.11m/s limit=30km/h
[전이] t= 212.25s road1251 일반 speed= 6.00m/s limit=30km/h
t= 213.1s (  858.85, -364.06) speed= 4.30m/s road1251 s=   3.9 on_road=True
t= 214.1s (  863.05, -361.02) speed= 6.35m/s road1251 s=   9.1 on_road=True
t= 215.1s (  867.10, -358.11) speed= 4.43m/s road1251 s=  14.1 on_road=True
t= 216.1s (  871.41, -355.01) speed= 6.29m/s road1251 s=  19.4 on_road=True
t= 217.1s (  875.37, -352.18) speed= 4.50m/s road1251 s=  24.3 on_road=True
t= 218.1s (  879.73, -349.05) speed= 6.18m/s road1251 s=  29.6 on_road=True
t= 219.1s (  883.66, -346.23) speed= 4.63m/s road1251 s=  34.5 on_road=True
t= 220.1s (  888.11, -343.05) speed= 6.17m/s road1251 s=  39.9 on_road=True
t= 221.1s (  892.01, -340.25) speed= 4.61m/s road1251 s=  44.7 on_road=True
t= 222.1s (  896.36, -337.10) speed= 6.32m/s road1251 s=  50.1 on_road=True
t= 223.1s (  900.34, -334.16) speed= 4.55m/s road1251 s=  55.1 on_road=True
t= 224.1s (  904.67, -330.92) speed= 6.14m/s road1251 s=  60.5 on_road=True
t= 225.1s (  908.49, -328.05) speed= 4.60m/s road1251 s=  65.3 on_road=True
t= 226.1s (  912.84, -324.77) speed= 5.98m/s road1251 s=  70.7 on_road=True
t= 227.1s (  916.65, -321.89) speed= 4.73m/s road1251 s=  75.5 on_road=True
t= 228.1s (  921.01, -318.61) speed= 6.13m/s road1251 s=  80.9 on_road=True
t= 229.1s (  924.87, -315.69) speed= 4.63m/s road1251 s=  85.8 on_road=True
t= 230.1s (  929.22, -312.40) speed= 5.90m/s road1251 s=  91.2 on_road=True
t= 231.1s (  933.04, -309.51) speed= 4.81m/s road1251 s=  96.0 on_road=True
t= 232.1s (  937.46, -306.18) speed= 5.85m/s road1251 s= 101.6 on_road=True
t= 233.1s (  941.28, -303.29) speed= 4.88m/s road1251 s= 106.4 on_road=True
t= 234.1s (  945.66, -299.98) speed= 6.13m/s road1251 s= 111.9 on_road=True
t= 235.1s (  949.53, -297.06) speed= 4.70m/s road1251 s= 116.7 on_road=True
t= 236.1s (  953.92, -293.74) speed= 5.92m/s road1251 s= 122.2 on_road=True
t= 237.1s (  957.65, -290.92) speed= 4.74m/s road1251 s= 126.9 on_road=True
t= 238.1s (  962.02, -287.60) speed= 6.04m/s road1251 s= 132.4 on_road=True
[전이] t= 238.90s road1949 커넥터 speed= 4.41m/s limit=30km/h
[전이] t= 239.05s road1251 일반 speed= 4.65m/s limit=30km/h
t= 239.1s (  965.54, -284.43) speed= 4.65m/s road1251 s= 137.1 on_road=True
[전이] t= 239.15s road1948 커넥터 speed= 4.87m/s limit=30km/h
t= 240.1s (  968.94, -280.17) speed= 5.76m/s road1948 s=   6.6 on_road=True
[전이] t= 240.10s road1391 일반 speed= 5.63m/s limit=30km/h
t= 241.1s (  972.20, -276.80) speed= 4.82m/s road1391 s=   3.7 on_road=True
t= 242.1s (  976.43, -273.31) speed= 5.53m/s road1391 s=   9.2 on_road=True
t= 243.1s (  980.35, -270.96) speed= 4.88m/s road1391 s=  13.5 on_road=True
[충돌] frame=26893 other=static.unknown tags= impulse=56.00 (이후 충돌은 CSV만 기록)

=== 요약 ===
route: back (종점 road1151 s=23.1)
결과: 실패 - 충돌 1tick/0.00s 연속 (road1391 s=15.7)
주행 시간(시뮬): 243.5s
계획 이탈 기록: t=31.50s road1970 는 계획의 현재/다음 road 가 아님(비치명, 계속 주행)

=== 계획 vs 실제 road 시퀀스 ===
 0 계획 1278  실제 1278 
 1 계획 1969  실제 1970   <-- 불일치
 2 계획 1393  실제 1278   <-- 불일치
 3 계획 1972  실제 1969   <-- 불일치
 4 계획 1392  실제 1393   <-- 불일치
 5 계획 1484  실제 1972   <-- 불일치
 6 계획 1202  실제 1971   <-- 불일치
 7 계획 1466  실제 1392   <-- 불일치
 8 계획 1271  실제 1487   <-- 불일치
 9 계획 1734  실제 1392   <-- 불일치
10 계획 1270  실제 1484   <-- 불일치
11 계획 1464  실제 1202   <-- 불일치
12 계획 1269  실제 1483   <-- 불일치
13 계획 1601  실제 1202   <-- 불일치
14 계획 1268  실제 1467   <-- 불일치
15 계획 1457  실제 1472   <-- 불일치
16 계획 1250  실제 1469   <-- 불일치
17 계획 1828  실제 1466   <-- 불일치
18 계획 1249  실제 1470   <-- 불일치
19 계획 1619  실제 1271   <-- 불일치
20 계획 1254  실제 1736   <-- 불일치
21 계획 1609  실제 1271   <-- 불일치
22 계획 1253  실제 1735   <-- 불일치
23 계획 1822  실제 1734   <-- 불일치
24 계획 1252  실제 1270   <-- 불일치
25 계획 1860  실제 1464   <-- 불일치
26 계획 1251  실제 1460   <-- 불일치
27 계획 1948  실제 1462   <-- 불일치
28 계획 1391  실제 1464   <-- 불일치
29 계획 1952  실제 1269   <-- 불일치
30 계획 1248  실제 1601   <-- 불일치
31 계획 1896  실제 1596   <-- 불일치
32 계획 1151  실제 1268   <-- 불일치
33 계획 -     실제 1458   <-- 불일치
34 계획 -     실제 1268   <-- 불일치
35 계획 -     실제 1456   <-- 불일치
36 계획 -     실제 1457   <-- 불일치
37 계획 -     실제 1456   <-- 불일치
38 계획 -     실제 1457   <-- 불일치
39 계획 -     실제 1452   <-- 불일치
40 계획 -     실제 1457   <-- 불일치
41 계획 -     실제 1455   <-- 불일치
42 계획 -     실제 1457   <-- 불일치
43 계획 -     실제 1454   <-- 불일치
44 계획 -     실제 1250   <-- 불일치
45 계획 -     실제 1453   <-- 불일치
46 계획 -     실제 1250   <-- 불일치
47 계획 -     실제 1828   <-- 불일치
48 계획 -     실제 1827   <-- 불일치
49 계획 -     실제 1828   <-- 불일치
50 계획 -     실제 1249   <-- 불일치
51 계획 -     실제 1619   <-- 불일치
52 계획 -     실제 1614   <-- 불일치
53 계획 -     실제 1254   <-- 불일치
54 계획 -     실제 1618   <-- 불일치
55 계획 -     실제 1254   <-- 불일치
56 계획 -     실제 1611   <-- 불일치
57 계획 -     실제 1254   <-- 불일치
58 계획 -     실제 1609   <-- 불일치
59 계획 -     실제 1605   <-- 불일치
60 계획 -     실제 1253   <-- 불일치
61 계획 -     실제 1821   <-- 불일치
62 계획 -     실제 1822   <-- 불일치
63 계획 -     실제 1819   <-- 불일치
64 계획 -     실제 1816   <-- 불일치
65 계획 -     실제 1822   <-- 불일치
66 계획 -     실제 1817   <-- 불일치
67 계획 -     실제 1252   <-- 불일치
68 계획 -     실제 1861   <-- 불일치
69 계획 -     실제 1860   <-- 불일치
70 계획 -     실제 1854   <-- 불일치
71 계획 -     실제 1860   <-- 불일치
72 계획 -     실제 1857   <-- 불일치
73 계획 -     실제 1860   <-- 불일치
74 계획 -     실제 1856   <-- 불일치
75 계획 -     실제 1251   <-- 불일치
76 계획 -     실제 1949   <-- 불일치
77 계획 -     실제 1251   <-- 불일치
78 계획 -     실제 1948   <-- 불일치
79 계획 -     실제 1391   <-- 불일치
첫 불일치 위치: 1번째 (계획 1969 / 실제 1970)
junction 통과(커넥터 road 를 실제로 밟았는지):
junction1   (r1969): 통과
junction109 (r1972): 통과
junction43  (r1484): 통과
junction11  (r1466): 통과
junction61  (r1734): 통과
junction85  (r1464): 통과
junction37  (r1601): 통과
junction107 (r1457): 통과
junction78  (r1828): 통과
junction41  (r1619): 통과
junction39  (r1609): 통과
junction86  (r1822): 통과
junction83  (r1860): 통과
junction108 (r1948): 통과
junction106 (r1952): 미통과
junction3   (r1896): 미통과
junction2(출발 전), junction35(종점 밖)는 통과 대상 아님

=== 급회전 커넥터 이탈량 (정의: sharp_offset docstring) ===
r1484 (+78.4°): tick 37, 최대|lat| 1.67m, 최대 차체초과 +1.00m(안쪽, s=10.5), on_road False 11tick, 충돌 0건
r1466 (-68.1°): tick 56, 최대|lat| 1.41m, 최대 차체초과 +0.62m(안쪽, s=7.2), on_road False 0tick, 충돌 0건
r1484 진입: t=51.25s speed=5.33m/s(19.2km/h)
r1466 진입: t=78.55s speed=4.76m/s(17.1km/h)

=== 차체 판정 road 별 (tick 수, 최대 차선밖 꼭짓점) ===
road1278: 인도 23tick, 차선밖꼭짓점 최대 1/4 (1개 이상 27tick), 반대차선(중심) 0tick, (계획 차선 안 0tick), 꼭짓점 침범깊이 최대 0.14m, 메시밖 0tick
road1393: 인도 2tick, 차선밖꼭짓점 최대 1/4 (1개 이상 2tick), 반대차선(중심) 0tick, (계획 차선 안 0tick), 꼭짓점 침범깊이 최대 0.00m, 메시밖 0tick
road1972: 인도 3tick, 차선밖꼭짓점 최대 1/4 (1개 이상 3tick), 반대차선(중심) 0tick, (계획 차선 안 0tick), 꼭짓점 침범깊이 최대 0.00m, 메시밖 0tick
road1392: 인도 1tick, 차선밖꼭짓점 최대 1/4 (1개 이상 1tick), 반대차선(중심) 0tick, (계획 차선 안 0tick), 꼭짓점 침범깊이 최대 0.00m, 메시밖 0tick
road1487: 인도 2tick, 차선밖꼭짓점 최대 1/4 (1개 이상 2tick), 반대차선(중심) 0tick, (계획 차선 안 0tick), 꼭짓점 침범깊이 최대 0.00m, 메시밖 0tick
road1484: 인도 38tick, 차선밖꼭짓점 최대 2/4 (1개 이상 38tick), 반대차선(중심) 0tick, (계획 차선 안 0tick), 꼭짓점 침범깊이 최대 0.00m, 메시밖 2tick
road1202: 인도 15tick, 차선밖꼭짓점 최대 1/4 (1개 이상 15tick), 반대차선(중심) 0tick, (계획 차선 안 0tick), 꼭짓점 침범깊이 최대 0.00m, 메시밖 0tick
road1483: 인도 4tick, 차선밖꼭짓점 최대 1/4 (1개 이상 4tick), 반대차선(중심) 0tick, (계획 차선 안 0tick), 꼭짓점 침범깊이 최대 0.00m, 메시밖 0tick
road1467: 인도 0tick, 차선밖꼭짓점 최대 0/4 (1개 이상 0tick), 반대차선(중심) 0tick, (계획 차선 안 0tick), 꼭짓점 침범깊이 최대 1.95m, 메시밖 0tick
road1472: 인도 0tick, 차선밖꼭짓점 최대 0/4 (1개 이상 0tick), 반대차선(중심) 14tick, (계획 차선 안 14tick), 꼭짓점 침범깊이 최대 2.96m, 메시밖 0tick
road1469: 인도 0tick, 차선밖꼭짓점 최대 0/4 (1개 이상 0tick), 반대차선(중심) 3tick, (계획 차선 안 3tick), 꼭짓점 침범깊이 최대 2.57m, 메시밖 0tick
road1466: 인도 0tick, 차선밖꼭짓점 최대 0/4 (1개 이상 0tick), 반대차선(중심) 0tick, (계획 차선 안 0tick), 꼭짓점 침범깊이 최대 2.38m, 메시밖 0tick
road1470: 인도 0tick, 차선밖꼭짓점 최대 0/4 (1개 이상 0tick), 반대차선(중심) 0tick, (계획 차선 안 0tick), 꼭짓점 침범깊이 최대 0.91m, 메시밖 0tick
road1464: 인도 0tick, 차선밖꼭짓점 최대 0/4 (1개 이상 0tick), 반대차선(중심) 0tick, (계획 차선 안 0tick), 꼭짓점 침범깊이 최대 1.91m, 메시밖 0tick
road1460: 인도 0tick, 차선밖꼭짓점 최대 0/4 (1개 이상 0tick), 반대차선(중심) 0tick, (계획 차선 안 0tick), 꼭짓점 침범깊이 최대 0.91m, 메시밖 0tick
road1462: 인도 0tick, 차선밖꼭짓점 최대 0/4 (1개 이상 0tick), 반대차선(중심) 0tick, (계획 차선 안 0tick), 꼭짓점 침범깊이 최대 1.09m, 메시밖 0tick
road1269: 인도 0tick, 차선밖꼭짓점 최대 0/4 (1개 이상 0tick), 반대차선(중심) 0tick, (계획 차선 안 0tick), 꼭짓점 침범깊이 최대 2.56m, 메시밖 0tick
road1601: 인도 0tick, 차선밖꼭짓점 최대 0/4 (1개 이상 0tick), 반대차선(중심) 0tick, (계획 차선 안 0tick), 꼭짓점 침범깊이 최대 1.92m, 메시밖 0tick
road1596: 인도 0tick, 차선밖꼭짓점 최대 0/4 (1개 이상 0tick), 반대차선(중심) 0tick, (계획 차선 안 0tick), 꼭짓점 침범깊이 최대 1.76m, 메시밖 0tick
road1268: 인도 0tick, 차선밖꼭짓점 최대 0/4 (1개 이상 0tick), 반대차선(중심) 0tick, (계획 차선 안 0tick), 꼭짓점 침범깊이 최대 1.74m, 메시밖 0tick
road1458: 인도 0tick, 차선밖꼭짓점 최대 0/4 (1개 이상 0tick), 반대차선(중심) 0tick, (계획 차선 안 0tick), 꼭짓점 침범깊이 최대 1.70m, 메시밖 0tick
road1456: 인도 0tick, 차선밖꼭짓점 최대 0/4 (1개 이상 0tick), 반대차선(중심) 0tick, (계획 차선 안 0tick), 꼭짓점 침범깊이 최대 1.72m, 메시밖 0tick
road1457: 인도 0tick, 차선밖꼭짓점 최대 0/4 (1개 이상 0tick), 반대차선(중심) 0tick, (계획 차선 안 0tick), 꼭짓점 침범깊이 최대 2.08m, 메시밖 0tick
road1452: 인도 0tick, 차선밖꼭짓점 최대 0/4 (1개 이상 0tick), 반대차선(중심) 0tick, (계획 차선 안 0tick), 꼭짓점 침범깊이 최대 1.98m, 메시밖 0tick
road1455: 인도 0tick, 차선밖꼭짓점 최대 0/4 (1개 이상 0tick), 반대차선(중심) 0tick, (계획 차선 안 0tick), 꼭짓점 침범깊이 최대 1.94m, 메시밖 0tick
road1454: 인도 0tick, 차선밖꼭짓점 최대 0/4 (1개 이상 0tick), 반대차선(중심) 0tick, (계획 차선 안 0tick), 꼭짓점 침범깊이 최대 2.23m, 메시밖 0tick
road1250: 인도 0tick, 차선밖꼭짓점 최대 0/4 (1개 이상 0tick), 반대차선(중심) 0tick, (계획 차선 안 0tick), 꼭짓점 침범깊이 최대 2.56m, 메시밖 0tick
road1453: 인도 0tick, 차선밖꼭짓점 최대 0/4 (1개 이상 0tick), 반대차선(중심) 0tick, (계획 차선 안 0tick), 꼭짓점 침범깊이 최대 2.25m, 메시밖 0tick
road1828: 인도 0tick, 차선밖꼭짓점 최대 0/4 (1개 이상 0tick), 반대차선(중심) 0tick, (계획 차선 안 0tick), 꼭짓점 침범깊이 최대 1.12m, 메시밖 0tick
road1822: 인도 0tick, 차선밖꼭짓점 최대 0/4 (1개 이상 0tick), 반대차선(중심) 0tick, (계획 차선 안 0tick), 꼭짓점 침범깊이 최대 1.74m, 메시밖 0tick
road1819: 인도 0tick, 차선밖꼭짓점 최대 0/4 (1개 이상 0tick), 반대차선(중심) 0tick, (계획 차선 안 0tick), 꼭짓점 침범깊이 최대 1.22m, 메시밖 0tick
road1816: 인도 0tick, 차선밖꼭짓점 최대 0/4 (1개 이상 0tick), 반대차선(중심) 0tick, (계획 차선 안 0tick), 꼭짓점 침범깊이 최대 1.20m, 메시밖 0tick
road1860: 인도 0tick, 차선밖꼭짓점 최대 0/4 (1개 이상 0tick), 반대차선(중심) 0tick, (계획 차선 안 0tick), 꼭짓점 침범깊이 최대 1.72m, 메시밖 0tick
road1854: 인도 0tick, 차선밖꼭짓점 최대 0/4 (1개 이상 0tick), 반대차선(중심) 0tick, (계획 차선 안 0tick), 꼭짓점 침범깊이 최대 1.37m, 메시밖 0tick
road1857: 인도 0tick, 차선밖꼭짓점 최대 0/4 (1개 이상 0tick), 반대차선(중심) 0tick, (계획 차선 안 0tick), 꼭짓점 침범깊이 최대 1.59m, 메시밖 0tick
road1948: 인도 14tick, 차선밖꼭짓점 최대 1/4 (1개 이상 14tick), 반대차선(중심) 0tick, (계획 차선 안 0tick), 꼭짓점 침범깊이 최대 0.00m, 메시밖 0tick
road1391: 인도 0tick, 차선밖꼭짓점 최대 1/4 (1개 이상 12tick), 반대차선(중심) 0tick, (계획 차선 안 0tick), 꼭짓점 침범깊이 최대 0.00m, 메시밖 0tick
(목록에 없는 road 는 전부 0)

=== 차선 이탈 구간 (차체 기준, 계획 중심선 기준, 세션19) ===
t=20.00~20.95s road1278 -중앙선 쪽 최대 lat -0.90m 차체초과 0.11m 중심초과 0.00m 20tick, 진입 18.1km/h, road 평균R 173.65 R2min 10.28
t=39.50~39.70s road1393 +인도 쪽 최대 lat +0.91m 차체초과 0.13m 중심초과 0.00m 5tick, 진입 18.7km/h, road 평균R 209.60 R2min 13.11
t=51.25~53.60s road1484 +인도 쪽 최대 lat +1.77m 차체초과 0.98m 중심초과 0.09m 48tick, 진입 19.2km/h, road 평균R 10.12 R2min 7.40
t=76.50~79.25s road1466 -중앙선 쪽 최대 lat -1.42m 차체초과 0.64m 중심초과 0.00m 56tick, 진입 16.0km/h, road 평균R 11.90 R2min 6.48
t=239.35~239.80s road1948 +인도 쪽 최대 lat +1.03m 차체초과 0.25m 중심초과 0.00m 10tick, 진입 19.0km/h, road 평균R 10.95 R2min 5.25
t=243.10~243.50s road1391 -중앙선 쪽 최대 lat -1.21m 차체초과 0.43m 중심초과 0.00m 9tick, 진입 18.0km/h, road 평균R 11.51 R2min 3.22
합계 6구간 (중앙선 쪽 3, 인도 쪽 3), 최대 차체초과 0.98m
충돌 누적 1건
판정: record
follow=on

=== 실패 직전 10초 road 전이 (t_end=243.50s) ===
t= 238.90s road1949  커넥터 speed= 4.41m/s (965.1,-284.9)
t= 239.05s road1251  일반  speed= 4.65m/s (965.5,-284.4)
t= 239.15s road1948  커넥터 speed= 4.87m/s (965.8,-284.1)
t= 240.10s road1391  일반  speed= 5.63m/s (969.1,-280.0)
궤적 로그: /home/gyumin/campus_mobility_sim/map/docs/logs/drive_log_20261007_213610.csv
충돌 센서(actor_id=26) 제거함
실패/예외로 차량(actor_id=25) 제거함
[동기모드] 복귀: synchronous_mode=False fixed_delta_seconds=None
