map_sha256=5240ca8b883e42c0 (cbnu_internal_only_localtm_tags81_B_smooth_turnfix.xodr)
route=back: 33 road [1278, 1969, 1393, 1972, 1392, 1484, 1202, 1466, 1271, 1734, 1270, 1464, 1269, 1601, 1268, 1457, 1250, 1828, 1249, 1619, 1254, 1609, 1253, 1822, 1252, 1860, 1251, 1948, 1391, 1952, 1248, 1896, 1151]
  종점 road1151 lane-1 s=23.1 (완주 s>=22.1 이고 종점 5m 이내) - 후문B 추정 게이트(392632034 위, 36.624844, 127.462860 최근접 1.65m)
  커넥터 {1969: 1, 1972: 109, 1484: 43, 1466: 11, 1734: 61, 1464: 85, 1601: 37, 1457: 107, 1828: 78, 1619: 41, 1609: 39, 1822: 86, 1860: 83, 1948: 108, 1952: 106, 1896: 3}, 급회전 {1484: 78.4, 1466: -68.1}
controller=agent, 동기모드=켬 0.05s
conn_spacing=4.0m(전 구간), sharp_speed=없음
follow=on(뒤 8m, 위 4m, 매 tick)
맵: Carla/Maps/OpenDriveMap, spawn point 1302개
server_map_sha256=5240ca8b883e42c0 (파일과 일치)
spawn: Location(x=217.845581, y=-1087.414185, z=0.500000) road1278 lane-1 s=0.00
계획 CSV: /home/gyumin/campus_mobility_sim/map/docs/logs/drive_plan_20261007_213244.csv
계획 웨이포인트 총 358개
road   kind  n  s범위          최대간격(m)
1278   road  39 1.96~151.01  4.38
1969   conn  2  1.07~3.22  2.93
1393   road  10 1.85~35.20  4.0
1972   conn  1  1.48~1.48  2.07
1392   road  15 1.87~54.20  4.13
1484   conn  4  1.74~12.17  3.33
1202   road  30 1.98~117.07  3.97
1466   conn  4  1.78~12.46  4.3
1271   road  38 1.97~147.53  4.09
1734   conn  4  1.89~13.23  3.86
1270   road  13 1.95~48.68  4.06
1464   conn  5  1.74~15.69  3.7
1269   road  9  1.91~32.45  3.82
1601   conn  4  1.93~13.48  3.85
1268   road  33 1.98~128.54  3.96
1457   conn  4  2.00~13.98  3.98
1250   road  14 1.87~50.58  3.87
1828   conn  4  1.91~13.39  3.83
1249   road  7  1.76~22.93  3.68
1619   conn  4  1.94~13.59  3.92
1254   road  5  1.92~17.27  3.86
1609   conn  4  1.94~13.56  3.95
1253   road  10 1.96~37.24  4.03
1822   conn  4  1.73~12.10  3.7
1252   road  8  1.75~26.28  3.53
1860   conn  7  1.84~23.88  3.67
1251   road  35 1.96~135.39  3.93
1948   conn  2  1.71~5.13  3.59
1391   road  5  1.79~16.08  4.04
1952   conn  3  1.39~6.94  3.93
1248   road  21 1.91~78.37  4.19
1896   conn  4  1.94~13.57  3.9
1151   road  6  1.93~21.18  3.86
커넥터 안쪽 점: 60개 / 점 없는 커넥터: 없음
전체 최대 간격 4.38m, 평균 3.83m
인접 road 연결 확인: 32쌍 모두 next() 로 이어짐
판정: record(세션19, 종료/기록 분리)
궤적 로그(tick마다 기록): /home/gyumin/campus_mobility_sim/map/docs/logs/drive_log_20261007_213244.csv
차량 스폰: actor_id=25
bounding box: half_length=1.853m half_width=0.894m half_height=0.775m -> /home/gyumin/campus_mobility_sim/map/docs/logs/vehicle_bbox_20261007_213244.txt
충돌 센서 부착: actor_id=26 -> /home/gyumin/campus_mobility_sim/map/docs/logs/collision_events_20261007_213244.csv
BasicAgent set_global_plan 358점, target_speed=20.0km/h, dt=0.05
[동기모드] 전환 전: synchronous_mode=False fixed_delta_seconds=None
[동기모드] 전환 후: synchronous_mode=True fixed_delta_seconds=0.05
[전이] t=   0.05s road1278 일반 speed= 0.00m/s limit=30km/h
t=   0.1s (  217.85,-1087.41) speed= 0.00m/s road1278 s=   0.0 on_road=True
t=   1.1s (  217.86,-1087.17) speed= 1.50m/s road1278 s=   0.2 on_road=True
t=   2.1s (  217.99,-1084.54) speed= 3.75m/s road1278 s=   2.9 on_road=True
t=   3.1s (  218.22,-1079.78) speed= 5.30m/s road1278 s=   7.6 on_road=True
t=   4.1s (  218.49,-1074.24) speed= 4.65m/s road1278 s=  13.2 on_road=True
t=   5.1s (  218.72,-1069.53) speed= 5.32m/s road1278 s=  17.9 on_road=True
t=   6.1s (  218.99,-1063.95) speed= 5.02m/s road1278 s=  23.5 on_road=True
t=   7.1s (  219.22,-1059.27) speed= 5.39m/s road1278 s=  28.2 on_road=True
t=   8.1s (  219.49,-1053.64) speed= 5.21m/s road1278 s=  33.8 on_road=True
t=   9.1s (  219.72,-1049.02) speed= 5.16m/s road1278 s=  38.4 on_road=True
[tick 대조] fixed_delta=0.05 delta_seconds=0.0500 시뮬경과/프레임=0.0500s 벽시계 154.0 tick/s (프레임 200)
t=  10.1s (  220.00,-1043.41) speed= 5.65m/s road1278 s=  44.1 on_road=True
t=  11.1s (  220.29,-1038.74) speed= 4.93m/s road1278 s=  48.7 on_road=True
t=  12.1s (  220.70,-1033.20) speed= 5.34m/s road1278 s=  54.3 on_road=True
t=  13.1s (  221.10,-1028.62) speed= 5.01m/s road1278 s=  58.8 on_road=True
t=  14.1s (  221.66,-1023.08) speed= 5.22m/s road1278 s=  64.4 on_road=True
t=  15.1s (  222.15,-1018.48) speed= 5.14m/s road1278 s=  69.0 on_road=True
t=  16.1s (  222.84,-1012.93) speed= 5.05m/s road1278 s=  74.6 on_road=True
t=  17.1s (  223.82,-1008.48) speed= 5.23m/s road1278 s=  79.0 on_road=True
t=  18.1s (  225.55,-1003.22) speed= 5.03m/s road1278 s=  84.3 on_road=True
t=  19.1s (  227.28, -998.93) speed= 5.28m/s road1278 s=  88.9 on_road=True
t=  20.1s (  230.07, -994.12) speed= 5.04m/s road1278 s=  94.4 on_road=True
t=  21.1s (  233.10, -990.68) speed= 5.23m/s road1278 s=  98.7 on_road=True
t=  22.1s (  237.16, -986.91) speed= 5.03m/s road1278 s= 104.2 on_road=True
t=  23.1s (  240.68, -983.90) speed= 5.27m/s road1278 s= 108.8 on_road=True
t=  24.1s (  244.98, -980.36) speed= 5.11m/s road1278 s= 114.4 on_road=True
t=  25.1s (  248.58, -977.45) speed= 5.32m/s road1278 s= 119.0 on_road=True
t=  26.1s (  252.92, -973.97) speed= 4.87m/s road1278 s= 124.6 on_road=True
t=  27.1s (  256.54, -971.09) speed= 5.28m/s road1278 s= 129.2 on_road=True
t=  28.1s (  260.88, -967.67) speed= 4.55m/s road1278 s= 134.7 on_road=True
t=  29.1s (  264.56, -964.81) speed= 5.18m/s road1278 s= 139.3 on_road=True
t=  30.1s (  268.89, -961.50) speed= 4.17m/s road1278 s= 144.8 on_road=True
t=  31.1s (  272.64, -958.62) speed= 5.29m/s road1278 s= 149.5 on_road=True
[전이] t=  31.55s road1970 커넥터 speed= 6.20m/s limit=30km/h
[계획 이탈] t=31.55s road1970 는 계획의 현재/다음 road 가 아님(비치명, 계속 주행)
[전이] t=  31.60s road1278 일반 speed= 6.12m/s limit=30km/h
[전이] t=  31.70s road1969 커넥터 speed= 5.76m/s limit=30km/h
t=  32.1s (  276.95, -955.09) speed= 4.85m/s road1969 s=   2.3 on_road=True
[전이] t=  32.55s road1393 일반 speed= 4.63m/s limit=30km/h
t=  33.1s (  280.60, -952.09) speed= 5.29m/s road1393 s=   2.6 on_road=True
t=  34.1s (  284.90, -948.71) speed= 4.23m/s road1393 s=   8.1 on_road=True
t=  35.1s (  288.78, -946.10) speed= 5.21m/s road1393 s=  12.6 on_road=True
t=  36.1s (  293.39, -943.31) speed= 4.15m/s road1393 s=  17.9 on_road=True
t=  37.1s (  297.56, -940.90) speed= 5.30m/s road1393 s=  22.7 on_road=True
t=  38.1s (  302.25, -938.25) speed= 4.14m/s road1393 s=  28.1 on_road=True
t=  39.1s (  306.32, -935.66) speed= 5.23m/s road1393 s=  32.9 on_road=True
[전이] t=  39.65s road1972 커넥터 speed= 5.15m/s limit=30km/h
t=  40.1s (  310.29, -932.31) speed= 3.96m/s road1972 s=   2.5 on_road=True
[전이] t=  40.20s road1971 커넥터 speed= 4.16m/s limit=30km/h
[전이] t=  40.50s road1392 일반 speed= 4.78m/s limit=30km/h
t=  41.1s (  314.05, -929.31) speed= 5.29m/s road1392 s=   3.6 on_road=True
t=  42.1s (  318.29, -926.10) speed= 4.11m/s road1392 s=   8.9 on_road=True
t=  43.1s (  322.23, -923.18) speed= 5.68m/s road1392 s=  13.8 on_road=True
t=  44.1s (  326.45, -920.09) speed= 4.14m/s road1392 s=  19.0 on_road=True
t=  45.1s (  330.47, -917.16) speed= 5.96m/s road1392 s=  24.0 on_road=True
t=  46.1s (  334.68, -914.10) speed= 4.19m/s road1392 s=  29.2 on_road=True
t=  47.1s (  338.76, -911.14) speed= 6.10m/s road1392 s=  34.2 on_road=True
t=  48.1s (  342.94, -908.10) speed= 4.26m/s road1392 s=  39.4 on_road=True
t=  49.1s (  347.08, -905.11) speed= 6.31m/s road1392 s=  44.5 on_road=True
t=  50.1s (  351.19, -902.13) speed= 4.32m/s road1392 s=  49.6 on_road=True
t=  51.1s (  355.19, -898.84) speed= 6.23m/s road1392 s=  54.7 on_road=True
[전이] t=  51.10s road1487 커넥터 speed= 6.20m/s limit=30km/h
[전이] t=  51.25s road1392 일반 speed= 5.57m/s limit=30km/h
[전이] t=  51.30s road1484 커넥터 speed= 5.48m/s limit=30km/h
t=  52.1s (  357.45, -894.61) speed= 4.48m/s road1484 s=   5.2 on_road=True
t=  53.1s (  357.31, -889.57) speed= 5.73m/s road1484 s=  12.5 on_road=True
[전이] t=  53.25s road1202 일반 speed= 6.31m/s limit=30km/h
[전이] t=  53.30s road1483 커넥터 speed= 6.31m/s limit=30km/h
[전이] t=  53.50s road1202 일반 speed= 5.47m/s limit=30km/h
t=  54.1s (  355.89, -884.58) speed= 3.92m/s road1202 s=   4.0 on_road=True
t=  55.1s (  354.20, -880.09) speed= 5.18m/s road1202 s=   8.8 on_road=True
t=  56.1s (  352.14, -875.23) speed= 4.07m/s road1202 s=  14.0 on_road=True
t=  57.1s (  350.18, -870.77) speed= 5.48m/s road1202 s=  18.9 on_road=True
t=  58.1s (  348.02, -865.98) speed= 4.18m/s road1202 s=  24.2 on_road=True
t=  59.1s (  345.95, -861.42) speed= 5.96m/s road1202 s=  29.2 on_road=True
--- 메모리 측정(주행중(차량1대+BasicAgent, 동기 20Hz)) ---
total        used        free      shared  buff/cache   available
Mem:            12Gi       8.4Gi       4.0Gi       8.0Mi       366Mi       4.0Gi
Swap:          8.0Gi       1.5Gi       6.5Gi
gtt_used: 1736355840 bytes (1.62GiB)
t=  60.1s (  343.81, -856.73) speed= 4.22m/s road1202 s=  34.3 on_road=True
t=  61.1s (  341.70, -852.14) speed= 6.24m/s road1202 s=  39.4 on_road=True
t=  62.1s (  339.60, -847.56) speed= 4.31m/s road1202 s=  44.4 on_road=True
t=  63.1s (  337.44, -842.86) speed= 6.22m/s road1202 s=  49.6 on_road=True
t=  64.1s (  335.31, -838.24) speed= 4.44m/s road1202 s=  54.7 on_road=True
t=  65.1s (  333.10, -833.43) speed= 6.23m/s road1202 s=  60.0 on_road=True
t=  66.1s (  331.04, -828.96) speed= 4.54m/s road1202 s=  64.9 on_road=True
t=  67.1s (  328.82, -824.13) speed= 6.28m/s road1202 s=  70.2 on_road=True
t=  68.1s (  326.73, -819.58) speed= 4.58m/s road1202 s=  75.2 on_road=True
t=  69.1s (  324.46, -814.65) speed= 6.19m/s road1202 s=  80.6 on_road=True
t=  70.1s (  322.45, -810.29) speed= 4.62m/s road1202 s=  85.4 on_road=True
t=  71.1s (  320.18, -805.34) speed= 6.14m/s road1202 s=  90.9 on_road=True
t=  72.1s (  318.16, -800.96) speed= 4.69m/s road1202 s=  95.7 on_road=True
t=  73.1s (  315.92, -796.09) speed= 6.26m/s road1202 s= 101.1 on_road=True
t=  74.1s (  313.85, -791.59) speed= 4.40m/s road1202 s= 106.0 on_road=True
t=  75.1s (  311.66, -786.81) speed= 6.26m/s road1202 s= 111.3 on_road=True
t=  76.1s (  309.71, -782.25) speed= 4.40m/s road1202 s= 116.2 on_road=True
[전이] t=  76.55s road1467 커넥터 speed= 5.31m/s limit=30km/h
t=  77.1s (  308.93, -777.17) speed= 6.16m/s road1467 s=   5.0 on_road=True
[전이] t=  77.25s road1472 커넥터 speed= 5.65m/s limit=30km/h
[전이] t=  78.05s road1469 커넥터 speed= 4.40m/s limit=30km/h
t=  78.1s (  309.95, -772.44) speed= 4.40m/s road1469 s=   6.1 on_road=True
[전이] t=  78.70s road1466 커넥터 speed= 5.25m/s limit=30km/h
t=  79.1s (  312.41, -767.85) speed= 6.16m/s road1466 s=  11.8 on_road=True
[전이] t=  79.10s road1470 커넥터 speed= 6.04m/s limit=30km/h
[전이] t=  79.65s road1271 일반 speed= 4.34m/s limit=30km/h
t=  80.1s (  315.39, -763.97) speed= 4.59m/s road1271 s=   2.3 on_road=True
t=  81.1s (  318.93, -759.91) speed= 5.92m/s road1271 s=   7.7 on_road=True
t=  82.1s (  322.14, -756.43) speed= 4.74m/s road1271 s=  12.5 on_road=True
t=  83.1s (  325.92, -752.41) speed= 5.84m/s road1271 s=  18.0 on_road=True
t=  84.1s (  329.14, -749.03) speed= 4.83m/s road1271 s=  22.6 on_road=True
t=  85.1s (  332.99, -745.01) speed= 5.69m/s road1271 s=  28.2 on_road=True
t=  86.1s (  336.25, -741.61) speed= 4.96m/s road1271 s=  32.9 on_road=True
t=  87.1s (  340.17, -737.60) speed= 5.38m/s road1271 s=  38.5 on_road=True
t=  88.1s (  343.42, -734.36) speed= 5.02m/s road1271 s=  43.1 on_road=True
t=  89.1s (  347.45, -730.50) speed= 5.23m/s road1271 s=  48.6 on_road=True
t=  90.1s (  350.84, -727.35) speed= 5.14m/s road1271 s=  53.2 on_road=True
t=  91.1s (  354.97, -723.59) speed= 5.05m/s road1271 s=  58.8 on_road=True
t=  92.1s (  358.36, -720.52) speed= 5.18m/s road1271 s=  63.4 on_road=True
t=  93.1s (  362.54, -716.76) speed= 5.05m/s road1271 s=  69.0 on_road=True
t=  94.1s (  365.96, -713.68) speed= 5.18m/s road1271 s=  73.6 on_road=True
t=  95.1s (  370.12, -709.95) speed= 5.74m/s road1271 s=  79.2 on_road=True
t=  96.1s (  373.60, -706.82) speed= 4.81m/s road1271 s=  83.9 on_road=True
t=  97.1s (  377.73, -703.11) speed= 5.60m/s road1271 s=  89.4 on_road=True
t=  98.1s (  381.21, -699.98) speed= 4.94m/s road1271 s=  94.1 on_road=True
t=  99.1s (  385.36, -696.27) speed= 5.81m/s road1271 s=  99.7 on_road=True
t= 100.1s (  388.88, -693.10) speed= 4.85m/s road1271 s= 104.4 on_road=True
t= 101.1s (  393.01, -689.39) speed= 5.88m/s road1271 s= 110.0 on_road=True
t= 102.1s (  396.56, -686.18) speed= 4.85m/s road1271 s= 114.7 on_road=True
t= 103.1s (  400.43, -682.21) speed= 5.57m/s road1271 s= 120.4 on_road=True
t= 104.1s (  403.56, -678.79) speed= 4.94m/s road1271 s= 125.2 on_road=True
t= 105.1s (  407.40, -674.72) speed= 5.77m/s road1271 s= 130.7 on_road=True
t= 106.1s (  410.66, -671.39) speed= 4.80m/s road1271 s= 135.3 on_road=True
t= 107.1s (  414.56, -667.47) speed= 5.56m/s road1271 s= 140.8 on_road=True
t= 108.1s (  417.85, -664.18) speed= 4.93m/s road1271 s= 145.5 on_road=True
[전이] t= 108.80s road1735 커넥터 speed= 6.29m/s limit=30km/h
[전이] t= 108.90s road1734 커넥터 speed= 6.00m/s limit=30km/h
t= 109.1s (  421.81, -660.24) speed= 5.35m/s road1734 s=   1.6 on_road=True
t= 110.1s (  425.01, -656.95) speed= 5.00m/s road1734 s=   6.1 on_road=True
t= 111.1s (  428.76, -652.85) speed= 5.23m/s road1734 s=  11.8 on_road=True
[전이] t= 111.80s road1270 일반 speed= 4.63m/s limit=30km/h
t= 112.1s (  431.83, -649.37) speed= 5.16m/s road1270 s=   1.4 on_road=True
t= 113.1s (  435.48, -645.15) speed= 5.15m/s road1270 s=   6.9 on_road=True
t= 114.1s (  438.48, -641.66) speed= 5.27m/s road1270 s=  11.6 on_road=True
t= 115.1s (  442.11, -637.46) speed= 6.19m/s road1270 s=  17.1 on_road=True
t= 116.1s (  445.33, -633.91) speed= 4.62m/s road1270 s=  21.9 on_road=True
t= 117.1s (  449.23, -630.12) speed= 5.99m/s road1270 s=  27.2 on_road=True
t= 118.1s (  452.83, -627.11) speed= 4.70m/s road1270 s=  31.8 on_road=True
t= 119.1s (  457.22, -623.89) speed= 5.69m/s road1270 s=  37.1 on_road=True
t= 120.1s (  461.06, -621.28) speed= 4.79m/s road1270 s=  41.7 on_road=True
t= 121.1s (  465.41, -618.38) speed= 5.11m/s road1270 s=  46.9 on_road=True
[전이] t= 121.75s road1464 커넥터 speed= 5.38m/s limit=30km/h
t= 122.1s (  470.04, -615.49) speed= 4.56m/s road1464 s=   1.7 on_road=True
t= 123.1s (  474.09, -613.12) speed= 5.23m/s road1464 s=   6.4 on_road=True
[전이] t= 123.30s road1460 커넥터 speed= 6.13m/s limit=30km/h
[전이] t= 123.35s road1462 커넥터 speed= 6.26m/s limit=30km/h
[전이] t= 123.40s road1464 커넥터 speed= 6.38m/s limit=30km/h
t= 124.1s (  478.95, -610.48) speed= 4.39m/s road1464 s=  11.8 on_road=True
t= 125.1s (  483.13, -608.33) speed= 5.27m/s road1464 s=  16.5 on_road=True
[전이] t= 125.25s road1269 일반 speed= 5.81m/s limit=30km/h
t= 126.1s (  488.02, -605.79) speed= 4.07m/s road1269 s=   4.6 on_road=True
t= 127.1s (  492.10, -603.70) speed= 5.29m/s road1269 s=   9.2 on_road=True
t= 128.1s (  497.04, -601.16) speed= 4.45m/s road1269 s=  14.7 on_road=True
t= 129.1s (  501.20, -599.03) speed= 5.21m/s road1269 s=  19.4 on_road=True
t= 130.1s (  506.09, -596.53) speed= 4.22m/s road1269 s=  24.9 on_road=True
t= 131.1s (  510.29, -594.38) speed= 5.25m/s road1269 s=  29.6 on_road=True
[전이] t= 131.90s road1602 커넥터 speed= 4.87m/s limit=30km/h
[전이] t= 131.95s road1601 커넥터 speed= 4.48m/s limit=30km/h
t= 132.1s (  515.11, -591.92) speed= 4.11m/s road1601 s=   0.7 on_road=True
t= 133.1s (  519.35, -589.75) speed= 5.25m/s road1601 s=   5.4 on_road=True
t= 134.1s (  524.13, -587.30) speed= 4.12m/s road1601 s=  10.8 on_road=True
[전이] t= 134.75s road1596 커넥터 speed= 5.26m/s limit=30km/h
[전이] t= 135.05s road1268 일반 speed= 5.50m/s limit=30km/h
t= 135.1s (  528.44, -585.12) speed= 5.50m/s road1268 s=   0.2 on_road=True
t= 136.1s (  533.29, -582.63) speed= 6.26m/s road1268 s=   5.7 on_road=True
t= 137.1s (  537.62, -580.42) speed= 4.51m/s road1268 s=  10.5 on_road=True
t= 138.1s (  542.36, -577.99) speed= 6.36m/s road1268 s=  15.9 on_road=True
t= 139.1s (  546.79, -575.72) speed= 4.41m/s road1268 s=  20.9 on_road=True
t= 140.1s (  551.36, -573.38) speed= 5.34m/s road1268 s=  26.0 on_road=True
t= 141.1s (  556.12, -570.95) speed= 4.10m/s road1268 s=  31.3 on_road=True
t= 142.1s (  560.49, -568.71) speed= 5.62m/s road1268 s=  36.2 on_road=True
t= 143.1s (  565.15, -566.33) speed= 4.15m/s road1268 s=  41.5 on_road=True
t= 144.1s (  569.58, -564.06) speed= 5.56m/s road1268 s=  46.5 on_road=True
t= 145.1s (  574.26, -561.67) speed= 4.16m/s road1268 s=  51.7 on_road=True
t= 146.1s (  578.69, -559.40) speed= 5.56m/s road1268 s=  56.7 on_road=True
t= 147.1s (  583.38, -557.00) speed= 4.27m/s road1268 s=  61.9 on_road=True
t= 148.1s (  587.92, -554.68) speed= 6.26m/s road1268 s=  67.1 on_road=True
t= 149.1s (  592.42, -552.38) speed= 4.30m/s road1268 s=  72.1 on_road=True
t= 150.1s (  597.00, -550.04) speed= 6.22m/s road1268 s=  77.2 on_road=True
t= 151.1s (  601.55, -547.71) speed= 4.34m/s road1268 s=  82.4 on_road=True
t= 152.1s (  606.18, -545.35) speed= 6.44m/s road1268 s=  87.6 on_road=True
t= 153.1s (  610.71, -543.03) speed= 4.33m/s road1268 s=  92.6 on_road=True
t= 154.1s (  615.32, -540.68) speed= 6.27m/s road1268 s=  97.8 on_road=True
t= 155.1s (  619.84, -538.37) speed= 4.32m/s road1268 s= 102.9 on_road=True
t= 156.1s (  624.40, -535.92) speed= 6.34m/s road1268 s= 108.1 on_road=True
t= 157.1s (  628.76, -533.48) speed= 4.43m/s road1268 s= 113.2 on_road=True
t= 158.1s (  633.37, -530.86) speed= 6.31m/s road1268 s= 118.5 on_road=True
t= 159.1s (  637.60, -528.44) speed= 4.49m/s road1268 s= 123.3 on_road=True
t= 160.1s (  642.24, -525.77) speed= 6.16m/s road1268 s= 128.7 on_road=True
[전이] t= 160.30s road1458 커넥터 speed= 5.22m/s limit=30km/h
[전이] t= 160.35s road1268 일반 speed= 5.16m/s limit=30km/h
[전이] t= 160.40s road1456 커넥터 speed= 5.02m/s limit=30km/h
[전이] t= 160.50s road1457 커넥터 speed= 4.90m/s limit=30km/h
t= 161.1s (  646.41, -523.32) speed= 4.63m/s road1457 s=   3.0 on_road=True
t= 162.1s (  650.91, -520.46) speed= 5.86m/s road1457 s=   8.4 on_road=True
[전이] t= 162.25s road1455 커넥터 speed= 5.18m/s limit=30km/h
[전이] t= 162.35s road1457 커넥터 speed= 5.10m/s limit=30km/h
[전이] t= 162.75s road1454 커넥터 speed= 4.31m/s limit=30km/h
t= 163.1s (  654.87, -517.77) speed= 4.89m/s road1454 s=   5.8 on_road=True
[전이] t= 163.60s road1250 일반 speed= 5.40m/s limit=30km/h
[전이] t= 163.65s road1453 커넥터 speed= 5.84m/s limit=30km/h
[전이] t= 163.70s road1250 일반 speed= 6.15m/s limit=30km/h
t= 164.1s (  659.37, -514.60) speed= 5.45m/s road1250 s=   2.8 on_road=True
t= 165.1s (  663.17, -511.87) speed= 5.07m/s road1250 s=   7.5 on_road=True
t= 166.1s (  667.74, -508.58) speed= 5.27m/s road1250 s=  13.1 on_road=True
t= 167.1s (  671.45, -505.89) speed= 5.13m/s road1250 s=  17.7 on_road=True
t= 168.1s (  675.96, -502.62) speed= 5.04m/s road1250 s=  23.3 on_road=True
t= 169.1s (  679.68, -499.92) speed= 5.18m/s road1250 s=  27.9 on_road=True
t= 170.1s (  684.19, -496.65) speed= 5.02m/s road1250 s=  33.5 on_road=True
t= 171.1s (  687.94, -493.93) speed= 5.25m/s road1250 s=  38.1 on_road=True
t= 172.1s (  692.45, -490.66) speed= 5.03m/s road1250 s=  43.7 on_road=True
t= 173.1s (  696.17, -487.95) speed= 5.22m/s road1250 s=  48.3 on_road=True
[전이] t= 173.80s road1828 커넥터 speed= 5.44m/s limit=30km/h
[전이] t= 173.90s road1827 커넥터 speed= 5.17m/s limit=30km/h
t= 174.1s (  700.66, -484.66) speed= 4.97m/s road1827 s=   1.4 on_road=True
[전이] t= 174.15s road1828 커넥터 speed= 4.31m/s limit=30km/h
t= 175.1s (  704.39, -481.98) speed= 5.31m/s road1828 s=   6.0 on_road=True
t= 176.1s (  708.91, -478.71) speed= 4.50m/s road1828 s=  11.6 on_road=True
[전이] t= 176.90s road1249 일반 speed= 5.30m/s limit=30km/h
t= 177.1s (  712.71, -475.95) speed= 5.38m/s road1249 s=   1.0 on_road=True
t= 178.1s (  717.22, -472.67) speed= 5.07m/s road1249 s=   6.5 on_road=True
t= 179.1s (  720.98, -469.90) speed= 5.24m/s road1249 s=  11.2 on_road=True
t= 180.1s (  725.45, -466.58) speed= 4.84m/s road1249 s=  16.8 on_road=True
t= 181.1s (  729.18, -463.78) speed= 5.28m/s road1249 s=  21.4 on_road=True
[전이] t= 181.65s road1619 커넥터 speed= 5.74m/s limit=30km/h
t= 182.1s (  733.59, -460.47) speed= 4.50m/s road1619 s=   2.3 on_road=True
t= 183.1s (  737.33, -457.70) speed= 5.28m/s road1619 s=   7.0 on_road=True
t= 184.1s (  741.75, -454.50) speed= 4.26m/s road1619 s=  12.4 on_road=True
[전이] t= 184.50s road1614 커넥터 speed= 4.60m/s limit=30km/h
[전이] t= 184.80s road1254 일반 speed= 5.18m/s limit=30km/h
t= 185.1s (  745.58, -451.76) speed= 5.33m/s road1254 s=   1.5 on_road=True
t= 186.1s (  750.00, -448.58) speed= 4.17m/s road1254 s=   7.0 on_road=True
t= 187.1s (  753.85, -445.75) speed= 5.32m/s road1254 s=  11.8 on_road=True
t= 188.1s (  758.08, -442.48) speed= 4.07m/s road1254 s=  17.2 on_road=True
[전이] t= 188.35s road1611 커넥터 speed= 4.49m/s limit=30km/h
[전이] t= 188.45s road1254 일반 speed= 4.70m/s limit=30km/h
[전이] t= 188.50s road1609 커넥터 speed= 4.80m/s limit=30km/h
t= 189.1s (  761.84, -439.54) speed= 5.15m/s road1609 s=   2.8 on_road=True
t= 190.1s (  766.05, -436.35) speed= 4.20m/s road1609 s=   8.0 on_road=True
t= 191.1s (  770.07, -433.40) speed= 5.99m/s road1609 s=  13.0 on_road=True
[전이] t= 191.20s road1605 커넥터 speed= 6.28m/s limit=30km/h
[전이] t= 191.50s road1253 일반 speed= 5.25m/s limit=30km/h
t= 192.1s (  774.24, -430.39) speed= 4.21m/s road1253 s=   2.6 on_road=True
t= 193.1s (  778.33, -427.45) speed= 6.23m/s road1253 s=   7.7 on_road=True
t= 194.1s (  782.44, -424.52) speed= 4.39m/s road1253 s=  12.7 on_road=True
t= 195.1s (  786.78, -421.57) speed= 6.23m/s road1253 s=  17.9 on_road=True
t= 196.1s (  790.83, -418.81) speed= 4.53m/s road1253 s=  22.8 on_road=True
t= 197.1s (  794.88, -415.37) speed= 6.05m/s road1253 s=  28.3 on_road=True
t= 198.1s (  798.12, -411.89) speed= 4.58m/s road1253 s=  33.6 on_road=True
t= 199.1s (  801.61, -407.79) speed= 5.90m/s road1253 s=  39.0 on_road=True
[전이] t= 199.10s road1821 커넥터 speed= 5.73m/s limit=30km/h
[전이] t= 199.30s road1822 커넥터 speed= 5.09m/s limit=30km/h
t= 200.1s (  804.82, -404.30) speed= 4.74m/s road1822 s=   4.4 on_road=True
[전이] t= 200.45s road1819 커넥터 speed= 5.27m/s limit=30km/h
[전이] t= 200.55s road1816 커넥터 speed= 5.30m/s limit=30km/h
[전이] t= 200.65s road1822 커넥터 speed= 5.32m/s limit=30km/h
t= 201.1s (  808.88, -400.56) speed= 5.83m/s road1822 s=   9.7 on_road=True
[전이] t= 201.85s road1817 커넥터 speed= 4.42m/s limit=30km/h
[전이] t= 202.05s road1252 일반 speed= 4.82m/s limit=30km/h
t= 202.1s (  812.52, -397.63) speed= 4.82m/s road1252 s=   0.5 on_road=True
t= 203.1s (  816.94, -394.30) speed= 5.60m/s road1252 s=   6.0 on_road=True
t= 204.1s (  820.66, -391.57) speed= 4.91m/s road1252 s=  10.6 on_road=True
t= 205.1s (  825.11, -388.36) speed= 5.35m/s road1252 s=  16.1 on_road=True
t= 206.1s (  828.90, -385.64) speed= 5.11m/s road1252 s=  20.7 on_road=True
t= 207.1s (  833.44, -382.39) speed= 5.16m/s road1252 s=  26.3 on_road=True
[전이] t= 207.45s road1861 커넥터 speed= 4.13m/s limit=30km/h
[전이] t= 207.50s road1860 커넥터 speed= 4.17m/s limit=30km/h
t= 208.1s (  837.20, -379.69) speed= 5.28m/s road1860 s=   2.9 on_road=True
t= 209.1s (  841.74, -376.43) speed= 5.02m/s road1860 s=   8.5 on_road=True
[전이] t= 209.50s road1857 커넥터 speed= 4.23m/s limit=30km/h
[전이] t= 209.55s road1860 커넥터 speed= 4.31m/s limit=30km/h
t= 210.1s (  845.50, -373.72) speed= 5.36m/s road1860 s=  13.1 on_road=True
t= 211.1s (  850.03, -370.44) speed= 5.09m/s road1860 s=  18.7 on_road=True
t= 212.1s (  853.85, -367.68) speed= 5.32m/s road1860 s=  23.5 on_road=True
[전이] t= 212.40s road1856 커넥터 speed= 5.54m/s limit=30km/h
[전이] t= 212.50s road1251 일반 speed= 6.26m/s limit=30km/h
t= 213.1s (  858.37, -364.41) speed= 5.02m/s road1251 s=   3.3 on_road=True
t= 214.1s (  862.13, -361.69) speed= 5.38m/s road1251 s=   8.0 on_road=True
t= 215.1s (  866.69, -358.40) speed= 5.16m/s road1251 s=  13.6 on_road=True
t= 216.1s (  870.53, -355.64) speed= 5.25m/s road1251 s=  18.3 on_road=True
t= 217.1s (  875.13, -352.34) speed= 5.08m/s road1251 s=  24.0 on_road=True
t= 218.1s (  878.87, -349.66) speed= 5.27m/s road1251 s=  28.6 on_road=True
t= 219.1s (  883.40, -346.42) speed= 5.07m/s road1251 s=  34.2 on_road=True
t= 220.1s (  887.14, -343.74) speed= 5.35m/s road1251 s=  38.8 on_road=True
t= 221.1s (  891.70, -340.47) speed= 5.04m/s road1251 s=  44.4 on_road=True
t= 222.1s (  895.44, -337.78) speed= 5.23m/s road1251 s=  49.0 on_road=True
t= 223.1s (  899.89, -334.50) speed= 5.05m/s road1251 s=  54.5 on_road=True
t= 224.1s (  903.62, -331.71) speed= 5.29m/s road1251 s=  59.2 on_road=True
t= 225.1s (  908.07, -328.36) speed= 5.01m/s road1251 s=  64.7 on_road=True
t= 226.1s (  911.81, -325.55) speed= 5.30m/s road1251 s=  69.4 on_road=True
t= 227.1s (  916.23, -322.21) speed= 4.50m/s road1251 s=  74.9 on_road=True
t= 228.1s (  919.98, -319.38) speed= 5.37m/s road1251 s=  79.6 on_road=True
t= 229.1s (  924.43, -316.02) speed= 5.01m/s road1251 s=  85.2 on_road=True
t= 230.1s (  928.15, -313.21) speed= 5.39m/s road1251 s=  89.9 on_road=True
t= 231.1s (  932.61, -309.84) speed= 5.05m/s road1251 s=  95.5 on_road=True
t= 232.1s (  936.30, -307.05) speed= 5.18m/s road1251 s= 100.1 on_road=True
t= 233.1s (  940.77, -303.68) speed= 5.01m/s road1251 s= 105.7 on_road=True
t= 234.1s (  944.47, -300.88) speed= 5.29m/s road1251 s= 110.4 on_road=True
t= 235.1s (  948.96, -297.48) speed= 5.20m/s road1251 s= 116.0 on_road=True
t= 236.1s (  952.68, -294.67) speed= 5.16m/s road1251 s= 120.7 on_road=True
t= 237.1s (  957.15, -291.29) speed= 5.02m/s road1251 s= 126.3 on_road=True
t= 238.1s (  960.81, -288.51) speed= 5.26m/s road1251 s= 130.9 on_road=True
[전이] t= 239.05s road1949 커넥터 speed= 5.09m/s limit=30km/h
t= 239.1s (  965.10, -284.93) speed= 5.09m/s road1949 s=   0.0 on_road=True
[전이] t= 239.20s road1251 일반 speed= 4.20m/s limit=30km/h
[전이] t= 239.30s road1948 커넥터 speed= 3.96m/s limit=30km/h
t= 240.1s (  967.83, -281.41) speed= 5.20m/s road1948 s=   4.7 on_road=True
[전이] t= 240.45s road1391 일반 speed= 5.93m/s limit=30km/h
t= 241.1s (  971.62, -277.35) speed= 5.11m/s road1391 s=   3.0 on_road=True
t= 242.1s (  975.08, -274.30) speed= 5.16m/s road1391 s=   7.4 on_road=True
t= 243.1s (  979.65, -271.35) speed= 4.74m/s road1391 s=  12.7 on_road=True
[충돌] frame=32167 other=static.unknown tags= impulse=686.80 (이후 충돌은 CSV만 기록)

=== 요약 ===
route: back (종점 road1151 s=23.1)
결과: 실패 - 충돌 1tick/0.00s 연속 (road1391 s=14.7)
주행 시간(시뮬): 243.6s
계획 이탈 기록: t=31.55s road1970 는 계획의 현재/다음 road 가 아님(비치명, 계속 주행)

=== 계획 vs 실제 road 시퀀스 ===
 0 계획 1278  실제 1278 
 1 계획 1969  실제 1970   <-- 불일치
 2 계획 1393  실제 1278   <-- 불일치
 3 계획 1972  실제 1969   <-- 불일치
 4 계획 1392  실제 1393   <-- 불일치
 5 계획 1484  실제 1972   <-- 불일치
 6 계획 1202  실제 1971   <-- 불일치
 7 계획 1466  실제 1392   <-- 불일치
 8 계획 1271  실제 1487   <-- 불일치
 9 계획 1734  실제 1392   <-- 불일치
10 계획 1270  실제 1484   <-- 불일치
11 계획 1464  실제 1202   <-- 불일치
12 계획 1269  실제 1483   <-- 불일치
13 계획 1601  실제 1202   <-- 불일치
14 계획 1268  실제 1467   <-- 불일치
15 계획 1457  실제 1472   <-- 불일치
16 계획 1250  실제 1469   <-- 불일치
17 계획 1828  실제 1466   <-- 불일치
18 계획 1249  실제 1470   <-- 불일치
19 계획 1619  실제 1271   <-- 불일치
20 계획 1254  실제 1735   <-- 불일치
21 계획 1609  실제 1734   <-- 불일치
22 계획 1253  실제 1270   <-- 불일치
23 계획 1822  실제 1464   <-- 불일치
24 계획 1252  실제 1460   <-- 불일치
25 계획 1860  실제 1462   <-- 불일치
26 계획 1251  실제 1464   <-- 불일치
27 계획 1948  실제 1269   <-- 불일치
28 계획 1391  실제 1602   <-- 불일치
29 계획 1952  실제 1601   <-- 불일치
30 계획 1248  실제 1596   <-- 불일치
31 계획 1896  실제 1268   <-- 불일치
32 계획 1151  실제 1458   <-- 불일치
33 계획 -     실제 1268   <-- 불일치
34 계획 -     실제 1456   <-- 불일치
35 계획 -     실제 1457   <-- 불일치
36 계획 -     실제 1455   <-- 불일치
37 계획 -     실제 1457   <-- 불일치
38 계획 -     실제 1454   <-- 불일치
39 계획 -     실제 1250   <-- 불일치
40 계획 -     실제 1453   <-- 불일치
41 계획 -     실제 1250   <-- 불일치
42 계획 -     실제 1828   <-- 불일치
43 계획 -     실제 1827   <-- 불일치
44 계획 -     실제 1828   <-- 불일치
45 계획 -     실제 1249   <-- 불일치
46 계획 -     실제 1619   <-- 불일치
47 계획 -     실제 1614   <-- 불일치
48 계획 -     실제 1254   <-- 불일치
49 계획 -     실제 1611   <-- 불일치
50 계획 -     실제 1254   <-- 불일치
51 계획 -     실제 1609   <-- 불일치
52 계획 -     실제 1605   <-- 불일치
53 계획 -     실제 1253   <-- 불일치
54 계획 -     실제 1821   <-- 불일치
55 계획 -     실제 1822   <-- 불일치
56 계획 -     실제 1819   <-- 불일치
57 계획 -     실제 1816   <-- 불일치
58 계획 -     실제 1822   <-- 불일치
59 계획 -     실제 1817   <-- 불일치
60 계획 -     실제 1252   <-- 불일치
61 계획 -     실제 1861   <-- 불일치
62 계획 -     실제 1860   <-- 불일치
63 계획 -     실제 1857   <-- 불일치
64 계획 -     실제 1860   <-- 불일치
65 계획 -     실제 1856   <-- 불일치
66 계획 -     실제 1251   <-- 불일치
67 계획 -     실제 1949   <-- 불일치
68 계획 -     실제 1251   <-- 불일치
69 계획 -     실제 1948   <-- 불일치
70 계획 -     실제 1391   <-- 불일치
첫 불일치 위치: 1번째 (계획 1969 / 실제 1970)
junction 통과(커넥터 road 를 실제로 밟았는지):
junction1   (r1969): 통과
junction109 (r1972): 통과
junction43  (r1484): 통과
junction11  (r1466): 통과
junction61  (r1734): 통과
junction85  (r1464): 통과
junction37  (r1601): 통과
junction107 (r1457): 통과
junction78  (r1828): 통과
junction41  (r1619): 통과
junction39  (r1609): 통과
junction86  (r1822): 통과
junction83  (r1860): 통과
junction108 (r1948): 통과
junction106 (r1952): 미통과
junction3   (r1896): 미통과
junction2(출발 전), junction35(종점 밖)는 통과 대상 아님

=== 급회전 커넥터 이탈량 (정의: sharp_offset docstring) ===
r1484 (+78.4°): tick 38, 최대|lat| 1.65m, 최대 차체초과 +0.99m(안쪽, s=10.2), on_road False 11tick, 충돌 0건
r1466 (-68.1°): tick 55, 최대|lat| 1.39m, 최대 차체초과 +0.65m(안쪽, s=7.2), on_road False 0tick, 충돌 0건
r1484 진입: t=51.30s speed=5.48m/s(19.7km/h)
r1466 진입: t=78.70s speed=5.25m/s(18.9km/h)

=== 차체 판정 road 별 (tick 수, 최대 차선밖 꼭짓점) ===
road1278: 인도 23tick, 차선밖꼭짓점 최대 1/4 (1개 이상 27tick), 반대차선(중심) 0tick, (계획 차선 안 0tick), 꼭짓점 침범깊이 최대 0.16m, 메시밖 0tick
road1393: 인도 1tick, 차선밖꼭짓점 최대 1/4 (1개 이상 1tick), 반대차선(중심) 0tick, (계획 차선 안 0tick), 꼭짓점 침범깊이 최대 0.00m, 메시밖 0tick
road1972: 인도 3tick, 차선밖꼭짓점 최대 1/4 (1개 이상 3tick), 반대차선(중심) 0tick, (계획 차선 안 0tick), 꼭짓점 침범깊이 최대 0.00m, 메시밖 0tick
road1392: 인도 1tick, 차선밖꼭짓점 최대 1/4 (1개 이상 1tick), 반대차선(중심) 0tick, (계획 차선 안 0tick), 꼭짓점 침범깊이 최대 0.00m, 메시밖 0tick
road1487: 인도 1tick, 차선밖꼭짓점 최대 1/4 (1개 이상 1tick), 반대차선(중심) 0tick, (계획 차선 안 0tick), 꼭짓점 침범깊이 최대 0.00m, 메시밖 0tick
road1484: 인도 39tick, 차선밖꼭짓점 최대 2/4 (1개 이상 39tick), 반대차선(중심) 0tick, (계획 차선 안 0tick), 꼭짓점 침범깊이 최대 0.00m, 메시밖 1tick
road1202: 인도 14tick, 차선밖꼭짓점 최대 1/4 (1개 이상 14tick), 반대차선(중심) 0tick, (계획 차선 안 0tick), 꼭짓점 침범깊이 최대 0.00m, 메시밖 0tick
road1483: 인도 4tick, 차선밖꼭짓점 최대 1/4 (1개 이상 4tick), 반대차선(중심) 0tick, (계획 차선 안 0tick), 꼭짓점 침범깊이 최대 0.00m, 메시밖 0tick
road1467: 인도 0tick, 차선밖꼭짓점 최대 0/4 (1개 이상 0tick), 반대차선(중심) 0tick, (계획 차선 안 0tick), 꼭짓점 침범깊이 최대 1.99m, 메시밖 0tick
road1472: 인도 0tick, 차선밖꼭짓점 최대 0/4 (1개 이상 0tick), 반대차선(중심) 16tick, (계획 차선 안 16tick), 꼭짓점 침범깊이 최대 2.92m, 메시밖 0tick
road1469: 인도 0tick, 차선밖꼭짓점 최대 0/4 (1개 이상 0tick), 반대차선(중심) 3tick, (계획 차선 안 3tick), 꼭짓점 침범깊이 최대 2.63m, 메시밖 0tick
road1466: 인도 0tick, 차선밖꼭짓점 최대 0/4 (1개 이상 0tick), 반대차선(중심) 0tick, (계획 차선 안 0tick), 꼭짓점 침범깊이 최대 2.26m, 메시밖 0tick
road1470: 인도 0tick, 차선밖꼭짓점 최대 0/4 (1개 이상 0tick), 반대차선(중심) 0tick, (계획 차선 안 0tick), 꼭짓점 침범깊이 최대 0.94m, 메시밖 0tick
road1464: 인도 0tick, 차선밖꼭짓점 최대 0/4 (1개 이상 0tick), 반대차선(중심) 0tick, (계획 차선 안 0tick), 꼭짓점 침범깊이 최대 1.94m, 메시밖 0tick
road1460: 인도 0tick, 차선밖꼭짓점 최대 0/4 (1개 이상 0tick), 반대차선(중심) 0tick, (계획 차선 안 0tick), 꼭짓점 침범깊이 최대 0.87m, 메시밖 0tick
road1462: 인도 0tick, 차선밖꼭짓점 최대 0/4 (1개 이상 0tick), 반대차선(중심) 0tick, (계획 차선 안 0tick), 꼭짓점 침범깊이 최대 0.95m, 메시밖 0tick
road1269: 인도 0tick, 차선밖꼭짓점 최대 0/4 (1개 이상 0tick), 반대차선(중심) 0tick, (계획 차선 안 0tick), 꼭짓점 침범깊이 최대 2.56m, 메시밖 0tick
road1602: 인도 0tick, 차선밖꼭짓점 최대 0/4 (1개 이상 0tick), 반대차선(중심) 0tick, (계획 차선 안 0tick), 꼭짓점 침범깊이 최대 1.92m, 메시밖 0tick
road1601: 인도 0tick, 차선밖꼭짓점 최대 0/4 (1개 이상 0tick), 반대차선(중심) 0tick, (계획 차선 안 0tick), 꼭짓점 침범깊이 최대 1.92m, 메시밖 0tick
road1596: 인도 0tick, 차선밖꼭짓점 최대 0/4 (1개 이상 0tick), 반대차선(중심) 0tick, (계획 차선 안 0tick), 꼭짓점 침범깊이 최대 1.76m, 메시밖 0tick
road1268: 인도 0tick, 차선밖꼭짓점 최대 0/4 (1개 이상 0tick), 반대차선(중심) 0tick, (계획 차선 안 0tick), 꼭짓점 침범깊이 최대 1.74m, 메시밖 0tick
road1458: 인도 0tick, 차선밖꼭짓점 최대 0/4 (1개 이상 0tick), 반대차선(중심) 0tick, (계획 차선 안 0tick), 꼭짓점 침범깊이 최대 1.70m, 메시밖 0tick
road1456: 인도 0tick, 차선밖꼭짓점 최대 0/4 (1개 이상 0tick), 반대차선(중심) 0tick, (계획 차선 안 0tick), 꼭짓점 침범깊이 최대 1.72m, 메시밖 0tick
road1457: 인도 0tick, 차선밖꼭짓점 최대 0/4 (1개 이상 0tick), 반대차선(중심) 0tick, (계획 차선 안 0tick), 꼭짓점 침범깊이 최대 2.06m, 메시밖 0tick
road1455: 인도 0tick, 차선밖꼭짓점 최대 0/4 (1개 이상 0tick), 반대차선(중심) 0tick, (계획 차선 안 0tick), 꼭짓점 침범깊이 최대 1.97m, 메시밖 0tick
road1454: 인도 0tick, 차선밖꼭짓점 최대 0/4 (1개 이상 0tick), 반대차선(중심) 0tick, (계획 차선 안 0tick), 꼭짓점 침범깊이 최대 2.23m, 메시밖 0tick
road1250: 인도 0tick, 차선밖꼭짓점 최대 0/4 (1개 이상 0tick), 반대차선(중심) 0tick, (계획 차선 안 0tick), 꼭짓점 침범깊이 최대 2.56m, 메시밖 0tick
road1453: 인도 0tick, 차선밖꼭짓점 최대 0/4 (1개 이상 0tick), 반대차선(중심) 0tick, (계획 차선 안 0tick), 꼭짓점 침범깊이 최대 2.24m, 메시밖 0tick
road1828: 인도 0tick, 차선밖꼭짓점 최대 0/4 (1개 이상 0tick), 반대차선(중심) 0tick, (계획 차선 안 0tick), 꼭짓점 침범깊이 최대 1.18m, 메시밖 0tick
road1822: 인도 0tick, 차선밖꼭짓점 최대 0/4 (1개 이상 0tick), 반대차선(중심) 0tick, (계획 차선 안 0tick), 꼭짓점 침범깊이 최대 1.67m, 메시밖 0tick
road1819: 인도 0tick, 차선밖꼭짓점 최대 0/4 (1개 이상 0tick), 반대차선(중심) 0tick, (계획 차선 안 0tick), 꼭짓점 침범깊이 최대 1.16m, 메시밖 0tick
road1816: 인도 0tick, 차선밖꼭짓점 최대 0/4 (1개 이상 0tick), 반대차선(중심) 0tick, (계획 차선 안 0tick), 꼭짓점 침범깊이 최대 1.23m, 메시밖 0tick
road1860: 인도 0tick, 차선밖꼭짓점 최대 0/4 (1개 이상 0tick), 반대차선(중심) 0tick, (계획 차선 안 0tick), 꼭짓점 침범깊이 최대 1.69m, 메시밖 0tick
road1857: 인도 0tick, 차선밖꼭짓점 최대 0/4 (1개 이상 0tick), 반대차선(중심) 0tick, (계획 차선 안 0tick), 꼭짓점 침범깊이 최대 1.58m, 메시밖 0tick
road1948: 인도 18tick, 차선밖꼭짓점 최대 1/4 (1개 이상 18tick), 반대차선(중심) 0tick, (계획 차선 안 0tick), 꼭짓점 침범깊이 최대 0.00m, 메시밖 0tick
road1391: 인도 0tick, 차선밖꼭짓점 최대 1/4 (1개 이상 12tick), 반대차선(중심) 0tick, (계획 차선 안 0tick), 꼭짓점 침범깊이 최대 0.00m, 메시밖 0tick
(목록에 없는 road 는 전부 0)

=== 차선 이탈 구간 (차체 기준, 계획 중심선 기준, 세션19) ===
t=20.00~20.95s road1278 -중앙선 쪽 최대 lat -0.92m 차체초과 0.14m 중심초과 0.00m 20tick, 진입 18.9km/h, road 평균R 173.65 R2min 10.28
t=39.55~39.65s road1393 +인도 쪽 최대 lat +0.88m 차체초과 0.10m 중심초과 0.00m 3tick, 진입 19.8km/h, road 평균R 209.60 R2min 13.11
t=51.35~53.65s road1484 +인도 쪽 최대 lat +1.75m 차체초과 0.97m 중심초과 0.07m 47tick, 진입 19.1km/h, road 평균R 10.12 R2min 7.40
t=76.70~79.30s road1466 -중앙선 쪽 최대 lat -1.40m 차체초과 0.62m 중심초과 0.00m 53tick, 진입 19.3km/h, road 평균R 11.90 R2min 6.48
t=239.55~240.05s road1948 +인도 쪽 최대 lat +1.06m 차체초과 0.28m 중심초과 0.00m 11tick, 진입 15.2km/h, road 평균R 10.95 R2min 5.25
t=243.20~243.55s road1391 -중앙선 쪽 최대 lat -1.11m 차체초과 0.33m 중심초과 0.00m 8tick, 진입 14.9km/h, road 평균R 11.51 R2min 3.22
합계 6구간 (중앙선 쪽 3, 인도 쪽 3), 최대 차체초과 0.97m
충돌 누적 1건
판정: record
follow=on

=== 실패 직전 10초 road 전이 (t_end=243.55s) ===
t= 239.05s road1949  커넥터 speed= 5.09m/s (965.1,-284.9)
t= 239.20s road1251  일반  speed= 4.20m/s (965.6,-284.4)
t= 239.30s road1948  커넥터 speed= 3.96m/s (965.8,-284.1)
t= 240.45s road1391  일반  speed= 5.93m/s (969.2,-279.8)
궤적 로그: /home/gyumin/campus_mobility_sim/map/docs/logs/drive_log_20261007_213244.csv
충돌 센서(actor_id=26) 제거함
실패/예외로 차량(actor_id=25) 제거함
[동기모드] 복귀: synchronous_mode=False fixed_delta_seconds=None
