map_sha256=5240ca8b883e42c0 (cbnu_internal_only_localtm_tags81_B_smooth_turnfix.xodr)
  노선 전용 감속 {1391: 8.9}, 4 노선 경로와 교집합 []
route=back: 33 road [1278, 1969, 1393, 1972, 1392, 1484, 1202, 1466, 1271, 1734, 1270, 1464, 1269, 1601, 1268, 1457, 1250, 1828, 1249, 1619, 1254, 1609, 1253, 1822, 1252, 1860, 1251, 1948, 1391, 1952, 1248, 1896, 1151]
  종점 road1151 lane-1 s=23.1 (완주 s>=22.1 이고 종점 5m 이내) - 후문B 추정 게이트(392632034 위, 36.624844, 127.462860 최근접 1.65m)
  커넥터 {1969: 1, 1972: 109, 1484: 43, 1466: 11, 1734: 61, 1464: 85, 1601: 37, 1457: 107, 1828: 78, 1619: 41, 1609: 39, 1822: 86, 1860: 83, 1948: 108, 1952: 106, 1896: 3}, 급회전 {1484: 78.4, 1466: -68.1}
controller=agent, 동기모드=켬 0.05s
conn_spacing=4.0m(전 구간), sharp_speed=없음
follow=on(뒤 8m, 위 4m, 매 tick)
맵: Carla/Maps/OpenDriveMap, spawn point 1302개
server_map_sha256=5240ca8b883e42c0 (파일과 일치)
spawn: Location(x=217.845581, y=-1087.414185, z=0.500000) road1278 lane-1 s=0.00
계획 CSV: /home/gyumin/campus_mobility_sim/map/docs/logs/drive_plan_20261007_215048.csv
계획 웨이포인트 총 358개
road   kind  n  s범위          최대간격(m)
1278   road  39 1.96~151.01  4.38
1969   conn  2  1.07~3.22  2.93
1393   road  10 1.85~35.20  4.0
1972   conn  1  1.48~1.48  2.07
1392   road  15 1.87~54.20  4.13
1484   conn  4  1.74~12.17  3.33
1202   road  30 1.98~117.07  3.97
1466   conn  4  1.78~12.46  4.3
1271   road  38 1.97~147.53  4.09
1734   conn  4  1.89~13.23  3.86
1270   road  13 1.95~48.68  4.06
1464   conn  5  1.74~15.69  3.7
1269   road  9  1.91~32.45  3.82
1601   conn  4  1.93~13.48  3.85
1268   road  33 1.98~128.54  3.96
1457   conn  4  2.00~13.98  3.98
1250   road  14 1.87~50.58  3.87
1828   conn  4  1.91~13.39  3.83
1249   road  7  1.76~22.93  3.68
1619   conn  4  1.94~13.59  3.92
1254   road  5  1.92~17.27  3.86
1609   conn  4  1.94~13.56  3.95
1253   road  10 1.96~37.24  4.03
1822   conn  4  1.73~12.10  3.7
1252   road  8  1.75~26.28  3.53
1860   conn  7  1.84~23.88  3.67
1251   road  35 1.96~135.39  3.93
1948   conn  2  1.71~5.13  3.59
1391   road  5  1.79~16.08  4.04
1952   conn  3  1.39~6.94  3.93
1248   road  21 1.91~78.37  4.19
1896   conn  4  1.94~13.57  3.9
1151   road  6  1.93~21.18  3.86
커넥터 안쪽 점: 60개 / 점 없는 커넥터: 없음
전체 최대 간격 4.38m, 평균 3.83m
인접 road 연결 확인: 32쌍 모두 next() 로 이어짐
판정: record(세션19, 종료/기록 분리)
궤적 로그(tick마다 기록): /home/gyumin/campus_mobility_sim/map/docs/logs/drive_log_20261007_215048.csv
차량 스폰: actor_id=25
bounding box: half_length=1.853m half_width=0.894m half_height=0.775m -> /home/gyumin/campus_mobility_sim/map/docs/logs/vehicle_bbox_20261007_215048.txt
충돌 센서 부착: actor_id=26 -> /home/gyumin/campus_mobility_sim/map/docs/logs/collision_events_20261007_215048.csv
BasicAgent set_global_plan 358점, target_speed=20.0km/h, dt=0.05
[동기모드] 전환 전: synchronous_mode=False fixed_delta_seconds=None
[동기모드] 전환 후: synchronous_mode=True fixed_delta_seconds=0.05
[전이] t=   0.05s road1278 일반 speed= 0.00m/s limit=30km/h
t=   0.1s (  217.85,-1087.41) speed= 0.00m/s road1278 s=   0.0 on_road=True
t=   1.1s (  217.86,-1087.17) speed= 1.50m/s road1278 s=   0.2 on_road=True
t=   2.1s (  217.99,-1084.54) speed= 3.75m/s road1278 s=   2.9 on_road=True
t=   3.1s (  218.22,-1079.78) speed= 5.31m/s road1278 s=   7.6 on_road=True
t=   4.1s (  218.49,-1074.24) speed= 4.61m/s road1278 s=  13.2 on_road=True
t=   5.1s (  218.71,-1069.70) speed= 5.48m/s road1278 s=  17.7 on_road=True
t=   6.1s (  218.98,-1064.07) speed= 5.54m/s road1278 s=  23.4 on_road=True
t=   7.1s (  219.21,-1059.50) speed= 4.91m/s road1278 s=  27.9 on_road=True
t=   8.1s (  219.49,-1053.78) speed= 6.01m/s road1278 s=  33.7 on_road=True
t=   9.1s (  219.71,-1049.06) speed= 4.90m/s road1278 s=  38.4 on_road=True
[tick 대조] fixed_delta=0.05 delta_seconds=0.0500 시뮬경과/프레임=0.0500s 벽시계 140.8 tick/s (프레임 200)
t=  10.1s (  220.00,-1043.49) speed= 5.50m/s road1278 s=  44.0 on_road=True
t=  11.1s (  220.28,-1038.88) speed= 4.97m/s road1278 s=  48.6 on_road=True
t=  12.1s (  220.69,-1033.29) speed= 5.39m/s road1278 s=  54.2 on_road=True
t=  13.1s (  221.10,-1028.71) speed= 5.03m/s road1278 s=  58.7 on_road=True
t=  14.1s (  221.66,-1023.15) speed= 5.25m/s road1278 s=  64.3 on_road=True
t=  15.1s (  222.14,-1018.58) speed= 5.12m/s road1278 s=  68.9 on_road=True
t=  16.1s (  222.82,-1013.05) speed= 5.15m/s road1278 s=  74.5 on_road=True
t=  17.1s (  223.79,-1008.55) speed= 5.26m/s road1278 s=  79.0 on_road=True
t=  18.1s (  225.57,-1003.16) speed= 5.27m/s road1278 s=  84.4 on_road=True
t=  19.1s (  227.29, -998.91) speed= 5.22m/s road1278 s=  89.0 on_road=True
t=  20.1s (  230.05, -994.14) speed= 5.08m/s road1278 s=  94.4 on_road=True
t=  21.1s (  233.11, -990.63) speed= 5.21m/s road1278 s=  98.7 on_road=True
t=  22.1s (  237.18, -986.89) speed= 4.76m/s road1278 s= 104.2 on_road=True
t=  23.1s (  240.68, -983.90) speed= 5.25m/s road1278 s= 108.8 on_road=True
t=  24.1s (  244.94, -980.40) speed= 4.56m/s road1278 s= 114.4 on_road=True
t=  25.1s (  248.59, -977.44) speed= 5.36m/s road1278 s= 119.1 on_road=True
t=  26.1s (  252.87, -974.00) speed= 4.32m/s road1278 s= 124.5 on_road=True
t=  27.1s (  256.56, -971.07) speed= 5.30m/s road1278 s= 129.3 on_road=True
t=  28.1s (  260.83, -967.71) speed= 4.13m/s road1278 s= 134.6 on_road=True
t=  29.1s (  264.63, -964.76) speed= 5.34m/s road1278 s= 139.4 on_road=True
t=  30.1s (  269.04, -961.39) speed= 4.94m/s road1278 s= 145.0 on_road=True
t=  31.1s (  272.71, -958.56) speed= 5.29m/s road1278 s= 149.6 on_road=True
[전이] t=  31.50s road1970 커넥터 speed= 6.23m/s limit=30km/h
[계획 이탈] t=31.50s road1970 는 계획의 현재/다음 road 가 아님(비치명, 계속 주행)
[전이] t=  31.60s road1278 일반 speed= 5.94m/s limit=30km/h
[전이] t=  31.65s road1969 커넥터 speed= 5.81m/s limit=30km/h
t=  32.1s (  276.99, -955.06) speed= 4.56m/s road1969 s=   2.4 on_road=True
[전이] t=  32.55s road1393 일반 speed= 4.62m/s limit=30km/h
t=  33.1s (  280.61, -952.09) speed= 5.29m/s road1393 s=   2.6 on_road=True
t=  34.1s (  284.90, -948.70) speed= 4.23m/s road1393 s=   8.1 on_road=True
t=  35.1s (  288.78, -946.09) speed= 5.21m/s road1393 s=  12.6 on_road=True
t=  36.1s (  293.39, -943.30) speed= 4.15m/s road1393 s=  17.9 on_road=True
t=  37.1s (  297.56, -940.90) speed= 5.35m/s road1393 s=  22.7 on_road=True
t=  38.1s (  302.25, -938.24) speed= 4.06m/s road1393 s=  28.1 on_road=True
t=  39.1s (  306.33, -935.68) speed= 5.25m/s road1393 s=  32.9 on_road=True
[전이] t=  39.65s road1972 커넥터 speed= 5.19m/s limit=30km/h
t=  40.1s (  310.35, -932.27) speed= 3.93m/s road1972 s=   2.6 on_road=True
[전이] t=  40.20s road1971 커넥터 speed= 4.12m/s limit=30km/h
[전이] t=  40.45s road1392 일반 speed= 4.64m/s limit=30km/h
t=  41.1s (  314.09, -929.28) speed= 5.32m/s road1392 s=   3.6 on_road=True
t=  42.1s (  318.39, -926.02) speed= 4.06m/s road1392 s=   9.0 on_road=True
t=  43.1s (  322.24, -923.17) speed= 5.22m/s road1392 s=  13.8 on_road=True
t=  44.1s (  326.51, -920.05) speed= 4.09m/s road1392 s=  19.1 on_road=True
t=  45.1s (  330.49, -917.15) speed= 5.41m/s road1392 s=  24.0 on_road=True
t=  46.1s (  334.83, -913.99) speed= 4.10m/s road1392 s=  29.4 on_road=True
t=  47.1s (  338.76, -911.13) speed= 5.31m/s road1392 s=  34.2 on_road=True
t=  48.1s (  343.12, -907.97) speed= 4.12m/s road1392 s=  39.6 on_road=True
t=  49.1s (  347.09, -905.10) speed= 5.31m/s road1392 s=  44.5 on_road=True
t=  50.1s (  351.55, -901.86) speed= 4.30m/s road1392 s=  50.0 on_road=True
t=  51.1s (  355.18, -898.86) speed= 5.30m/s road1392 s=  54.7 on_road=True
[전이] t=  51.15s road1487 커넥터 speed= 5.24m/s limit=30km/h
[전이] t=  51.30s road1392 일반 speed= 6.09m/s limit=30km/h
[전이] t=  51.35s road1484 커넥터 speed= 6.25m/s limit=30km/h
t=  52.1s (  357.56, -894.10) speed= 5.16m/s road1484 s=   6.1 on_road=False
t=  53.1s (  357.20, -889.15) speed= 4.61m/s road1484 s=  13.1 on_road=True
[전이] t=  53.25s road1483 커넥터 speed= 4.88m/s limit=30km/h
[전이] t=  53.50s road1202 일반 speed= 5.25m/s limit=30km/h
t=  54.1s (  355.69, -884.01) speed= 5.90m/s road1202 s=   4.6 on_road=True
t=  55.1s (  353.97, -879.55) speed= 4.77m/s road1202 s=   9.3 on_road=True
t=  56.1s (  351.82, -874.49) speed= 5.60m/s road1202 s=  14.8 on_road=True
t=  57.1s (  349.94, -870.24) speed= 4.92m/s road1202 s=  19.5 on_road=True
t=  58.1s (  347.65, -865.16) speed= 5.35m/s road1202 s=  25.1 on_road=True
t=  59.1s (  345.74, -860.97) speed= 5.01m/s road1202 s=  29.7 on_road=True
--- 메모리 측정(주행중(차량1대+BasicAgent, 동기 20Hz)) ---
total        used        free      shared  buff/cache   available
Mem:            12Gi       8.4Gi       4.0Gi       4.0Mi       360Mi       4.0Gi
Swap:          8.0Gi       1.4Gi       6.6Gi
gtt_used: 1603526656 bytes (1.49GiB)
t=  60.1s (  343.42, -855.89) speed= 5.42m/s road1202 s=  35.2 on_road=True
t=  61.1s (  341.46, -851.60) speed= 5.07m/s road1202 s=  40.0 on_road=True
t=  62.1s (  339.15, -846.59) speed= 6.27m/s road1202 s=  45.5 on_road=True
t=  63.1s (  337.15, -842.23) speed= 4.47m/s road1202 s=  50.3 on_road=True
t=  64.1s (  334.99, -837.53) speed= 5.61m/s road1202 s=  55.4 on_road=True
t=  65.1s (  332.79, -832.76) speed= 4.16m/s road1202 s=  60.7 on_road=True
t=  66.1s (  330.70, -828.22) speed= 5.75m/s road1202 s=  65.7 on_road=True
t=  67.1s (  328.51, -823.45) speed= 4.22m/s road1202 s=  71.0 on_road=True
t=  68.1s (  326.41, -818.89) speed= 5.36m/s road1202 s=  76.0 on_road=True
t=  69.1s (  324.17, -814.02) speed= 4.11m/s road1202 s=  81.3 on_road=True
t=  70.1s (  322.15, -809.63) speed= 5.33m/s road1202 s=  86.2 on_road=True
t=  71.1s (  319.92, -804.79) speed= 4.13m/s road1202 s=  91.5 on_road=True
t=  72.1s (  317.86, -800.31) speed= 5.39m/s road1202 s=  96.4 on_road=True
t=  73.1s (  315.59, -795.37) speed= 4.16m/s road1202 s= 101.9 on_road=True
t=  74.1s (  313.56, -790.96) speed= 5.28m/s road1202 s= 106.7 on_road=True
t=  75.1s (  311.25, -785.91) speed= 4.47m/s road1202 s= 112.3 on_road=True
t=  76.1s (  309.52, -781.60) speed= 5.11m/s road1202 s= 116.9 on_road=True
[전이] t=  76.35s road1467 커넥터 speed= 6.14m/s limit=30km/h
[전이] t=  77.05s road1472 커넥터 speed= 4.39m/s limit=30km/h
t=  77.1s (  309.09, -776.18) speed= 4.39m/s road1472 s=  13.0 on_road=True
[전이] t=  77.90s road1469 커넥터 speed= 5.32m/s limit=30km/h
t=  78.1s (  310.23, -771.62) speed= 5.27m/s road1469 s=   6.0 on_road=True
[전이] t=  78.45s road1466 커넥터 speed= 6.04m/s limit=30km/h
[전이] t=  78.90s road1470 커넥터 speed= 4.80m/s limit=30km/h
t=  79.1s (  313.02, -767.04) speed= 4.07m/s road1470 s=   6.5 on_road=True
[전이] t=  79.55s road1271 일반 speed= 4.79m/s limit=30km/h
t=  80.1s (  315.95, -763.33) speed= 5.21m/s road1271 s=   3.2 on_road=True
t=  81.1s (  319.49, -759.30) speed= 4.12m/s road1271 s=   8.5 on_road=True
t=  82.1s (  322.78, -755.75) speed= 5.26m/s road1271 s=  13.4 on_road=True
t=  83.1s (  326.42, -751.89) speed= 4.09m/s road1271 s=  18.7 on_road=True
t=  84.1s (  329.79, -748.35) speed= 5.50m/s road1271 s=  23.6 on_road=True
t=  85.1s (  333.42, -744.56) speed= 4.17m/s road1271 s=  28.8 on_road=True
t=  86.1s (  336.88, -740.96) speed= 5.75m/s road1271 s=  33.8 on_road=True
t=  87.1s (  340.56, -737.20) speed= 4.25m/s road1271 s=  39.1 on_road=True
t=  88.1s (  344.15, -733.65) speed= 6.22m/s road1271 s=  44.1 on_road=True
t=  89.1s (  347.81, -730.16) speed= 4.40m/s road1271 s=  49.1 on_road=True
t=  90.1s (  351.67, -726.59) speed= 6.22m/s road1271 s=  54.3 on_road=True
t=  91.1s (  355.29, -723.30) speed= 4.52m/s road1271 s=  59.2 on_road=True
t=  92.1s (  359.27, -719.69) speed= 6.10m/s road1271 s=  64.6 on_road=True
t=  93.1s (  362.83, -716.49) speed= 4.59m/s road1271 s=  69.4 on_road=True
t=  94.1s (  366.87, -712.86) speed= 6.02m/s road1271 s=  74.8 on_road=True
t=  95.1s (  370.41, -709.68) speed= 4.67m/s road1271 s=  79.6 on_road=True
t=  96.1s (  374.46, -706.05) speed= 6.37m/s road1271 s=  85.0 on_road=True
t=  97.1s (  378.10, -702.78) speed= 4.51m/s road1271 s=  89.9 on_road=True
t=  98.1s (  382.10, -699.19) speed= 6.10m/s road1271 s=  95.3 on_road=True
t=  99.1s (  385.66, -696.00) speed= 4.59m/s road1271 s= 100.1 on_road=True
t= 100.1s (  389.70, -692.36) speed= 6.01m/s road1271 s= 105.5 on_road=True
t= 101.1s (  393.25, -689.18) speed= 4.70m/s road1271 s= 110.3 on_road=True
t= 102.1s (  397.23, -685.51) speed= 5.70m/s road1271 s= 115.7 on_road=True
t= 103.1s (  400.52, -682.13) speed= 4.93m/s road1271 s= 120.5 on_road=True
t= 104.1s (  404.27, -678.02) speed= 5.35m/s road1271 s= 126.2 on_road=True
t= 105.1s (  407.42, -674.70) speed= 5.00m/s road1271 s= 130.7 on_road=True
t= 106.1s (  411.29, -670.76) speed= 5.22m/s road1271 s= 136.2 on_road=True
t= 107.1s (  414.54, -667.48) speed= 5.17m/s road1271 s= 140.8 on_road=True
t= 108.1s (  418.57, -663.47) speed= 5.31m/s road1271 s= 146.5 on_road=True
[전이] t= 108.75s road1735 커넥터 speed= 4.52m/s limit=30km/h
[전이] t= 108.90s road1734 커넥터 speed= 4.83m/s limit=30km/h
t= 109.1s (  421.83, -660.22) speed= 5.14m/s road1734 s=   1.6 on_road=True
t= 110.1s (  425.71, -656.20) speed= 5.05m/s road1734 s=   7.2 on_road=True
t= 111.1s (  428.80, -652.81) speed= 5.16m/s road1734 s=  11.8 on_road=True
[전이] t= 111.65s road1270 일반 speed= 6.22m/s limit=30km/h
t= 112.1s (  432.47, -648.63) speed= 5.02m/s road1270 s=   2.3 on_road=True
t= 113.1s (  435.51, -645.12) speed= 5.29m/s road1270 s=   7.0 on_road=True
t= 114.1s (  439.25, -640.76) speed= 5.23m/s road1270 s=  12.7 on_road=True
t= 115.1s (  442.24, -637.30) speed= 5.16m/s road1270 s=  17.3 on_road=True
t= 116.1s (  445.99, -633.25) speed= 5.07m/s road1270 s=  22.8 on_road=True
t= 117.1s (  449.35, -630.01) speed= 5.25m/s road1270 s=  27.4 on_road=True
t= 118.1s (  453.67, -626.46) speed= 4.72m/s road1270 s=  32.8 on_road=True
t= 119.1s (  457.43, -623.76) speed= 5.17m/s road1270 s=  37.3 on_road=True
t= 120.1s (  462.01, -620.66) speed= 4.34m/s road1270 s=  42.8 on_road=True
t= 121.1s (  465.88, -618.09) speed= 5.19m/s road1270 s=  47.5 on_road=True
[전이] t= 121.65s road1464 커넥터 speed= 5.39m/s limit=30km/h
t= 122.1s (  470.46, -615.24) speed= 4.32m/s road1464 s=   2.2 on_road=True
t= 123.1s (  474.64, -612.81) speed= 5.27m/s road1464 s=   7.0 on_road=True
[전이] t= 123.15s road1460 커넥터 speed= 6.04m/s limit=30km/h
[전이] t= 123.20s road1464 커넥터 speed= 6.22m/s limit=30km/h
[전이] t= 123.25s road1462 커넥터 speed= 6.35m/s limit=30km/h
[전이] t= 123.30s road1464 커넥터 speed= 6.23m/s limit=30km/h
t= 124.1s (  479.33, -610.27) speed= 4.23m/s road1464 s=  12.3 on_road=True
t= 125.1s (  483.66, -608.05) speed= 5.68m/s road1464 s=  17.1 on_road=True
[전이] t= 125.15s road1269 일반 speed= 6.27m/s limit=30km/h
t= 126.1s (  488.34, -605.63) speed= 4.03m/s road1269 s=   5.0 on_road=True
t= 127.1s (  492.68, -603.39) speed= 5.66m/s road1269 s=   9.8 on_road=True
t= 128.1s (  497.33, -601.01) speed= 4.14m/s road1269 s=  15.1 on_road=True
t= 129.1s (  501.76, -598.75) speed= 6.00m/s road1269 s=  20.0 on_road=True
t= 130.1s (  506.36, -596.39) speed= 4.25m/s road1269 s=  25.2 on_road=True
t= 131.1s (  510.90, -594.07) speed= 6.32m/s road1269 s=  30.3 on_road=True
[전이] t= 131.85s road1601 커넥터 speed= 4.05m/s limit=30km/h
t= 132.1s (  515.38, -591.78) speed= 4.30m/s road1601 s=   1.0 on_road=True
t= 133.1s (  519.99, -589.42) speed= 6.34m/s road1601 s=   6.2 on_road=True
t= 134.1s (  524.43, -587.15) speed= 4.42m/s road1601 s=  11.1 on_road=True
[전이] t= 134.90s road1268 일반 speed= 6.07m/s limit=30km/h
t= 135.1s (  529.08, -584.77) speed= 6.21m/s road1268 s=   1.0 on_road=True
t= 136.1s (  533.39, -582.56) speed= 4.53m/s road1268 s=   5.8 on_road=True
t= 137.1s (  538.18, -580.12) speed= 6.19m/s road1268 s=  11.2 on_road=True
t= 138.1s (  542.50, -577.91) speed= 4.63m/s road1268 s=  16.0 on_road=True
t= 139.1s (  547.35, -575.43) speed= 5.96m/s road1268 s=  21.5 on_road=True
t= 140.1s (  551.60, -573.26) speed= 4.74m/s road1268 s=  26.3 on_road=True
t= 141.1s (  556.50, -570.75) speed= 6.02m/s road1268 s=  31.8 on_road=True
t= 142.1s (  560.72, -568.59) speed= 4.71m/s road1268 s=  36.5 on_road=True
t= 143.1s (  565.59, -566.10) speed= 6.05m/s road1268 s=  42.0 on_road=True
t= 144.1s (  569.88, -563.91) speed= 4.76m/s road1268 s=  46.8 on_road=True
t= 145.1s (  574.71, -561.44) speed= 6.40m/s road1268 s=  52.2 on_road=True
t= 146.1s (  579.15, -559.17) speed= 4.42m/s road1268 s=  57.2 on_road=True
t= 147.1s (  583.75, -556.82) speed= 5.90m/s road1268 s=  62.4 on_road=True
t= 148.1s (  588.45, -554.41) speed= 4.16m/s road1268 s=  67.6 on_road=True
t= 149.1s (  592.90, -552.14) speed= 5.55m/s road1268 s=  72.6 on_road=True
t= 150.1s (  597.58, -549.74) speed= 4.16m/s road1268 s=  77.9 on_road=True
t= 151.1s (  602.01, -547.47) speed= 5.32m/s road1268 s=  82.9 on_road=True
t= 152.1s (  606.74, -545.06) speed= 4.12m/s road1268 s=  88.2 on_road=True
t= 153.1s (  611.12, -542.82) speed= 5.34m/s road1268 s=  93.1 on_road=True
t= 154.1s (  615.87, -540.40) speed= 4.15m/s road1268 s=  98.4 on_road=True
t= 155.1s (  620.24, -538.16) speed= 5.66m/s road1268 s= 103.3 on_road=True
t= 156.1s (  624.85, -535.66) speed= 4.15m/s road1268 s= 108.6 on_road=True
t= 157.1s (  629.22, -533.22) speed= 5.95m/s road1268 s= 113.7 on_road=True
t= 158.1s (  633.69, -530.68) speed= 4.22m/s road1268 s= 118.8 on_road=True
t= 159.1s (  638.10, -528.16) speed= 6.20m/s road1268 s= 123.9 on_road=True
t= 160.1s (  642.50, -525.62) speed= 4.33m/s road1268 s= 129.0 on_road=True
[전이] t= 160.40s road1456 커넥터 speed= 5.04m/s limit=30km/h
[전이] t= 160.50s road1457 커넥터 speed= 5.26m/s limit=30km/h
[전이] t= 160.60s road1456 커넥터 speed= 5.30m/s limit=30km/h
[전이] t= 160.80s road1457 커넥터 speed= 5.43m/s limit=30km/h
t= 161.1s (  646.90, -523.01) speed= 5.44m/s road1457 s=   3.6 on_road=True
[전이] t= 161.65s road1452 커넥터 speed= 5.21m/s limit=30km/h
[전이] t= 161.70s road1457 커넥터 speed= 5.24m/s limit=30km/h
t= 162.1s (  651.40, -520.14) speed= 6.23m/s road1457 s=   9.0 on_road=True
[전이] t= 162.15s road1455 커넥터 speed= 6.25m/s limit=30km/h
[전이] t= 162.20s road1457 커넥터 speed= 6.12m/s limit=30km/h
[전이] t= 162.55s road1454 커넥터 speed= 5.05m/s limit=30km/h
t= 163.1s (  655.59, -517.30) speed= 4.34m/s road1454 s=   6.8 on_road=True
[전이] t= 163.45s road1250 일반 speed= 5.11m/s limit=30km/h
[전이] t= 163.55s road1453 커넥터 speed= 5.19m/s limit=30km/h
[전이] t= 163.60s road1250 일반 speed= 5.10m/s limit=30km/h
t= 164.1s (  659.78, -514.31) speed= 6.32m/s road1250 s=   3.3 on_road=True
t= 165.1s (  663.83, -511.40) speed= 4.48m/s road1250 s=   8.3 on_road=True
t= 166.1s (  668.15, -508.28) speed= 6.08m/s road1250 s=  13.7 on_road=True
t= 167.1s (  672.04, -505.46) speed= 4.61m/s road1250 s=  18.5 on_road=True
t= 168.1s (  676.42, -502.29) speed= 5.96m/s road1250 s=  23.9 on_road=True
t= 169.1s (  680.23, -499.52) speed= 4.70m/s road1250 s=  28.6 on_road=True
t= 170.1s (  684.67, -496.31) speed= 5.81m/s road1250 s=  34.1 on_road=True
t= 171.1s (  688.47, -493.55) speed= 4.83m/s road1250 s=  38.8 on_road=True
t= 172.1s (  692.95, -490.29) speed= 5.61m/s road1250 s=  44.3 on_road=True
t= 173.1s (  696.69, -487.58) speed= 4.91m/s road1250 s=  48.9 on_road=True
[전이] t= 173.75s road1828 커넥터 speed= 6.33m/s limit=30km/h
[전이] t= 173.80s road1827 커넥터 speed= 6.25m/s limit=30km/h
[전이] t= 174.00s road1828 커넥터 speed= 5.59m/s limit=30km/h
t= 174.1s (  701.18, -484.29) speed= 5.47m/s road1828 s=   2.0 on_road=True
t= 175.1s (  705.03, -481.51) speed= 4.94m/s road1828 s=   6.8 on_road=True
t= 176.1s (  709.54, -478.25) speed= 5.25m/s road1828 s=  12.3 on_road=True
[전이] t= 176.75s road1249 일반 speed= 4.50m/s limit=30km/h
t= 177.1s (  713.28, -475.54) speed= 5.12m/s road1249 s=   1.7 on_road=True
t= 178.1s (  717.82, -472.22) speed= 5.34m/s road1249 s=   7.3 on_road=True
t= 179.1s (  721.61, -469.44) speed= 5.16m/s road1249 s=  12.0 on_road=True
t= 180.1s (  726.14, -466.07) speed= 5.08m/s road1249 s=  17.6 on_road=True
t= 181.1s (  729.81, -463.31) speed= 5.27m/s road1249 s=  22.2 on_road=True
[전이] t= 181.55s road1619 커넥터 speed= 6.17m/s limit=30km/h
t= 182.1s (  734.31, -459.93) speed= 5.14m/s road1619 s=   3.2 on_road=True
t= 183.1s (  738.07, -457.16) speed= 5.31m/s road1619 s=   7.9 on_road=True
t= 184.1s (  742.58, -453.90) speed= 5.09m/s road1619 s=  13.4 on_road=True
[전이] t= 184.25s road1614 커넥터 speed= 4.16m/s limit=30km/h
[전이] t= 184.55s road1254 일반 speed= 4.42m/s limit=30km/h
t= 185.1s (  746.37, -451.19) speed= 5.37m/s road1254 s=   2.5 on_road=True
t= 186.1s (  750.88, -447.95) speed= 5.00m/s road1254 s=   8.1 on_road=True
t= 187.1s (  754.61, -445.17) speed= 5.27m/s road1254 s=  12.7 on_road=True
[전이] t= 188.05s road1611 커넥터 speed= 4.56m/s limit=30km/h
t= 188.1s (  758.96, -441.78) speed= 4.56m/s road1611 s=   0.0 on_road=True
[전이] t= 188.15s road1254 일반 speed= 4.16m/s limit=30km/h
[전이] t= 188.25s road1609 커넥터 speed= 4.12m/s limit=30km/h
t= 189.1s (  762.65, -438.90) speed= 5.30m/s road1609 s=   3.9 on_road=True
t= 190.1s (  767.03, -435.62) speed= 4.23m/s road1609 s=   9.3 on_road=True
[전이] t= 191.05s road1605 커넥터 speed= 5.17m/s limit=30km/h
t= 191.1s (  770.80, -432.87) speed= 5.17m/s road1605 s=  11.3 on_road=True
[전이] t= 191.35s road1253 일반 speed= 6.26m/s limit=30km/h
t= 192.1s (  775.17, -429.72) speed= 4.17m/s road1253 s=   3.8 on_road=True
t= 193.1s (  779.11, -426.90) speed= 5.36m/s road1253 s=   8.6 on_road=True
t= 194.1s (  783.46, -423.82) speed= 4.11m/s road1253 s=  13.9 on_road=True
t= 195.1s (  787.48, -421.11) speed= 5.61m/s road1253 s=  18.8 on_road=True
t= 196.1s (  791.77, -418.14) speed= 4.27m/s road1253 s=  23.9 on_road=True
t= 197.1s (  795.51, -414.76) speed= 6.23m/s road1253 s=  29.3 on_road=True
t= 198.1s (  798.89, -411.02) speed= 4.38m/s road1253 s=  34.7 on_road=True
[전이] t= 198.95s road1821 커넥터 speed= 6.19m/s limit=30km/h
t= 199.1s (  802.29, -407.02) speed= 6.36m/s road1821 s=   0.8 on_road=True
[전이] t= 199.15s road1822 커넥터 speed= 6.13m/s limit=30km/h
t= 200.1s (  805.67, -403.47) speed= 4.36m/s road1822 s=   5.6 on_road=True
[전이] t= 200.20s road1819 커넥터 speed= 4.66m/s limit=30km/h
[전이] t= 200.35s road1816 커넥터 speed= 4.98m/s limit=30km/h
[전이] t= 200.45s road1822 커넥터 speed= 5.16m/s limit=30km/h
t= 201.1s (  809.57, -399.98) speed= 6.37m/s road1822 s=  10.6 on_road=True
[전이] t= 201.55s road1817 커넥터 speed= 5.08m/s limit=30km/h
[전이] t= 201.80s road1252 일반 speed= 4.04m/s limit=30km/h
t= 202.1s (  813.45, -396.90) speed= 4.41m/s road1252 s=   1.7 on_road=True
t= 203.1s (  817.68, -393.75) speed= 6.27m/s road1252 s=   6.9 on_road=True
t= 204.1s (  821.60, -390.89) speed= 4.49m/s road1252 s=  11.8 on_road=True
t= 205.1s (  825.95, -387.76) speed= 6.24m/s road1252 s=  17.1 on_road=True
t= 206.1s (  829.86, -384.95) speed= 4.54m/s road1252 s=  21.9 on_road=True
t= 207.1s (  834.25, -381.81) speed= 6.11m/s road1252 s=  27.3 on_road=True
[전이] t= 207.10s road1862 커넥터 speed= 6.01m/s limit=30km/h
[전이] t= 207.15s road1252 일반 speed= 5.77m/s limit=30km/h
[전이] t= 207.20s road1861 커넥터 speed= 5.63m/s limit=30km/h
[전이] t= 207.25s road1860 커넥터 speed= 5.36m/s limit=30km/h
t= 208.1s (  838.16, -379.01) speed= 4.60m/s road1860 s=   4.1 on_road=True
t= 209.1s (  842.57, -375.84) speed= 6.11m/s road1860 s=   9.5 on_road=True
t= 210.1s (  846.45, -373.03) speed= 4.60m/s road1860 s=  14.3 on_road=True
t= 211.1s (  850.74, -369.93) speed= 6.19m/s road1860 s=  19.6 on_road=True
t= 212.1s (  854.87, -366.94) speed= 4.49m/s road1860 s=  24.7 on_road=True
[전이] t= 212.25s road1850 커넥터 speed= 4.89m/s limit=30km/h
[전이] t= 212.30s road1251 일반 speed= 4.99m/s limit=30km/h
t= 213.1s (  859.20, -363.80) speed= 6.23m/s road1251 s=   4.4 on_road=True
t= 214.1s (  863.16, -360.95) speed= 4.56m/s road1251 s=   9.2 on_road=True
t= 215.1s (  867.45, -357.86) speed= 6.20m/s road1251 s=  14.5 on_road=True
t= 216.1s (  871.57, -354.90) speed= 4.47m/s road1251 s=  19.6 on_road=True
t= 217.1s (  875.78, -351.88) speed= 5.83m/s road1251 s=  24.8 on_road=True
t= 218.1s (  880.06, -348.81) speed= 4.15m/s road1251 s=  30.0 on_road=True
t= 219.1s (  884.11, -345.91) speed= 5.99m/s road1251 s=  35.0 on_road=True
t= 220.1s (  888.30, -342.91) speed= 4.21m/s road1251 s=  40.2 on_road=True
t= 221.1s (  892.42, -339.96) speed= 6.18m/s road1251 s=  45.2 on_road=True
t= 222.1s (  896.56, -336.96) speed= 4.31m/s road1251 s=  50.4 on_road=True
t= 223.1s (  900.70, -333.89) speed= 6.29m/s road1251 s=  55.5 on_road=True
t= 224.1s (  904.66, -330.93) speed= 4.41m/s road1251 s=  60.5 on_road=True
t= 225.1s (  908.89, -327.75) speed= 6.28m/s road1251 s=  65.7 on_road=True
t= 226.1s (  912.78, -324.82) speed= 4.50m/s road1251 s=  70.6 on_road=True
t= 227.1s (  917.03, -321.60) speed= 6.31m/s road1251 s=  75.9 on_road=True
t= 228.1s (  920.97, -318.64) speed= 4.53m/s road1251 s=  80.9 on_road=True
t= 229.1s (  925.27, -315.38) speed= 6.39m/s road1251 s=  86.3 on_road=True
t= 230.1s (  929.18, -312.43) speed= 4.52m/s road1251 s=  91.2 on_road=True
t= 231.1s (  933.30, -309.32) speed= 5.30m/s road1251 s=  96.3 on_road=True
t= 232.1s (  937.55, -306.11) speed= 4.10m/s road1251 s= 101.7 on_road=True
t= 233.1s (  941.47, -303.14) speed= 5.53m/s road1251 s= 106.6 on_road=True
t= 234.1s (  945.77, -299.90) speed= 4.04m/s road1251 s= 112.0 on_road=True
t= 235.1s (  949.67, -296.95) speed= 5.39m/s road1251 s= 116.9 on_road=True
t= 236.1s (  954.02, -293.66) speed= 4.15m/s road1251 s= 122.3 on_road=True
t= 237.1s (  957.88, -290.74) speed= 5.24m/s road1251 s= 127.2 on_road=True
[감속] t=237.60s road1251 20->8.9km/h speed=22.6km/h
t= 238.1s (  962.28, -287.40) speed= 4.73m/s road1251 s= 132.7 on_road=True
t= 239.1s (  964.36, -285.77) speed= 2.30m/s road1251 s= 135.3 on_road=True
[전이] t= 239.55s road1949 커넥터 speed= 2.30m/s limit=30km/h
[전이] t= 239.80s road1251 일반 speed= 2.39m/s limit=30km/h
[전이] t= 239.95s road1948 커넥터 speed= 2.31m/s limit=30km/h
t= 240.1s (  966.00, -284.12) speed= 2.29m/s road1948 s=   0.3 on_road=True
t= 241.1s (  967.35, -282.21) speed= 2.36m/s road1948 s=   3.2 on_road=True
t= 242.1s (  968.77, -280.35) speed= 2.39m/s road1948 s=   6.4 on_road=True
[전이] t= 242.30s road1391 일반 speed= 2.31m/s limit=30km/h
t= 243.1s (  970.33, -278.59) speed= 2.36m/s road1391 s=   1.4 on_road=True
t= 244.1s (  971.99, -276.93) speed= 2.35m/s road1391 s=   3.4 on_road=True
t= 245.1s (  973.73, -275.36) speed= 2.35m/s road1391 s=   5.7 on_road=True
t= 246.1s (  975.54, -273.87) speed= 2.35m/s road1391 s=   8.0 on_road=True
t= 247.1s (  977.44, -272.49) speed= 2.35m/s road1391 s=  10.2 on_road=True
t= 248.1s (  979.37, -271.16) speed= 2.33m/s road1391 s=  12.6 on_road=True
t= 249.1s (  981.58, -270.44) speed= 2.34m/s road1391 s=  14.8 on_road=True
[충돌] frame=30037 other=static.unknown tags= impulse=541.70 (이후 충돌은 CSV만 기록)

=== 요약 ===
route: back (종점 road1151 s=23.1)
결과: 실패 - 충돌 1tick/0.00s 연속 (road1391 s=15.2)
주행 시간(시뮬): 249.3s
계획 이탈 기록: t=31.50s road1970 는 계획의 현재/다음 road 가 아님(비치명, 계속 주행)

=== 계획 vs 실제 road 시퀀스 ===
 0 계획 1278  실제 1278 
 1 계획 1969  실제 1970   <-- 불일치
 2 계획 1393  실제 1278   <-- 불일치
 3 계획 1972  실제 1969   <-- 불일치
 4 계획 1392  실제 1393   <-- 불일치
 5 계획 1484  실제 1972   <-- 불일치
 6 계획 1202  실제 1971   <-- 불일치
 7 계획 1466  실제 1392   <-- 불일치
 8 계획 1271  실제 1487   <-- 불일치
 9 계획 1734  실제 1392   <-- 불일치
10 계획 1270  실제 1484   <-- 불일치
11 계획 1464  실제 1483   <-- 불일치
12 계획 1269  실제 1202   <-- 불일치
13 계획 1601  실제 1467   <-- 불일치
14 계획 1268  실제 1472   <-- 불일치
15 계획 1457  실제 1469   <-- 불일치
16 계획 1250  실제 1466   <-- 불일치
17 계획 1828  실제 1470   <-- 불일치
18 계획 1249  실제 1271   <-- 불일치
19 계획 1619  실제 1735   <-- 불일치
20 계획 1254  실제 1734   <-- 불일치
21 계획 1609  실제 1270   <-- 불일치
22 계획 1253  실제 1464   <-- 불일치
23 계획 1822  실제 1460   <-- 불일치
24 계획 1252  실제 1464   <-- 불일치
25 계획 1860  실제 1462   <-- 불일치
26 계획 1251  실제 1464   <-- 불일치
27 계획 1948  실제 1269   <-- 불일치
28 계획 1391  실제 1601   <-- 불일치
29 계획 1952  실제 1268   <-- 불일치
30 계획 1248  실제 1456   <-- 불일치
31 계획 1896  실제 1457   <-- 불일치
32 계획 1151  실제 1456   <-- 불일치
33 계획 -     실제 1457   <-- 불일치
34 계획 -     실제 1452   <-- 불일치
35 계획 -     실제 1457   <-- 불일치
36 계획 -     실제 1455   <-- 불일치
37 계획 -     실제 1457   <-- 불일치
38 계획 -     실제 1454   <-- 불일치
39 계획 -     실제 1250   <-- 불일치
40 계획 -     실제 1453   <-- 불일치
41 계획 -     실제 1250   <-- 불일치
42 계획 -     실제 1828   <-- 불일치
43 계획 -     실제 1827   <-- 불일치
44 계획 -     실제 1828   <-- 불일치
45 계획 -     실제 1249   <-- 불일치
46 계획 -     실제 1619   <-- 불일치
47 계획 -     실제 1614   <-- 불일치
48 계획 -     실제 1254   <-- 불일치
49 계획 -     실제 1611   <-- 불일치
50 계획 -     실제 1254   <-- 불일치
51 계획 -     실제 1609   <-- 불일치
52 계획 -     실제 1605   <-- 불일치
53 계획 -     실제 1253   <-- 불일치
54 계획 -     실제 1821   <-- 불일치
55 계획 -     실제 1822   <-- 불일치
56 계획 -     실제 1819   <-- 불일치
57 계획 -     실제 1816   <-- 불일치
58 계획 -     실제 1822   <-- 불일치
59 계획 -     실제 1817   <-- 불일치
60 계획 -     실제 1252   <-- 불일치
61 계획 -     실제 1862   <-- 불일치
62 계획 -     실제 1252   <-- 불일치
63 계획 -     실제 1861   <-- 불일치
64 계획 -     실제 1860   <-- 불일치
65 계획 -     실제 1850   <-- 불일치
66 계획 -     실제 1251   <-- 불일치
67 계획 -     실제 1949   <-- 불일치
68 계획 -     실제 1251   <-- 불일치
69 계획 -     실제 1948   <-- 불일치
70 계획 -     실제 1391   <-- 불일치
첫 불일치 위치: 1번째 (계획 1969 / 실제 1970)
junction 통과(커넥터 road 를 실제로 밟았는지):
junction1   (r1969): 통과
junction109 (r1972): 통과
junction43  (r1484): 통과
junction11  (r1466): 통과
junction61  (r1734): 통과
junction85  (r1464): 통과
junction37  (r1601): 통과
junction107 (r1457): 통과
junction78  (r1828): 통과
junction41  (r1619): 통과
junction39  (r1609): 통과
junction86  (r1822): 통과
junction83  (r1860): 통과
junction108 (r1948): 통과
junction106 (r1952): 미통과
junction3   (r1896): 미통과
junction2(출발 전), junction35(종점 밖)는 통과 대상 아님

=== 급회전 커넥터 이탈량 (정의: sharp_offset docstring) ===
r1484 (+78.4°): tick 37, 최대|lat| 1.65m, 최대 차체초과 +0.97m(안쪽, s=10.2), on_road False 10tick, 충돌 0건
r1466 (-68.1°): tick 57, 최대|lat| 1.47m, 최대 차체초과 +0.67m(안쪽, s=5.0), on_road False 0tick, 충돌 0건
r1484 진입: t=51.35s speed=6.25m/s(22.5km/h)
r1466 진입: t=78.45s speed=6.04m/s(21.7km/h)

=== 차체 판정 road 별 (tick 수, 최대 차선밖 꼭짓점) ===
road1278: 인도 23tick, 차선밖꼭짓점 최대 1/4 (1개 이상 26tick), 반대차선(중심) 0tick, (계획 차선 안 0tick), 꼭짓점 침범깊이 최대 0.13m, 메시밖 0tick
road1972: 인도 2tick, 차선밖꼭짓점 최대 1/4 (1개 이상 2tick), 반대차선(중심) 0tick, (계획 차선 안 0tick), 꼭짓점 침범깊이 최대 0.00m, 메시밖 0tick
road1392: 인도 1tick, 차선밖꼭짓점 최대 1/4 (1개 이상 1tick), 반대차선(중심) 0tick, (계획 차선 안 0tick), 꼭짓점 침범깊이 최대 0.00m, 메시밖 0tick
road1487: 인도 0tick, 차선밖꼭짓점 최대 1/4 (1개 이상 1tick), 반대차선(중심) 0tick, (계획 차선 안 0tick), 꼭짓점 침범깊이 최대 0.00m, 메시밖 0tick
road1484: 인도 38tick, 차선밖꼭짓점 최대 2/4 (1개 이상 38tick), 반대차선(중심) 0tick, (계획 차선 안 0tick), 꼭짓점 침범깊이 최대 0.00m, 메시밖 0tick
road1483: 인도 5tick, 차선밖꼭짓점 최대 1/4 (1개 이상 5tick), 반대차선(중심) 0tick, (계획 차선 안 0tick), 꼭짓점 침범깊이 최대 0.00m, 메시밖 0tick
road1202: 인도 11tick, 차선밖꼭짓점 최대 1/4 (1개 이상 11tick), 반대차선(중심) 0tick, (계획 차선 안 0tick), 꼭짓점 침범깊이 최대 0.00m, 메시밖 0tick
road1467: 인도 0tick, 차선밖꼭짓점 최대 0/4 (1개 이상 0tick), 반대차선(중심) 0tick, (계획 차선 안 0tick), 꼭짓점 침범깊이 최대 2.00m, 메시밖 0tick
road1472: 인도 0tick, 차선밖꼭짓점 최대 0/4 (1개 이상 0tick), 반대차선(중심) 17tick, (계획 차선 안 17tick), 꼭짓점 침범깊이 최대 2.96m, 메시밖 0tick
road1469: 인도 0tick, 차선밖꼭짓점 최대 0/4 (1개 이상 0tick), 반대차선(중심) 3tick, (계획 차선 안 3tick), 꼭짓점 침범깊이 최대 2.59m, 메시밖 0tick
road1466: 인도 0tick, 차선밖꼭짓점 최대 0/4 (1개 이상 0tick), 반대차선(중심) 0tick, (계획 차선 안 0tick), 꼭짓점 침범깊이 최대 2.27m, 메시밖 0tick
road1470: 인도 0tick, 차선밖꼭짓점 최대 0/4 (1개 이상 0tick), 반대차선(중심) 0tick, (계획 차선 안 0tick), 꼭짓점 침범깊이 최대 0.92m, 메시밖 0tick
road1464: 인도 0tick, 차선밖꼭짓점 최대 0/4 (1개 이상 0tick), 반대차선(중심) 0tick, (계획 차선 안 0tick), 꼭짓점 침범깊이 최대 2.01m, 메시밖 0tick
road1460: 인도 0tick, 차선밖꼭짓점 최대 0/4 (1개 이상 0tick), 반대차선(중심) 0tick, (계획 차선 안 0tick), 꼭짓점 침범깊이 최대 0.97m, 메시밖 0tick
road1462: 인도 0tick, 차선밖꼭짓점 최대 0/4 (1개 이상 0tick), 반대차선(중심) 0tick, (계획 차선 안 0tick), 꼭짓점 침범깊이 최대 1.04m, 메시밖 0tick
road1269: 인도 0tick, 차선밖꼭짓점 최대 0/4 (1개 이상 0tick), 반대차선(중심) 0tick, (계획 차선 안 0tick), 꼭짓점 침범깊이 최대 2.56m, 메시밖 0tick
road1601: 인도 0tick, 차선밖꼭짓점 최대 0/4 (1개 이상 0tick), 반대차선(중심) 0tick, (계획 차선 안 0tick), 꼭짓점 침범깊이 최대 1.92m, 메시밖 0tick
road1268: 인도 0tick, 차선밖꼭짓점 최대 0/4 (1개 이상 0tick), 반대차선(중심) 0tick, (계획 차선 안 0tick), 꼭짓점 침범깊이 최대 1.71m, 메시밖 0tick
road1456: 인도 0tick, 차선밖꼭짓점 최대 0/4 (1개 이상 0tick), 반대차선(중심) 0tick, (계획 차선 안 0tick), 꼭짓점 침범깊이 최대 1.73m, 메시밖 0tick
road1457: 인도 0tick, 차선밖꼭짓점 최대 0/4 (1개 이상 0tick), 반대차선(중심) 0tick, (계획 차선 안 0tick), 꼭짓점 침범깊이 최대 2.06m, 메시밖 0tick
road1452: 인도 0tick, 차선밖꼭짓점 최대 0/4 (1개 이상 0tick), 반대차선(중심) 0tick, (계획 차선 안 0tick), 꼭짓점 침범깊이 최대 1.98m, 메시밖 0tick
road1455: 인도 0tick, 차선밖꼭짓점 최대 0/4 (1개 이상 0tick), 반대차선(중심) 0tick, (계획 차선 안 0tick), 꼭짓점 침범깊이 최대 1.94m, 메시밖 0tick
road1454: 인도 0tick, 차선밖꼭짓점 최대 0/4 (1개 이상 0tick), 반대차선(중심) 0tick, (계획 차선 안 0tick), 꼭짓점 침범깊이 최대 2.23m, 메시밖 0tick
road1250: 인도 0tick, 차선밖꼭짓점 최대 0/4 (1개 이상 0tick), 반대차선(중심) 0tick, (계획 차선 안 0tick), 꼭짓점 침범깊이 최대 2.56m, 메시밖 0tick
road1453: 인도 0tick, 차선밖꼭짓점 최대 0/4 (1개 이상 0tick), 반대차선(중심) 0tick, (계획 차선 안 0tick), 꼭짓점 침범깊이 최대 2.24m, 메시밖 0tick
road1828: 인도 0tick, 차선밖꼭짓점 최대 0/4 (1개 이상 0tick), 반대차선(중심) 0tick, (계획 차선 안 0tick), 꼭짓점 침범깊이 최대 1.21m, 메시밖 0tick
road1822: 인도 0tick, 차선밖꼭짓점 최대 0/4 (1개 이상 0tick), 반대차선(중심) 0tick, (계획 차선 안 0tick), 꼭짓점 침범깊이 최대 1.66m, 메시밖 0tick
road1819: 인도 0tick, 차선밖꼭짓점 최대 0/4 (1개 이상 0tick), 반대차선(중심) 0tick, (계획 차선 안 0tick), 꼭짓점 침범깊이 최대 1.28m, 메시밖 0tick
road1816: 인도 0tick, 차선밖꼭짓점 최대 0/4 (1개 이상 0tick), 반대차선(중심) 0tick, (계획 차선 안 0tick), 꼭짓점 침범깊이 최대 1.25m, 메시밖 0tick
road1860: 인도 0tick, 차선밖꼭짓점 최대 0/4 (1개 이상 0tick), 반대차선(중심) 0tick, (계획 차선 안 0tick), 꼭짓점 침범깊이 최대 1.66m, 메시밖 0tick
road1948: 인도 14tick, 차선밖꼭짓점 최대 1/4 (1개 이상 14tick), 반대차선(중심) 0tick, (계획 차선 안 0tick), 꼭짓점 침범깊이 최대 0.00m, 메시밖 0tick
road1391: 인도 0tick, 차선밖꼭짓점 최대 1/4 (1개 이상 16tick), 반대차선(중심) 0tick, (계획 차선 안 0tick), 꼭짓점 침범깊이 최대 0.00m, 메시밖 0tick
(목록에 없는 road 는 전부 0)

=== 차선 이탈 구간 (차체 기준, 계획 중심선 기준, 세션19) ===
t=20.00~20.90s road1278 -중앙선 쪽 최대 lat -0.89m 차체초과 0.11m 중심초과 0.00m 19tick, 진입 18.3km/h, road 평균R 173.65 R2min 10.28
t=39.55~39.65s road1393 +인도 쪽 최대 lat +0.88m 차체초과 0.10m 중심초과 0.00m 3tick, 진입 20.4km/h, road 평균R 209.60 R2min 13.11
t=51.40~53.70s road1484 +인도 쪽 최대 lat +1.75m 차체초과 0.97m 중심초과 0.08m 47tick, 진입 22.1km/h, road 평균R 10.12 R2min 7.40
t=76.50~79.20s road1466 -중앙선 쪽 최대 lat -1.47m 차체초과 0.69m 중심초과 0.00m 55tick, 진입 22.8km/h, road 평균R 11.90 R2min 6.48
t=240.70~241.45s road1948 +인도 쪽 최대 lat +0.94m 차체초과 0.15m 중심초과 0.00m 16tick, 진입 8.5km/h, road 평균R 10.95 R2min 5.25
t=248.80~249.25s road1391 -중앙선 쪽 최대 lat -1.02m 차체초과 0.24m 중심초과 0.00m 10tick, 진입 8.6km/h, road 평균R 11.51 R2min 3.22
합계 6구간 (중앙선 쪽 3, 인도 쪽 3), 최대 차체초과 0.97m
충돌 누적 1건
판정: record
follow=on

=== 실패 직전 10초 road 전이 (t_end=249.25s) ===
t= 239.55s road1949  커넥터 speed= 2.30m/s (965.2,-285.0)
t= 239.80s road1251  일반  speed= 2.39m/s (965.6,-284.6)
t= 239.95s road1948  커넥터 speed= 2.31m/s (965.9,-284.3)
t= 242.30s road1391  일반  speed= 2.31m/s (969.2,-279.9)
궤적 로그: /home/gyumin/campus_mobility_sim/map/docs/logs/drive_log_20261007_215048.csv
충돌 센서(actor_id=26) 제거함
실패/예외로 차량(actor_id=25) 제거함
[동기모드] 복귀: synchronous_mode=False fixed_delta_seconds=None
