== r1391 (길이 17.87)
  t=  242.3 s_geom=  0.09 s_carla=  0.08 t_lat=-1.74 k=+0.000 v=2.31 steer=-0.048 z=-0.009 pitch=0.081 roll=-0.016 body= opp=False
  t= 242.35 s_geom=  0.20 s_carla=  0.19 t_lat=-1.69 k=+0.000 v=2.30 steer=-0.044 z=-0.009 pitch=0.063 roll=-0.01 body= opp=False
  t=  242.4 s_geom=  0.26 s_carla=  0.30 t_lat=-1.64 k=+0.427 v=2.32 steer=-0.040 z=-0.008 pitch=0.059 roll=-0.007 body= opp=False
  t= 242.45 s_geom=  0.32 s_carla=  0.41 t_lat=-1.60 k=+0.405 v=2.34 steer=-0.037 z=-0.008 pitch=0.066 roll=-0.005 body= opp=False
  t=  242.5 s_geom=  0.39 s_carla=  0.52 t_lat=-1.56 k=+0.382 v=2.37 steer=-0.033 z=-0.008 pitch=0.077 roll=-0.005 body= opp=False
  t= 242.55 s_geom=  0.46 s_carla=  0.64 t_lat=-1.52 k=+0.360 v=2.38 steer=-0.031 z=-0.008 pitch=0.085 roll=-0.004 body= opp=False
  t=  242.6 s_geom=  0.53 s_carla=  0.75 t_lat=-1.48 k=+0.338 v=2.38 steer=-0.027 z=-0.008 pitch=0.084 roll=-0.005 body= opp=False
  t= 242.65 s_geom=  0.61 s_carla=  0.86 t_lat=-1.45 k=+0.318 v=2.36 steer=-0.025 z=-0.008 pitch=0.077 roll=-0.006 body= opp=False
  t=  242.7 s_geom=  0.69 s_carla=  0.98 t_lat=-1.42 k=+0.297 v=2.34 steer=-0.022 z=-0.008 pitch=0.066 roll=-0.007 body= opp=False
  t= 242.75 s_geom=  0.77 s_carla=  1.00 t_lat=-1.39 k=+0.278 v=2.33 steer=-0.021 z=-0.008 pitch=0.056 roll=-0.006 body= opp=False
  t=  242.8 s_geom=  0.85 s_carla=  1.00 t_lat=-1.37 k=+0.261 v=2.33 steer=-0.018 z=-0.008 pitch=0.052 roll=-0.007 body= opp=False
  t= 242.85 s_geom=  0.94 s_carla=  1.00 t_lat=-1.35 k=+0.244 v=2.33 steer=-0.018 z=-0.008 pitch=0.055 roll=-0.006 body= opp=False
  t=  242.9 s_geom=  1.03 s_carla=  1.07 t_lat=-1.33 k=+0.227 v=2.35 steer=-0.015 z=-0.008 pitch=0.061 roll=-0.005 body= opp=False
  t= 242.95 s_geom=  1.12 s_carla=  1.18 t_lat=-1.31 k=+0.213 v=2.36 steer=-0.015 z=-0.008 pitch=0.068 roll=-0.004 body= opp=False
  t=  243.0 s_geom=  1.21 s_carla=  1.30 t_lat=-1.29 k=+0.199 v=2.37 steer=-0.012 z=-0.008 pitch=0.072 roll=-0.004 body= opp=False
  t= 243.05 s_geom=  1.30 s_carla=  1.42 t_lat=-1.28 k=+0.186 v=2.36 steer=-0.012 z=-0.008 pitch=0.072 roll=-0.004 body= opp=False
  t=  243.1 s_geom=  1.40 s_carla=  1.54 t_lat=-1.27 k=+0.174 v=2.35 steer=-0.010 z=-0.008 pitch=0.069 roll=-0.004 body= opp=False
  t= 243.15 s_geom=  1.50 s_carla=  1.66 t_lat=-1.26 k=+0.162 v=2.34 steer=-0.010 z=-0.008 pitch=0.064 roll=-0.003 body= opp=False
  t=  243.2 s_geom=  1.60 s_carla=  1.77 t_lat=-1.26 k=+0.152 v=2.34 steer=-0.008 z=-0.008 pitch=0.06 roll=-0.003 body= opp=False
  t= 243.25 s_geom=  1.69 s_carla=  1.89 t_lat=-1.25 k=+0.143 v=2.33 steer=-0.108 z=-0.008 pitch=0.057 roll=0.068 body= opp=False
  t=  243.3 s_geom=  1.79 s_carla=  2.00 t_lat=-1.24 k=+0.134 v=2.33 steer=-0.161 z=-0.008 pitch=0.053 roll=0.196 body= opp=False
  t= 243.35 s_geom=  1.89 s_carla=  2.00 t_lat=-1.23 k=+0.126 v=2.34 steer=-0.131 z=-0.008 pitch=0.056 roll=0.232 body= opp=False
  t=  243.4 s_geom=  1.99 s_carla=  2.00 t_lat=-1.22 k=+0.118 v=2.36 steer=-0.114 z=-0.008 pitch=0.062 roll=0.205 body= opp=False
  t= 243.45 s_geom=  2.10 s_carla=  2.13 t_lat=-1.21 k=+0.111 v=2.36 steer=-0.106 z=-0.008 pitch=0.068 roll=0.162 body= opp=False
  t=  243.5 s_geom=  2.20 s_carla=  2.25 t_lat=-1.20 k=+0.105 v=2.37 steer=-0.096 z=-0.008 pitch=0.07 roll=0.117 body= opp=False
  t= 243.55 s_geom=  2.31 s_carla=  2.37 t_lat=-1.19 k=+0.098 v=2.36 steer=-0.088 z=-0.008 pitch=0.069 roll=0.08 body= opp=False
  t=  243.6 s_geom=  2.41 s_carla=  2.49 t_lat=-1.19 k=+0.093 v=2.35 steer=-0.080 z=-0.008 pitch=0.065 roll=0.049 body= opp=False
  t= 243.65 s_geom=  2.52 s_carla=  2.60 t_lat=-1.19 k=+0.088 v=2.34 steer=-0.074 z=-0.008 pitch=0.06 roll=0.028 body= opp=False
  t=  243.7 s_geom=  2.62 s_carla=  2.72 t_lat=-1.18 k=+0.083 v=2.34 steer=-0.067 z=-0.008 pitch=0.058 roll=0.012 body= opp=False
  t= 243.75 s_geom=  2.73 s_carla=  2.84 t_lat=-1.18 k=+0.078 v=2.34 steer=-0.062 z=-0.008 pitch=0.058 roll=0.003 body= opp=False
  t=  243.8 s_geom=  2.84 s_carla=  2.95 t_lat=-1.18 k=+0.074 v=2.35 steer=-0.055 z=-0.008 pitch=0.061 roll=-0.004 body= opp=False
  t= 243.85 s_geom=  2.94 s_carla=  3.00 t_lat=-1.18 k=+0.070 v=2.35 steer=-0.051 z=-0.008 pitch=0.065 roll=-0.007 body= opp=False
  t=  243.9 s_geom=  3.05 s_carla=  3.07 t_lat=-1.18 k=+0.066 v=2.36 steer=-0.046 z=-0.008 pitch=0.068 roll=-0.009 body= opp=False
  t= 243.95 s_geom=  3.16 s_carla=  3.19 t_lat=-1.18 k=+0.063 v=2.36 steer=-0.042 z=-0.008 pitch=0.068 roll=-0.01 body= opp=False
  t=  244.0 s_geom=  3.27 s_carla=  3.31 t_lat=-1.19 k=+0.059 v=2.35 steer=-0.038 z=-0.008 pitch=0.067 roll=-0.011 body= opp=False
  t= 244.05 s_geom=  3.38 s_carla=  3.43 t_lat=-1.19 k=+0.056 v=2.35 steer=-0.035 z=-0.008 pitch=0.065 roll=-0.01 body= opp=False
  t=  244.1 s_geom=  3.49 s_carla=  3.54 t_lat=-1.19 k=+0.053 v=2.34 steer=-0.031 z=-0.008 pitch=0.063 roll=-0.01 body= opp=False
  t= 244.15 s_geom=  3.60 s_carla=  3.66 t_lat=-1.20 k=+0.050 v=2.34 steer=-0.029 z=-0.008 pitch=0.062 roll=-0.009 body= opp=False
  t=  244.2 s_geom=  3.71 s_carla=  3.78 t_lat=-1.20 k=+0.048 v=2.35 steer=-0.026 z=-0.008 pitch=0.062 roll=-0.009 body= opp=False
  t= 244.25 s_geom=  3.83 s_carla=  3.89 t_lat=-1.21 k=+0.045 v=2.35 steer=-0.024 z=-0.008 pitch=0.063 roll=-0.008 body= opp=False
  t=  244.3 s_geom=  3.93 s_carla=  4.00 t_lat=-1.22 k=+0.043 v=2.35 steer=-0.021 z=-0.008 pitch=0.065 roll=-0.008 body= opp=False
  t= 244.35 s_geom=  4.05 s_carla=  4.06 t_lat=-1.22 k=+0.040 v=2.35 steer=-0.020 z=-0.008 pitch=0.066 roll=-0.006 body= opp=False
  t=  244.4 s_geom=  4.16 s_carla=  4.17 t_lat=-1.23 k=+0.038 v=2.35 steer=-0.017 z=-0.008 pitch=0.066 roll=-0.006 body= opp=False
  t= 244.45 s_geom=  4.27 s_carla=  4.29 t_lat=-1.24 k=+0.036 v=2.35 steer=-0.017 z=-0.008 pitch=0.066 roll=-0.005 body= opp=False
  t=  244.5 s_geom=  4.38 s_carla=  4.41 t_lat=-1.25 k=+0.034 v=2.35 steer=-0.014 z=-0.008 pitch=0.064 roll=-0.005 body= opp=False
  t= 244.55 s_geom=  4.50 s_carla=  4.53 t_lat=-1.26 k=+0.032 v=2.35 steer=-0.014 z=-0.008 pitch=0.063 roll=-0.004 body= opp=False
  t=  244.6 s_geom=  4.60 s_carla=  4.64 t_lat=-1.27 k=+0.030 v=2.35 steer=-0.012 z=-0.008 pitch=0.063 roll=-0.005 body= opp=False
  t= 244.65 s_geom=  4.72 s_carla=  4.76 t_lat=-1.28 k=+0.028 v=2.35 steer=-0.012 z=-0.008 pitch=0.063 roll=-0.004 body= opp=False
  t=  244.7 s_geom=  4.83 s_carla=  4.88 t_lat=-1.29 k=+0.027 v=2.34 steer=-0.112 z=-0.008 pitch=0.062 roll=0.069 body= opp=False
  t= 244.75 s_geom=  4.95 s_carla=  4.99 t_lat=-1.29 k=+0.025 v=2.34 steer=-0.148 z=-0.008 pitch=0.059 roll=0.185 body= opp=False
  t=  244.8 s_geom=  5.06 s_carla=  5.06 t_lat=-1.29 k=+0.023 v=2.35 steer=-0.118 z=-0.008 pitch=0.059 roll=0.21 body= opp=False
  t= 244.85 s_geom=  5.17 s_carla=  5.18 t_lat=-1.29 k=+0.021 v=2.35 steer=-0.106 z=-0.008 pitch=0.062 roll=0.183 body= opp=False
  t=  244.9 s_geom=  5.29 s_carla=  5.30 t_lat=-1.30 k=+0.020 v=2.36 steer=-0.096 z=-0.008 pitch=0.065 roll=0.142 body= opp=False
  t= 244.95 s_geom=  5.41 s_carla=  5.42 t_lat=-1.30 k=+0.018 v=2.36 steer=-0.089 z=-0.008 pitch=0.067 roll=0.103 body= opp=False
  t=  245.0 s_geom=  5.52 s_carla=  5.53 t_lat=-1.31 k=+0.016 v=2.35 steer=-0.080 z=-0.008 pitch=0.066 roll=0.069 body= opp=False
  t= 245.05 s_geom=  5.63 s_carla=  5.65 t_lat=-1.31 k=+0.015 v=2.35 steer=-0.080 z=-0.008 pitch=0.064 roll=0.049 body= opp=False
  t=  245.1 s_geom=  5.75 s_carla=  5.77 t_lat=-1.31 k=+0.013 v=2.34 steer=-0.066 z=-0.008 pitch=0.062 roll=0.026 body= opp=False
  t= 245.15 s_geom=  5.86 s_carla=  5.88 t_lat=-1.32 k=+0.011 v=2.34 steer=-0.061 z=-0.008 pitch=0.06 roll=0.01 body= opp=False
  t=  245.2 s_geom=  5.98 s_carla=  6.00 t_lat=-1.32 k=+0.009 v=2.34 steer=-0.055 z=-0.008 pitch=0.061 roll=-0.0 body= opp=False
  t= 245.25 s_geom=  6.09 s_carla=  6.12 t_lat=-1.32 k=+0.008 v=2.35 steer=-0.051 z=-0.008 pitch=0.063 roll=-0.005 body= opp=False
  t=  245.3 s_geom=  6.21 s_carla=  6.24 t_lat=-1.33 k=+0.006 v=2.35 steer=-0.046 z=-0.008 pitch=0.065 roll=-0.009 body= opp=False
  t= 245.35 s_geom=  6.33 s_carla=  6.35 t_lat=-1.33 k=+0.004 v=2.35 steer=-0.042 z=-0.008 pitch=0.066 roll=-0.01 body= opp=False
  t=  245.4 s_geom=  6.44 s_carla=  6.47 t_lat=-1.34 k=+0.002 v=2.35 steer=-0.038 z=-0.008 pitch=0.067 roll=-0.011 body= opp=False
  t= 245.45 s_geom=  6.56 s_carla=  6.59 t_lat=-1.34 k=+0.000 v=2.35 steer=-0.035 z=-0.008 pitch=0.066 roll=-0.011 body= opp=False
  t=  245.5 s_geom=  6.68 s_carla=  6.71 t_lat=-1.35 k=-0.002 v=2.35 steer=-0.031 z=-0.008 pitch=0.065 roll=-0.011 body= opp=False
  t= 245.55 s_geom=  6.80 s_carla=  6.82 t_lat=-1.35 k=-0.004 v=2.35 steer=-0.029 z=-0.008 pitch=0.063 roll=-0.01 body= opp=False
  t=  245.6 s_geom=  6.91 s_carla=  6.94 t_lat=-1.35 k=-0.006 v=2.35 steer=-0.026 z=-0.008 pitch=0.063 roll=-0.009 body= opp=False
  t= 245.65 s_geom=  7.04 s_carla=  7.06 t_lat=-1.36 k=-0.009 v=2.35 steer=-0.024 z=-0.008 pitch=0.063 roll=-0.008 body= opp=False
  t=  245.7 s_geom=  7.15 s_carla=  7.18 t_lat=-1.36 k=-0.012 v=2.35 steer=-0.021 z=-0.008 pitch=0.064 roll=-0.008 body= opp=False
  t= 245.75 s_geom=  7.27 s_carla=  7.29 t_lat=-1.37 k=-0.014 v=2.35 steer=-0.020 z=-0.008 pitch=0.065 roll=-0.006 body= opp=False
  t=  245.8 s_geom=  7.39 s_carla=  7.41 t_lat=-1.37 k=-0.018 v=2.35 steer=-0.017 z=-0.008 pitch=0.065 roll=-0.006 body= opp=False
  t= 245.85 s_geom=  7.51 s_carla=  7.53 t_lat=-1.37 k=-0.021 v=2.35 steer=-0.017 z=-0.008 pitch=0.065 roll=-0.005 body= opp=False
  t=  245.9 s_geom=  7.63 s_carla=  7.65 t_lat=-1.38 k=-0.025 v=2.35 steer=-0.014 z=-0.008 pitch=0.065 roll=-0.005 body= opp=False
  t= 245.95 s_geom=  7.76 s_carla=  7.76 t_lat=-1.38 k=-0.029 v=2.35 steer=-0.014 z=-0.008 pitch=0.064 roll=-0.004 body= opp=False
  t=  246.0 s_geom=  7.88 s_carla=  7.88 t_lat=-1.38 k=-0.034 v=2.35 steer=-0.012 z=-0.008 pitch=0.064 roll=-0.005 body= opp=False
  t= 246.05 s_geom=  8.00 s_carla=  8.00 t_lat=-1.38 k=-0.039 v=2.35 steer=-0.012 z=-0.008 pitch=0.063 roll=-0.004 body= opp=False
  t=  246.1 s_geom=  8.13 s_carla=  8.11 t_lat=-1.39 k=-0.046 v=2.35 steer=-0.010 z=-0.008 pitch=0.064 roll=-0.004 body= opp=False
  t= 246.15 s_geom=  8.25 s_carla=  8.23 t_lat=-1.39 k=-0.053 v=2.35 steer=-0.010 z=-0.008 pitch=0.064 roll=-0.003 body= opp=False
  t=  246.2 s_geom=  8.38 s_carla=  8.35 t_lat=-1.39 k=-0.062 v=2.35 steer=-0.008 z=-0.008 pitch=0.065 roll=-0.003 body= opp=False
  t= 246.25 s_geom=  8.51 s_carla=  8.47 t_lat=-1.38 k=-0.073 v=2.35 steer=-0.008 z=-0.008 pitch=0.065 roll=-0.003 body= opp=False
  t=  246.3 s_geom=  8.64 s_carla=  8.58 t_lat=-1.38 k=-0.086 v=2.34 steer=-0.108 z=-0.008 pitch=0.063 roll=0.07 body= opp=False
  t= 246.35 s_geom=  8.77 s_carla=  8.70 t_lat=-1.37 k=-0.102 v=2.34 steer=-0.149 z=-0.008 pitch=0.059 roll=0.189 body= opp=False
  t=  246.4 s_geom=  8.91 s_carla=  8.82 t_lat=-1.36 k=-0.124 v=2.34 steer=-0.119 z=-0.008 pitch=0.058 roll=0.216 body= opp=False
  t= 246.45 s_geom=  9.02 s_carla=  9.09 t_lat=-1.34 k=+0.946 v=2.35 steer=-0.106 z=-0.008 pitch=0.06 roll=0.189 body= opp=False
  t=  246.5 s_geom=  9.07 s_carla=  9.20 t_lat=-1.33 k=+0.545 v=2.36 steer=-0.097 z=-0.008 pitch=0.064 roll=0.147 body= opp=False
  t= 246.55 s_geom=  9.15 s_carla=  9.32 t_lat=-1.32 k=+0.352 v=2.36 steer=-0.089 z=-0.008 pitch=0.066 roll=0.107 body= opp=False
  t=  246.6 s_geom=  9.23 s_carla=  9.44 t_lat=-1.32 k=+0.270 v=2.36 steer=-0.081 z=-0.008 pitch=0.067 roll=0.072 body= opp=False
  t= 246.65 s_geom=  9.32 s_carla=  9.56 t_lat=-1.32 k=+0.244 v=2.35 steer=-0.074 z=-0.008 pitch=0.065 roll=0.046 body= opp=False
  t=  246.7 s_geom=  9.41 s_carla=  9.67 t_lat=-1.32 k=+0.260 v=2.35 steer=-0.067 z=-0.008 pitch=0.063 roll=0.025 body= opp=False
  t= 246.75 s_geom=  9.49 s_carla=  9.79 t_lat=-1.32 k=+0.328 v=2.34 steer=-0.062 z=-0.008 pitch=0.061 roll=0.012 body= opp=False
  t=  246.8 s_geom=  9.57 s_carla=  9.91 t_lat=-1.33 k=+0.503 v=2.34 steer=-0.056 z=-0.008 pitch=0.061 roll=0.002 body= opp=False
  t= 246.85 s_geom=  9.63 s_carla= 10.00 t_lat=-1.34 k=+0.992 v=2.35 steer=-0.052 z=-0.008 pitch=0.062 roll=-0.003 body= opp=False
  t=  246.9 s_geom=  9.79 s_carla= 10.00 t_lat=-1.35 k=-0.169 v=2.35 steer=-0.046 z=-0.008 pitch=0.064 roll=-0.007 body= opp=False
  t= 246.95 s_geom=  9.93 s_carla= 10.00 t_lat=-1.36 k=-0.135 v=2.35 steer=-0.043 z=-0.008 pitch=0.066 roll=-0.009 body= opp=False
  t=  247.0 s_geom= 10.07 s_carla= 10.05 t_lat=-1.37 k=-0.109 v=2.35 steer=-0.038 z=-0.008 pitch=0.066 roll=-0.01 body= opp=False
  t= 247.05 s_geom= 10.21 s_carla= 10.17 t_lat=-1.38 k=-0.090 v=2.35 steer=-0.036 z=-0.008 pitch=0.066 roll=-0.01 body= opp=False
  t=  247.1 s_geom= 10.34 s_carla= 10.28 t_lat=-1.38 k=-0.076 v=2.35 steer=-0.031 z=-0.008 pitch=0.065 roll=-0.01 body= opp=False
  t= 247.15 s_geom= 10.47 s_carla= 10.40 t_lat=-1.38 k=-0.064 v=2.35 steer=-0.030 z=-0.008 pitch=0.064 roll=-0.009 body= opp=False
  t=  247.2 s_geom= 10.60 s_carla= 10.52 t_lat=-1.39 k=-0.054 v=2.35 steer=-0.026 z=-0.008 pitch=0.063 roll=-0.009 body= opp=False
  t= 247.25 s_geom= 10.73 s_carla= 10.64 t_lat=-1.39 k=-0.045 v=2.35 steer=-0.025 z=-0.008 pitch=0.063 roll=-0.008 body= opp=False
  t=  247.3 s_geom= 10.85 s_carla= 10.75 t_lat=-1.39 k=-0.038 v=2.35 steer=-0.022 z=-0.008 pitch=0.063 roll=-0.008 body= opp=False
  t= 247.35 s_geom= 10.97 s_carla= 10.87 t_lat=-1.39 k=-0.032 v=2.35 steer=-0.020 z=-0.008 pitch=0.064 roll=-0.006 body= opp=False
  t=  247.4 s_geom= 11.10 s_carla= 11.09 t_lat=-1.39 k=-0.026 v=2.35 steer=-0.018 z=-0.008 pitch=0.065 roll=-0.006 body= opp=False
  t= 247.45 s_geom= 11.22 s_carla= 11.21 t_lat=-1.39 k=-0.021 v=2.35 steer=-0.017 z=-0.008 pitch=0.065 roll=-0.006 body= opp=False
  t=  247.5 s_geom= 11.34 s_carla= 11.33 t_lat=-1.38 k=-0.017 v=2.35 steer=-0.014 z=-0.008 pitch=0.065 roll=-0.006 body= opp=False
  t= 247.55 s_geom= 11.46 s_carla= 11.44 t_lat=-1.38 k=-0.013 v=2.35 steer=-0.014 z=-0.008 pitch=0.065 roll=-0.005 body= opp=False
  t=  247.6 s_geom= 11.58 s_carla= 11.56 t_lat=-1.38 k=-0.009 v=2.35 steer=-0.012 z=-0.008 pitch=0.064 roll=-0.005 body= opp=False
  t= 247.65 s_geom= 11.69 s_carla= 11.68 t_lat=-1.38 k=-0.006 v=2.35 steer=-0.012 z=-0.008 pitch=0.064 roll=-0.004 body= opp=False
  t=  247.7 s_geom= 11.81 s_carla= 11.80 t_lat=-1.38 k=-0.002 v=2.35 steer=-0.010 z=-0.008 pitch=0.064 roll=-0.004 body= opp=False
  t= 247.75 s_geom= 11.93 s_carla= 11.91 t_lat=-1.37 k=+0.001 v=2.35 steer=-0.010 z=-0.008 pitch=0.064 roll=-0.003 body= opp=False
  t=  247.8 s_geom= 12.05 s_carla= 12.03 t_lat=-1.37 k=+0.004 v=2.35 steer=-0.008 z=-0.008 pitch=0.064 roll=-0.003 body= opp=False
  t= 247.85 s_geom= 12.16 s_carla= 12.15 t_lat=-1.37 k=+0.006 v=2.35 steer=-0.008 z=-0.008 pitch=0.065 roll=-0.003 body= opp=False
  t=  247.9 s_geom= 12.28 s_carla= 12.27 t_lat=-1.37 k=+0.009 v=2.35 steer=-0.007 z=-0.008 pitch=0.065 roll=-0.003 body= opp=False
  t= 247.95 s_geom= 12.40 s_carla= 12.38 t_lat=-1.37 k=+0.012 v=2.35 steer=-0.007 z=-0.008 pitch=0.065 roll=-0.002 body= opp=False
  t=  248.0 s_geom= 12.51 s_carla= 12.50 t_lat=-1.36 k=+0.014 v=2.34 steer=-0.107 z=-0.008 pitch=0.063 roll=0.071 body= opp=False
  t= 248.05 s_geom= 12.62 s_carla= 12.62 t_lat=-1.35 k=+0.017 v=2.33 steer=-0.207 z=-0.008 pitch=0.056 roll=0.219 body= opp=False
  t=  248.1 s_geom= 12.73 s_carla= 12.73 t_lat=-1.34 k=+0.019 v=2.32 steer=-0.307 z=-0.008 pitch=0.044 roll=0.385 body= opp=False
  t= 248.15 s_geom= 12.84 s_carla= 12.84 t_lat=-1.31 k=+0.022 v=2.30 steer=-0.407 z=-0.007 pitch=0.028 roll=0.538 body= opp=False
  t=  248.2 s_geom= 12.95 s_carla= 12.95 t_lat=-1.28 k=+0.024 v=2.30 steer=-0.506 z=-0.007 pitch=0.011 roll=0.667 body= opp=False
  t= 248.25 s_geom= 13.05 s_carla= 13.06 t_lat=-1.25 k=+0.026 v=2.34 steer=-0.446 z=-0.007 pitch=0.012 roll=0.676 body= opp=False
  t=  248.3 s_geom= 13.16 s_carla= 13.17 t_lat=-1.22 k=+0.029 v=2.38 steer=-0.397 z=-0.008 pitch=0.032 roll=0.577 body= opp=False
  t= 248.35 s_geom= 13.27 s_carla= 13.28 t_lat=-1.18 k=+0.031 v=2.41 steer=-0.365 z=-0.008 pitch=0.054 roll=0.449 body= opp=False
  t=  248.4 s_geom= 13.38 s_carla= 13.39 t_lat=-1.15 k=+0.034 v=2.40 steer=-0.333 z=-0.008 pitch=0.065 roll=0.322 body= opp=False
  t= 248.45 s_geom= 13.48 s_carla= 13.51 t_lat=-1.11 k=+0.037 v=2.38 steer=-0.306 z=-0.008 pitch=0.062 roll=0.211 body= opp=False
  t=  248.5 s_geom= 13.59 s_carla= 13.62 t_lat=-1.08 k=+0.039 v=2.34 steer=-0.280 z=-0.008 pitch=0.051 roll=0.123 body= opp=False
  t= 248.55 s_geom= 13.69 s_carla= 13.73 t_lat=-1.04 k=+0.042 v=2.31 steer=-0.258 z=-0.008 pitch=0.04 roll=0.061 body= opp=False
  t=  248.6 s_geom= 13.80 s_carla= 13.83 t_lat=-1.01 k=+0.045 v=2.31 steer=-0.236 z=-0.008 pitch=0.036 roll=0.021 body= opp=False
  t= 248.65 s_geom= 13.91 s_carla= 13.94 t_lat=-0.98 k=+0.048 v=2.32 steer=-0.217 z=-0.008 pitch=0.041 roll=-0.0 body= opp=False
  t=  248.7 s_geom= 14.01 s_carla= 14.04 t_lat=-0.94 k=+0.051 v=2.35 steer=-0.197 z=-0.008 pitch=0.054 roll=-0.012 body= opp=False
  t= 248.75 s_geom= 14.12 s_carla= 14.15 t_lat=-0.91 k=+0.055 v=2.37 steer=-0.181 z=-0.008 pitch=0.068 roll=-0.017 body= opp=False
  t=  248.8 s_geom= 14.23 s_carla= 14.26 t_lat=-0.88 k=+0.058 v=2.38 steer=-0.164 z=-0.008 pitch=0.078 roll=-0.021 body= opp=False
  t= 248.85 s_geom= 14.34 s_carla= 14.38 t_lat=-0.85 k=+0.063 v=2.37 steer=-0.150 z=-0.008 pitch=0.08 roll=-0.024 body= opp=False
  t=  248.9 s_geom= 14.45 s_carla= 14.49 t_lat=-0.82 k=+0.067 v=2.36 steer=-0.136 z=-0.008 pitch=0.075 roll=-0.028 body= opp=False
  t= 248.95 s_geom= 14.55 s_carla= 14.61 t_lat=-0.79 k=+0.071 v=2.34 steer=-0.125 z=-0.008 pitch=0.066 roll=-0.03 body= opp=False
  t=  249.0 s_geom= 14.66 s_carla= 14.72 t_lat=-0.76 k=+0.075 v=2.32 steer=-0.113 z=-0.008 pitch=0.042 roll=-0.078 body= opp=False
  t= 249.05 s_geom= 14.76 s_carla= 14.83 t_lat=-0.74 k=+0.080 v=2.34 steer=-0.104 z=-0.012 pitch=-0.243 roll=-0.841 body= opp=False
  t=  249.1 s_geom= 14.87 s_carla= 14.94 t_lat=-0.71 k=+0.086 v=2.36 steer=-0.103 z=-0.022 pitch=-0.81 roll=-2.266 body= opp=False
  t= 249.15 s_geom= 14.97 s_carla= 15.00 t_lat=-0.69 k=+0.091 v=2.40 steer=-0.102 z=-0.037 pitch=-1.591 roll=-4.185 body= opp=False
  t=  249.2 s_geom= 15.06 s_carla= 15.13 t_lat=-0.67 k=+0.096 v=2.43 steer=-0.098 z=-0.055 pitch=-2.539 roll=-6.5 body= opp=False
  t= 249.25 s_geom= 15.14 s_carla= 15.22 t_lat=-0.65 k=+0.101 v=1.47 steer=-0.096 z=-0.059 pitch=-3.691 roll=-8.097 body= opp=False
