map_sha256=5240ca8b883e42c0 (cbnu_internal_only_localtm_tags81_B_smooth_turnfix.xodr)
  노선 전용 계획점 간격 {1391: 1.0}, 4 노선 경로와 교집합 []
  노선 전용 겨냥 거리 {1391: 1.0}, 4 노선 경로와 교집합 []
  목표점 계측 road [1391, 1948, 1952]
  노선 전용 감속 {1391: 8.9}, 4 노선 경로와 교집합 []
route=back: 33 road [1278, 1969, 1393, 1972, 1392, 1484, 1202, 1466, 1271, 1734, 1270, 1464, 1269, 1601, 1268, 1457, 1250, 1828, 1249, 1619, 1254, 1609, 1253, 1822, 1252, 1860, 1251, 1948, 1391, 1952, 1248, 1896, 1151]
  종점 road1151 lane-1 s=23.1 (완주 s>=22.1 이고 종점 5m 이내) - 후문B 추정 게이트(392632034 위, 36.624844, 127.462860 최근접 1.65m)
  커넥터 {1969: 1, 1972: 109, 1484: 43, 1466: 11, 1734: 61, 1464: 85, 1601: 37, 1457: 107, 1828: 78, 1619: 41, 1609: 39, 1822: 86, 1860: 83, 1948: 108, 1952: 106, 1896: 3}, 급회전 {1484: 78.4, 1466: -68.1}
controller=agent, 동기모드=켬 0.05s
conn_spacing=4.0m(전 구간), sharp_speed=없음
follow=on(뒤 8m, 위 4m, 매 tick)
맵: Carla/Maps/OpenDriveMap, spawn point 1302개
server_map_sha256=5240ca8b883e42c0 (파일과 일치)
기존 차량 액터 제거: [25]
spawn: Location(x=217.845581, y=-1087.414185, z=0.500000) road1278 lane-1 s=0.00
계획 CSV: /home/gyumin/campus_mobility_sim/map/docs/logs/drive_plan_20261008_232453.csv
계획 웨이포인트 총 369개
road   kind  n  s범위          최대간격(m)
1278   road  39 1.96~151.01  4.38
1969   conn  2  1.07~3.22  2.93
1393   road  10 1.85~35.20  4.0
1972   conn  1  1.48~1.48  2.07
1392   road  15 1.87~54.20  4.13
1484   conn  4  1.74~12.17  3.33
1202   road  30 1.98~117.07  3.97
1466   conn  4  1.78~12.46  4.3
1271   road  38 1.97~147.53  4.09
1734   conn  4  1.89~13.23  3.86
1270   road  13 1.95~48.68  4.06
1464   conn  5  1.74~15.69  3.7
1269   road  9  1.91~32.45  3.82
1601   conn  4  1.93~13.48  3.85
1268   road  33 1.98~128.54  3.96
1457   conn  4  2.00~13.98  3.98
1250   road  14 1.87~50.58  3.87
1828   conn  4  1.91~13.39  3.83
1249   road  7  1.76~22.93  3.68
1619   conn  4  1.94~13.59  3.92
1254   road  5  1.92~17.27  3.86
1609   conn  4  1.94~13.56  3.95
1253   road  10 1.96~37.24  4.03
1822   conn  4  1.73~12.10  3.7
1252   road  8  1.75~26.28  3.53
1860   conn  7  1.84~23.88  3.67
1251   road  35 1.96~135.39  3.93
1948   conn  2  1.71~5.13  3.59
1391   road  16 1.79~16.79  4.04
1952   conn  3  1.39~6.94  2.98
1248   road  21 1.91~78.37  4.19
1896   conn  4  1.94~13.57  3.9
1151   road  6  1.93~21.18  3.86
커넥터 안쪽 점: 60개 / 점 없는 커넥터: 없음
전체 최대 간격 4.38m, 평균 3.71m
인접 road 연결 확인: 32쌍 모두 next() 로 이어짐
판정: record(세션19, 종료/기록 분리)
궤적 로그(tick마다 기록): /home/gyumin/campus_mobility_sim/map/docs/logs/drive_log_20261008_232453.csv
목표점 로그: /home/gyumin/campus_mobility_sim/map/docs/logs/target_log_20261008_232453.csv
차량 스폰: actor_id=27
bounding box: half_length=1.853m half_width=0.894m half_height=0.775m -> /home/gyumin/campus_mobility_sim/map/docs/logs/vehicle_bbox_20261008_232453.txt
충돌 센서 부착: actor_id=28 -> /home/gyumin/campus_mobility_sim/map/docs/logs/collision_events_20261008_232453.csv
BasicAgent set_global_plan 369점, target_speed=20.0km/h, dt=0.05
[동기모드] 전환 전: synchronous_mode=False fixed_delta_seconds=None
[동기모드] 전환 후: synchronous_mode=True fixed_delta_seconds=0.05
[전이] t=   0.05s road1278 일반 speed= 0.02m/s limit=30km/h
t=   0.1s (  217.85,-1087.41) speed= 0.02m/s road1278 s=   0.0 on_road=True
t=   1.1s (  217.86,-1087.09) speed= 1.57m/s road1278 s=   0.3 on_road=True
t=   2.1s (  217.99,-1084.35) speed= 3.86m/s road1278 s=   3.1 on_road=True
t=   3.1s (  218.23,-1079.52) speed= 5.36m/s road1278 s=   7.9 on_road=True
t=   4.1s (  218.50,-1074.00) speed= 4.42m/s road1278 s=  13.4 on_road=True
t=   5.1s (  218.73,-1069.22) speed= 5.31m/s road1278 s=  18.2 on_road=True
t=   6.1s (  219.00,-1063.66) speed= 4.82m/s road1278 s=  23.8 on_road=True
t=   7.1s (  219.24,-1058.89) speed= 5.29m/s road1278 s=  28.6 on_road=True
t=   8.1s (  219.50,-1053.37) speed= 4.51m/s road1278 s=  34.1 on_road=True
t=   9.1s (  219.73,-1048.69) speed= 5.30m/s road1278 s=  38.8 on_road=True
[tick 대조] fixed_delta=0.05 delta_seconds=0.0500 시뮬경과/프레임=0.0500s 벽시계 131.8 tick/s (프레임 200)
t=  10.1s (  220.02,-1043.15) speed= 4.61m/s road1278 s=  44.3 on_road=True
t=  11.1s (  220.30,-1038.48) speed= 5.31m/s road1278 s=  49.0 on_road=True
t=  12.1s (  220.71,-1033.03) speed= 4.26m/s road1278 s=  54.5 on_road=True
t=  13.1s (  221.13,-1028.35) speed= 5.29m/s road1278 s=  59.1 on_road=True
t=  14.1s (  221.67,-1022.95) speed= 4.13m/s road1278 s=  64.5 on_road=True
t=  15.1s (  222.17,-1018.22) speed= 5.21m/s road1278 s=  69.3 on_road=True
t=  16.1s (  222.85,-1012.93) speed= 4.10m/s road1278 s=  74.6 on_road=True
t=  17.1s (  223.88,-1008.23) speed= 5.24m/s road1278 s=  79.3 on_road=True
t=  18.1s (  225.54,-1003.21) speed= 4.08m/s road1278 s=  84.3 on_road=True
t=  19.1s (  227.39, -998.69) speed= 5.64m/s road1278 s=  89.2 on_road=True
t=  20.1s (  230.08, -994.23) speed= 4.27m/s road1278 s=  94.3 on_road=True
t=  21.1s (  233.40, -990.41) speed= 6.24m/s road1278 s=  99.1 on_road=True
t=  22.1s (  237.08, -986.98) speed= 4.29m/s road1278 s= 104.1 on_road=True
t=  23.1s (  240.99, -983.64) speed= 6.33m/s road1278 s= 109.2 on_road=True
t=  24.1s (  244.85, -980.47) speed= 4.43m/s road1278 s= 114.2 on_road=True
t=  25.1s (  248.98, -977.13) speed= 6.25m/s road1278 s= 119.6 on_road=True
t=  26.1s (  252.80, -974.07) speed= 4.52m/s road1278 s= 124.4 on_road=True
t=  27.1s (  257.01, -970.72) speed= 6.10m/s road1278 s= 129.8 on_road=True
t=  28.1s (  260.77, -967.76) speed= 4.59m/s road1278 s= 134.5 on_road=True
t=  29.1s (  265.05, -964.43) speed= 5.94m/s road1278 s= 140.0 on_road=True
t=  30.1s (  268.83, -961.55) speed= 4.73m/s road1278 s= 144.7 on_road=True
t=  31.1s (  273.18, -958.17) speed= 5.89m/s road1278 s= 150.2 on_road=True
[전이] t=  31.45s road1970 커넥터 speed= 4.82m/s limit=30km/h
[계획 이탈] t=31.45s road1970 는 계획의 현재/다음 road 가 아님(비치명, 계속 주행)
[전이] t=  31.55s road1278 일반 speed= 4.29m/s limit=30km/h
[전이] t=  31.65s road1969 커넥터 speed= 4.19m/s limit=30km/h
t=  32.1s (  276.88, -955.15) speed= 4.84m/s road1969 s=   2.2 on_road=True
[전이] t=  32.50s road1393 일반 speed= 5.37m/s limit=30km/h
t=  33.1s (  281.17, -951.62) speed= 5.77m/s road1393 s=   3.3 on_road=True
t=  34.1s (  284.72, -948.85) speed= 4.57m/s road1393 s=   7.8 on_road=True
t=  35.1s (  289.21, -945.83) speed= 6.07m/s road1393 s=  13.0 on_road=True
t=  36.1s (  293.26, -943.39) speed= 4.59m/s road1393 s=  17.7 on_road=True
t=  37.1s (  297.90, -940.70) speed= 5.88m/s road1393 s=  23.1 on_road=True
t=  38.1s (  302.04, -938.36) speed= 4.82m/s road1393 s=  27.9 on_road=True
t=  39.1s (  306.66, -935.31) speed= 5.52m/s road1393 s=  33.4 on_road=True
[전이] t=  39.65s road1972 커넥터 speed= 4.37m/s limit=30km/h
t=  40.1s (  310.27, -932.27) speed= 4.98m/s road1972 s=   2.6 on_road=True
[전이] t=  40.20s road1971 커넥터 speed= 5.12m/s limit=30km/h
[전이] t=  40.40s road1392 일반 speed= 5.14m/s limit=30km/h
t=  41.1s (  314.60, -928.87) speed= 5.20m/s road1392 s=   4.3 on_road=True
t=  42.1s (  318.33, -926.06) speed= 5.26m/s road1392 s=   8.9 on_road=True
t=  43.1s (  322.81, -922.75) speed= 5.07m/s road1392 s=  14.5 on_road=True
t=  44.1s (  326.52, -920.03) speed= 5.35m/s road1392 s=  19.1 on_road=True
t=  45.1s (  331.04, -916.74) speed= 5.08m/s road1392 s=  24.7 on_road=True
t=  46.1s (  334.82, -914.00) speed= 5.38m/s road1392 s=  29.4 on_road=True
t=  47.1s (  339.35, -910.70) speed= 5.12m/s road1392 s=  35.0 on_road=True
t=  48.1s (  343.15, -907.95) speed= 5.32m/s road1392 s=  39.6 on_road=True
t=  49.1s (  347.65, -904.70) speed= 4.62m/s road1392 s=  45.2 on_road=True
t=  50.1s (  351.42, -901.95) speed= 5.36m/s road1392 s=  49.9 on_road=True
[전이] t=  51.00s road1487 커넥터 speed= 5.00m/s limit=30km/h
t=  51.1s (  355.68, -898.33) speed= 4.61m/s road1487 s=   0.0 on_road=True
[전이] t=  51.15s road1392 일반 speed= 4.03m/s limit=30km/h
[전이] t=  51.25s road1484 커넥터 speed= 3.95m/s limit=30km/h
t=  52.1s (  357.59, -894.35) speed= 5.30m/s road1484 s=   5.4 on_road=True
t=  53.1s (  357.16, -888.87) speed= 5.10m/s road1484 s=  13.4 on_road=True
[전이] t=  53.20s road1483 커넥터 speed= 4.64m/s limit=30km/h
[전이] t=  53.45s road1202 일반 speed= 4.30m/s limit=30km/h
t=  54.1s (  355.85, -884.38) speed= 5.20m/s road1202 s=   4.2 on_road=True
t=  55.1s (  353.85, -879.24) speed= 4.75m/s road1202 s=   9.7 on_road=True
t=  56.1s (  352.04, -875.00) speed= 5.25m/s road1202 s=  14.3 on_road=True
t=  57.1s (  349.81, -869.96) speed= 4.60m/s road1202 s=  19.8 on_road=True
t=  58.1s (  347.89, -865.69) speed= 5.24m/s road1202 s=  24.5 on_road=True
t=  59.1s (  345.62, -860.69) speed= 4.31m/s road1202 s=  30.0 on_road=True
--- 메모리 측정(주행중(차량1대+BasicAgent, 동기 20Hz)) ---
total        used        free      shared  buff/cache   available
Mem:            12Gi       7.8Gi       3.4Gi        92Mi       1.5Gi       4.5Gi
Swap:          8.0Gi       822Mi       7.2Gi
gtt_used: 1554989056 bytes (1.45GiB)
t=  60.1s (  343.65, -856.38) speed= 5.33m/s road1202 s=  34.7 on_road=True
t=  61.1s (  341.38, -851.44) speed= 4.13m/s road1202 s=  40.1 on_road=True
t=  62.1s (  339.38, -847.08) speed= 5.39m/s road1202 s=  44.9 on_road=True
t=  63.1s (  337.11, -842.14) speed= 4.24m/s road1202 s=  50.4 on_road=True
t=  64.1s (  335.06, -837.69) speed= 5.39m/s road1202 s=  55.3 on_road=True
t=  65.1s (  332.79, -832.76) speed= 4.24m/s road1202 s=  60.7 on_road=True
t=  66.1s (  330.76, -828.35) speed= 5.36m/s road1202 s=  65.6 on_road=True
t=  67.1s (  328.53, -823.50) speed= 4.12m/s road1202 s=  70.9 on_road=True
t=  68.1s (  326.48, -819.03) speed= 5.38m/s road1202 s=  75.8 on_road=True
t=  69.1s (  324.25, -814.20) speed= 4.22m/s road1202 s=  81.1 on_road=True
t=  70.1s (  322.17, -809.67) speed= 5.26m/s road1202 s=  86.1 on_road=True
t=  71.1s (  319.86, -804.65) speed= 4.22m/s road1202 s=  91.6 on_road=True
t=  72.1s (  317.88, -800.34) speed= 5.30m/s road1202 s=  96.4 on_road=True
t=  73.1s (  315.55, -795.28) speed= 4.94m/s road1202 s= 102.0 on_road=True
t=  74.1s (  313.61, -791.07) speed= 5.27m/s road1202 s= 106.6 on_road=True
t=  75.1s (  311.29, -786.00) speed= 5.03m/s road1202 s= 112.2 on_road=True
t=  76.1s (  309.56, -781.71) speed= 5.16m/s road1202 s= 116.8 on_road=True
[전이] t=  76.40s road1467 커넥터 speed= 6.13m/s limit=30km/h
[전이] t=  77.05s road1472 커넥터 speed= 4.68m/s limit=30km/h
t=  77.1s (  309.07, -776.26) speed= 4.68m/s road1472 s=  13.1 on_road=True
[전이] t=  77.90s road1469 커넥터 speed= 5.32m/s limit=30km/h
t=  78.1s (  310.20, -771.74) speed= 5.24m/s road1469 s=   6.0 on_road=True
[전이] t=  78.45s road1466 커넥터 speed= 6.20m/s limit=30km/h
[전이] t=  78.90s road1470 커넥터 speed= 5.10m/s limit=30km/h
t=  79.1s (  312.97, -767.06) speed= 4.24m/s road1470 s=   6.5 on_road=True
[전이] t=  79.55s road1271 일반 speed= 4.77m/s limit=30km/h
t=  80.1s (  315.92, -763.35) speed= 5.20m/s road1271 s=   3.1 on_road=True
t=  81.1s (  319.52, -759.26) speed= 4.06m/s road1271 s=   8.6 on_road=True
t=  82.1s (  322.76, -755.76) speed= 5.33m/s road1271 s=  13.4 on_road=True
t=  83.1s (  326.44, -751.86) speed= 4.07m/s road1271 s=  18.7 on_road=True
t=  84.1s (  329.75, -748.39) speed= 5.26m/s road1271 s=  23.5 on_road=True
t=  85.1s (  333.43, -744.55) speed= 4.11m/s road1271 s=  28.8 on_road=True
t=  86.1s (  336.83, -741.01) speed= 5.61m/s road1271 s=  33.8 on_road=True
t=  87.1s (  340.49, -737.27) speed= 4.15m/s road1271 s=  39.0 on_road=True
t=  88.1s (  344.02, -733.78) speed= 5.98m/s road1271 s=  43.9 on_road=True
t=  89.1s (  347.76, -730.21) speed= 4.25m/s road1271 s=  49.1 on_road=True
t=  90.1s (  351.51, -726.74) speed= 6.24m/s road1271 s=  54.1 on_road=True
t=  91.1s (  355.26, -723.32) speed= 4.33m/s road1271 s=  59.2 on_road=True
t=  92.1s (  359.12, -719.83) speed= 6.29m/s road1271 s=  64.4 on_road=True
t=  93.1s (  362.81, -716.51) speed= 4.39m/s road1271 s=  69.4 on_road=True
t=  94.1s (  366.73, -712.99) speed= 6.25m/s road1271 s=  74.6 on_road=True
t=  95.1s (  370.39, -709.70) speed= 4.52m/s road1271 s=  79.6 on_road=True
t=  96.1s (  374.20, -706.28) speed= 5.06m/s road1271 s=  84.7 on_road=True
t=  97.1s (  378.25, -702.64) speed= 4.26m/s road1271 s=  90.1 on_road=True
t=  98.1s (  381.82, -699.44) speed= 5.35m/s road1271 s=  94.9 on_road=True
t=  99.1s (  385.99, -695.70) speed= 5.10m/s road1271 s= 100.5 on_road=True
t= 100.1s (  389.39, -692.65) speed= 5.29m/s road1271 s= 105.1 on_road=True
t= 101.1s (  393.59, -688.87) speed= 5.06m/s road1271 s= 110.7 on_road=True
t= 102.1s (  396.98, -685.77) speed= 5.17m/s road1271 s= 115.3 on_road=True
t= 103.1s (  400.80, -681.81) speed= 5.07m/s road1271 s= 121.0 on_road=True
t= 104.1s (  403.96, -678.34) speed= 5.44m/s road1271 s= 125.8 on_road=True
t= 105.1s (  407.84, -674.27) speed= 5.15m/s road1271 s= 131.2 on_road=True
t= 106.1s (  411.10, -670.94) speed= 5.24m/s road1271 s= 135.9 on_road=True
t= 107.1s (  415.02, -667.01) speed= 4.94m/s road1271 s= 141.5 on_road=True
t= 108.1s (  418.29, -663.75) speed= 5.26m/s road1271 s= 146.1 on_road=True
[전이] t= 108.65s road1735 커넥터 speed= 5.95m/s limit=30km/h
[전이] t= 108.75s road1734 커넥터 speed= 5.57m/s limit=30km/h
t= 109.1s (  422.23, -659.81) speed= 4.92m/s road1734 s=   2.2 on_road=True
t= 110.1s (  425.47, -656.47) speed= 5.17m/s road1734 s=   6.8 on_road=True
t= 111.1s (  429.17, -652.39) speed= 4.40m/s road1734 s=  12.4 on_road=True
[전이] t= 111.70s road1270 일반 speed= 4.90m/s limit=30km/h
t= 112.1s (  432.22, -648.92) speed= 5.15m/s road1270 s=   2.0 on_road=True
t= 113.1s (  435.77, -644.81) speed= 4.26m/s road1270 s=   7.4 on_road=True
t= 114.1s (  438.89, -641.18) speed= 5.27m/s road1270 s=  12.2 on_road=True
t= 115.1s (  442.41, -637.12) speed= 4.11m/s road1270 s=  17.6 on_road=True
t= 116.1s (  445.66, -633.59) speed= 5.23m/s road1270 s=  22.4 on_road=True
t= 117.1s (  449.47, -629.92) speed= 4.10m/s road1270 s=  27.5 on_road=True
t= 118.1s (  453.22, -626.79) speed= 5.70m/s road1270 s=  32.3 on_road=True
t= 119.1s (  457.44, -623.73) speed= 4.13m/s road1270 s=  37.3 on_road=True
t= 120.1s (  461.52, -620.97) speed= 6.01m/s road1270 s=  42.3 on_road=True
t= 121.1s (  465.79, -618.15) speed= 4.20m/s road1270 s=  47.4 on_road=True
[전이] t= 121.75s road1464 커넥터 speed= 5.17m/s limit=30km/h
t= 122.1s (  470.02, -615.50) speed= 6.15m/s road1464 s=   1.7 on_road=True
t= 123.1s (  474.43, -612.93) speed= 4.35m/s road1464 s=   6.8 on_road=True
[전이] t= 123.25s road1460 커넥터 speed= 4.73m/s limit=30km/h
[전이] t= 123.30s road1462 커넥터 speed= 4.84m/s limit=30km/h
[전이] t= 123.40s road1464 커넥터 speed= 5.05m/s limit=30km/h
t= 124.1s (  479.02, -610.44) speed= 6.29m/s road1464 s=  11.9 on_road=True
t= 125.1s (  483.43, -608.15) speed= 4.38m/s road1464 s=  16.9 on_road=True
[전이] t= 125.20s road1269 일반 speed= 4.69m/s limit=30km/h
t= 126.1s (  488.08, -605.75) speed= 6.22m/s road1269 s=   4.7 on_road=True
t= 127.1s (  492.42, -603.52) speed= 4.55m/s road1269 s=   9.6 on_road=True
t= 128.1s (  497.24, -601.06) speed= 6.15m/s road1269 s=  15.0 on_road=True
t= 129.1s (  501.50, -598.88) speed= 4.61m/s road1269 s=  19.7 on_road=True
t= 130.1s (  506.33, -596.41) speed= 5.97m/s road1269 s=  25.2 on_road=True
t= 131.1s (  510.53, -594.26) speed= 4.70m/s road1269 s=  29.9 on_road=True
[전이] t= 131.90s road1601 커넥터 speed= 6.22m/s limit=30km/h
t= 132.1s (  515.41, -591.77) speed= 5.81m/s road1601 s=   1.0 on_road=True
t= 133.1s (  519.59, -589.63) speed= 4.83m/s road1601 s=   5.7 on_road=True
t= 134.1s (  524.52, -587.10) speed= 5.61m/s road1601 s=  11.3 on_road=True
[전이] t= 134.95s road1268 일반 speed= 4.69m/s limit=30km/h
t= 135.1s (  528.70, -584.96) speed= 4.90m/s road1268 s=   0.5 on_road=True
t= 136.1s (  533.62, -582.45) speed= 5.38m/s road1268 s=   6.1 on_road=True
t= 137.1s (  537.72, -580.35) speed= 5.03m/s road1268 s=  10.7 on_road=True
t= 138.1s (  542.76, -577.78) speed= 5.65m/s road1268 s=  16.3 on_road=True
t= 139.1s (  546.86, -575.68) speed= 4.91m/s road1268 s=  20.9 on_road=True
t= 140.1s (  551.83, -573.14) speed= 5.48m/s road1268 s=  26.5 on_road=True
t= 141.1s (  555.96, -571.03) speed= 5.02m/s road1268 s=  31.2 on_road=True
t= 142.1s (  560.95, -568.48) speed= 5.25m/s road1268 s=  36.8 on_road=True
t= 143.1s (  565.07, -566.37) speed= 5.12m/s road1268 s=  41.4 on_road=True
t= 144.1s (  570.11, -563.79) speed= 5.28m/s road1268 s=  47.0 on_road=True
t= 145.1s (  574.21, -561.69) speed= 5.13m/s road1268 s=  51.6 on_road=True
t= 146.1s (  579.21, -559.13) speed= 5.38m/s road1268 s=  57.3 on_road=True
t= 147.1s (  583.33, -557.03) speed= 5.03m/s road1268 s=  61.9 on_road=True
t= 148.1s (  588.32, -554.48) speed= 5.69m/s road1268 s=  67.5 on_road=True
t= 149.1s (  592.51, -552.33) speed= 4.96m/s road1268 s=  72.2 on_road=True
t= 150.1s (  597.47, -549.80) speed= 5.47m/s road1268 s=  77.8 on_road=True
t= 151.1s (  601.70, -547.63) speed= 5.09m/s road1268 s=  82.5 on_road=True
t= 152.1s (  606.70, -545.08) speed= 5.50m/s road1268 s=  88.1 on_road=True
t= 153.1s (  610.89, -542.94) speed= 5.03m/s road1268 s=  92.8 on_road=True
t= 154.1s (  615.88, -540.40) speed= 5.63m/s road1268 s=  98.4 on_road=True
t= 155.1s (  620.02, -538.28) speed= 4.91m/s road1268 s= 103.1 on_road=True
t= 156.1s (  624.85, -535.66) speed= 5.34m/s road1268 s= 108.6 on_road=True
t= 157.1s (  628.92, -533.39) speed= 5.12m/s road1268 s= 113.3 on_road=True
t= 158.1s (  633.77, -530.64) speed= 5.16m/s road1268 s= 118.9 on_road=True
t= 159.1s (  637.79, -528.34) speed= 5.23m/s road1268 s= 123.5 on_road=True
t= 160.1s (  642.60, -525.57) speed= 5.07m/s road1268 s= 129.1 on_road=True
[전이] t= 160.40s road1456 커넥터 speed= 4.09m/s limit=30km/h
[전이] t= 160.50s road1457 커넥터 speed= 4.22m/s limit=30km/h
t= 161.1s (  646.58, -523.22) speed= 5.35m/s road1457 s=   3.2 on_road=True
[전이] t= 161.65s road1452 커넥터 speed= 6.13m/s limit=30km/h
[전이] t= 161.70s road1457 커넥터 speed= 5.95m/s limit=30km/h
t= 162.1s (  651.23, -520.27) speed= 5.03m/s road1457 s=   8.8 on_road=True
[전이] t= 162.20s road1455 커넥터 speed= 4.23m/s limit=30km/h
[전이] t= 162.30s road1457 커넥터 speed= 4.06m/s limit=30km/h
[전이] t= 162.80s road1454 커넥터 speed= 4.91m/s limit=30km/h
t= 163.1s (  655.02, -517.69) speed= 5.09m/s road1454 s=   6.1 on_road=True
[전이] t= 163.55s road1250 일반 speed= 6.20m/s limit=30km/h
[전이] t= 163.60s road1453 커넥터 speed= 6.12m/s limit=30km/h
[전이] t= 163.65s road1250 일반 speed= 5.89m/s limit=30km/h
t= 164.1s (  659.52, -514.49) speed= 4.83m/s road1250 s=   3.0 on_road=True
t= 165.1s (  663.36, -511.74) speed= 5.22m/s road1250 s=   7.7 on_road=True
t= 166.1s (  667.81, -508.53) speed= 4.22m/s road1250 s=  13.2 on_road=True
t= 167.1s (  671.64, -505.76) speed= 5.26m/s road1250 s=  18.0 on_road=True
t= 168.1s (  676.03, -502.58) speed= 4.11m/s road1250 s=  23.4 on_road=True
t= 169.1s (  679.88, -499.78) speed= 5.26m/s road1250 s=  28.1 on_road=True
t= 170.1s (  684.23, -496.62) speed= 4.12m/s road1250 s=  33.5 on_road=True
t= 171.1s (  688.15, -493.77) speed= 5.25m/s road1250 s=  38.4 on_road=True
t= 172.1s (  692.43, -490.67) speed= 4.08m/s road1250 s=  43.7 on_road=True
t= 173.1s (  696.38, -487.80) speed= 5.50m/s road1250 s=  48.5 on_road=True
[전이] t= 173.75s road1828 커넥터 speed= 4.92m/s limit=30km/h
[전이] t= 173.85s road1827 커넥터 speed= 4.32m/s limit=30km/h
t= 174.1s (  700.63, -484.68) speed= 4.17m/s road1827 s=   1.4 on_road=True
[전이] t= 174.20s road1828 커넥터 speed= 4.42m/s limit=30km/h
t= 175.1s (  704.62, -481.81) speed= 5.40m/s road1828 s=   6.3 on_road=True
[전이] t= 175.55s road1826 커넥터 speed= 5.41m/s limit=30km/h
[전이] t= 175.60s road1828 커넥터 speed= 5.35m/s limit=30km/h
t= 176.1s (  709.14, -478.53) speed= 5.98m/s road1828 s=  11.9 on_road=True
[전이] t= 176.70s road1825 커넥터 speed= 4.19m/s limit=30km/h
[전이] t= 176.75s road1249 일반 speed= 4.21m/s limit=30km/h
t= 177.1s (  713.02, -475.72) speed= 4.72m/s road1249 s=   1.3 on_road=True
t= 178.1s (  717.41, -472.53) speed= 6.21m/s road1249 s=   6.8 on_road=True
t= 179.1s (  721.36, -469.63) speed= 4.55m/s road1249 s=  11.7 on_road=True
t= 180.1s (  725.68, -466.41) speed= 6.15m/s road1249 s=  17.1 on_road=True
t= 181.1s (  729.57, -463.49) speed= 4.64m/s road1249 s=  21.9 on_road=True
[전이] t= 181.60s road1619 커넥터 speed= 5.36m/s limit=30km/h
t= 182.1s (  733.95, -460.20) speed= 6.20m/s road1619 s=   2.7 on_road=True
t= 183.1s (  737.82, -457.34) speed= 4.63m/s road1619 s=   7.6 on_road=True
t= 184.1s (  742.22, -454.17) speed= 5.93m/s road1619 s=  12.9 on_road=True
[전이] t= 184.30s road1614 커넥터 speed= 5.10m/s limit=30km/h
[전이] t= 184.60s road1254 일반 speed= 4.07m/s limit=30km/h
[전이] t= 184.65s road1618 커넥터 speed= 4.05m/s limit=30km/h
[전이] t= 184.70s road1254 일반 speed= 4.08m/s limit=30km/h
t= 185.1s (  746.04, -451.43) speed= 4.72m/s road1254 s=   2.1 on_road=True
t= 186.1s (  750.50, -448.22) speed= 6.16m/s road1254 s=   7.6 on_road=True
t= 187.1s (  754.36, -445.37) speed= 4.60m/s road1254 s=  12.4 on_road=True
t= 188.1s (  758.62, -442.05) speed= 5.92m/s road1254 s=  17.9 on_road=True
[전이] t= 188.15s road1611 커넥터 speed= 5.55m/s limit=30km/h
[전이] t= 188.20s road1254 일반 speed= 5.38m/s limit=30km/h
[전이] t= 188.30s road1609 커넥터 speed= 5.09m/s limit=30km/h
t= 189.1s (  762.34, -439.15) speed= 4.71m/s road1609 s=   3.5 on_road=True
t= 190.1s (  766.73, -435.85) speed= 5.74m/s road1609 s=   8.9 on_road=True
t= 191.1s (  770.50, -433.09) speed= 4.81m/s road1609 s=  13.5 on_road=True
[전이] t= 191.10s road1605 커넥터 speed= 4.91m/s limit=30km/h
[전이] t= 191.45s road1253 일반 speed= 5.23m/s limit=30km/h
t= 192.1s (  774.98, -429.85) speed= 5.56m/s road1253 s=   3.5 on_road=True
t= 193.1s (  778.77, -427.14) speed= 4.94m/s road1253 s=   8.2 on_road=True
t= 194.1s (  783.31, -423.93) speed= 5.35m/s road1253 s=  13.8 on_road=True
t= 195.1s (  787.10, -421.36) speed= 5.01m/s road1253 s=  18.3 on_road=True
t= 196.1s (  791.68, -418.21) speed= 5.22m/s road1253 s=  23.8 on_road=True
t= 197.1s (  795.11, -415.15) speed= 5.11m/s road1253 s=  28.6 on_road=True
t= 198.1s (  798.84, -411.05) speed= 5.09m/s road1253 s=  34.7 on_road=True
[전이] t= 199.05s road1821 커넥터 speed= 5.29m/s limit=30km/h
t= 199.1s (  801.84, -407.52) speed= 5.29m/s road1821 s=   0.1 on_road=True
[전이] t= 199.25s road1822 커넥터 speed= 5.32m/s limit=30km/h
t= 200.1s (  805.71, -403.47) speed= 5.09m/s road1822 s=   5.6 on_road=True
[전이] t= 200.20s road1819 커넥터 speed= 4.41m/s limit=30km/h
[전이] t= 200.35s road1816 커넥터 speed= 4.05m/s limit=30km/h
[전이] t= 200.45s road1822 커넥터 speed= 4.13m/s limit=30km/h
t= 201.1s (  809.09, -400.39) speed= 5.19m/s road1822 s=  10.0 on_road=True
[전이] t= 201.70s road1817 커넥터 speed= 5.91m/s limit=30km/h
[전이] t= 201.85s road1252 일반 speed= 5.37m/s limit=30km/h
t= 202.1s (  813.41, -396.95) speed= 5.05m/s road1252 s=   1.6 on_road=True
t= 203.1s (  817.13, -394.16) speed= 5.25m/s road1252 s=   6.2 on_road=True
t= 204.1s (  821.65, -390.86) speed= 4.82m/s road1252 s=  11.8 on_road=True
t= 205.1s (  825.42, -388.14) speed= 5.25m/s road1252 s=  16.5 on_road=True
t= 206.1s (  829.92, -384.91) speed= 4.48m/s road1252 s=  22.0 on_road=True
t= 207.1s (  833.71, -382.19) speed= 5.27m/s road1252 s=  26.7 on_road=True
[전이] t= 207.35s road1861 커넥터 speed= 6.18m/s limit=30km/h
[전이] t= 207.40s road1860 커넥터 speed= 6.35m/s limit=30km/h
t= 208.1s (  838.19, -378.99) speed= 4.34m/s road1860 s=   4.1 on_road=True
[전이] t= 208.75s road1854 커넥터 speed= 5.13m/s limit=30km/h
[전이] t= 208.80s road1860 커넥터 speed= 5.27m/s limit=30km/h
t= 209.1s (  842.03, -376.22) speed= 5.28m/s road1860 s=   8.9 on_road=True
t= 210.1s (  846.42, -373.05) speed= 4.13m/s road1860 s=  14.3 on_road=True
t= 211.1s (  850.30, -370.25) speed= 5.31m/s road1860 s=  19.1 on_road=True
t= 212.1s (  854.66, -367.09) speed= 4.14m/s road1860 s=  24.5 on_road=True
[전이] t= 212.25s road1856 커넥터 speed= 4.34m/s limit=30km/h
[전이] t= 212.35s road1251 일반 speed= 4.53m/s limit=30km/h
t= 213.1s (  858.60, -364.24) speed= 5.34m/s road1251 s=   3.6 on_road=True
t= 214.1s (  862.92, -361.12) speed= 4.11m/s road1251 s=   8.9 on_road=True
t= 215.1s (  866.92, -358.24) speed= 5.38m/s road1251 s=  13.9 on_road=True
t= 216.1s (  871.33, -355.07) speed= 4.20m/s road1251 s=  19.3 on_road=True
t= 217.1s (  875.27, -352.24) speed= 5.36m/s road1251 s=  24.2 on_road=True
t= 218.1s (  879.61, -349.14) speed= 4.13m/s road1251 s=  29.5 on_road=True
t= 219.1s (  883.61, -346.27) speed= 5.34m/s road1251 s=  34.4 on_road=True
t= 220.1s (  888.08, -343.07) speed= 4.23m/s road1251 s=  39.9 on_road=True
t= 221.1s (  891.91, -340.32) speed= 5.37m/s road1251 s=  44.6 on_road=True
t= 222.1s (  896.33, -337.13) speed= 4.20m/s road1251 s=  50.1 on_road=True
t= 223.1s (  900.18, -334.28) speed= 5.23m/s road1251 s=  54.9 on_road=True
t= 224.1s (  904.46, -331.08) speed= 3.92m/s road1251 s=  60.2 on_road=True
t= 225.1s (  908.24, -328.24) speed= 5.25m/s road1251 s=  64.9 on_road=True
t= 226.1s (  912.60, -324.95) speed= 4.09m/s road1251 s=  70.4 on_road=True
t= 227.1s (  916.43, -322.06) speed= 5.39m/s road1251 s=  75.2 on_road=True
t= 228.1s (  920.77, -318.79) speed= 4.24m/s road1251 s=  80.6 on_road=True
t= 229.1s (  924.67, -315.84) speed= 5.38m/s road1251 s=  85.5 on_road=True
t= 230.1s (  928.98, -312.58) speed= 4.07m/s road1251 s=  90.9 on_road=True
t= 231.1s (  932.86, -309.65) speed= 5.32m/s road1251 s=  95.8 on_road=True
t= 232.1s (  937.20, -306.37) speed= 4.17m/s road1251 s= 101.3 on_road=True
t= 233.1s (  941.02, -303.48) speed= 5.33m/s road1251 s= 106.1 on_road=True
t= 234.1s (  945.38, -300.19) speed= 4.30m/s road1251 s= 111.5 on_road=True
t= 235.1s (  949.23, -297.28) speed= 5.35m/s road1251 s= 116.3 on_road=True
t= 236.1s (  953.53, -294.03) speed= 4.07m/s road1251 s= 121.7 on_road=True
t= 237.1s (  957.40, -291.10) speed= 5.31m/s road1251 s= 126.6 on_road=True
[감속] t=237.70s road1251 20->8.9km/h speed=18.3km/h
t= 238.1s (  961.56, -287.95) speed= 3.10m/s road1251 s= 131.8 on_road=True
t= 239.1s (  963.43, -286.52) speed= 2.32m/s road1251 s= 134.2 on_road=True
[전이] t= 240.05s road1949 커넥터 speed= 2.38m/s limit=30km/h
t= 240.1s (  965.18, -284.97) speed= 2.38m/s road1949 s=   0.0 on_road=True
[전이] t= 240.30s road1251 일반 speed= 2.32m/s limit=30km/h
[전이] t= 240.45s road1948 커넥터 speed= 2.35m/s limit=30km/h
t= 241.1s (  966.68, -283.18) speed= 2.34m/s road1948 s=   1.4 on_road=True
t= 242.1s (  968.03, -281.26) speed= 2.35m/s road1948 s=   5.2 on_road=True
[전이] t= 242.75s road1947 커넥터 speed= 2.35m/s limit=30km/h
[전이] t= 242.80s road1391 일반 speed= 2.32m/s limit=30km/h
[겨냥] t=242.80s road1391 base_min_distance 3->1m
t= 243.1s (  969.46, -279.40) speed= 2.38m/s road1391 s=   0.7 on_road=True
t= 244.1s (  970.96, -277.60) speed= 2.35m/s road1391 s=   2.3 on_road=True
t= 245.1s (  972.64, -275.96) speed= 2.36m/s road1391 s=   4.5 on_road=True
t= 246.1s (  974.43, -274.44) speed= 2.34m/s road1391 s=   6.8 on_road=True
t= 247.1s (  976.29, -273.01) speed= 2.35m/s road1391 s=   9.2 on_road=True
t= 248.1s (  978.19, -271.63) speed= 2.35m/s road1391 s=  11.4 on_road=True
t= 249.1s (  980.15, -270.34) speed= 2.35m/s road1391 s=  13.7 on_road=True
t= 250.1s (  982.26, -269.40) speed= 2.32m/s road1391 s=  15.9 on_road=True
t= 251.1s (  984.57, -269.19) speed= 2.36m/s road1391 s=  17.8 on_road=True
[전이] t= 251.35s road1953 커넥터 speed= 2.34m/s limit=30km/h
[복귀] t=251.35s road1953 8.9->20km/h speed=8.4km/h
[겨냥] t=251.35s road1953 base_min_distance 1->3m
[전이] t= 251.75s road1952 커넥터 speed= 2.97m/s limit=30km/h
t= 252.1s (  987.25, -268.77) speed= 3.56m/s road1952 s=   2.3 on_road=True
[전이] t= 253.05s road1248 일반 speed= 5.48m/s limit=30km/h
t= 253.1s (  991.45, -266.94) speed= 5.48m/s road1248 s=   0.1 on_road=True
[전이] t= 253.10s road1951 커넥터 speed= 5.41m/s limit=30km/h
[전이] t= 253.25s road1248 일반 speed= 5.29m/s limit=30km/h
t= 254.1s (  996.34, -264.07) speed= 5.44m/s road1248 s=   5.8 on_road=True
t= 255.1s ( 1000.19, -261.56) speed= 5.03m/s road1248 s=  10.4 on_road=True
t= 256.1s ( 1004.80, -258.42) speed= 5.24m/s road1248 s=  15.9 on_road=True
t= 257.1s ( 1008.57, -255.80) speed= 5.11m/s road1248 s=  20.5 on_road=True
t= 258.1s ( 1013.11, -252.62) speed= 5.09m/s road1248 s=  26.1 on_road=True
t= 259.1s ( 1016.90, -250.01) speed= 5.27m/s road1248 s=  30.7 on_road=True
t= 260.1s ( 1021.63, -247.08) speed= 5.04m/s road1248 s=  36.1 on_road=True
t= 261.1s ( 1025.61, -244.76) speed= 5.25m/s road1248 s=  40.7 on_road=True
t= 262.1s ( 1030.45, -242.03) speed= 5.11m/s road1248 s=  46.2 on_road=True
t= 263.1s ( 1034.51, -239.78) speed= 5.34m/s road1248 s=  50.9 on_road=True
t= 264.1s ( 1039.37, -237.10) speed= 4.94m/s road1248 s=  56.4 on_road=True
t= 265.1s ( 1043.44, -234.87) speed= 5.32m/s road1248 s=  61.0 on_road=True
t= 266.1s ( 1048.45, -232.57) speed= 4.48m/s road1248 s=  66.5 on_road=True
t= 267.1s ( 1052.86, -231.10) speed= 5.17m/s road1248 s=  71.0 on_road=True
t= 268.1s ( 1058.10, -229.67) speed= 4.24m/s road1248 s=  76.3 on_road=True
[전이] t= 268.90s road1896 커넥터 speed= 5.42m/s limit=30km/h
t= 269.1s ( 1062.72, -228.46) speed= 5.31m/s road1896 s=   0.9 on_road=True
t= 270.1s ( 1068.12, -227.11) speed= 4.80m/s road1896 s=   6.4 on_road=True
t= 271.1s ( 1072.74, -225.99) speed= 5.33m/s road1896 s=  11.2 on_road=True
[전이] t= 271.85s road1151 일반 speed= 5.16m/s limit=30km/h
t= 272.1s ( 1078.13, -224.71) speed= 4.19m/s road1151 s=   1.2 on_road=True
t= 273.1s ( 1082.74, -223.62) speed= 5.30m/s road1151 s=   5.9 on_road=True
t= 274.1s ( 1088.02, -222.39) speed= 4.13m/s road1151 s=  11.3 on_road=True
t= 275.1s ( 1092.68, -221.30) speed= 5.32m/s road1151 s=  16.1 on_road=True
[계획 소진] t=275.80s 완주 전에 계획 웨이포인트가 모두 소진됨(이후 제동, 정체 조건으로 판정)
t= 276.1s ( 1097.89, -220.08) speed= 2.91m/s road1151 s=  21.5 on_road=True
t= 277.1s ( 1098.44, -219.95) speed= 0.00m/s road1151 s=  22.0 on_road=True
t= 278.1s ( 1098.44, -219.95) speed= 0.00m/s road1151 s=  22.0 on_road=True
t= 279.1s ( 1098.44, -219.95) speed= 0.00m/s road1151 s=  22.0 on_road=True
t= 280.1s ( 1098.44, -219.95) speed= 0.00m/s road1151 s=  22.0 on_road=True
t= 281.1s ( 1098.44, -219.95) speed= 0.00m/s road1151 s=  22.0 on_road=True
[정지 근접 완주] 속도<0.5m/s 가 t=276.35s 부터 5.0s, road1151 s=22.04, 정차점까지 1.06m <= 2m
완주: t=281.4s 종점까지 1.06m

=== 요약 ===
route: back (종점 road1151 s=23.1)
결과: 완주 (정지 근접 판정, 세션21)
주행 시간(시뮬): 281.4s
계획 이탈 기록: t=31.45s road1970 는 계획의 현재/다음 road 가 아님(비치명, 계속 주행)

=== 계획 vs 실제 road 시퀀스 ===
 0 계획 1278  실제 1278 
 1 계획 1969  실제 1970   <-- 불일치
 2 계획 1393  실제 1278   <-- 불일치
 3 계획 1972  실제 1969   <-- 불일치
 4 계획 1392  실제 1393   <-- 불일치
 5 계획 1484  실제 1972   <-- 불일치
 6 계획 1202  실제 1971   <-- 불일치
 7 계획 1466  실제 1392   <-- 불일치
 8 계획 1271  실제 1487   <-- 불일치
 9 계획 1734  실제 1392   <-- 불일치
10 계획 1270  실제 1484   <-- 불일치
11 계획 1464  실제 1483   <-- 불일치
12 계획 1269  실제 1202   <-- 불일치
13 계획 1601  실제 1467   <-- 불일치
14 계획 1268  실제 1472   <-- 불일치
15 계획 1457  실제 1469   <-- 불일치
16 계획 1250  실제 1466   <-- 불일치
17 계획 1828  실제 1470   <-- 불일치
18 계획 1249  실제 1271   <-- 불일치
19 계획 1619  실제 1735   <-- 불일치
20 계획 1254  실제 1734   <-- 불일치
21 계획 1609  실제 1270   <-- 불일치
22 계획 1253  실제 1464   <-- 불일치
23 계획 1822  실제 1460   <-- 불일치
24 계획 1252  실제 1462   <-- 불일치
25 계획 1860  실제 1464   <-- 불일치
26 계획 1251  실제 1269   <-- 불일치
27 계획 1948  실제 1601   <-- 불일치
28 계획 1391  실제 1268   <-- 불일치
29 계획 1952  실제 1456   <-- 불일치
30 계획 1248  실제 1457   <-- 불일치
31 계획 1896  실제 1452   <-- 불일치
32 계획 1151  실제 1457   <-- 불일치
33 계획 -     실제 1455   <-- 불일치
34 계획 -     실제 1457   <-- 불일치
35 계획 -     실제 1454   <-- 불일치
36 계획 -     실제 1250   <-- 불일치
37 계획 -     실제 1453   <-- 불일치
38 계획 -     실제 1250   <-- 불일치
39 계획 -     실제 1828   <-- 불일치
40 계획 -     실제 1827   <-- 불일치
41 계획 -     실제 1828   <-- 불일치
42 계획 -     실제 1826   <-- 불일치
43 계획 -     실제 1828   <-- 불일치
44 계획 -     실제 1825   <-- 불일치
45 계획 -     실제 1249   <-- 불일치
46 계획 -     실제 1619   <-- 불일치
47 계획 -     실제 1614   <-- 불일치
48 계획 -     실제 1254   <-- 불일치
49 계획 -     실제 1618   <-- 불일치
50 계획 -     실제 1254   <-- 불일치
51 계획 -     실제 1611   <-- 불일치
52 계획 -     실제 1254   <-- 불일치
53 계획 -     실제 1609   <-- 불일치
54 계획 -     실제 1605   <-- 불일치
55 계획 -     실제 1253   <-- 불일치
56 계획 -     실제 1821   <-- 불일치
57 계획 -     실제 1822   <-- 불일치
58 계획 -     실제 1819   <-- 불일치
59 계획 -     실제 1816   <-- 불일치
60 계획 -     실제 1822   <-- 불일치
61 계획 -     실제 1817   <-- 불일치
62 계획 -     실제 1252   <-- 불일치
63 계획 -     실제 1861   <-- 불일치
64 계획 -     실제 1860   <-- 불일치
65 계획 -     실제 1854   <-- 불일치
66 계획 -     실제 1860   <-- 불일치
67 계획 -     실제 1856   <-- 불일치
68 계획 -     실제 1251   <-- 불일치
69 계획 -     실제 1949   <-- 불일치
70 계획 -     실제 1251   <-- 불일치
71 계획 -     실제 1948   <-- 불일치
72 계획 -     실제 1947   <-- 불일치
73 계획 -     실제 1391   <-- 불일치
74 계획 -     실제 1953   <-- 불일치
75 계획 -     실제 1952   <-- 불일치
76 계획 -     실제 1248   <-- 불일치
77 계획 -     실제 1951   <-- 불일치
78 계획 -     실제 1248   <-- 불일치
79 계획 -     실제 1896   <-- 불일치
80 계획 -     실제 1151   <-- 불일치
첫 불일치 위치: 1번째 (계획 1969 / 실제 1970)
junction 통과(커넥터 road 를 실제로 밟았는지):
junction1   (r1969): 통과
junction109 (r1972): 통과
junction43  (r1484): 통과
junction11  (r1466): 통과
junction61  (r1734): 통과
junction85  (r1464): 통과
junction37  (r1601): 통과
junction107 (r1457): 통과
junction78  (r1828): 통과
junction41  (r1619): 통과
junction39  (r1609): 통과
junction86  (r1822): 통과
junction83  (r1860): 통과
junction108 (r1948): 통과
junction106 (r1952): 통과
junction3   (r1896): 통과
junction2(출발 전), junction35(종점 밖)는 통과 대상 아님

=== 급회전 커넥터 이탈량 (정의: sharp_offset docstring) ===
r1484 (+78.4°): tick 37, 최대|lat| 1.63m, 최대 차체초과 +0.94m(안쪽, s=10.2), on_road False 7tick, 충돌 0건
r1466 (-68.1°): tick 57, 최대|lat| 1.45m, 최대 차체초과 +0.66m(안쪽, s=7.0), on_road False 0tick, 충돌 0건
r1484 진입: t=51.25s speed=3.95m/s(14.2km/h)
r1466 진입: t=78.45s speed=6.20m/s(22.3km/h)

=== 차체 판정 road 별 (tick 수, 최대 차선밖 꼭짓점) ===
road1278: 인도 22tick, 차선밖꼭짓점 최대 1/4 (1개 이상 24tick), 반대차선(중심) 0tick, (계획 차선 안 0tick), 꼭짓점 침범깊이 최대 0.20m, 메시밖 0tick
road1393: 인도 3tick, 차선밖꼭짓점 최대 1/4 (1개 이상 3tick), 반대차선(중심) 0tick, (계획 차선 안 0tick), 꼭짓점 침범깊이 최대 0.00m, 메시밖 0tick
road1972: 인도 4tick, 차선밖꼭짓점 최대 1/4 (1개 이상 4tick), 반대차선(중심) 0tick, (계획 차선 안 0tick), 꼭짓점 침범깊이 최대 0.00m, 메시밖 0tick
road1392: 인도 2tick, 차선밖꼭짓점 최대 1/4 (1개 이상 2tick), 반대차선(중심) 0tick, (계획 차선 안 0tick), 꼭짓점 침범깊이 최대 0.00m, 메시밖 0tick
road1484: 인도 39tick, 차선밖꼭짓점 최대 2/4 (1개 이상 39tick), 반대차선(중심) 0tick, (계획 차선 안 0tick), 꼭짓점 침범깊이 최대 0.00m, 메시밖 0tick
road1483: 인도 5tick, 차선밖꼭짓점 최대 1/4 (1개 이상 5tick), 반대차선(중심) 0tick, (계획 차선 안 0tick), 꼭짓점 침범깊이 최대 0.00m, 메시밖 0tick
road1202: 인도 12tick, 차선밖꼭짓점 최대 1/4 (1개 이상 12tick), 반대차선(중심) 0tick, (계획 차선 안 0tick), 꼭짓점 침범깊이 최대 0.00m, 메시밖 0tick
road1467: 인도 0tick, 차선밖꼭짓점 최대 0/4 (1개 이상 0tick), 반대차선(중심) 0tick, (계획 차선 안 0tick), 꼭짓점 침범깊이 최대 1.92m, 메시밖 0tick
road1472: 인도 0tick, 차선밖꼭짓점 최대 0/4 (1개 이상 0tick), 반대차선(중심) 17tick, (계획 차선 안 17tick), 꼭짓점 침범깊이 최대 3.03m, 메시밖 0tick
road1469: 인도 0tick, 차선밖꼭짓점 최대 0/4 (1개 이상 0tick), 반대차선(중심) 2tick, (계획 차선 안 2tick), 꼭짓점 침범깊이 최대 2.51m, 메시밖 0tick
road1466: 인도 0tick, 차선밖꼭짓점 최대 0/4 (1개 이상 0tick), 반대차선(중심) 0tick, (계획 차선 안 0tick), 꼭짓점 침범깊이 최대 2.38m, 메시밖 0tick
road1470: 인도 0tick, 차선밖꼭짓점 최대 0/4 (1개 이상 0tick), 반대차선(중심) 0tick, (계획 차선 안 0tick), 꼭짓점 침범깊이 최대 0.94m, 메시밖 0tick
road1464: 인도 0tick, 차선밖꼭짓점 최대 0/4 (1개 이상 0tick), 반대차선(중심) 0tick, (계획 차선 안 0tick), 꼭짓점 침범깊이 최대 1.99m, 메시밖 0tick
road1460: 인도 0tick, 차선밖꼭짓점 최대 0/4 (1개 이상 0tick), 반대차선(중심) 0tick, (계획 차선 안 0tick), 꼭짓점 침범깊이 최대 0.90m, 메시밖 0tick
road1462: 인도 0tick, 차선밖꼭짓점 최대 0/4 (1개 이상 0tick), 반대차선(중심) 0tick, (계획 차선 안 0tick), 꼭짓점 침범깊이 최대 1.02m, 메시밖 0tick
road1269: 인도 0tick, 차선밖꼭짓점 최대 0/4 (1개 이상 0tick), 반대차선(중심) 0tick, (계획 차선 안 0tick), 꼭짓점 침범깊이 최대 2.56m, 메시밖 0tick
road1601: 인도 0tick, 차선밖꼭짓점 최대 0/4 (1개 이상 0tick), 반대차선(중심) 0tick, (계획 차선 안 0tick), 꼭짓점 침범깊이 최대 1.92m, 메시밖 0tick
road1268: 인도 0tick, 차선밖꼭짓점 최대 0/4 (1개 이상 0tick), 반대차선(중심) 0tick, (계획 차선 안 0tick), 꼭짓점 침범깊이 최대 1.71m, 메시밖 0tick
road1456: 인도 0tick, 차선밖꼭짓점 최대 0/4 (1개 이상 0tick), 반대차선(중심) 0tick, (계획 차선 안 0tick), 꼭짓점 침범깊이 최대 1.72m, 메시밖 0tick
road1457: 인도 0tick, 차선밖꼭짓점 최대 0/4 (1개 이상 0tick), 반대차선(중심) 0tick, (계획 차선 안 0tick), 꼭짓점 침범깊이 최대 2.10m, 메시밖 0tick
road1452: 인도 0tick, 차선밖꼭짓점 최대 0/4 (1개 이상 0tick), 반대차선(중심) 0tick, (계획 차선 안 0tick), 꼭짓점 침범깊이 최대 1.98m, 메시밖 0tick
road1455: 인도 0tick, 차선밖꼭짓점 최대 0/4 (1개 이상 0tick), 반대차선(중심) 0tick, (계획 차선 안 0tick), 꼭짓점 침범깊이 최대 1.95m, 메시밖 0tick
road1454: 인도 0tick, 차선밖꼭짓점 최대 0/4 (1개 이상 0tick), 반대차선(중심) 0tick, (계획 차선 안 0tick), 꼭짓점 침범깊이 최대 2.23m, 메시밖 0tick
road1250: 인도 0tick, 차선밖꼭짓점 최대 0/4 (1개 이상 0tick), 반대차선(중심) 0tick, (계획 차선 안 0tick), 꼭짓점 침범깊이 최대 2.56m, 메시밖 0tick
road1453: 인도 0tick, 차선밖꼭짓점 최대 0/4 (1개 이상 0tick), 반대차선(중심) 0tick, (계획 차선 안 0tick), 꼭짓점 침범깊이 최대 2.24m, 메시밖 0tick
road1828: 인도 0tick, 차선밖꼭짓점 최대 0/4 (1개 이상 0tick), 반대차선(중심) 0tick, (계획 차선 안 0tick), 꼭짓점 침범깊이 최대 1.19m, 메시밖 0tick
road1822: 인도 0tick, 차선밖꼭짓점 최대 0/4 (1개 이상 0tick), 반대차선(중심) 0tick, (계획 차선 안 0tick), 꼭짓점 침범깊이 최대 1.57m, 메시밖 0tick
road1819: 인도 0tick, 차선밖꼭짓점 최대 0/4 (1개 이상 0tick), 반대차선(중심) 0tick, (계획 차선 안 0tick), 꼭짓점 침범깊이 최대 1.24m, 메시밖 0tick
road1816: 인도 0tick, 차선밖꼭짓점 최대 0/4 (1개 이상 0tick), 반대차선(중심) 0tick, (계획 차선 안 0tick), 꼭짓점 침범깊이 최대 1.21m, 메시밖 0tick
road1860: 인도 0tick, 차선밖꼭짓점 최대 0/4 (1개 이상 0tick), 반대차선(중심) 0tick, (계획 차선 안 0tick), 꼭짓점 침범깊이 최대 1.71m, 메시밖 0tick
road1854: 인도 0tick, 차선밖꼭짓점 최대 0/4 (1개 이상 0tick), 반대차선(중심) 0tick, (계획 차선 안 0tick), 꼭짓점 침범깊이 최대 1.36m, 메시밖 0tick
road1948: 인도 14tick, 차선밖꼭짓점 최대 1/4 (1개 이상 15tick), 반대차선(중심) 0tick, (계획 차선 안 0tick), 꼭짓점 침범깊이 최대 0.00m, 메시밖 0tick
road1952: 인도 3tick, 차선밖꼭짓점 최대 1/4 (1개 이상 3tick), 반대차선(중심) 0tick, (계획 차선 안 0tick), 꼭짓점 침범깊이 최대 0.00m, 메시밖 0tick
road1248: 인도 4tick, 차선밖꼭짓점 최대 1/4 (1개 이상 4tick), 반대차선(중심) 0tick, (계획 차선 안 0tick), 꼭짓점 침범깊이 최대 0.00m, 메시밖 0tick
road1951: 인도 3tick, 차선밖꼭짓점 최대 1/4 (1개 이상 3tick), 반대차선(중심) 0tick, (계획 차선 안 0tick), 꼭짓점 침범깊이 최대 0.00m, 메시밖 0tick
road1896: 인도 0tick, 차선밖꼭짓점 최대 0/4 (1개 이상 0tick), 반대차선(중심) 0tick, (계획 차선 안 0tick), 꼭짓점 침범깊이 최대 1.96m, 메시밖 0tick
(목록에 없는 road 는 전부 0)

=== 차선 이탈 구간 (차체 기준, 계획 중심선 기준, 세션19) ===
t=19.90~20.95s road1278 -중앙선 쪽 최대 lat -0.97m 차체초과 0.19m 중심초과 0.00m 22tick, 진입 15.2km/h, road 평균R 173.65 R2min 10.28
t=39.45~39.70s road1972 +인도 쪽 최대 lat +0.94m 차체초과 0.16m 중심초과 0.00m 6tick, 진입 17.0km/h, road 평균R inf R2min inf
t=51.30~53.65s road1484 +인도 쪽 최대 lat +1.73m 차체초과 0.95m 중심초과 0.06m 48tick, 진입 14.2km/h, road 평균R 10.12 R2min 7.40
t=76.50~79.15s road1466 -중앙선 쪽 최대 lat -1.45m 차체초과 0.67m 중심초과 0.00m 54tick, 진입 22.9km/h, road 평균R 11.90 R2min 6.48
t=241.20~241.95s road1948 +인도 쪽 최대 lat +0.92m 차체초과 0.14m 중심초과 0.00m 16tick, 진입 8.5km/h, road 평균R 10.95 R2min 5.25
t=252.50~253.05s road1952 +인도 쪽 최대 lat +0.92m 차체초과 0.14m 중심초과 0.00m 12tick, 진입 16.3km/h, road 평균R 9.30 R2min 8.43
합계 6구간 (중앙선 쪽 2, 인도 쪽 4), 최대 차체초과 0.95m
충돌 누적 0건
판정: record
follow=on
궤적 로그: /home/gyumin/campus_mobility_sim/map/docs/logs/drive_log_20261008_232453.csv
충돌 센서(actor_id=28) 제거함
정상 종료 - 차량(actor_id=27) 브레이크 유지로 남겨둠
[동기모드] 복귀: synchronous_mode=False fixed_delta_seconds=None
