[월드] map=Carla/Maps/OpenDriveMap sha16=5240ca8b883e42c0
[설정] 원래 WorldSettings(synchronous_mode=False,no_rendering_mode=False,fixed_delta_seconds=5.35785e-310,substepping=True,max_substep_delta_time=0.01,max_substeps=10,max_culling_distance=0,deterministic_ragdolls=True)
[정리 전] 남은 차량·소품·센서 []
[도로] r1392 길이 56.074m
[메모리] 동기 전환 후 23:33:17 {'avail_mi': 4559, 'swap_mi': 787, 'gtt_mi': 1477}
[bbox] House01_x1 {'actor_id_probe': 53, 'attr_scale': '1.0', 'bbox_extent_m': [0.354, 7.718, 6.323], 'bbox_size_m': [0.707, 15.436, 12.646], 'bbox_center_offset_m': [0.0, -0.001, 6.323], 'footprint_half_m': 8.0, 'footprint_from': '최소값 8.0m'}
[bbox] House01_x2 {'actor_id_probe': 54, 'attr_scale': '2.0', 'bbox_extent_m': [0.707, 15.436, 12.646], 'bbox_size_m': [1.415, 30.872, 25.293], 'bbox_center_offset_m': [0.0, -0.001, 6.323], 'footprint_half_m': 15.436, 'footprint_from': 'bbox'}
[bbox] House02_x1 {'actor_id_probe': 55, 'attr_scale': '1.0', 'bbox_extent_m': [0.589, 5.845, 4.238], 'bbox_size_m': [1.179, 11.69, 8.476], 'bbox_center_offset_m': [0.008, -0.137, 4.231], 'footprint_half_m': 8.0, 'footprint_from': '최소값 8.0m'}
[bbox] Apartment03_x1 {'actor_id_probe': 56, 'attr_scale': '1.0', 'bbox_extent_m': [0.941, 14.935, 16.128], 'bbox_size_m': [1.881, 29.87, 32.256], 'bbox_center_offset_m': [-7.934, 5.996, 16.128], 'footprint_half_m': 14.935, 'footprint_from': 'bbox'}
[bbox] Acer_02 {'actor_id_probe': 57, 'attr_scale': '1.0', 'bbox_extent_m': [0.455, 5.91, 9.638], 'bbox_size_m': [0.911, 11.82, 19.277], 'bbox_center_offset_m': [-0.129, 0.7, 9.638], 'footprint_half_m': 5.91, 'footprint_from': 'bbox'}
[bbox] Ash_01 {'actor_id_probe': 58, 'attr_scale': '1.0', 'bbox_extent_m': [1.573, 9.698, 15.067], 'bbox_size_m': [3.146, 19.396, 30.134], 'bbox_center_offset_m': [0.571, 0.583, 13.297], 'footprint_half_m': 9.698, 'footprint_from': 'bbox'}
[bbox] busstop {'actor_id_probe': 59, 'attr_scale': None, 'bbox_extent_m': [1.012, 1.905, 1.369], 'bbox_size_m': [2.024, 3.809, 2.739], 'bbox_center_offset_m': [0.367, 0.177, 1.369], 'footprint_half_m': 1.905, 'footprint_from': 'bbox'}
[bbox] GroundCube {'actor_id_probe': 60, 'attr_scale': '1.0', 'bbox_extent_m': [0.111, 0.698, 0.5], 'bbox_size_m': [0.222, 1.397, 1.0], 'bbox_center_offset_m': [0.0, 0.0, 0.0], 'footprint_half_m': 1.0, 'footprint_from': '최소값 1.0m'}
[스크린샷] s38_props_before.png frame=150992 cam=Transform(Location(x=308.838806, y=-945.205872, z=18.000000), Rotation(pitch=-25.000000, yaw=70.975983, roll=0.000000))
[FPS] before_render_on {'ticks': 100, 'sec': 0.429, 'ms_per_tick': 4.29, 'fps': 233.2}
[메모리] before_render_on 23:33:21 {'avail_mi': 4452, 'swap_mi': 787, 'gtt_mi': 1477}
[FPS] before_render_off {'ticks': 100, 'sec': 0.063, 'ms_per_tick': 0.63, 'fps': 1577.7}
[메모리] before_render_off 23:33:24 {'avail_mi': 4479, 'swap_mi': 787, 'gtt_mi': 1477}
[장면] Acer_02 {'s_center': 5.91, 'offset_from_lane_center_m': 12.98, 'check_points': 144, 'points_on_any_lane': 0, 'min_dist_to_driving_edge_m': 5.236, 'nearest_driving_road': 1971, 'overlap_ok': True, 'placed_err_m': 0.0, 'row': 'front', 'actor_id': 62}
[장면] Ash_01 {'s_center': 27.52, 'offset_from_lane_center_m': 16.77, 'check_points': 400, 'points_on_any_lane': 0, 'min_dist_to_driving_edge_m': 5.4, 'nearest_driving_road': 1392, 'overlap_ok': True, 'placed_err_m': 0.0, 'row': 'front', 'actor_id': 63}
[장면] busstop {'s_center': 45.12, 'offset_from_lane_center_m': 8.98, 'check_points': 16, 'points_on_any_lane': 0, 'min_dist_to_driving_edge_m': 5.4, 'nearest_driving_road': 1392, 'overlap_ok': True, 'placed_err_m': 0.0, 'row': 'front', 'actor_id': 64}
[장면] GroundCube {'s_center': 54.02, 'offset_from_lane_center_m': 8.07, 'check_points': 6, 'points_on_any_lane': 0, 'min_dist_to_driving_edge_m': 5.23, 'nearest_driving_road': 1487, 'overlap_ok': True, 'placed_err_m': 0.0, 'row': 'front', 'actor_id': 65}
[장면] House02_x1 {'s_center': 69.02, 'offset_from_lane_center_m': 15.07, 'check_points': 256, 'points_on_any_lane': 174, 'min_dist_to_driving_edge_m': -1.663, 'nearest_driving_road': 1334, 'overlap_ok': False, 'row': 'front', 'actor_id': None}
[장면] House01_x1 {'s_center': 8.0, 'offset_from_lane_center_m': 40.47, 'check_points': 256, 'points_on_any_lane': 0, 'min_dist_to_driving_edge_m': 30.625, 'nearest_driving_road': 1971, 'overlap_ok': True, 'placed_err_m': 0.0, 'row': 'back', 'actor_id': 66}
[장면] House01_x2 {'s_center': 37.44, 'offset_from_lane_center_m': 47.91, 'check_points': 961, 'points_on_any_lane': 0, 'min_dist_to_driving_edge_m': 13.704, 'nearest_driving_road': 1202, 'overlap_ok': True, 'placed_err_m': 0.0, 'row': 'back', 'actor_id': 67}
[장면] Apartment03_x1 {'s_center': 73.81, 'offset_from_lane_center_m': 47.41, 'check_points': 900, 'points_on_any_lane': 370, 'min_dist_to_driving_edge_m': -1.671, 'nearest_driving_road': 1202, 'overlap_ok': False, 'row': 'back', 'actor_id': None}
[메모리] 소환 5s 후 23:33:30 {'avail_mi': 4488, 'swap_mi': 787, 'gtt_mi': 1477}
[스크린샷] s38_props_after.png frame=151231 cam=Transform(Location(x=308.838806, y=-945.205872, z=18.000000), Rotation(pitch=-25.000000, yaw=70.975983, roll=0.000000))
[FPS] after_render_on {'ticks': 100, 'sec': 0.404, 'ms_per_tick': 4.04, 'fps': 247.7}
[메모리] after_render_on 23:33:34 {'avail_mi': 4480, 'swap_mi': 787, 'gtt_mi': 1477}
[FPS] after_render_off {'ticks': 100, 'sec': 0.063, 'ms_per_tick': 0.63, 'fps': 1582.2}
[메모리] after_render_off 23:33:37 {'avail_mi': 4492, 'swap_mi': 787, 'gtt_mi': 1477}
[메모리] 장면 지운 뒤 23:33:40 {'avail_mi': 4491, 'swap_mi': 787, 'gtt_mi': 1477}
[LiDAR] House01_x1 [{'dist': 10.0, 'feasible': True, 'veh_s': 12.93, 'lidar_to_footprint_m': 10.0, 'points_total': 6807, 'target_actor_id': 69, 'target_hits': 628, 'top_object_idx': [(0, 5774), (69, 628), (70, 405)], 'frame': 151457}, {'dist': 20.0, 'feasible': True, 'veh_s': 1.29, 'lidar_to_footprint_m': 20.0, 'points_total': 5970, 'target_actor_id': 72, 'target_hits': 337, 'top_object_idx': [(0, 5228), (73, 405), (72, 337)], 'frame': 151462}]
[LiDAR] House01_x2 [{'dist': 10.0, 'feasible': True, 'veh_s': 5.5, 'lidar_to_footprint_m': 10.0, 'points_total': 6744, 'target_actor_id': 75, 'target_hits': 742, 'top_object_idx': [(0, 5597), (75, 742), (76, 405)], 'frame': 151467}, {'dist': 20.0, 'feasible': True, 'veh_s': -6.14, 'lidar_to_footprint_m': 20.0, 'points_total': 4548, 'target_actor_id': 78, 'target_hits': 479, 'top_object_idx': [(0, 3664), (78, 479), (79, 405)], 'frame': 151472}]
[LiDAR] House02_x1 [{'dist': 10.0, 'feasible': True, 'veh_s': 12.93, 'lidar_to_footprint_m': 10.0, 'points_total': 6616, 'target_actor_id': 81, 'target_hits': 433, 'top_object_idx': [(0, 5778), (81, 433), (82, 405)], 'frame': 151477}, {'dist': 20.0, 'feasible': True, 'veh_s': 1.29, 'lidar_to_footprint_m': 20.0, 'points_total': 5878, 'target_actor_id': 84, 'target_hits': 244, 'top_object_idx': [(0, 5229), (85, 405), (84, 244)], 'frame': 151482}]
[LiDAR] Apartment03_x1 [{'dist': 10.0, 'feasible': True, 'veh_s': 6.0, 'lidar_to_footprint_m': 10.0, 'points_total': 6666, 'target_actor_id': 87, 'target_hits': 639, 'top_object_idx': [(0, 5622), (87, 639), (88, 405)], 'frame': 151487}, {'dist': 20.0, 'feasible': True, 'veh_s': -5.64, 'lidar_to_footprint_m': 20.0, 'points_total': 4676, 'target_actor_id': 90, 'target_hits': 515, 'top_object_idx': [(0, 3756), (90, 515), (91, 405)], 'frame': 151492}]
[LiDAR] Acer_02 [{'dist': 10.0, 'feasible': True, 'veh_s': 15.02, 'lidar_to_footprint_m': 10.0, 'points_total': 6313, 'target_actor_id': 93, 'target_hits': 108, 'top_object_idx': [(0, 5800), (94, 405), (93, 108)], 'frame': 151497}, {'dist': 20.0, 'feasible': True, 'veh_s': 3.38, 'lidar_to_footprint_m': 20.0, 'points_total': 5936, 'target_actor_id': 96, 'target_hits': 86, 'top_object_idx': [(0, 5445), (97, 405), (96, 86)], 'frame': 151502}]
[LiDAR] Ash_01 [{'dist': 10.0, 'feasible': True, 'veh_s': 11.23, 'lidar_to_footprint_m': 10.0, 'points_total': 6670, 'target_actor_id': 99, 'target_hits': 512, 'top_object_idx': [(0, 5753), (99, 512), (100, 405)], 'frame': 151507}, {'dist': 20.0, 'feasible': True, 'veh_s': -0.4, 'lidar_to_footprint_m': 20.0, 'points_total': 5679, 'target_actor_id': 102, 'target_hits': 311, 'top_object_idx': [(0, 4963), (103, 405), (102, 311)], 'frame': 151512}]
[LiDAR] busstop [{'dist': 10.0, 'feasible': True, 'veh_s': 19.03, 'lidar_to_footprint_m': 10.0, 'points_total': 6364, 'target_actor_id': 105, 'target_hits': 125, 'top_object_idx': [(0, 5834), (106, 405), (105, 125)], 'frame': 151517}, {'dist': 20.0, 'feasible': True, 'veh_s': 7.39, 'lidar_to_footprint_m': 20.0, 'points_total': 6109, 'target_actor_id': 108, 'target_hits': 32, 'top_object_idx': [(0, 5672), (109, 405), (108, 32)], 'frame': 151522}]
[LiDAR] GroundCube [{'dist': 10.0, 'feasible': True, 'veh_s': 19.93, 'lidar_to_footprint_m': 10.0, 'points_total': 6286, 'target_actor_id': 111, 'target_hits': 43, 'top_object_idx': [(0, 5838), (112, 405), (111, 43)], 'frame': 151527}, {'dist': 20.0, 'feasible': True, 'veh_s': 8.29, 'lidar_to_footprint_m': 20.0, 'points_total': 6113, 'target_actor_id': 114, 'target_hits': 8, 'top_object_idx': [(0, 5700), (115, 405), (114, 8)], 'frame': 151532}]
[차량] vehicle.mitsubishi.fusorosa {'bbox_len_m': 10.273, 'bbox_wid_m': 3.944, 'bbox_hgt_m': 4.253, 'n_wheels': 4, 'wheel_pos_unit_cm_to_m_ok': True, 'wheelbase_m': 5.63, 'front_max_steer_deg': [70.0, 70.0], 'rear_max_steer_deg': [0.0, 0.0], 'min_turn_radius_m_bicycle': 2.049}
[차량] vehicle.mercedes.sprinter {'bbox_len_m': 5.915, 'bbox_wid_m': 1.988, 'bbox_hgt_m': 2.561, 'n_wheels': 4, 'wheel_pos_unit_cm_to_m_ok': True, 'wheelbase_m': 3.662, 'front_max_steer_deg': [70.0, 70.0], 'rear_max_steer_deg': [0.0, 0.0], 'min_turn_radius_m_bicycle': 1.333}
[차량] vehicle.toyota.prius {'bbox_len_m': 4.514, 'bbox_wid_m': 2.007, 'bbox_hgt_m': 1.525, 'n_wheels': 4, 'wheel_pos_unit_cm_to_m_ok': True, 'wheelbase_m': 2.819, 'front_max_steer_deg': [70.0, 70.0], 'rear_max_steer_deg': [0.0, 0.0], 'min_turn_radius_m_bicycle': 1.026}
[차량] vehicle.audi.a2 {'bbox_len_m': 3.705, 'bbox_wid_m': 1.789, 'bbox_hgt_m': 1.549, 'n_wheels': 4, 'wheel_pos_unit_cm_to_m_ok': True, 'wheelbase_m': 2.506, 'front_max_steer_deg': [70.0, 70.0], 'rear_max_steer_deg': [0.0, 0.0], 'min_turn_radius_m_bicycle': 0.912}
[정리] 남은 차량·소품·센서 [] 설정 WorldSettings(synchronous_mode=False,no_rendering_mode=False,fixed_delta_seconds=5.35785e-310,substepping=True,max_substep_delta_time=0.01,max_substeps=10,max_culling_distance=0,deterministic_ragdolls=True)
[메모리] 정리 후 {'avail_mi': 4464, 'swap_mi': 786, 'gtt_mi': 1477}
