map_sha256=5240ca8b883e42c0 (cbnu_internal_only_localtm_tags81_B_smooth_turnfix.xodr)
  노선 전용 계획점 간격 {1391: 1.0}, 4 노선 경로와 교집합 []
  노선 전용 겨냥 거리 {1391: 1.0}, 4 노선 경로와 교집합 []
  목표점 계측 road [1391, 1948, 1952]
  노선 전용 감속 {1391: 8.9}, 4 노선 경로와 교집합 []
route=back: 33 road [1278, 1969, 1393, 1972, 1392, 1484, 1202, 1466, 1271, 1734, 1270, 1464, 1269, 1601, 1268, 1457, 1250, 1828, 1249, 1619, 1254, 1609, 1253, 1822, 1252, 1860, 1251, 1948, 1391, 1952, 1248, 1896, 1151]
  종점 road1151 lane-1 s=23.1 (완주 s>=22.1 이고 종점 5m 이내) - 후문B 추정 게이트(392632034 위, 36.624844, 127.462860 최근접 1.65m)
  커넥터 {1969: 1, 1972: 109, 1484: 43, 1466: 11, 1734: 61, 1464: 85, 1601: 37, 1457: 107, 1828: 78, 1619: 41, 1609: 39, 1822: 86, 1860: 83, 1948: 108, 1952: 106, 1896: 3}, 급회전 {1484: 78.4, 1466: -68.1}
controller=agent, 동기모드=켬 0.05s
conn_spacing=4.0m(전 구간), sharp_speed=없음
follow=on(뒤 8m, 위 4m, 매 tick)
맵: Carla/Maps/OpenDriveMap, spawn point 1302개
server_map_sha256=5240ca8b883e42c0 (파일과 일치)
spawn: Location(x=217.845581, y=-1087.414185, z=0.500000) road1278 lane-1 s=0.00
계획 CSV: /home/gyumin/campus_mobility_sim/map/docs/logs/drive_plan_20261008_232341.csv
계획 웨이포인트 총 369개
road   kind  n  s범위          최대간격(m)
1278   road  39 1.96~151.01  4.38
1969   conn  2  1.07~3.22  2.93
1393   road  10 1.85~35.20  4.0
1972   conn  1  1.48~1.48  2.07
1392   road  15 1.87~54.20  4.13
1484   conn  4  1.74~12.17  3.33
1202   road  30 1.98~117.07  3.97
1466   conn  4  1.78~12.46  4.3
1271   road  38 1.97~147.53  4.09
1734   conn  4  1.89~13.23  3.86
1270   road  13 1.95~48.68  4.06
1464   conn  5  1.74~15.69  3.7
1269   road  9  1.91~32.45  3.82
1601   conn  4  1.93~13.48  3.85
1268   road  33 1.98~128.54  3.96
1457   conn  4  2.00~13.98  3.98
1250   road  14 1.87~50.58  3.87
1828   conn  4  1.91~13.39  3.83
1249   road  7  1.76~22.93  3.68
1619   conn  4  1.94~13.59  3.92
1254   road  5  1.92~17.27  3.86
1609   conn  4  1.94~13.56  3.95
1253   road  10 1.96~37.24  4.03
1822   conn  4  1.73~12.10  3.7
1252   road  8  1.75~26.28  3.53
1860   conn  7  1.84~23.88  3.67
1251   road  35 1.96~135.39  3.93
1948   conn  2  1.71~5.13  3.59
1391   road  16 1.79~16.79  4.04
1952   conn  3  1.39~6.94  2.98
1248   road  21 1.91~78.37  4.19
1896   conn  4  1.94~13.57  3.9
1151   road  6  1.93~21.18  3.86
커넥터 안쪽 점: 60개 / 점 없는 커넥터: 없음
전체 최대 간격 4.38m, 평균 3.71m
인접 road 연결 확인: 32쌍 모두 next() 로 이어짐
판정: record(세션19, 종료/기록 분리)
궤적 로그(tick마다 기록): /home/gyumin/campus_mobility_sim/map/docs/logs/drive_log_20261008_232341.csv
목표점 로그: /home/gyumin/campus_mobility_sim/map/docs/logs/target_log_20261008_232341.csv
차량 스폰: actor_id=25
bounding box: half_length=1.853m half_width=0.894m half_height=0.775m -> /home/gyumin/campus_mobility_sim/map/docs/logs/vehicle_bbox_20261008_232341.txt
충돌 센서 부착: actor_id=26 -> /home/gyumin/campus_mobility_sim/map/docs/logs/collision_events_20261008_232341.csv
BasicAgent set_global_plan 369점, target_speed=20.0km/h, dt=0.05
[동기모드] 전환 전: synchronous_mode=False fixed_delta_seconds=None
[동기모드] 전환 후: synchronous_mode=True fixed_delta_seconds=0.05
[전이] t=   0.05s road1278 일반 speed= 0.00m/s limit=30km/h
t=   0.1s (  217.85,-1087.41) speed= 0.00m/s road1278 s=   0.0 on_road=True
t=   1.1s (  217.86,-1087.17) speed= 1.50m/s road1278 s=   0.2 on_road=True
t=   2.1s (  217.99,-1084.54) speed= 3.75m/s road1278 s=   2.9 on_road=True
t=   3.1s (  218.22,-1079.78) speed= 5.29m/s road1278 s=   7.6 on_road=True
t=   4.1s (  218.49,-1074.22) speed= 4.84m/s road1278 s=  13.2 on_road=True
t=   5.1s (  218.72,-1069.47) speed= 5.37m/s road1278 s=  18.0 on_road=True
t=   6.1s (  218.99,-1063.96) speed= 4.40m/s road1278 s=  23.5 on_road=True
t=   7.1s (  219.22,-1059.18) speed= 5.36m/s road1278 s=  28.3 on_road=True
t=   8.1s (  219.49,-1053.60) speed= 5.07m/s road1278 s=  33.9 on_road=True
t=   9.1s (  219.72,-1049.01) speed= 5.35m/s road1278 s=  38.5 on_road=True
[tick 대조] fixed_delta=0.05 delta_seconds=0.0500 시뮬경과/프레임=0.0500s 벽시계 148.5 tick/s (프레임 200)
t=  10.1s (  220.00,-1043.42) speed= 5.09m/s road1278 s=  44.0 on_road=True
t=  11.1s (  220.29,-1038.72) speed= 5.15m/s road1278 s=  48.8 on_road=True
t=  12.1s (  220.70,-1033.24) speed= 4.94m/s road1278 s=  54.2 on_road=True
t=  13.1s (  221.11,-1028.61) speed= 5.22m/s road1278 s=  58.8 on_road=True
t=  14.1s (  221.66,-1023.12) speed= 4.48m/s road1278 s=  64.4 on_road=True
t=  15.1s (  222.14,-1018.51) speed= 5.16m/s road1278 s=  69.0 on_road=True
t=  16.1s (  222.82,-1013.12) speed= 4.28m/s road1278 s=  74.4 on_road=True
t=  17.1s (  223.82,-1008.44) speed= 5.39m/s road1278 s=  79.1 on_road=True
t=  18.1s (  225.51,-1003.28) speed= 4.12m/s road1278 s=  84.2 on_road=True
t=  19.1s (  227.29, -998.88) speed= 5.18m/s road1278 s=  89.0 on_road=True
t=  20.1s (  230.00, -994.33) speed= 4.23m/s road1278 s=  94.2 on_road=True
t=  21.1s (  233.22, -990.59) speed= 5.82m/s road1278 s=  98.8 on_road=True
t=  22.1s (  236.98, -987.07) speed= 4.23m/s road1278 s= 104.0 on_road=True
t=  23.1s (  240.84, -983.78) speed= 6.23m/s road1278 s= 109.0 on_road=True
t=  24.1s (  244.76, -980.55) speed= 4.32m/s road1278 s= 114.1 on_road=True
t=  25.1s (  248.79, -977.29) speed= 6.27m/s road1278 s= 119.3 on_road=True
t=  26.1s (  252.64, -974.20) speed= 4.39m/s road1278 s= 124.2 on_road=True
t=  27.1s (  256.76, -970.91) speed= 6.23m/s road1278 s= 129.5 on_road=True
t=  28.1s (  260.61, -967.88) speed= 4.52m/s road1278 s= 134.3 on_road=True
t=  29.1s (  264.85, -964.58) speed= 6.09m/s road1278 s= 139.7 on_road=True
t=  30.1s (  268.66, -961.67) speed= 4.60m/s road1278 s= 144.5 on_road=True
t=  31.1s (  272.97, -958.35) speed= 6.12m/s road1278 s= 149.9 on_road=True
[전이] t=  31.50s road1970 커넥터 speed= 4.78m/s limit=30km/h
[계획 이탈] t=31.50s road1970 는 계획의 현재/다음 road 가 아님(비치명, 계속 주행)
[전이] t=  31.60s road1278 일반 speed= 4.19m/s limit=30km/h
[전이] t=  31.65s road1969 커넥터 speed= 4.08m/s limit=30km/h
t=  32.1s (  276.66, -955.33) speed= 4.60m/s road1969 s=   1.8 on_road=True
[전이] t=  32.55s road1393 일반 speed= 5.28m/s limit=30km/h
t=  33.1s (  280.86, -951.87) speed= 5.97m/s road1393 s=   2.9 on_road=True
t=  34.1s (  284.62, -948.93) speed= 4.74m/s road1393 s=   7.7 on_road=True
t=  35.1s (  289.14, -945.88) speed= 5.74m/s road1393 s=  13.0 on_road=True
t=  36.1s (  293.12, -943.46) speed= 4.83m/s road1393 s=  17.6 on_road=True
t=  37.1s (  297.92, -940.69) speed= 5.61m/s road1393 s=  23.1 on_road=True
t=  38.1s (  301.94, -938.42) speed= 4.91m/s road1393 s=  27.7 on_road=True
t=  39.1s (  306.59, -935.38) speed= 5.31m/s road1393 s=  33.3 on_road=True
[전이] t=  39.70s road1972 커넥터 speed= 4.36m/s limit=30km/h
t=  40.1s (  310.07, -932.42) speed= 5.00m/s road1972 s=   2.4 on_road=True
[전이] t=  40.25s road1971 커넥터 speed= 5.08m/s limit=30km/h
[전이] t=  40.45s road1392 일반 speed= 5.11m/s limit=30km/h
t=  41.1s (  314.43, -928.98) speed= 5.21m/s road1392 s=   4.1 on_road=True
t=  42.1s (  318.13, -926.21) speed= 5.15m/s road1392 s=   8.7 on_road=True
t=  43.1s (  322.64, -922.87) speed= 5.09m/s road1392 s=  14.3 on_road=True
t=  44.1s (  326.34, -920.17) speed= 5.27m/s road1392 s=  18.9 on_road=True
t=  45.1s (  330.87, -916.87) speed= 5.15m/s road1392 s=  24.5 on_road=True
t=  46.1s (  334.64, -914.12) speed= 5.31m/s road1392 s=  29.1 on_road=True
t=  47.1s (  339.23, -910.79) speed= 5.67m/s road1392 s=  34.8 on_road=True
t=  48.1s (  342.99, -908.07) speed= 4.93m/s road1392 s=  39.5 on_road=True
t=  49.1s (  347.52, -904.79) speed= 5.78m/s road1392 s=  45.0 on_road=True
t=  50.1s (  351.30, -902.05) speed= 4.80m/s road1392 s=  49.7 on_road=True
[전이] t=  51.05s road1487 커넥터 speed= 5.42m/s limit=30km/h
t=  51.1s (  355.47, -898.53) speed= 5.42m/s road1487 s=   0.0 on_road=True
[전이] t=  51.20s road1392 일반 speed= 5.03m/s limit=30km/h
[전이] t=  51.25s road1484 커넥터 speed= 5.05m/s limit=30km/h
t=  52.1s (  357.51, -894.44) speed= 4.99m/s road1484 s=   5.3 on_road=True
t=  53.1s (  357.23, -889.23) speed= 5.43m/s road1484 s=  12.8 on_road=True
[전이] t=  53.20s road1202 일반 speed= 6.17m/s limit=30km/h
[전이] t=  53.25s road1483 커넥터 speed= 6.19m/s limit=30km/h
[전이] t=  53.45s road1202 일반 speed= 5.59m/s limit=30km/h
t=  54.1s (  355.77, -884.23) speed= 4.19m/s road1202 s=   4.3 on_road=True
t=  55.1s (  353.98, -879.55) speed= 6.12m/s road1202 s=   9.3 on_road=True
t=  56.1s (  351.96, -874.80) speed= 4.23m/s road1202 s=  14.5 on_road=True
t=  57.1s (  349.91, -870.17) speed= 6.29m/s road1202 s=  19.6 on_road=True
t=  58.1s (  347.84, -865.59) speed= 4.31m/s road1202 s=  24.6 on_road=True
t=  59.1s (  345.69, -860.86) speed= 6.26m/s road1202 s=  29.8 on_road=True
--- 메모리 측정(주행중(차량1대+BasicAgent, 동기 20Hz)) ---
total        used        free      shared  buff/cache   available
Mem:            12Gi       7.7Gi       3.4Gi        92Mi       1.5Gi       4.6Gi
Swap:          8.0Gi       822Mi       7.2Gi
gtt_used: 1552113664 bytes (1.45GiB)
t=  60.1s (  343.63, -856.35) speed= 4.40m/s road1202 s=  34.7 on_road=True
t=  61.1s (  341.43, -851.55) speed= 6.24m/s road1202 s=  40.0 on_road=True
t=  62.1s (  339.39, -847.10) speed= 4.52m/s road1202 s=  44.9 on_road=True
t=  63.1s (  337.18, -842.30) speed= 6.27m/s road1202 s=  50.2 on_road=True
t=  64.1s (  335.06, -837.69) speed= 4.39m/s road1202 s=  55.3 on_road=True
t=  65.1s (  332.88, -832.95) speed= 6.20m/s road1202 s=  60.5 on_road=True
t=  66.1s (  330.76, -828.35) speed= 4.48m/s road1202 s=  65.6 on_road=True
t=  67.1s (  328.60, -823.64) speed= 5.80m/s road1202 s=  70.7 on_road=True
t=  68.1s (  326.40, -818.86) speed= 4.15m/s road1202 s=  76.0 on_road=True
t=  69.1s (  324.31, -814.33) speed= 5.82m/s road1202 s=  81.0 on_road=True
t=  70.1s (  322.13, -809.58) speed= 4.29m/s road1202 s=  86.2 on_road=True
t=  71.1s (  320.00, -804.94) speed= 6.05m/s road1202 s=  91.3 on_road=True
t=  72.1s (  317.83, -800.24) speed= 4.41m/s road1202 s=  96.5 on_road=True
t=  73.1s (  315.67, -795.55) speed= 6.05m/s road1202 s= 101.7 on_road=True
t=  74.1s (  313.51, -790.85) speed= 4.32m/s road1202 s= 106.8 on_road=True
t=  75.1s (  311.35, -786.13) speed= 6.42m/s road1202 s= 112.0 on_road=True
t=  76.1s (  309.44, -781.44) speed= 4.22m/s road1202 s= 117.1 on_road=True
[전이] t=  76.40s road1467 커넥터 speed= 5.00m/s limit=30km/h
t=  77.1s (  308.99, -776.40) speed= 6.29m/s road1467 s=   5.0 on_road=True
[전이] t=  77.10s road1472 커넥터 speed= 6.39m/s limit=30km/h
[전이] t=  77.85s road1469 커넥터 speed= 4.21m/s limit=30km/h
t=  78.1s (  310.33, -771.55) speed= 4.49m/s road1469 s=   6.0 on_road=True
[전이] t=  78.50s road1466 커넥터 speed= 5.21m/s limit=30km/h
[전이] t=  78.95s road1470 커넥터 speed= 6.35m/s limit=30km/h
t=  79.1s (  313.05, -767.02) speed= 6.27m/s road1470 s=   6.5 on_road=True
[전이] t=  79.45s road1271 일반 speed= 5.12m/s limit=30km/h
t=  80.1s (  316.05, -763.21) speed= 4.52m/s road1271 s=   3.4 on_road=True
t=  81.1s (  319.59, -759.20) speed= 6.08m/s road1271 s=   8.7 on_road=True
t=  82.1s (  322.82, -755.70) speed= 4.60m/s road1271 s=  13.5 on_road=True
t=  83.1s (  326.55, -751.75) speed= 5.98m/s road1271 s=  18.9 on_road=True
t=  84.1s (  329.80, -748.34) speed= 4.70m/s road1271 s=  23.6 on_road=True
t=  85.1s (  333.56, -744.41) speed= 5.71m/s road1271 s=  29.0 on_road=True
t=  86.1s (  336.82, -741.02) speed= 4.90m/s road1271 s=  33.7 on_road=True
t=  87.1s (  340.68, -737.08) speed= 6.00m/s road1271 s=  39.3 on_road=True
t=  88.1s (  344.08, -733.71) speed= 4.72m/s road1271 s=  44.0 on_road=True
t=  89.1s (  348.04, -729.95) speed= 5.73m/s road1271 s=  49.5 on_road=True
t=  90.1s (  351.47, -726.77) speed= 4.85m/s road1271 s=  54.1 on_road=True
t=  91.1s (  355.59, -723.02) speed= 5.56m/s road1271 s=  59.6 on_road=True
t=  92.1s (  359.04, -719.90) speed= 4.93m/s road1271 s=  64.3 on_road=True
t=  93.1s (  363.19, -716.17) speed= 5.35m/s road1271 s=  69.9 on_road=True
t=  94.1s (  366.62, -713.09) speed= 5.01m/s road1271 s=  74.5 on_road=True
t=  95.1s (  370.78, -709.35) speed= 5.24m/s road1271 s=  80.1 on_road=True
t=  96.1s (  374.24, -706.25) speed= 5.16m/s road1271 s=  84.7 on_road=True
t=  97.1s (  378.47, -702.45) speed= 5.30m/s road1271 s=  90.4 on_road=True
t=  98.1s (  381.90, -699.37) speed= 5.15m/s road1271 s=  95.0 on_road=True
t=  99.1s (  386.08, -695.62) speed= 5.25m/s road1271 s= 100.6 on_road=True
t= 100.1s (  389.50, -692.55) speed= 5.12m/s road1271 s= 105.2 on_road=True
t= 101.1s (  393.73, -688.75) speed= 5.29m/s road1271 s= 110.9 on_road=True
t= 102.1s (  397.11, -685.64) speed= 5.13m/s road1271 s= 115.5 on_road=True
t= 103.1s (  400.94, -681.65) speed= 5.09m/s road1271 s= 121.2 on_road=True
t= 104.1s (  404.07, -678.23) speed= 5.25m/s road1271 s= 125.9 on_road=True
t= 105.1s (  407.95, -674.16) speed= 5.19m/s road1271 s= 131.4 on_road=True
t= 106.1s (  411.24, -670.80) speed= 5.21m/s road1271 s= 136.1 on_road=True
t= 107.1s (  415.19, -666.84) speed= 5.06m/s road1271 s= 141.7 on_road=True
t= 108.1s (  418.46, -663.58) speed= 5.29m/s road1271 s= 146.3 on_road=True
[전이] t= 108.55s road1736 커넥터 speed= 6.26m/s limit=30km/h
[전이] t= 108.60s road1271 일반 speed= 6.28m/s limit=30km/h
[전이] t= 108.65s road1735 커넥터 speed= 6.09m/s limit=30km/h
[전이] t= 108.75s road1734 커넥터 speed= 5.74m/s limit=30km/h
t= 109.1s (  422.40, -659.64) speed= 4.94m/s road1734 s=   2.4 on_road=True
t= 110.1s (  425.61, -656.32) speed= 5.16m/s road1734 s=   7.0 on_road=True
t= 111.1s (  429.33, -652.21) speed= 4.87m/s road1734 s=  12.6 on_road=True
[전이] t= 111.65s road1270 일반 speed= 4.72m/s limit=30km/h
t= 112.1s (  432.37, -648.74) speed= 5.14m/s road1270 s=   2.2 on_road=True
t= 113.1s (  435.96, -644.59) speed= 4.38m/s road1270 s=   7.7 on_road=True
t= 114.1s (  439.01, -641.04) speed= 5.35m/s road1270 s=  12.4 on_road=True
t= 115.1s (  442.60, -636.90) speed= 4.26m/s road1270 s=  17.8 on_road=True
t= 116.1s (  445.77, -633.46) speed= 5.18m/s road1270 s=  22.5 on_road=True
t= 117.1s (  449.65, -629.74) speed= 4.19m/s road1270 s=  27.8 on_road=True
t= 118.1s (  453.37, -626.67) speed= 5.17m/s road1270 s=  32.5 on_road=True
t= 119.1s (  457.65, -623.59) speed= 4.07m/s road1270 s=  37.6 on_road=True
t= 120.1s (  461.66, -620.88) speed= 5.54m/s road1270 s=  42.4 on_road=True
t= 121.1s (  466.01, -618.01) speed= 4.13m/s road1270 s=  47.6 on_road=True
[전이] t= 121.70s road1464 커넥터 speed= 5.17m/s limit=30km/h
t= 122.1s (  470.17, -615.41) speed= 5.92m/s road1464 s=   1.9 on_road=True
t= 123.1s (  474.64, -612.83) speed= 4.35m/s road1464 s=   7.0 on_road=True
[전이] t= 123.20s road1460 커넥터 speed= 4.62m/s limit=30km/h
[전이] t= 123.25s road1462 커넥터 speed= 4.72m/s limit=30km/h
[전이] t= 123.35s road1464 커넥터 speed= 4.93m/s limit=30km/h
t= 124.1s (  479.17, -610.36) speed= 6.18m/s road1464 s=  12.1 on_road=True
t= 125.1s (  483.52, -608.12) speed= 4.37m/s road1464 s=  17.0 on_road=True
[전이] t= 125.20s road1269 일반 speed= 4.68m/s limit=30km/h
t= 126.1s (  488.16, -605.71) speed= 6.23m/s road1269 s=   4.8 on_road=True
t= 127.1s (  492.50, -603.49) speed= 4.50m/s road1269 s=   9.6 on_road=True
t= 128.1s (  497.27, -601.05) speed= 6.16m/s road1269 s=  15.0 on_road=True
t= 129.1s (  501.56, -598.85) speed= 4.63m/s road1269 s=  19.8 on_road=True
t= 130.1s (  506.41, -596.37) speed= 5.94m/s road1269 s=  25.3 on_road=True
t= 131.1s (  510.62, -594.21) speed= 4.72m/s road1269 s=  30.0 on_road=True
[전이] t= 131.90s road1601 커넥터 speed= 6.28m/s limit=30km/h
t= 132.1s (  515.51, -591.71) speed= 5.74m/s road1601 s=   1.1 on_road=True
t= 133.1s (  519.66, -589.59) speed= 4.80m/s road1601 s=   5.8 on_road=True
t= 134.1s (  524.58, -587.07) speed= 5.55m/s road1601 s=  11.3 on_road=True
[전이] t= 134.95s road1268 일반 speed= 4.72m/s limit=30km/h
t= 135.1s (  528.77, -584.93) speed= 4.93m/s road1268 s=   0.6 on_road=True
t= 136.1s (  533.72, -582.40) speed= 5.35m/s road1268 s=   6.2 on_road=True
t= 137.1s (  537.80, -580.31) speed= 5.01m/s road1268 s=  10.8 on_road=True
t= 138.1s (  542.81, -577.75) speed= 5.38m/s road1268 s=  16.4 on_road=True
t= 139.1s (  546.91, -575.65) speed= 5.02m/s road1268 s=  21.0 on_road=True
t= 140.1s (  551.90, -573.10) speed= 5.24m/s road1268 s=  26.6 on_road=True
t= 141.1s (  556.03, -570.99) speed= 5.14m/s road1268 s=  31.2 on_road=True
t= 142.1s (  561.04, -568.43) speed= 5.19m/s road1268 s=  36.9 on_road=True
t= 143.1s (  565.19, -566.31) speed= 5.17m/s road1268 s=  41.5 on_road=True
t= 144.1s (  570.21, -563.74) speed= 5.06m/s road1268 s=  47.2 on_road=True
t= 145.1s (  574.30, -561.65) speed= 5.18m/s road1268 s=  51.8 on_road=True
t= 146.1s (  579.28, -559.10) speed= 5.00m/s road1268 s=  57.3 on_road=True
t= 147.1s (  583.42, -556.98) speed= 5.31m/s road1268 s=  62.0 on_road=True
t= 148.1s (  588.42, -554.42) speed= 5.05m/s road1268 s=  67.6 on_road=True
t= 149.1s (  592.54, -552.32) speed= 5.18m/s road1268 s=  72.2 on_road=True
t= 150.1s (  597.52, -549.77) speed= 5.03m/s road1268 s=  77.8 on_road=True
t= 151.1s (  601.66, -547.66) speed= 5.30m/s road1268 s=  82.5 on_road=True
t= 152.1s (  606.64, -545.11) speed= 5.01m/s road1268 s=  88.1 on_road=True
t= 153.1s (  610.82, -542.97) speed= 5.35m/s road1268 s=  92.8 on_road=True
t= 154.1s (  615.82, -540.43) speed= 4.80m/s road1268 s=  98.4 on_road=True
t= 155.1s (  619.95, -538.32) speed= 5.24m/s road1268 s= 103.0 on_road=True
t= 156.1s (  624.80, -535.70) speed= 4.51m/s road1268 s= 108.5 on_road=True
t= 157.1s (  628.84, -533.44) speed= 5.14m/s road1268 s= 113.2 on_road=True
t= 158.1s (  633.56, -530.76) speed= 4.26m/s road1268 s= 118.7 on_road=True
t= 159.1s (  637.71, -528.38) speed= 5.26m/s road1268 s= 123.5 on_road=True
t= 160.1s (  642.37, -525.70) speed= 4.11m/s road1268 s= 128.8 on_road=True
[전이] t= 160.45s road1456 커넥터 speed= 4.73m/s limit=30km/h
[전이] t= 160.55s road1457 커넥터 speed= 4.93m/s limit=30km/h
[전이] t= 160.65s road1456 커넥터 speed= 5.08m/s limit=30km/h
[전이] t= 160.85s road1457 커넥터 speed= 5.16m/s limit=30km/h
t= 161.1s (  646.54, -523.25) speed= 5.20m/s road1457 s=   3.2 on_road=True
[전이] t= 161.70s road1452 커넥터 speed= 5.01m/s limit=30km/h
[전이] t= 161.75s road1457 커넥터 speed= 5.01m/s limit=30km/h
t= 162.1s (  650.90, -520.48) speed= 4.27m/s road1457 s=   8.4 on_road=True
[전이] t= 162.30s road1455 커넥터 speed= 4.71m/s limit=30km/h
[전이] t= 162.40s road1457 커넥터 speed= 4.90m/s limit=30km/h
[전이] t= 162.80s road1454 커넥터 speed= 5.19m/s limit=30km/h
t= 163.1s (  655.07, -517.65) speed= 6.12m/s road1454 s=   6.2 on_road=True
[전이] t= 163.50s road1250 일반 speed= 5.02m/s limit=30km/h
[전이] t= 163.60s road1453 커넥터 speed= 5.02m/s limit=30km/h
[전이] t= 163.65s road1250 일반 speed= 4.66m/s limit=30km/h
t= 164.1s (  659.11, -514.79) speed= 4.29m/s road1250 s=   2.5 on_road=True
t= 165.1s (  663.28, -511.81) speed= 6.26m/s road1250 s=   7.6 on_road=True
t= 166.1s (  667.30, -508.90) speed= 4.50m/s road1250 s=  12.6 on_road=True
t= 167.1s (  671.63, -505.76) speed= 6.15m/s road1250 s=  18.0 on_road=True
t= 168.1s (  675.53, -502.94) speed= 4.62m/s road1250 s=  22.8 on_road=True
t= 169.1s (  679.94, -499.74) speed= 5.99m/s road1250 s=  28.2 on_road=True
t= 170.1s (  683.74, -496.98) speed= 4.70m/s road1250 s=  32.9 on_road=True
t= 171.1s (  688.18, -493.76) speed= 5.81m/s road1250 s=  38.4 on_road=True
t= 172.1s (  691.98, -491.00) speed= 4.83m/s road1250 s=  43.1 on_road=True
t= 173.1s (  696.47, -487.74) speed= 5.61m/s road1250 s=  48.6 on_road=True
[전이] t= 173.90s road1828 커넥터 speed= 4.60m/s limit=30km/h
[전이] t= 174.00s road1827 커넥터 speed= 4.81m/s limit=30km/h
t= 174.1s (  700.19, -485.00) speed= 4.89m/s road1827 s=   0.8 on_road=True
[전이] t= 174.25s road1828 커넥터 speed= 5.17m/s limit=30km/h
t= 175.1s (  704.67, -481.78) speed= 5.93m/s road1828 s=   6.3 on_road=True
t= 176.1s (  708.32, -479.12) speed= 4.88m/s road1828 s=  10.8 on_road=True
[전이] t= 176.85s road1825 커넥터 speed= 6.22m/s limit=30km/h
[전이] t= 176.90s road1249 일반 speed= 6.15m/s limit=30km/h
t= 177.1s (  712.83, -475.86) speed= 5.54m/s road1249 s=   1.1 on_road=True
t= 178.1s (  716.60, -473.12) speed= 4.94m/s road1249 s=   5.8 on_road=True
t= 179.1s (  721.11, -469.81) speed= 5.63m/s road1249 s=  11.4 on_road=True
t= 180.1s (  724.84, -467.04) speed= 4.91m/s road1249 s=  16.0 on_road=True
t= 181.1s (  729.30, -463.69) speed= 5.45m/s road1249 s=  21.6 on_road=True
[전이] t= 181.75s road1619 커넥터 speed= 4.43m/s limit=30km/h
t= 182.1s (  733.01, -460.90) speed= 5.04m/s road1619 s=   1.6 on_road=True
t= 183.1s (  737.50, -457.58) speed= 5.25m/s road1619 s=   7.2 on_road=True
t= 184.1s (  741.21, -454.89) speed= 5.12m/s road1619 s=  11.7 on_road=True
[전이] t= 184.55s road1614 커넥터 speed= 6.03m/s limit=30km/h
[전이] t= 184.75s road1254 일반 speed= 6.18m/s limit=30km/h
[전이] t= 184.80s road1618 커넥터 speed= 5.95m/s limit=30km/h
[전이] t= 184.85s road1254 일반 speed= 5.83m/s limit=30km/h
t= 185.1s (  745.76, -451.63) speed= 5.16m/s road1254 s=   1.7 on_road=True
t= 186.1s (  749.52, -448.93) speed= 5.28m/s road1254 s=   6.4 on_road=True
t= 187.1s (  754.02, -445.63) speed= 5.05m/s road1254 s=  12.0 on_road=True
t= 188.1s (  757.64, -442.82) speed= 5.13m/s road1254 s=  16.6 on_road=True
[전이] t= 188.40s road1611 커넥터 speed= 5.62m/s limit=30km/h
[전이] t= 188.45s road1254 일반 speed= 6.01m/s limit=30km/h
[전이] t= 188.55s road1609 커넥터 speed= 6.26m/s limit=30km/h
t= 189.1s (  761.98, -439.43) speed= 5.06m/s road1609 s=   3.0 on_road=True
t= 190.1s (  765.71, -436.60) speed= 5.19m/s road1609 s=   7.6 on_road=True
t= 191.1s (  770.15, -433.34) speed= 4.48m/s road1609 s=  13.1 on_road=True
[전이] t= 191.25s road1605 커넥터 speed= 4.08m/s limit=30km/h
[전이] t= 191.65s road1253 일반 speed= 4.80m/s limit=30km/h
t= 192.1s (  773.90, -430.63) speed= 5.15m/s road1253 s=   2.2 on_road=True
t= 193.1s (  778.31, -427.47) speed= 4.26m/s road1253 s=   7.6 on_road=True
t= 194.1s (  782.21, -424.68) speed= 5.28m/s road1253 s=  12.4 on_road=True
t= 195.1s (  786.67, -421.65) speed= 4.09m/s road1253 s=  17.8 on_road=True
t= 196.1s (  790.61, -418.97) speed= 5.16m/s road1253 s=  22.5 on_road=True
t= 197.1s (  794.67, -415.61) speed= 4.26m/s road1253 s=  27.9 on_road=True
t= 198.1s (  798.10, -411.92) speed= 6.20m/s road1253 s=  33.6 on_road=True
t= 199.1s (  801.38, -408.06) speed= 4.32m/s road1253 s=  38.6 on_road=True
[전이] t= 199.20s road1821 커넥터 speed= 4.61m/s limit=30km/h
[전이] t= 199.45s road1822 커넥터 speed= 5.12m/s limit=30km/h
t= 200.1s (  804.86, -404.25) speed= 6.27m/s road1822 s=   4.5 on_road=True
[전이] t= 200.40s road1819 커넥터 speed= 5.22m/s limit=30km/h
[전이] t= 200.50s road1816 커넥터 speed= 5.05m/s limit=30km/h
[전이] t= 200.60s road1822 커넥터 speed= 4.85m/s limit=30km/h
t= 201.1s (  808.50, -400.89) speed= 4.46m/s road1822 s=   9.2 on_road=True
[전이] t= 201.90s road1817 커넥터 speed= 6.17m/s limit=30km/h
[전이] t= 202.05s road1252 일반 speed= 6.10m/s limit=30km/h
t= 202.1s (  812.59, -397.57) speed= 6.10m/s road1252 s=   0.6 on_road=True
t= 203.1s (  816.44, -394.66) speed= 4.63m/s road1252 s=   5.4 on_road=True
t= 204.1s (  820.84, -391.44) speed= 5.95m/s road1252 s=  10.8 on_road=True
t= 205.1s (  824.69, -388.66) speed= 4.72m/s road1252 s=  15.6 on_road=True
t= 206.1s (  829.14, -385.46) speed= 6.14m/s road1252 s=  21.1 on_road=True
t= 207.1s (  833.04, -382.67) speed= 4.60m/s road1252 s=  25.8 on_road=True
[전이] t= 207.50s road1861 커넥터 speed= 5.34m/s limit=30km/h
[전이] t= 207.55s road1860 커넥터 speed= 5.27m/s limit=30km/h
t= 208.1s (  837.47, -379.50) speed= 5.98m/s road1860 s=   3.2 on_road=True
[전이] t= 208.75s road1849 커넥터 speed= 4.18m/s limit=30km/h
[전이] t= 208.80s road1860 커넥터 speed= 4.24m/s limit=30km/h
[전이] t= 208.90s road1854 커넥터 speed= 4.42m/s limit=30km/h
[전이] t= 208.95s road1860 커넥터 speed= 4.52m/s limit=30km/h
t= 209.1s (  841.34, -376.72) speed= 4.72m/s road1860 s=   8.0 on_road=True
t= 210.1s (  845.80, -373.50) speed= 5.74m/s road1860 s=  13.5 on_road=True
t= 211.1s (  849.59, -370.76) speed= 4.81m/s road1860 s=  18.2 on_road=True
t= 212.1s (  854.06, -367.53) speed= 5.56m/s road1860 s=  23.7 on_road=True
[전이] t= 212.45s road1251 일반 speed= 4.30m/s limit=30km/h
t= 213.1s (  857.84, -364.79) speed= 4.94m/s road1251 s=   2.7 on_road=True
t= 214.1s (  862.38, -361.51) speed= 5.51m/s road1251 s=   8.3 on_road=True
t= 215.1s (  866.18, -358.77) speed= 5.01m/s road1251 s=  13.0 on_road=True
t= 216.1s (  870.72, -355.51) speed= 5.24m/s road1251 s=  18.6 on_road=True
t= 217.1s (  874.50, -352.80) speed= 5.14m/s road1251 s=  23.2 on_road=True
t= 218.1s (  879.10, -349.50) speed= 5.84m/s road1251 s=  28.9 on_road=True
t= 219.1s (  882.91, -346.77) speed= 4.84m/s road1251 s=  33.5 on_road=True
t= 220.1s (  887.37, -343.58) speed= 6.13m/s road1251 s=  39.0 on_road=True
t= 221.1s (  891.31, -340.76) speed= 4.63m/s road1251 s=  43.9 on_road=True
t= 222.1s (  895.74, -337.56) speed= 5.95m/s road1251 s=  49.3 on_road=True
t= 223.1s (  899.56, -334.75) speed= 4.72m/s road1251 s=  54.1 on_road=True
t= 224.1s (  903.97, -331.45) speed= 5.75m/s road1251 s=  59.6 on_road=True
t= 225.1s (  907.70, -328.64) speed= 4.81m/s road1251 s=  64.3 on_road=True
t= 226.1s (  912.13, -325.31) speed= 5.57m/s road1251 s=  69.8 on_road=True
t= 227.1s (  915.85, -322.50) speed= 4.94m/s road1251 s=  74.5 on_road=True
t= 228.1s (  920.32, -319.12) speed= 5.51m/s road1251 s=  80.1 on_road=True
t= 229.1s (  924.06, -316.30) speed= 5.01m/s road1251 s=  84.7 on_road=True
t= 230.1s (  928.53, -312.92) speed= 5.25m/s road1251 s=  90.3 on_road=True
t= 231.1s (  932.22, -310.14) speed= 5.12m/s road1251 s=  95.0 on_road=True
t= 232.1s (  936.68, -306.77) speed= 5.16m/s road1251 s= 100.6 on_road=True
t= 233.1s (  940.37, -303.98) speed= 5.28m/s road1251 s= 105.2 on_road=True
t= 234.1s (  944.87, -300.58) speed= 5.27m/s road1251 s= 110.9 on_road=True
t= 235.1s (  948.56, -297.79) speed= 5.13m/s road1251 s= 115.5 on_road=True
t= 236.1s (  953.04, -294.40) speed= 5.13m/s road1251 s= 121.1 on_road=True
t= 237.1s (  956.77, -291.58) speed= 5.31m/s road1251 s= 125.8 on_road=True
[감속] t=237.85s road1251 20->8.9km/h speed=22.6km/h
t= 238.1s (  961.24, -288.19) speed= 5.61m/s road1251 s= 131.4 on_road=True
t= 239.1s (  963.89, -286.17) speed= 2.39m/s road1251 s= 134.7 on_road=True
[전이] t= 239.80s road1949 커넥터 speed= 2.29m/s limit=30km/h
[전이] t= 240.05s road1251 일반 speed= 2.39m/s limit=30km/h
t= 240.1s (  965.60, -284.56) speed= 2.39m/s road1251 s= 137.1 on_road=True
[전이] t= 240.20s road1948 커넥터 speed= 2.32m/s limit=30km/h
t= 241.1s (  967.02, -282.70) speed= 2.35m/s road1948 s=   2.2 on_road=True
t= 242.1s (  968.36, -280.80) speed= 2.35m/s road1948 s=   5.7 on_road=True
[전이] t= 242.50s road1947 커넥터 speed= 2.35m/s limit=30km/h
[전이] t= 242.55s road1391 일반 speed= 2.32m/s limit=30km/h
[겨냥] t=242.55s road1391 base_min_distance 3->1m
t= 243.1s (  969.83, -278.95) speed= 2.33m/s road1391 s=   1.0 on_road=True
t= 244.1s (  971.36, -277.17) speed= 2.34m/s road1391 s=   2.9 on_road=True
t= 245.1s (  973.08, -275.58) speed= 2.35m/s road1391 s=   5.0 on_road=True
t= 246.1s (  974.89, -274.08) speed= 2.35m/s road1391 s=   7.4 on_road=True
t= 247.1s (  976.76, -272.67) speed= 2.35m/s road1391 s=   9.8 on_road=True
t= 248.1s (  978.67, -271.30) speed= 2.34m/s road1391 s=  12.0 on_road=True
t= 249.1s (  980.65, -270.05) speed= 2.34m/s road1391 s=  14.2 on_road=True
t= 250.1s (  982.83, -269.34) speed= 2.35m/s road1391 s=  16.3 on_road=True
t= 251.1s (  985.16, -269.16) speed= 2.34m/s road1391 s=  17.9 on_road=True
[전이] t= 251.10s road1953 커넥터 speed= 2.34m/s limit=30km/h
[복귀] t=251.10s road1953 8.9->20km/h speed=8.4km/h
[겨냥] t=251.10s road1953 base_min_distance 1->3m
[전이] t= 251.50s road1952 커넥터 speed= 2.97m/s limit=30km/h
t= 252.1s (  988.16, -268.46) speed= 4.15m/s road1952 s=   3.4 on_road=True
[전이] t= 252.80s road1248 일반 speed= 5.48m/s limit=30km/h
[전이] t= 252.85s road1951 커넥터 speed= 5.41m/s limit=30km/h
[전이] t= 253.00s road1248 일반 speed= 5.28m/s limit=30km/h
t= 253.1s (  992.65, -266.30) speed= 5.22m/s road1248 s=   1.5 on_road=True
t= 254.1s (  997.43, -263.38) speed= 4.74m/s road1248 s=   7.1 on_road=True
t= 255.1s ( 1001.29, -260.82) speed= 5.21m/s road1248 s=  11.7 on_road=True
t= 256.1s ( 1005.84, -257.70) speed= 4.48m/s road1248 s=  17.2 on_road=True
t= 257.1s ( 1009.65, -255.05) speed= 5.20m/s road1248 s=  21.9 on_road=True
t= 258.1s ( 1014.11, -251.92) speed= 4.24m/s road1248 s=  27.3 on_road=True
t= 259.1s ( 1018.02, -249.28) speed= 5.26m/s road1248 s=  32.0 on_road=True
t= 260.1s ( 1022.65, -246.47) speed= 4.11m/s road1248 s=  37.2 on_road=True
t= 261.1s ( 1026.76, -244.10) speed= 5.20m/s road1248 s=  42.0 on_road=True
t= 262.1s ( 1031.44, -241.48) speed= 4.09m/s road1248 s=  47.3 on_road=True
t= 263.1s ( 1035.68, -239.14) speed= 5.28m/s road1248 s=  52.2 on_road=True
t= 264.1s ( 1040.32, -236.58) speed= 4.10m/s road1248 s=  57.5 on_road=True
t= 265.1s ( 1044.64, -234.26) speed= 5.43m/s road1248 s=  62.4 on_road=True
t= 266.1s ( 1049.47, -232.20) speed= 4.14m/s road1248 s=  67.6 on_road=True
t= 267.1s ( 1054.17, -230.73) speed= 5.96m/s road1248 s=  72.2 on_road=True
t= 268.1s ( 1059.13, -229.39) speed= 4.30m/s road1248 s=  77.4 on_road=True
[전이] t= 268.55s road1897 커넥터 speed= 5.26m/s limit=30km/h
[전이] t= 268.60s road1248 일반 speed= 5.38m/s limit=30km/h
[전이] t= 268.65s road1896 커넥터 speed= 5.29m/s limit=30km/h
t= 269.1s ( 1064.12, -228.10) speed= 6.23m/s road1896 s=   2.3 on_road=True
t= 270.1s ( 1069.05, -226.88) speed= 4.37m/s road1896 s=   7.4 on_road=True
t= 271.1s ( 1074.02, -225.68) speed= 5.29m/s road1896 s=  12.5 on_road=True
[전이] t= 271.60s road1151 일반 speed= 5.26m/s limit=30km/h
t= 272.1s ( 1079.19, -224.46) speed= 4.08m/s road1151 s=   2.3 on_road=True
t= 273.1s ( 1083.92, -223.35) speed= 5.56m/s road1151 s=   7.1 on_road=True
t= 274.1s ( 1089.00, -222.16) speed= 4.15m/s road1151 s=  12.3 on_road=True
t= 275.1s ( 1093.85, -221.02) speed= 5.24m/s road1151 s=  17.3 on_road=True
[계획 소진] t=275.60s 완주 전에 계획 웨이포인트가 모두 소진됨(이후 제동, 정체 조건으로 판정)
완주: t=276.0s 종점까지 0.95m

=== 요약 ===
route: back (종점 road1151 s=23.1)
결과: 완주
주행 시간(시뮬): 276.0s
계획 이탈 기록: t=31.50s road1970 는 계획의 현재/다음 road 가 아님(비치명, 계속 주행)

=== 계획 vs 실제 road 시퀀스 ===
 0 계획 1278  실제 1278 
 1 계획 1969  실제 1970   <-- 불일치
 2 계획 1393  실제 1278   <-- 불일치
 3 계획 1972  실제 1969   <-- 불일치
 4 계획 1392  실제 1393   <-- 불일치
 5 계획 1484  실제 1972   <-- 불일치
 6 계획 1202  실제 1971   <-- 불일치
 7 계획 1466  실제 1392   <-- 불일치
 8 계획 1271  실제 1487   <-- 불일치
 9 계획 1734  실제 1392   <-- 불일치
10 계획 1270  실제 1484   <-- 불일치
11 계획 1464  실제 1202   <-- 불일치
12 계획 1269  실제 1483   <-- 불일치
13 계획 1601  실제 1202   <-- 불일치
14 계획 1268  실제 1467   <-- 불일치
15 계획 1457  실제 1472   <-- 불일치
16 계획 1250  실제 1469   <-- 불일치
17 계획 1828  실제 1466   <-- 불일치
18 계획 1249  실제 1470   <-- 불일치
19 계획 1619  실제 1271   <-- 불일치
20 계획 1254  실제 1736   <-- 불일치
21 계획 1609  실제 1271   <-- 불일치
22 계획 1253  실제 1735   <-- 불일치
23 계획 1822  실제 1734   <-- 불일치
24 계획 1252  실제 1270   <-- 불일치
25 계획 1860  실제 1464   <-- 불일치
26 계획 1251  실제 1460   <-- 불일치
27 계획 1948  실제 1462   <-- 불일치
28 계획 1391  실제 1464   <-- 불일치
29 계획 1952  실제 1269   <-- 불일치
30 계획 1248  실제 1601   <-- 불일치
31 계획 1896  실제 1268   <-- 불일치
32 계획 1151  실제 1456   <-- 불일치
33 계획 -     실제 1457   <-- 불일치
34 계획 -     실제 1456   <-- 불일치
35 계획 -     실제 1457   <-- 불일치
36 계획 -     실제 1452   <-- 불일치
37 계획 -     실제 1457   <-- 불일치
38 계획 -     실제 1455   <-- 불일치
39 계획 -     실제 1457   <-- 불일치
40 계획 -     실제 1454   <-- 불일치
41 계획 -     실제 1250   <-- 불일치
42 계획 -     실제 1453   <-- 불일치
43 계획 -     실제 1250   <-- 불일치
44 계획 -     실제 1828   <-- 불일치
45 계획 -     실제 1827   <-- 불일치
46 계획 -     실제 1828   <-- 불일치
47 계획 -     실제 1825   <-- 불일치
48 계획 -     실제 1249   <-- 불일치
49 계획 -     실제 1619   <-- 불일치
50 계획 -     실제 1614   <-- 불일치
51 계획 -     실제 1254   <-- 불일치
52 계획 -     실제 1618   <-- 불일치
53 계획 -     실제 1254   <-- 불일치
54 계획 -     실제 1611   <-- 불일치
55 계획 -     실제 1254   <-- 불일치
56 계획 -     실제 1609   <-- 불일치
57 계획 -     실제 1605   <-- 불일치
58 계획 -     실제 1253   <-- 불일치
59 계획 -     실제 1821   <-- 불일치
60 계획 -     실제 1822   <-- 불일치
61 계획 -     실제 1819   <-- 불일치
62 계획 -     실제 1816   <-- 불일치
63 계획 -     실제 1822   <-- 불일치
64 계획 -     실제 1817   <-- 불일치
65 계획 -     실제 1252   <-- 불일치
66 계획 -     실제 1861   <-- 불일치
67 계획 -     실제 1860   <-- 불일치
68 계획 -     실제 1849   <-- 불일치
69 계획 -     실제 1860   <-- 불일치
70 계획 -     실제 1854   <-- 불일치
71 계획 -     실제 1860   <-- 불일치
72 계획 -     실제 1251   <-- 불일치
73 계획 -     실제 1949   <-- 불일치
74 계획 -     실제 1251   <-- 불일치
75 계획 -     실제 1948   <-- 불일치
76 계획 -     실제 1947   <-- 불일치
77 계획 -     실제 1391   <-- 불일치
78 계획 -     실제 1953   <-- 불일치
79 계획 -     실제 1952   <-- 불일치
80 계획 -     실제 1248   <-- 불일치
81 계획 -     실제 1951   <-- 불일치
82 계획 -     실제 1248   <-- 불일치
83 계획 -     실제 1897   <-- 불일치
84 계획 -     실제 1248   <-- 불일치
85 계획 -     실제 1896   <-- 불일치
86 계획 -     실제 1151   <-- 불일치
첫 불일치 위치: 1번째 (계획 1969 / 실제 1970)
junction 통과(커넥터 road 를 실제로 밟았는지):
junction1   (r1969): 통과
junction109 (r1972): 통과
junction43  (r1484): 통과
junction11  (r1466): 통과
junction61  (r1734): 통과
junction85  (r1464): 통과
junction37  (r1601): 통과
junction107 (r1457): 통과
junction78  (r1828): 통과
junction41  (r1619): 통과
junction39  (r1609): 통과
junction86  (r1822): 통과
junction83  (r1860): 통과
junction108 (r1948): 통과
junction106 (r1952): 통과
junction3   (r1896): 통과
junction2(출발 전), junction35(종점 밖)는 통과 대상 아님

=== 급회전 커넥터 이탈량 (정의: sharp_offset docstring) ===
r1484 (+78.4°): tick 38, 최대|lat| 1.68m, 최대 차체초과 +1.00m(안쪽, s=10.2), on_road False 10tick, 충돌 0건
r1466 (-68.1°): tick 54, 최대|lat| 1.45m, 최대 차체초과 +0.69m(안쪽, s=7.5), on_road False 0tick, 충돌 0건
r1484 진입: t=51.25s speed=5.05m/s(18.2km/h)
r1466 진입: t=78.50s speed=5.21m/s(18.8km/h)

=== 차체 판정 road 별 (tick 수, 최대 차선밖 꼭짓점) ===
road1278: 인도 23tick, 차선밖꼭짓점 최대 1/4 (1개 이상 24tick), 반대차선(중심) 0tick, (계획 차선 안 0tick), 꼭짓점 침범깊이 최대 0.19m, 메시밖 0tick
road1393: 인도 2tick, 차선밖꼭짓점 최대 1/4 (1개 이상 2tick), 반대차선(중심) 0tick, (계획 차선 안 0tick), 꼭짓점 침범깊이 최대 0.00m, 메시밖 0tick
road1972: 인도 4tick, 차선밖꼭짓점 최대 1/4 (1개 이상 4tick), 반대차선(중심) 0tick, (계획 차선 안 0tick), 꼭짓점 침범깊이 최대 0.00m, 메시밖 0tick
road1392: 인도 1tick, 차선밖꼭짓점 최대 1/4 (1개 이상 1tick), 반대차선(중심) 0tick, (계획 차선 안 0tick), 꼭짓점 침범깊이 최대 0.00m, 메시밖 0tick
road1487: 인도 1tick, 차선밖꼭짓점 최대 1/4 (1개 이상 1tick), 반대차선(중심) 0tick, (계획 차선 안 0tick), 꼭짓점 침범깊이 최대 0.00m, 메시밖 0tick
road1484: 인도 39tick, 차선밖꼭짓점 최대 2/4 (1개 이상 39tick), 반대차선(중심) 0tick, (계획 차선 안 0tick), 꼭짓점 침범깊이 최대 0.00m, 메시밖 0tick
road1202: 인도 14tick, 차선밖꼭짓점 최대 1/4 (1개 이상 14tick), 반대차선(중심) 0tick, (계획 차선 안 0tick), 꼭짓점 침범깊이 최대 0.00m, 메시밖 0tick
road1483: 인도 4tick, 차선밖꼭짓점 최대 1/4 (1개 이상 4tick), 반대차선(중심) 0tick, (계획 차선 안 0tick), 꼭짓점 침범깊이 최대 0.00m, 메시밖 0tick
road1467: 인도 0tick, 차선밖꼭짓점 최대 0/4 (1개 이상 0tick), 반대차선(중심) 0tick, (계획 차선 안 0tick), 꼭짓점 침범깊이 최대 1.91m, 메시밖 0tick
road1472: 인도 0tick, 차선밖꼭짓점 최대 0/4 (1개 이상 0tick), 반대차선(중심) 15tick, (계획 차선 안 15tick), 꼭짓점 침범깊이 최대 2.86m, 메시밖 0tick
road1469: 인도 0tick, 차선밖꼭짓점 최대 0/4 (1개 이상 0tick), 반대차선(중심) 3tick, (계획 차선 안 3tick), 꼭짓점 침범깊이 최대 2.55m, 메시밖 0tick
road1466: 인도 0tick, 차선밖꼭짓점 최대 0/4 (1개 이상 0tick), 반대차선(중심) 0tick, (계획 차선 안 0tick), 꼭짓점 침범깊이 최대 2.32m, 메시밖 0tick
road1470: 인도 0tick, 차선밖꼭짓점 최대 0/4 (1개 이상 0tick), 반대차선(중심) 0tick, (계획 차선 안 0tick), 꼭짓점 침범깊이 최대 0.92m, 메시밖 0tick
road1464: 인도 0tick, 차선밖꼭짓점 최대 0/4 (1개 이상 0tick), 반대차선(중심) 0tick, (계획 차선 안 0tick), 꼭짓점 침범깊이 최대 2.01m, 메시밖 0tick
road1460: 인도 0tick, 차선밖꼭짓점 최대 0/4 (1개 이상 0tick), 반대차선(중심) 0tick, (계획 차선 안 0tick), 꼭짓점 침범깊이 최대 0.91m, 메시밖 0tick
road1462: 인도 0tick, 차선밖꼭짓점 최대 0/4 (1개 이상 0tick), 반대차선(중심) 0tick, (계획 차선 안 0tick), 꼭짓점 침범깊이 최대 1.02m, 메시밖 0tick
road1269: 인도 0tick, 차선밖꼭짓점 최대 0/4 (1개 이상 0tick), 반대차선(중심) 0tick, (계획 차선 안 0tick), 꼭짓점 침범깊이 최대 2.56m, 메시밖 0tick
road1601: 인도 0tick, 차선밖꼭짓점 최대 0/4 (1개 이상 0tick), 반대차선(중심) 0tick, (계획 차선 안 0tick), 꼭짓점 침범깊이 최대 1.92m, 메시밖 0tick
road1268: 인도 0tick, 차선밖꼭짓점 최대 0/4 (1개 이상 0tick), 반대차선(중심) 0tick, (계획 차선 안 0tick), 꼭짓점 침범깊이 최대 1.71m, 메시밖 0tick
road1456: 인도 0tick, 차선밖꼭짓점 최대 0/4 (1개 이상 0tick), 반대차선(중심) 0tick, (계획 차선 안 0tick), 꼭짓점 침범깊이 최대 1.72m, 메시밖 0tick
road1457: 인도 0tick, 차선밖꼭짓점 최대 0/4 (1개 이상 0tick), 반대차선(중심) 0tick, (계획 차선 안 0tick), 꼭짓점 침범깊이 최대 2.09m, 메시밖 0tick
road1452: 인도 0tick, 차선밖꼭짓점 최대 0/4 (1개 이상 0tick), 반대차선(중심) 0tick, (계획 차선 안 0tick), 꼭짓점 침범깊이 최대 1.98m, 메시밖 0tick
road1455: 인도 0tick, 차선밖꼭짓점 최대 0/4 (1개 이상 0tick), 반대차선(중심) 0tick, (계획 차선 안 0tick), 꼭짓점 침범깊이 최대 1.97m, 메시밖 0tick
road1454: 인도 0tick, 차선밖꼭짓점 최대 0/4 (1개 이상 0tick), 반대차선(중심) 0tick, (계획 차선 안 0tick), 꼭짓점 침범깊이 최대 2.24m, 메시밖 0tick
road1250: 인도 0tick, 차선밖꼭짓점 최대 0/4 (1개 이상 0tick), 반대차선(중심) 0tick, (계획 차선 안 0tick), 꼭짓점 침범깊이 최대 2.56m, 메시밖 0tick
road1453: 인도 0tick, 차선밖꼭짓점 최대 0/4 (1개 이상 0tick), 반대차선(중심) 0tick, (계획 차선 안 0tick), 꼭짓점 침범깊이 최대 2.25m, 메시밖 0tick
road1828: 인도 0tick, 차선밖꼭짓점 최대 0/4 (1개 이상 0tick), 반대차선(중심) 0tick, (계획 차선 안 0tick), 꼭짓점 침범깊이 최대 1.13m, 메시밖 0tick
road1822: 인도 0tick, 차선밖꼭짓점 최대 0/4 (1개 이상 0tick), 반대차선(중심) 0tick, (계획 차선 안 0tick), 꼭짓점 침범깊이 최대 1.66m, 메시밖 0tick
road1819: 인도 0tick, 차선밖꼭짓점 최대 0/4 (1개 이상 0tick), 반대차선(중심) 0tick, (계획 차선 안 0tick), 꼭짓점 침범깊이 최대 1.13m, 메시밖 0tick
road1816: 인도 0tick, 차선밖꼭짓점 최대 0/4 (1개 이상 0tick), 반대차선(중심) 0tick, (계획 차선 안 0tick), 꼭짓점 침범깊이 최대 1.23m, 메시밖 0tick
road1860: 인도 0tick, 차선밖꼭짓점 최대 0/4 (1개 이상 0tick), 반대차선(중심) 0tick, (계획 차선 안 0tick), 꼭짓점 침범깊이 최대 1.75m, 메시밖 0tick
road1849: 인도 0tick, 차선밖꼭짓점 최대 0/4 (1개 이상 0tick), 반대차선(중심) 0tick, (계획 차선 안 0tick), 꼭짓점 침범깊이 최대 1.64m, 메시밖 0tick
road1854: 인도 0tick, 차선밖꼭짓점 최대 0/4 (1개 이상 0tick), 반대차선(중심) 0tick, (계획 차선 안 0tick), 꼭짓점 침범깊이 최대 1.34m, 메시밖 0tick
road1948: 인도 14tick, 차선밖꼭짓점 최대 1/4 (1개 이상 15tick), 반대차선(중심) 0tick, (계획 차선 안 0tick), 꼭짓점 침범깊이 최대 0.00m, 메시밖 0tick
road1952: 인도 3tick, 차선밖꼭짓점 최대 1/4 (1개 이상 3tick), 반대차선(중심) 0tick, (계획 차선 안 0tick), 꼭짓점 침범깊이 최대 0.00m, 메시밖 0tick
road1248: 인도 4tick, 차선밖꼭짓점 최대 1/4 (1개 이상 4tick), 반대차선(중심) 0tick, (계획 차선 안 0tick), 꼭짓점 침범깊이 최대 0.00m, 메시밖 0tick
road1951: 인도 3tick, 차선밖꼭짓점 최대 1/4 (1개 이상 3tick), 반대차선(중심) 0tick, (계획 차선 안 0tick), 꼭짓점 침범깊이 최대 0.00m, 메시밖 0tick
road1896: 인도 0tick, 차선밖꼭짓점 최대 0/4 (1개 이상 0tick), 반대차선(중심) 0tick, (계획 차선 안 0tick), 꼭짓점 침범깊이 최대 2.02m, 메시밖 0tick
(목록에 없는 road 는 전부 0)

=== 차선 이탈 구간 (차체 기준, 계획 중심선 기준, 세션19) ===
t=19.90~20.95s road1278 -중앙선 쪽 최대 lat -0.96m 차체초과 0.18m 중심초과 0.00m 22tick, 진입 16.2km/h, road 평균R 173.65 R2min 10.28
t=39.50~39.75s road1972 +인도 쪽 최대 lat +0.95m 차체초과 0.17m 중심초과 0.00m 6tick, 진입 15.2km/h, road 평균R inf R2min inf
t=51.30~53.65s road1484 +인도 쪽 최대 lat +1.78m 차체초과 1.00m 중심초과 0.10m 48tick, 진입 18.1km/h, road 평균R 10.12 R2min 7.40
t=76.55~79.15s road1466 -중앙선 쪽 최대 lat -1.45m 차체초과 0.67m 중심초과 0.00m 53tick, 진입 18.9km/h, road 평균R 11.90 R2min 6.48
t=240.95~241.70s road1948 +인도 쪽 최대 lat +0.92m 차체초과 0.14m 중심초과 0.00m 16tick, 진입 8.6km/h, road 평균R 10.95 R2min 5.25
t=252.25~252.85s road1952 +인도 쪽 최대 lat +0.92m 차체초과 0.14m 중심초과 0.00m 13tick, 진입 16.3km/h, road 평균R 9.30 R2min 8.43
합계 6구간 (중앙선 쪽 2, 인도 쪽 4), 최대 차체초과 1.00m
충돌 누적 0건
판정: record
follow=on
궤적 로그: /home/gyumin/campus_mobility_sim/map/docs/logs/drive_log_20261008_232341.csv
충돌 센서(actor_id=26) 제거함
정상 종료 - 차량(actor_id=25) 브레이크 유지로 남겨둠
[동기모드] 복귀: synchronous_mode=False fixed_delta_seconds=None
