map_sha256=5240ca8b883e42c0 (cbnu_internal_only_localtm_tags81_B_smooth_turnfix.xodr)
  노선 전용 계획점 간격 {1391: 1.0}, 4 노선 경로와 교집합 []
  노선 전용 겨냥 거리 {1391: 1.0}, 4 노선 경로와 교집합 []
  목표점 계측 road [1391, 1948, 1952]
  노선 전용 감속 {1391: 8.9}, 4 노선 경로와 교집합 []
route=back: 33 road [1278, 1969, 1393, 1972, 1392, 1484, 1202, 1466, 1271, 1734, 1270, 1464, 1269, 1601, 1268, 1457, 1250, 1828, 1249, 1619, 1254, 1609, 1253, 1822, 1252, 1860, 1251, 1948, 1391, 1952, 1248, 1896, 1151]
  종점 road1151 lane-1 s=23.1 (완주 s>=22.1 이고 종점 5m 이내) - 후문B 추정 게이트(392632034 위, 36.624844, 127.462860 최근접 1.65m)
  커넥터 {1969: 1, 1972: 109, 1484: 43, 1466: 11, 1734: 61, 1464: 85, 1601: 37, 1457: 107, 1828: 78, 1619: 41, 1609: 39, 1822: 86, 1860: 83, 1948: 108, 1952: 106, 1896: 3}, 급회전 {1484: 78.4, 1466: -68.1}
controller=agent, 동기모드=켬 0.05s
conn_spacing=4.0m(전 구간), sharp_speed=없음
follow=on(뒤 8m, 위 4m, 매 tick)
맵: Carla/Maps/OpenDriveMap, spawn point 1302개
server_map_sha256=5240ca8b883e42c0 (파일과 일치)
기존 차량 액터 제거: [27]
spawn: Location(x=217.845581, y=-1087.414185, z=0.500000) road1278 lane-1 s=0.00
계획 CSV: /home/gyumin/campus_mobility_sim/map/docs/logs/drive_plan_20261008_232538.csv
계획 웨이포인트 총 369개
road   kind  n  s범위          최대간격(m)
1278   road  39 1.96~151.01  4.38
1969   conn  2  1.07~3.22  2.93
1393   road  10 1.85~35.20  4.0
1972   conn  1  1.48~1.48  2.07
1392   road  15 1.87~54.20  4.13
1484   conn  4  1.74~12.17  3.33
1202   road  30 1.98~117.07  3.97
1466   conn  4  1.78~12.46  4.3
1271   road  38 1.97~147.53  4.09
1734   conn  4  1.89~13.23  3.86
1270   road  13 1.95~48.68  4.06
1464   conn  5  1.74~15.69  3.7
1269   road  9  1.91~32.45  3.82
1601   conn  4  1.93~13.48  3.85
1268   road  33 1.98~128.54  3.96
1457   conn  4  2.00~13.98  3.98
1250   road  14 1.87~50.58  3.87
1828   conn  4  1.91~13.39  3.83
1249   road  7  1.76~22.93  3.68
1619   conn  4  1.94~13.59  3.92
1254   road  5  1.92~17.27  3.86
1609   conn  4  1.94~13.56  3.95
1253   road  10 1.96~37.24  4.03
1822   conn  4  1.73~12.10  3.7
1252   road  8  1.75~26.28  3.53
1860   conn  7  1.84~23.88  3.67
1251   road  35 1.96~135.39  3.93
1948   conn  2  1.71~5.13  3.59
1391   road  16 1.79~16.79  4.04
1952   conn  3  1.39~6.94  2.98
1248   road  21 1.91~78.37  4.19
1896   conn  4  1.94~13.57  3.9
1151   road  6  1.93~21.18  3.86
커넥터 안쪽 점: 60개 / 점 없는 커넥터: 없음
전체 최대 간격 4.38m, 평균 3.71m
인접 road 연결 확인: 32쌍 모두 next() 로 이어짐
판정: record(세션19, 종료/기록 분리)
궤적 로그(tick마다 기록): /home/gyumin/campus_mobility_sim/map/docs/logs/drive_log_20261008_232538.csv
목표점 로그: /home/gyumin/campus_mobility_sim/map/docs/logs/target_log_20261008_232538.csv
차량 스폰: actor_id=29
bounding box: half_length=1.853m half_width=0.894m half_height=0.775m -> /home/gyumin/campus_mobility_sim/map/docs/logs/vehicle_bbox_20261008_232538.txt
충돌 센서 부착: actor_id=30 -> /home/gyumin/campus_mobility_sim/map/docs/logs/collision_events_20261008_232538.csv
BasicAgent set_global_plan 369점, target_speed=20.0km/h, dt=0.05
[동기모드] 전환 전: synchronous_mode=False fixed_delta_seconds=None
[동기모드] 전환 후: synchronous_mode=True fixed_delta_seconds=0.05
[전이] t=   0.05s road1278 일반 speed= 0.04m/s limit=30km/h
t=   0.1s (  217.85,-1087.41) speed= 0.04m/s road1278 s=   0.0 on_road=True
t=   1.1s (  217.86,-1087.09) speed= 1.60m/s road1278 s=   0.3 on_road=True
t=   2.1s (  218.00,-1084.34) speed= 3.86m/s road1278 s=   3.1 on_road=True
t=   3.1s (  218.23,-1079.50) speed= 5.35m/s road1278 s=   7.9 on_road=True
t=   4.1s (  218.50,-1073.95) speed= 4.43m/s road1278 s=  13.5 on_road=True
t=   5.1s (  218.73,-1069.29) speed= 5.31m/s road1278 s=  18.1 on_road=True
t=   6.1s (  218.99,-1063.83) speed= 4.26m/s road1278 s=  23.6 on_road=True
t=   7.1s (  219.22,-1059.10) speed= 5.39m/s road1278 s=  28.3 on_road=True
t=   8.1s (  219.49,-1053.57) speed= 5.02m/s road1278 s=  33.9 on_road=True
t=   9.1s (  219.72,-1048.85) speed= 5.41m/s road1278 s=  38.6 on_road=True
[tick 대조] fixed_delta=0.05 delta_seconds=0.0500 시뮬경과/프레임=0.0500s 벽시계 138.3 tick/s (프레임 200)
t=  10.1s (  220.01,-1043.24) speed= 5.23m/s road1278 s=  44.2 on_road=True
t=  11.1s (  220.29,-1038.62) speed= 5.14m/s road1278 s=  48.9 on_road=True
t=  12.1s (  220.71,-1033.07) speed= 5.09m/s road1278 s=  54.4 on_road=True
t=  13.1s (  221.11,-1028.50) speed= 5.26m/s road1278 s=  59.0 on_road=True
t=  14.1s (  221.67,-1022.96) speed= 5.04m/s road1278 s=  64.5 on_road=True
t=  15.1s (  222.16,-1018.37) speed= 5.36m/s road1278 s=  69.1 on_road=True
t=  16.1s (  222.86,-1012.81) speed= 5.05m/s road1278 s=  74.7 on_road=True
t=  17.1s (  223.87,-1008.29) speed= 5.19m/s road1278 s=  79.2 on_road=True
t=  18.1s (  225.62,-1003.02) speed= 5.01m/s road1278 s=  84.5 on_road=True
t=  19.1s (  227.34, -998.77) speed= 5.29m/s road1278 s=  89.1 on_road=True
t=  20.1s (  230.12, -994.05) speed= 4.91m/s road1278 s=  94.5 on_road=True
t=  21.1s (  233.19, -990.55) speed= 5.25m/s road1278 s=  98.8 on_road=True
t=  22.1s (  237.27, -986.80) speed= 4.40m/s road1278 s= 104.4 on_road=True
t=  23.1s (  240.81, -983.79) speed= 5.21m/s road1278 s= 109.0 on_road=True
t=  24.1s (  245.03, -980.32) speed= 4.21m/s road1278 s= 114.5 on_road=True
t=  25.1s (  248.71, -977.35) speed= 5.30m/s road1278 s= 119.2 on_road=True
t=  26.1s (  252.93, -973.96) speed= 4.13m/s road1278 s= 124.6 on_road=True
t=  27.1s (  256.67, -970.98) speed= 5.29m/s road1278 s= 129.4 on_road=True
t=  28.1s (  260.91, -967.65) speed= 4.11m/s road1278 s= 134.7 on_road=True
t=  29.1s (  264.73, -964.68) speed= 5.34m/s road1278 s= 139.6 on_road=True
t=  30.1s (  268.97, -961.44) speed= 4.05m/s road1278 s= 144.9 on_road=True
t=  31.1s (  272.83, -958.47) speed= 5.41m/s road1278 s= 149.8 on_road=True
[전이] t=  31.50s road1970 커넥터 speed= 5.82m/s limit=30km/h
[계획 이탈] t=31.50s road1970 는 계획의 현재/다음 road 가 아님(비치명, 계속 주행)
[전이] t=  31.55s road1278 일반 speed= 5.70m/s limit=30km/h
[전이] t=  31.65s road1969 커넥터 speed= 5.33m/s limit=30km/h
t=  32.1s (  277.01, -955.04) speed= 4.28m/s road1969 s=   2.4 on_road=True
[전이] t=  32.55s road1393 일반 speed= 4.98m/s limit=30km/h
t=  33.1s (  280.80, -951.93) speed= 5.36m/s road1393 s=   2.9 on_road=True
t=  34.1s (  284.98, -948.64) speed= 4.17m/s road1393 s=   8.2 on_road=True
t=  35.1s (  289.10, -945.91) speed= 5.78m/s road1393 s=  12.9 on_road=True
t=  36.1s (  293.61, -943.18) speed= 4.16m/s road1393 s=  18.1 on_road=True
t=  37.1s (  297.93, -940.69) speed= 6.05m/s road1393 s=  23.1 on_road=True
t=  38.1s (  302.41, -938.15) speed= 4.21m/s road1393 s=  28.3 on_road=True
t=  39.1s (  306.62, -935.40) speed= 5.84m/s road1393 s=  33.3 on_road=True
[전이] t=  39.60s road1972 커넥터 speed= 5.16m/s limit=30km/h
t=  40.1s (  310.47, -932.15) speed= 4.03m/s road1972 s=   2.8 on_road=True
[전이] t=  40.15s road1971 커넥터 speed= 4.22m/s limit=30km/h
[전이] t=  40.40s road1392 일반 speed= 4.74m/s limit=30km/h
t=  41.1s (  314.34, -929.08) speed= 5.92m/s road1392 s=   3.9 on_road=True
t=  42.1s (  318.50, -925.94) speed= 4.12m/s road1392 s=   9.1 on_road=True
t=  43.1s (  322.48, -923.00) speed= 5.99m/s road1392 s=  14.1 on_road=True
t=  44.1s (  326.66, -919.94) speed= 4.25m/s road1392 s=  19.3 on_road=True
t=  45.1s (  330.77, -916.94) speed= 6.05m/s road1392 s=  24.4 on_road=True
t=  46.1s (  334.92, -913.92) speed= 4.37m/s road1392 s=  29.5 on_road=True
t=  47.1s (  339.12, -910.87) speed= 6.21m/s road1392 s=  34.7 on_road=True
t=  48.1s (  343.24, -907.88) speed= 4.49m/s road1392 s=  39.8 on_road=True
t=  49.1s (  347.58, -904.75) speed= 6.25m/s road1392 s=  45.1 on_road=True
t=  50.1s (  351.51, -901.89) speed= 4.52m/s road1392 s=  50.0 on_road=True
[전이] t=  51.00s road1487 커넥터 speed= 6.21m/s limit=30km/h
t=  51.1s (  355.56, -898.42) speed= 5.96m/s road1487 s=   0.0 on_road=True
[전이] t=  51.15s road1392 일반 speed= 5.58m/s limit=30km/h
[전이] t=  51.20s road1484 커넥터 speed= 5.48m/s limit=30km/h
t=  52.1s (  357.54, -894.20) speed= 4.66m/s road1484 s=   5.6 on_road=False
t=  53.1s (  357.17, -889.02) speed= 6.24m/s road1484 s=  13.2 on_road=True
[전이] t=  53.15s road1202 일반 speed= 6.29m/s limit=30km/h
[전이] t=  53.20s road1483 커넥터 speed= 6.28m/s limit=30km/h
[전이] t=  53.40s road1202 일반 speed= 5.48m/s limit=30km/h
t=  54.1s (  355.74, -884.17) speed= 4.25m/s road1202 s=   4.4 on_road=True
t=  55.1s (  353.90, -879.38) speed= 6.39m/s road1202 s=   9.5 on_road=True
t=  56.1s (  351.92, -874.73) speed= 4.31m/s road1202 s=  14.6 on_road=True
t=  57.1s (  349.83, -869.99) speed= 6.26m/s road1202 s=  19.8 on_road=True
t=  58.1s (  347.79, -865.47) speed= 4.40m/s road1202 s=  24.7 on_road=True
t=  59.1s (  345.61, -860.67) speed= 6.23m/s road1202 s=  30.0 on_road=True
--- 메모리 측정(주행중(차량1대+BasicAgent, 동기 20Hz)) ---
total        used        free      shared  buff/cache   available
Mem:            12Gi       7.8Gi       2.9Gi        92Mi       2.0Gi       4.5Gi
Swap:          8.0Gi       821Mi       7.2Gi
gtt_used: 1554989056 bytes (1.45GiB)
t=  60.1s (  343.57, -856.22) speed= 4.52m/s road1202 s=  34.9 on_road=True
t=  61.1s (  341.34, -851.35) speed= 6.18m/s road1202 s=  40.2 on_road=True
t=  62.1s (  339.28, -846.88) speed= 4.65m/s road1202 s=  45.2 on_road=True
t=  63.1s (  337.03, -841.98) speed= 6.30m/s road1202 s=  50.6 on_road=True
t=  64.1s (  334.98, -837.51) speed= 4.52m/s road1202 s=  55.5 on_road=True
t=  65.1s (  332.82, -832.81) speed= 5.40m/s road1202 s=  60.6 on_road=True
t=  66.1s (  330.61, -828.02) speed= 4.04m/s road1202 s=  65.9 on_road=True
t=  67.1s (  328.56, -823.57) speed= 5.31m/s road1202 s=  70.8 on_road=True
t=  68.1s (  326.25, -818.54) speed= 4.56m/s road1202 s=  76.4 on_road=True
t=  69.1s (  324.28, -814.27) speed= 5.36m/s road1202 s=  81.1 on_road=True
t=  70.1s (  321.97, -809.25) speed= 4.54m/s road1202 s=  86.6 on_road=True
t=  71.1s (  319.97, -804.89) speed= 5.31m/s road1202 s=  91.4 on_road=True
t=  72.1s (  317.65, -799.85) speed= 4.64m/s road1202 s=  96.9 on_road=True
t=  73.1s (  315.68, -795.57) speed= 5.35m/s road1202 s= 101.6 on_road=True
t=  74.1s (  313.39, -790.59) speed= 4.26m/s road1202 s= 107.1 on_road=True
t=  75.1s (  311.42, -786.30) speed= 5.35m/s road1202 s= 111.8 on_road=True
t=  76.1s (  309.45, -781.26) speed= 4.05m/s road1202 s= 117.2 on_road=True
[전이] t=  76.40s road1467 커넥터 speed= 4.44m/s limit=30km/h
t=  77.1s (  308.98, -776.62) speed= 5.37m/s road1467 s=   5.0 on_road=True
[전이] t=  77.15s road1472 커넥터 speed= 5.38m/s limit=30km/h
[전이] t=  77.85s road1469 커넥터 speed= 5.02m/s limit=30km/h
t=  78.1s (  310.34, -771.41) speed= 4.26m/s road1469 s=   6.0 on_road=True
[전이] t=  78.50s road1466 커넥터 speed= 4.75m/s limit=30km/h
[전이] t=  79.00s road1470 커넥터 speed= 5.27m/s limit=30km/h
t=  79.1s (  312.80, -767.33) speed= 5.19m/s road1470 s=   6.3 on_road=True
[전이] t=  79.50s road1271 일반 speed= 5.82m/s limit=30km/h
t=  80.1s (  316.14, -763.11) speed= 4.07m/s road1271 s=   3.5 on_road=True
t=  81.1s (  319.32, -759.49) speed= 5.20m/s road1271 s=   8.3 on_road=True
t=  82.1s (  322.91, -755.61) speed= 4.07m/s road1271 s=  13.6 on_road=True
t=  83.1s (  326.25, -752.06) speed= 5.48m/s road1271 s=  18.4 on_road=True
t=  84.1s (  329.88, -748.26) speed= 4.18m/s road1271 s=  23.7 on_road=True
t=  85.1s (  333.34, -744.64) speed= 5.96m/s road1271 s=  28.7 on_road=True
t=  86.1s (  336.91, -740.93) speed= 4.22m/s road1271 s=  33.9 on_road=True
t=  87.1s (  340.46, -737.30) speed= 6.21m/s road1271 s=  38.9 on_road=True
t=  88.1s (  344.07, -733.72) speed= 4.33m/s road1271 s=  44.0 on_road=True
t=  89.1s (  347.82, -730.15) speed= 6.26m/s road1271 s=  49.2 on_road=True
t=  90.1s (  351.45, -726.79) speed= 4.39m/s road1271 s=  54.0 on_road=True
t=  91.1s (  355.34, -723.25) speed= 6.22m/s road1271 s=  59.3 on_road=True
t=  92.1s (  358.97, -719.97) speed= 4.52m/s road1271 s=  64.2 on_road=True
t=  93.1s (  362.85, -716.48) speed= 6.03m/s road1271 s=  69.4 on_road=True
t=  94.1s (  366.68, -713.03) speed= 4.21m/s road1271 s=  74.6 on_road=True
t=  95.1s (  370.43, -709.66) speed= 5.59m/s road1271 s=  79.6 on_road=True
t=  96.1s (  374.32, -706.17) speed= 4.31m/s road1271 s=  84.8 on_road=True
t=  97.1s (  378.10, -702.78) speed= 5.40m/s road1271 s=  89.9 on_road=True
t=  98.1s (  382.04, -699.24) speed= 4.26m/s road1271 s=  95.2 on_road=True
t=  99.1s (  385.78, -695.89) speed= 5.42m/s road1271 s= 100.2 on_road=True
t= 100.1s (  389.72, -692.35) speed= 4.22m/s road1271 s= 105.5 on_road=True
t= 101.1s (  393.45, -689.00) speed= 5.75m/s road1271 s= 110.5 on_road=True
t= 102.1s (  397.31, -685.44) speed= 4.29m/s road1271 s= 115.8 on_road=True
t= 103.1s (  400.86, -681.75) speed= 6.27m/s road1271 s= 121.1 on_road=True
t= 104.1s (  404.28, -678.00) speed= 4.33m/s road1271 s= 126.2 on_road=True
t= 105.1s (  407.86, -674.25) speed= 6.29m/s road1271 s= 131.3 on_road=True
t= 106.1s (  411.32, -670.73) speed= 4.39m/s road1271 s= 136.2 on_road=True
t= 107.1s (  415.04, -666.99) speed= 6.27m/s road1271 s= 141.5 on_road=True
t= 108.1s (  418.52, -663.52) speed= 4.47m/s road1271 s= 146.4 on_road=True
[전이] t= 108.70s road1735 커넥터 speed= 5.35m/s limit=30km/h
[전이] t= 108.85s road1734 커넥터 speed= 5.27m/s limit=30km/h
t= 109.1s (  422.18, -659.87) speed= 5.80m/s road1734 s=   2.1 on_road=True
t= 110.1s (  425.82, -656.08) speed= 4.29m/s road1734 s=   7.3 on_road=True
t= 111.1s (  429.27, -652.27) speed= 6.42m/s road1734 s=  12.5 on_road=True
[전이] t= 111.50s road1270 일반 speed= 5.40m/s limit=30km/h
t= 112.1s (  432.74, -648.32) speed= 4.27m/s road1270 s=   2.8 on_road=True
t= 113.1s (  436.09, -644.44) speed= 6.22m/s road1270 s=   7.9 on_road=True
t= 114.1s (  439.40, -640.59) speed= 4.33m/s road1270 s=  13.0 on_road=True
t= 115.1s (  442.80, -636.67) speed= 6.27m/s road1270 s=  18.2 on_road=True
t= 116.1s (  446.26, -632.99) speed= 4.46m/s road1270 s=  23.1 on_road=True
t= 117.1s (  450.11, -629.35) speed= 6.26m/s road1270 s=  28.3 on_road=True
t= 118.1s (  453.88, -626.30) speed= 4.51m/s road1270 s=  33.1 on_road=True
t= 119.1s (  458.24, -623.18) speed= 6.09m/s road1270 s=  38.3 on_road=True
t= 120.1s (  462.19, -620.52) speed= 4.59m/s road1270 s=  43.1 on_road=True
t= 121.1s (  466.70, -617.57) speed= 5.97m/s road1270 s=  48.4 on_road=True
[전이] t= 121.50s road1464 커넥터 speed= 4.53m/s limit=30km/h
t= 122.1s (  470.65, -615.12) speed= 4.46m/s road1464 s=   2.5 on_road=True
[전이] t= 123.05s road1460 커넥터 speed= 6.04m/s limit=30km/h
t= 123.1s (  475.24, -612.49) speed= 6.04m/s road1460 s=   9.2 on_road=True
[전이] t= 123.10s road1462 커넥터 speed= 5.88m/s limit=30km/h
[전이] t= 123.20s road1464 커넥터 speed= 5.52m/s limit=30km/h
t= 124.1s (  479.49, -610.19) speed= 4.65m/s road1464 s=  12.5 on_road=True
[전이] t= 125.00s road1269 일반 speed= 5.90m/s limit=30km/h
t= 125.1s (  484.31, -607.71) speed= 5.78m/s road1269 s=   0.4 on_road=True
t= 126.1s (  488.62, -605.49) speed= 4.88m/s road1269 s=   5.3 on_road=True
t= 127.1s (  493.54, -602.95) speed= 5.45m/s road1269 s=  10.8 on_road=True
t= 128.1s (  497.68, -600.84) speed= 5.05m/s road1269 s=  15.5 on_road=True
t= 129.1s (  502.66, -598.29) speed= 5.22m/s road1269 s=  21.1 on_road=True
t= 130.1s (  506.76, -596.19) speed= 5.14m/s road1269 s=  25.7 on_road=True
t= 131.1s (  511.73, -593.65) speed= 5.05m/s road1269 s=  31.2 on_road=True
[전이] t= 131.80s road1601 커넥터 speed= 4.70m/s limit=30km/h
t= 132.1s (  515.81, -591.56) speed= 5.18m/s road1601 s=   1.5 on_road=True
t= 133.1s (  520.77, -589.02) speed= 5.02m/s road1601 s=   7.0 on_road=True
t= 134.1s (  524.90, -586.91) speed= 5.25m/s road1601 s=  11.7 on_road=True
[전이] t= 134.75s road1268 일반 speed= 5.70m/s limit=30km/h
t= 135.1s (  529.75, -584.43) speed= 5.10m/s road1268 s=   1.7 on_road=True
t= 136.1s (  533.98, -582.27) speed= 5.34m/s road1268 s=   6.5 on_road=True
t= 137.1s (  538.92, -579.75) speed= 4.55m/s road1268 s=  12.0 on_road=True
t= 138.1s (  543.10, -577.61) speed= 5.36m/s road1268 s=  16.7 on_road=True
t= 139.1s (  548.02, -575.09) speed= 4.54m/s road1268 s=  22.2 on_road=True
t= 140.1s (  552.29, -572.91) speed= 5.37m/s road1268 s=  27.0 on_road=True
t= 141.1s (  557.22, -570.38) speed= 4.49m/s road1268 s=  32.6 on_road=True
t= 142.1s (  561.49, -568.20) speed= 5.30m/s road1268 s=  37.4 on_road=True
t= 143.1s (  566.45, -565.66) speed= 5.03m/s road1268 s=  42.9 on_road=True
t= 144.1s (  570.61, -563.53) speed= 5.29m/s road1268 s=  47.6 on_road=True
t= 145.1s (  575.56, -561.00) speed= 4.71m/s road1268 s=  53.2 on_road=True
t= 146.1s (  579.78, -558.85) speed= 5.36m/s road1268 s=  57.9 on_road=True
t= 147.1s (  584.85, -556.25) speed= 4.30m/s road1268 s=  63.6 on_road=True
t= 148.1s (  589.01, -554.12) speed= 5.38m/s road1268 s=  68.3 on_road=True
t= 149.1s (  593.99, -551.58) speed= 5.10m/s road1268 s=  73.9 on_road=True
t= 150.1s (  598.18, -549.43) speed= 5.36m/s road1268 s=  78.6 on_road=True
t= 151.1s (  603.11, -546.91) speed= 4.61m/s road1268 s=  84.1 on_road=True
t= 152.1s (  607.31, -544.77) speed= 5.33m/s road1268 s=  88.8 on_road=True
t= 153.1s (  612.29, -542.22) speed= 5.03m/s road1268 s=  94.4 on_road=True
t= 154.1s (  616.48, -540.10) speed= 5.31m/s road1268 s=  99.1 on_road=True
t= 155.1s (  621.48, -537.50) speed= 5.04m/s road1268 s= 104.7 on_road=True
t= 156.1s (  625.53, -535.29) speed= 5.27m/s road1268 s= 109.5 on_road=True
t= 157.1s (  630.35, -532.58) speed= 4.87m/s road1268 s= 115.0 on_road=True
t= 158.1s (  634.38, -530.29) speed= 5.30m/s road1268 s= 119.6 on_road=True
t= 159.1s (  639.17, -527.54) speed= 4.56m/s road1268 s= 125.1 on_road=True
t= 160.1s (  643.24, -525.20) speed= 5.32m/s road1268 s= 129.8 on_road=True
[전이] t= 160.20s road1456 커넥터 speed= 5.27m/s limit=30km/h
[전이] t= 160.25s road1457 커넥터 speed= 5.71m/s limit=30km/h
[전이] t= 160.40s road1456 커넥터 speed= 6.27m/s limit=30km/h
[전이] t= 160.55s road1457 커넥터 speed= 5.89m/s limit=30km/h
t= 161.1s (  647.94, -522.40) speed= 4.75m/s road1457 s=   4.8 on_road=True
[전이] t= 161.45s road1452 커넥터 speed= 4.59m/s limit=30km/h
[전이] t= 161.50s road1457 커넥터 speed= 4.67m/s limit=30km/h
[전이] t= 162.05s road1455 커넥터 speed= 5.28m/s limit=30km/h
t= 162.1s (  651.97, -519.76) speed= 5.28m/s road1455 s=   0.8 on_road=True
[전이] t= 162.10s road1457 커넥터 speed= 5.23m/s limit=30km/h
[전이] t= 162.45s road1454 커넥터 speed= 5.83m/s limit=30km/h
t= 163.1s (  656.38, -516.73) speed= 4.27m/s road1454 s=   7.8 on_road=True
[전이] t= 163.25s road1250 일반 speed= 4.47m/s limit=30km/h
[전이] t= 163.35s road1453 커넥터 speed= 4.64m/s limit=30km/h
[전이] t= 163.40s road1250 일반 speed= 4.74m/s limit=30km/h
t= 164.1s (  660.41, -513.86) speed= 5.82m/s road1250 s=   4.1 on_road=True
t= 165.1s (  664.61, -510.84) speed= 4.24m/s road1250 s=   9.3 on_road=True
t= 166.1s (  668.73, -507.87) speed= 6.27m/s road1250 s=  14.4 on_road=True
t= 167.1s (  672.81, -504.91) speed= 4.30m/s road1250 s=  19.4 on_road=True
t= 168.1s (  677.00, -501.87) speed= 6.33m/s road1250 s=  24.6 on_road=True
t= 169.1s (  681.03, -498.95) speed= 4.42m/s road1250 s=  29.6 on_road=True
t= 170.1s (  685.31, -495.84) speed= 6.29m/s road1250 s=  34.8 on_road=True
t= 171.1s (  689.23, -492.99) speed= 4.49m/s road1250 s=  39.7 on_road=True
t= 172.1s (  693.56, -489.85) speed= 6.16m/s road1250 s=  45.0 on_road=True
t= 173.1s (  697.46, -487.02) speed= 4.62m/s road1250 s=  49.9 on_road=True
[전이] t= 173.60s road1828 커넥터 speed= 5.26m/s limit=30km/h
[전이] t= 173.65s road1827 커넥터 speed= 5.33m/s limit=30km/h
[전이] t= 173.85s road1828 커넥터 speed= 6.25m/s limit=30km/h
t= 174.1s (  701.86, -483.80) speed= 5.93m/s road1828 s=   2.9 on_road=True
t= 175.1s (  705.56, -481.13) speed= 4.36m/s road1828 s=   7.4 on_road=True
t= 176.1s (  709.80, -478.05) speed= 6.26m/s road1828 s=  12.7 on_road=True
[전이] t= 176.55s road1249 일반 speed= 5.01m/s limit=30km/h
t= 177.1s (  713.86, -475.11) speed= 4.43m/s road1249 s=   2.4 on_road=True
t= 178.1s (  718.14, -471.99) speed= 6.26m/s road1249 s=   7.7 on_road=True
t= 179.1s (  722.06, -469.11) speed= 4.52m/s road1249 s=  12.5 on_road=True
t= 180.1s (  726.37, -465.89) speed= 6.10m/s road1249 s=  17.9 on_road=True
t= 181.1s (  730.18, -463.03) speed= 4.60m/s road1249 s=  22.7 on_road=True
[전이] t= 181.45s road1619 커넥터 speed= 5.34m/s limit=30km/h
t= 182.1s (  734.52, -459.77) speed= 6.32m/s road1619 s=   3.5 on_road=True
t= 183.1s (  738.46, -456.88) speed= 4.49m/s road1619 s=   8.3 on_road=True
t= 184.1s (  742.80, -453.75) speed= 6.16m/s road1619 s=  13.6 on_road=True
[전이] t= 184.15s road1614 커넥터 speed= 5.81m/s limit=30km/h
[전이] t= 184.40s road1254 일반 speed= 5.02m/s limit=30km/h
t= 185.1s (  746.72, -450.95) speed= 4.62m/s road1254 s=   2.9 on_road=True
t= 186.1s (  751.13, -447.76) speed= 5.99m/s road1254 s=   8.4 on_road=True
t= 187.1s (  754.91, -444.94) speed= 4.69m/s road1254 s=  13.1 on_road=True
[전이] t= 188.00s road1611 커넥터 speed= 5.96m/s limit=30km/h
t= 188.1s (  759.22, -441.58) speed= 5.83m/s road1611 s=   0.3 on_road=True
[전이] t= 188.10s road1254 일반 speed= 5.58m/s limit=30km/h
[전이] t= 188.15s road1609 커넥터 speed= 5.46m/s limit=30km/h
t= 189.1s (  762.93, -438.69) speed= 4.84m/s road1609 s=   4.2 on_road=True
t= 190.1s (  767.35, -435.40) speed= 5.55m/s road1609 s=   9.7 on_road=True
[전이] t= 190.95s road1605 커넥터 speed= 4.71m/s limit=30km/h
t= 191.1s (  771.07, -432.68) speed= 4.92m/s road1605 s=  11.6 on_road=True
[전이] t= 191.30s road1253 일반 speed= 5.32m/s limit=30km/h
t= 192.1s (  775.59, -429.42) speed= 5.35m/s road1253 s=   4.3 on_road=True
t= 193.1s (  779.33, -426.74) speed= 5.01m/s road1253 s=   8.9 on_road=True
t= 194.1s (  783.92, -423.49) speed= 5.28m/s road1253 s=  14.5 on_road=True
t= 195.1s (  787.71, -420.94) speed= 5.05m/s road1253 s=  19.0 on_road=True
t= 196.1s (  792.27, -417.71) speed= 5.20m/s road1253 s=  24.6 on_road=True
t= 197.1s (  795.70, -414.53) speed= 5.20m/s road1253 s=  29.6 on_road=True
t= 198.1s (  799.39, -410.42) speed= 5.07m/s road1253 s=  35.5 on_road=True
[전이] t= 198.90s road1821 커넥터 speed= 5.08m/s limit=30km/h
t= 199.1s (  802.40, -406.89) speed= 5.12m/s road1821 s=   1.1 on_road=True
[전이] t= 199.10s road1822 커넥터 speed= 5.12m/s limit=30km/h
[전이] t= 200.05s road1819 커넥터 speed= 4.88m/s limit=30km/h
t= 200.1s (  806.22, -402.96) speed= 4.88m/s road1819 s=   6.0 on_road=True
[전이] t= 200.15s road1816 커넥터 speed= 4.32m/s limit=30km/h
[전이] t= 200.30s road1822 커넥터 speed= 4.22m/s limit=30km/h
t= 201.1s (  809.74, -399.83) speed= 5.25m/s road1822 s=  10.8 on_road=True
[전이] t= 201.50s road1817 커넥터 speed= 6.08m/s limit=30km/h
[전이] t= 201.70s road1252 일반 speed= 5.34m/s limit=30km/h
t= 202.1s (  814.04, -396.47) speed= 4.18m/s road1252 s=   2.4 on_road=True
t= 203.1s (  817.80, -393.66) speed= 5.29m/s road1252 s=   7.1 on_road=True
t= 204.1s (  822.18, -390.47) speed= 4.17m/s road1252 s=  12.5 on_road=True
t= 205.1s (  826.07, -387.67) speed= 5.26m/s road1252 s=  17.3 on_road=True
t= 206.1s (  830.44, -384.53) speed= 4.10m/s road1252 s=  22.6 on_road=True
t= 207.1s (  834.40, -381.70) speed= 5.32m/s road1252 s=  27.5 on_road=True
[전이] t= 207.15s road1861 커넥터 speed= 5.66m/s limit=30km/h
[전이] t= 207.20s road1860 커넥터 speed= 6.10m/s limit=30km/h
t= 208.1s (  838.77, -378.57) speed= 4.21m/s road1860 s=   4.8 on_road=True
t= 209.1s (  842.78, -375.69) speed= 5.45m/s road1860 s=   9.8 on_road=True
t= 210.1s (  847.05, -372.60) speed= 4.19m/s road1860 s=  15.1 on_road=True
t= 211.1s (  851.10, -369.66) speed= 5.82m/s road1860 s=  20.1 on_road=True
[전이] t= 212.00s road1850 커넥터 speed= 4.06m/s limit=30km/h
t= 212.1s (  855.53, -366.46) speed= 4.11m/s road1850 s=  22.1 on_road=True
[전이] t= 212.10s road1251 일반 speed= 4.18m/s limit=30km/h
t= 213.1s (  859.54, -363.56) speed= 5.39m/s road1251 s=   4.8 on_road=True
t= 214.1s (  863.94, -360.38) speed= 4.26m/s road1251 s=  10.2 on_road=True
t= 215.1s (  867.88, -357.55) speed= 5.26m/s road1251 s=  15.1 on_road=True
t= 216.1s (  872.21, -354.44) speed= 4.08m/s road1251 s=  20.4 on_road=True
t= 217.1s (  876.20, -351.58) speed= 5.62m/s road1251 s=  25.3 on_road=True
t= 218.1s (  880.45, -348.53) speed= 4.15m/s road1251 s=  30.5 on_road=True
t= 219.1s (  884.50, -345.63) speed= 5.96m/s road1251 s=  35.5 on_road=True
t= 220.1s (  888.73, -342.61) speed= 4.21m/s road1251 s=  40.7 on_road=True
t= 221.1s (  892.81, -339.68) speed= 5.36m/s road1251 s=  45.7 on_road=True
t= 222.1s (  897.23, -336.47) speed= 4.11m/s road1251 s=  51.2 on_road=True
t= 223.1s (  901.07, -333.62) speed= 5.33m/s road1251 s=  56.0 on_road=True
t= 224.1s (  905.36, -330.41) speed= 4.07m/s road1251 s=  61.3 on_road=True
t= 225.1s (  909.21, -327.50) speed= 5.33m/s road1251 s=  66.2 on_road=True
t= 226.1s (  913.46, -324.30) speed= 4.13m/s road1251 s=  71.5 on_road=True
t= 227.1s (  917.39, -321.33) speed= 5.38m/s road1251 s=  76.4 on_road=True
t= 228.1s (  921.64, -318.13) speed= 4.24m/s road1251 s=  81.7 on_road=True
t= 229.1s (  925.63, -315.11) speed= 5.54m/s road1251 s=  86.7 on_road=True
t= 230.1s (  929.82, -311.95) speed= 4.16m/s road1251 s=  92.0 on_road=True
t= 231.1s (  933.79, -308.95) speed= 5.45m/s road1251 s=  97.0 on_road=True
t= 232.1s (  937.99, -305.77) speed= 4.19m/s road1251 s= 102.3 on_road=True
t= 233.1s (  941.98, -302.76) speed= 5.43m/s road1251 s= 107.3 on_road=True
t= 234.1s (  946.30, -299.49) speed= 4.21m/s road1251 s= 112.7 on_road=True
t= 235.1s (  950.21, -296.54) speed= 5.24m/s road1251 s= 117.6 on_road=True
t= 236.1s (  954.65, -293.18) speed= 4.93m/s road1251 s= 123.1 on_road=True
t= 237.1s (  958.37, -290.37) speed= 5.29m/s road1251 s= 127.8 on_road=True
[감속] t=237.50s road1251 20->8.9km/h speed=22.5km/h
t= 238.1s (  962.71, -287.07) speed= 3.89m/s road1251 s= 133.3 on_road=True
t= 239.1s (  964.60, -285.53) speed= 2.25m/s road1251 s= 135.7 on_road=True
[전이] t= 239.40s road1949 커넥터 speed= 2.33m/s limit=30km/h
[전이] t= 239.65s road1251 일반 speed= 2.38m/s limit=30km/h
[전이] t= 239.80s road1948 커넥터 speed= 2.34m/s limit=30km/h
t= 240.1s (  966.20, -283.83) speed= 2.39m/s road1948 s=   0.7 on_road=True
t= 241.1s (  967.55, -281.92) speed= 2.35m/s road1948 s=   4.1 on_road=True
t= 242.1s (  968.95, -280.02) speed= 2.38m/s road1948 s=   6.7 on_road=True
[전이] t= 242.10s road1947 커넥터 speed= 2.34m/s limit=30km/h
[전이] t= 242.15s road1391 일반 speed= 2.32m/s limit=30km/h
[겨냥] t=242.15s road1391 base_min_distance 3->1m
t= 243.1s (  970.43, -278.21) speed= 2.34m/s road1391 s=   1.8 on_road=True
t= 244.1s (  972.03, -276.50) speed= 2.35m/s road1391 s=   3.7 on_road=True
t= 245.1s (  973.80, -274.96) speed= 2.34m/s road1391 s=   6.0 on_road=True
t= 246.1s (  975.64, -273.49) speed= 2.35m/s road1391 s=   8.3 on_road=True
t= 247.1s (  977.53, -272.10) speed= 2.35m/s road1391 s=  10.5 on_road=True
t= 248.1s (  979.46, -270.76) speed= 2.34m/s road1391 s=  12.9 on_road=True
t= 249.1s (  981.51, -269.63) speed= 2.34m/s road1391 s=  15.1 on_road=True
t= 250.1s (  983.77, -269.25) speed= 2.37m/s road1391 s=  17.0 on_road=True
[전이] t= 250.70s road1953 커넥터 speed= 2.33m/s limit=30km/h
[복귀] t=250.70s road1953 8.9->20km/h speed=8.4km/h
[겨냥] t=250.70s road1953 base_min_distance 1->3m
t= 251.1s (  986.17, -269.04) speed= 2.87m/s road1953 s=   0.9 on_road=True
[전이] t= 251.10s road1952 커넥터 speed= 2.98m/s limit=30km/h
t= 252.1s (  989.85, -267.75) speed= 4.99m/s road1952 s=   6.1 on_road=True
[전이] t= 252.40s road1248 일반 speed= 5.48m/s limit=30km/h
[전이] t= 252.45s road1951 커넥터 speed= 5.41m/s limit=30km/h
[전이] t= 252.60s road1248 일반 speed= 5.29m/s limit=30km/h
t= 253.1s (  994.61, -265.14) speed= 6.48m/s road1248 s=   3.7 on_road=True
t= 254.1s (  998.92, -262.41) speed= 4.34m/s road1248 s=   8.8 on_road=True
t= 255.1s ( 1003.25, -259.48) speed= 6.40m/s road1248 s=  14.1 on_road=True
t= 256.1s ( 1007.35, -256.65) speed= 4.42m/s road1248 s=  19.0 on_road=True
t= 257.1s ( 1011.69, -253.62) speed= 6.31m/s road1248 s=  24.3 on_road=True
t= 258.1s ( 1015.67, -250.85) speed= 4.49m/s road1248 s=  29.2 on_road=True
t= 259.1s ( 1020.15, -247.95) speed= 6.14m/s road1248 s=  34.5 on_road=True
t= 260.1s ( 1024.31, -245.50) speed= 4.65m/s road1248 s=  39.2 on_road=True
t= 261.1s ( 1029.08, -242.80) speed= 6.04m/s road1248 s=  44.6 on_road=True
t= 262.1s ( 1033.20, -240.51) speed= 4.71m/s road1248 s=  49.4 on_road=True
t= 263.1s ( 1037.97, -237.87) speed= 5.72m/s road1248 s=  54.8 on_road=True
t= 264.1s ( 1042.07, -235.62) speed= 4.87m/s road1248 s=  59.5 on_road=True
t= 265.1s ( 1047.04, -233.16) speed= 5.76m/s road1248 s=  65.0 on_road=True
t= 266.1s ( 1051.48, -231.51) speed= 4.91m/s road1248 s=  69.6 on_road=True
t= 267.1s ( 1056.79, -230.02) speed= 5.36m/s road1248 s=  75.0 on_road=True
t= 268.1s ( 1061.26, -228.84) speed= 5.08m/s road1248 s=  79.6 on_road=True
[전이] t= 268.10s road1897 커넥터 speed= 5.17m/s limit=30km/h
[전이] t= 268.15s road1248 일반 speed= 5.32m/s limit=30km/h
[전이] t= 268.20s road1896 커넥터 speed= 5.35m/s limit=30km/h
t= 269.1s ( 1066.37, -227.54) speed= 5.31m/s road1896 s=   4.6 on_road=True
t= 270.1s ( 1071.54, -226.28) speed= 4.11m/s road1896 s=   9.9 on_road=True
t= 271.1s ( 1076.29, -225.14) speed= 5.74m/s road1896 s=  14.8 on_road=True
[전이] t= 271.20s road1151 일반 speed= 6.32m/s limit=30km/h
t= 272.1s ( 1081.37, -223.94) speed= 4.14m/s road1151 s=   4.5 on_road=True
t= 273.1s ( 1086.21, -222.81) speed= 5.23m/s road1151 s=   9.5 on_road=True
t= 274.1s ( 1091.59, -221.55) speed= 4.28m/s road1151 s=  15.0 on_road=True
t= 275.1s ( 1096.11, -220.49) speed= 5.26m/s road1151 s=  19.6 on_road=True
[계획 소진] t=275.25s 완주 전에 계획 웨이포인트가 모두 소진됨(이후 제동, 정체 조건으로 판정)
완주: t=275.5s 종점까지 0.98m

=== 요약 ===
route: back (종점 road1151 s=23.1)
결과: 완주
주행 시간(시뮬): 275.5s
계획 이탈 기록: t=31.50s road1970 는 계획의 현재/다음 road 가 아님(비치명, 계속 주행)

=== 계획 vs 실제 road 시퀀스 ===
 0 계획 1278  실제 1278 
 1 계획 1969  실제 1970   <-- 불일치
 2 계획 1393  실제 1278   <-- 불일치
 3 계획 1972  실제 1969   <-- 불일치
 4 계획 1392  실제 1393   <-- 불일치
 5 계획 1484  실제 1972   <-- 불일치
 6 계획 1202  실제 1971   <-- 불일치
 7 계획 1466  실제 1392   <-- 불일치
 8 계획 1271  실제 1487   <-- 불일치
 9 계획 1734  실제 1392   <-- 불일치
10 계획 1270  실제 1484   <-- 불일치
11 계획 1464  실제 1202   <-- 불일치
12 계획 1269  실제 1483   <-- 불일치
13 계획 1601  실제 1202   <-- 불일치
14 계획 1268  실제 1467   <-- 불일치
15 계획 1457  실제 1472   <-- 불일치
16 계획 1250  실제 1469   <-- 불일치
17 계획 1828  실제 1466   <-- 불일치
18 계획 1249  실제 1470   <-- 불일치
19 계획 1619  실제 1271   <-- 불일치
20 계획 1254  실제 1735   <-- 불일치
21 계획 1609  실제 1734   <-- 불일치
22 계획 1253  실제 1270   <-- 불일치
23 계획 1822  실제 1464   <-- 불일치
24 계획 1252  실제 1460   <-- 불일치
25 계획 1860  실제 1462   <-- 불일치
26 계획 1251  실제 1464   <-- 불일치
27 계획 1948  실제 1269   <-- 불일치
28 계획 1391  실제 1601   <-- 불일치
29 계획 1952  실제 1268   <-- 불일치
30 계획 1248  실제 1456   <-- 불일치
31 계획 1896  실제 1457   <-- 불일치
32 계획 1151  실제 1456   <-- 불일치
33 계획 -     실제 1457   <-- 불일치
34 계획 -     실제 1452   <-- 불일치
35 계획 -     실제 1457   <-- 불일치
36 계획 -     실제 1455   <-- 불일치
37 계획 -     실제 1457   <-- 불일치
38 계획 -     실제 1454   <-- 불일치
39 계획 -     실제 1250   <-- 불일치
40 계획 -     실제 1453   <-- 불일치
41 계획 -     실제 1250   <-- 불일치
42 계획 -     실제 1828   <-- 불일치
43 계획 -     실제 1827   <-- 불일치
44 계획 -     실제 1828   <-- 불일치
45 계획 -     실제 1249   <-- 불일치
46 계획 -     실제 1619   <-- 불일치
47 계획 -     실제 1614   <-- 불일치
48 계획 -     실제 1254   <-- 불일치
49 계획 -     실제 1611   <-- 불일치
50 계획 -     실제 1254   <-- 불일치
51 계획 -     실제 1609   <-- 불일치
52 계획 -     실제 1605   <-- 불일치
53 계획 -     실제 1253   <-- 불일치
54 계획 -     실제 1821   <-- 불일치
55 계획 -     실제 1822   <-- 불일치
56 계획 -     실제 1819   <-- 불일치
57 계획 -     실제 1816   <-- 불일치
58 계획 -     실제 1822   <-- 불일치
59 계획 -     실제 1817   <-- 불일치
60 계획 -     실제 1252   <-- 불일치
61 계획 -     실제 1861   <-- 불일치
62 계획 -     실제 1860   <-- 불일치
63 계획 -     실제 1850   <-- 불일치
64 계획 -     실제 1251   <-- 불일치
65 계획 -     실제 1949   <-- 불일치
66 계획 -     실제 1251   <-- 불일치
67 계획 -     실제 1948   <-- 불일치
68 계획 -     실제 1947   <-- 불일치
69 계획 -     실제 1391   <-- 불일치
70 계획 -     실제 1953   <-- 불일치
71 계획 -     실제 1952   <-- 불일치
72 계획 -     실제 1248   <-- 불일치
73 계획 -     실제 1951   <-- 불일치
74 계획 -     실제 1248   <-- 불일치
75 계획 -     실제 1897   <-- 불일치
76 계획 -     실제 1248   <-- 불일치
77 계획 -     실제 1896   <-- 불일치
78 계획 -     실제 1151   <-- 불일치
첫 불일치 위치: 1번째 (계획 1969 / 실제 1970)
junction 통과(커넥터 road 를 실제로 밟았는지):
junction1   (r1969): 통과
junction109 (r1972): 통과
junction43  (r1484): 통과
junction11  (r1466): 통과
junction61  (r1734): 통과
junction85  (r1464): 통과
junction37  (r1601): 통과
junction107 (r1457): 통과
junction78  (r1828): 통과
junction41  (r1619): 통과
junction39  (r1609): 통과
junction86  (r1822): 통과
junction83  (r1860): 통과
junction108 (r1948): 통과
junction106 (r1952): 통과
junction3   (r1896): 통과
junction2(출발 전), junction35(종점 밖)는 통과 대상 아님

=== 급회전 커넥터 이탈량 (정의: sharp_offset docstring) ===
r1484 (+78.4°): tick 38, 최대|lat| 1.67m, 최대 차체초과 +1.01m(안쪽, s=10.2), on_road False 12tick, 충돌 0건
r1466 (-68.1°): tick 56, 최대|lat| 1.42m, 최대 차체초과 +0.64m(안쪽, s=7.2), on_road False 0tick, 충돌 0건
r1484 진입: t=51.20s speed=5.48m/s(19.7km/h)
r1466 진입: t=78.50s speed=4.75m/s(17.1km/h)

=== 차체 판정 road 별 (tick 수, 최대 차선밖 꼭짓점) ===
road1278: 인도 22tick, 차선밖꼭짓점 최대 1/4 (1개 이상 27tick), 반대차선(중심) 0tick, (계획 차선 안 0tick), 꼭짓점 침범깊이 최대 0.13m, 메시밖 0tick
road1393: 인도 1tick, 차선밖꼭짓점 최대 1/4 (1개 이상 1tick), 반대차선(중심) 0tick, (계획 차선 안 0tick), 꼭짓점 침범깊이 최대 0.00m, 메시밖 0tick
road1972: 인도 4tick, 차선밖꼭짓점 최대 1/4 (1개 이상 4tick), 반대차선(중심) 0tick, (계획 차선 안 0tick), 꼭짓점 침범깊이 최대 0.00m, 메시밖 0tick
road1392: 인도 1tick, 차선밖꼭짓점 최대 1/4 (1개 이상 1tick), 반대차선(중심) 0tick, (계획 차선 안 0tick), 꼭짓점 침범깊이 최대 0.00m, 메시밖 0tick
road1487: 인도 1tick, 차선밖꼭짓점 최대 1/4 (1개 이상 1tick), 반대차선(중심) 0tick, (계획 차선 안 0tick), 꼭짓점 침범깊이 최대 0.00m, 메시밖 0tick
road1484: 인도 39tick, 차선밖꼭짓점 최대 2/4 (1개 이상 39tick), 반대차선(중심) 0tick, (계획 차선 안 0tick), 꼭짓점 침범깊이 최대 0.00m, 메시밖 0tick
road1202: 인도 14tick, 차선밖꼭짓점 최대 1/4 (1개 이상 14tick), 반대차선(중심) 0tick, (계획 차선 안 0tick), 꼭짓점 침범깊이 최대 0.00m, 메시밖 0tick
road1483: 인도 4tick, 차선밖꼭짓점 최대 1/4 (1개 이상 4tick), 반대차선(중심) 0tick, (계획 차선 안 0tick), 꼭짓점 침범깊이 최대 0.00m, 메시밖 0tick
road1467: 인도 0tick, 차선밖꼭짓점 최대 0/4 (1개 이상 0tick), 반대차선(중심) 0tick, (계획 차선 안 0tick), 꼭짓점 침범깊이 최대 1.94m, 메시밖 0tick
road1472: 인도 0tick, 차선밖꼭짓점 최대 0/4 (1개 이상 0tick), 반대차선(중심) 14tick, (계획 차선 안 14tick), 꼭짓점 침범깊이 최대 2.81m, 메시밖 0tick
road1469: 인도 0tick, 차선밖꼭짓점 최대 0/4 (1개 이상 0tick), 반대차선(중심) 3tick, (계획 차선 안 3tick), 꼭짓점 침범깊이 최대 2.61m, 메시밖 0tick
road1466: 인도 0tick, 차선밖꼭짓점 최대 0/4 (1개 이상 0tick), 반대차선(중심) 0tick, (계획 차선 안 0tick), 꼭짓점 침범깊이 최대 2.37m, 메시밖 0tick
road1470: 인도 0tick, 차선밖꼭짓점 최대 0/4 (1개 이상 0tick), 반대차선(중심) 0tick, (계획 차선 안 0tick), 꼭짓점 침범깊이 최대 0.91m, 메시밖 0tick
road1464: 인도 0tick, 차선밖꼭짓점 최대 0/4 (1개 이상 0tick), 반대차선(중심) 0tick, (계획 차선 안 0tick), 꼭짓점 침범깊이 최대 1.97m, 메시밖 0tick
road1460: 인도 0tick, 차선밖꼭짓점 최대 0/4 (1개 이상 0tick), 반대차선(중심) 0tick, (계획 차선 안 0tick), 꼭짓점 침범깊이 최대 0.91m, 메시밖 0tick
road1462: 인도 0tick, 차선밖꼭짓점 최대 0/4 (1개 이상 0tick), 반대차선(중심) 0tick, (계획 차선 안 0tick), 꼭짓점 침범깊이 최대 1.08m, 메시밖 0tick
road1269: 인도 0tick, 차선밖꼭짓점 최대 0/4 (1개 이상 0tick), 반대차선(중심) 0tick, (계획 차선 안 0tick), 꼭짓점 침범깊이 최대 2.56m, 메시밖 0tick
road1601: 인도 0tick, 차선밖꼭짓점 최대 0/4 (1개 이상 0tick), 반대차선(중심) 0tick, (계획 차선 안 0tick), 꼭짓점 침범깊이 최대 1.92m, 메시밖 0tick
road1268: 인도 0tick, 차선밖꼭짓점 최대 0/4 (1개 이상 0tick), 반대차선(중심) 0tick, (계획 차선 안 0tick), 꼭짓점 침범깊이 최대 1.71m, 메시밖 0tick
road1456: 인도 0tick, 차선밖꼭짓점 최대 0/4 (1개 이상 0tick), 반대차선(중심) 0tick, (계획 차선 안 0tick), 꼭짓점 침범깊이 최대 1.72m, 메시밖 0tick
road1457: 인도 0tick, 차선밖꼭짓점 최대 0/4 (1개 이상 0tick), 반대차선(중심) 0tick, (계획 차선 안 0tick), 꼭짓점 침범깊이 최대 2.07m, 메시밖 0tick
road1452: 인도 0tick, 차선밖꼭짓점 최대 0/4 (1개 이상 0tick), 반대차선(중심) 0tick, (계획 차선 안 0tick), 꼭짓점 침범깊이 최대 1.99m, 메시밖 0tick
road1455: 인도 0tick, 차선밖꼭짓점 최대 0/4 (1개 이상 0tick), 반대차선(중심) 0tick, (계획 차선 안 0tick), 꼭짓점 침범깊이 최대 1.95m, 메시밖 0tick
road1454: 인도 0tick, 차선밖꼭짓점 최대 0/4 (1개 이상 0tick), 반대차선(중심) 0tick, (계획 차선 안 0tick), 꼭짓점 침범깊이 최대 2.23m, 메시밖 0tick
road1250: 인도 0tick, 차선밖꼭짓점 최대 0/4 (1개 이상 0tick), 반대차선(중심) 0tick, (계획 차선 안 0tick), 꼭짓점 침범깊이 최대 2.56m, 메시밖 0tick
road1453: 인도 0tick, 차선밖꼭짓점 최대 0/4 (1개 이상 0tick), 반대차선(중심) 0tick, (계획 차선 안 0tick), 꼭짓점 침범깊이 최대 2.25m, 메시밖 0tick
road1828: 인도 0tick, 차선밖꼭짓점 최대 0/4 (1개 이상 0tick), 반대차선(중심) 0tick, (계획 차선 안 0tick), 꼭짓점 침범깊이 최대 1.13m, 메시밖 0tick
road1822: 인도 0tick, 차선밖꼭짓점 최대 0/4 (1개 이상 0tick), 반대차선(중심) 0tick, (계획 차선 안 0tick), 꼭짓점 침범깊이 최대 1.74m, 메시밖 0tick
road1819: 인도 0tick, 차선밖꼭짓점 최대 0/4 (1개 이상 0tick), 반대차선(중심) 0tick, (계획 차선 안 0tick), 꼭짓점 침범깊이 최대 1.24m, 메시밖 0tick
road1816: 인도 0tick, 차선밖꼭짓점 최대 0/4 (1개 이상 0tick), 반대차선(중심) 0tick, (계획 차선 안 0tick), 꼭짓점 침범깊이 최대 1.24m, 메시밖 0tick
road1860: 인도 0tick, 차선밖꼭짓점 최대 0/4 (1개 이상 0tick), 반대차선(중심) 0tick, (계획 차선 안 0tick), 꼭짓점 침범깊이 최대 1.66m, 메시밖 0tick
road1948: 인도 15tick, 차선밖꼭짓점 최대 1/4 (1개 이상 15tick), 반대차선(중심) 0tick, (계획 차선 안 0tick), 꼭짓점 침범깊이 최대 0.00m, 메시밖 0tick
road1952: 인도 3tick, 차선밖꼭짓점 최대 1/4 (1개 이상 3tick), 반대차선(중심) 0tick, (계획 차선 안 0tick), 꼭짓점 침범깊이 최대 0.00m, 메시밖 0tick
road1248: 인도 4tick, 차선밖꼭짓점 최대 1/4 (1개 이상 4tick), 반대차선(중심) 0tick, (계획 차선 안 0tick), 꼭짓점 침범깊이 최대 0.00m, 메시밖 0tick
road1951: 인도 3tick, 차선밖꼭짓점 최대 1/4 (1개 이상 3tick), 반대차선(중심) 0tick, (계획 차선 안 0tick), 꼭짓점 침범깊이 최대 0.00m, 메시밖 0tick
road1896: 인도 0tick, 차선밖꼭짓점 최대 0/4 (1개 이상 0tick), 반대차선(중심) 0tick, (계획 차선 안 0tick), 꼭짓점 침범깊이 최대 2.00m, 메시밖 0tick
(목록에 없는 road 는 전부 0)

=== 차선 이탈 구간 (차체 기준, 계획 중심선 기준, 세션19) ===
t=20.00~20.90s road1278 -중앙선 쪽 최대 lat -0.89m 차체초과 0.11m 중심초과 0.00m 19tick, 진입 18.1km/h, road 평균R 173.65 R2min 10.28
t=39.45~39.60s road1393 +인도 쪽 최대 lat +0.92m 차체초과 0.13m 중심초과 0.00m 4tick, 진입 20.0km/h, road 평균R 209.60 R2min 13.11
t=51.25~53.60s road1484 +인도 쪽 최대 lat +1.77m 차체초과 0.99m 중심초과 0.09m 48tick, 진입 19.1km/h, road 평균R 10.12 R2min 7.40
t=76.50~79.20s road1466 -중앙선 쪽 최대 lat -1.43m 차체초과 0.65m 중심초과 0.00m 55tick, 진입 16.7km/h, road 평균R 11.90 R2min 6.48
t=240.55~241.30s road1948 +인도 쪽 최대 lat +0.94m 차체초과 0.16m 중심초과 0.00m 16tick, 진입 8.5km/h, road 평균R 10.95 R2min 5.25
t=251.85~252.40s road1952 +인도 쪽 최대 lat +0.92m 차체초과 0.14m 중심초과 0.00m 12tick, 진입 16.3km/h, road 평균R 9.30 R2min 8.43
합계 6구간 (중앙선 쪽 2, 인도 쪽 4), 최대 차체초과 0.99m
충돌 누적 0건
판정: record
follow=on
궤적 로그: /home/gyumin/campus_mobility_sim/map/docs/logs/drive_log_20261008_232538.csv
충돌 센서(actor_id=30) 제거함
정상 종료 - 차량(actor_id=29) 브레이크 유지로 남겨둠
[동기모드] 복귀: synchronous_mode=False fixed_delta_seconds=None
