[월드] map=Carla/Maps/OpenDriveMap sha16=5240ca8b883e42c0
[설정] 원래 WorldSettings(synchronous_mode=False,no_rendering_mode=False,fixed_delta_seconds=4.82864e-310,substepping=True,max_substep_delta_time=0.01,max_substeps=10,max_culling_distance=0,deterministic_ragdolls=True)
[정리 전] 남은 차량·소품·센서 []
[도로] r1392 길이 56.074m
[메모리] 동기 전환 후 23:31:06 {'avail_mi': 4567, 'swap_mi': 787, 'gtt_mi': 1477}
[스크린샷] s38_props_before.png frame=122633 cam=Transform(Location(x=308.107574, y=-940.793945, z=14.000000), Rotation(pitch=-22.000000, yaw=63.975979, roll=0.000000))
[FPS] before_render_on {'ticks': 100, 'sec': 0.392, 'ms_per_tick': 3.92, 'fps': 255.0}
[메모리] before_render_on 23:31:10 {'avail_mi': 4599, 'swap_mi': 787, 'gtt_mi': 1477}
[FPS] before_render_off {'ticks': 100, 'sec': 0.064, 'ms_per_tick': 0.64, 'fps': 1562.8}
[메모리] before_render_off 23:31:13 {'avail_mi': 4601, 'swap_mi': 787, 'gtt_mi': 1477}
[소환] House01_x1 {'kind': 'building', 'blueprint': 'static.prop.mesh', 'mesh_path': '/Game/Carla/Static/Building/SM_House01.SM_House01', 'scale': 1.0, 'spawn': '성공', 'actor_id': 36, 'attr_scale': '1.0', 'bbox_extent_m': [0.354, 7.718, 6.323], 'bbox_size_m': [0.707, 15.436, 12.646], 'bbox_center_offset_m': [0.0, -0.001, 6.323], 's_center': 8.0, 'offset_from_lane_center_m': 15.08, 'check_points': 256, 'points_on_any_lane': 0, 'min_dist_to_driving_edge_m': 42.03, 'nearest_driving_road': 1338, 'footprint_half_m': [8.0, 8.0], 'footprint_from': '대체(최소 반폭 8.0m)', 'overlap_ok': True}
[소환] House01_x2 {'kind': 'building', 'blueprint': 'static.prop.mesh', 'mesh_path': '/Game/Carla/Static/Building/SM_House01.SM_House01', 'scale': 2.0, 'spawn': '성공', 'actor_id': 37, 'attr_scale': '2.0', 'bbox_extent_m': [0.707, 15.436, 12.646], 'bbox_size_m': [1.415, 30.872, 25.293], 'bbox_center_offset_m': [0.0, -0.001, 6.323], 's_center': 30.0, 'offset_from_lane_center_m': 22.51, 'check_points': 496, 'points_on_any_lane': 0, 'min_dist_to_driving_edge_m': 34.603, 'nearest_driving_road': 1338, 'footprint_half_m': [8.0, 15.44], 'footprint_from': '대체(최소 반폭 8.0m)', 'overlap_ok': True}
[소환] House02_x1 {'kind': 'building', 'blueprint': 'static.prop.mesh', 'mesh_path': '/Game/Carla/Static/Building/SM_House02.SM_House02', 'scale': 1.0, 'spawn': '성공', 'actor_id': 38, 'attr_scale': '1.0', 'bbox_extent_m': [0.606, 5.843, 4.238], 'bbox_size_m': [1.213, 11.687, 8.476], 'bbox_center_offset_m': [0.008, -0.137, 4.231], 's_center': 51.99, 'offset_from_lane_center_m': 15.21, 'check_points': 289, 'points_on_any_lane': 0, 'min_dist_to_driving_edge_m': 22.056, 'nearest_driving_road': 1202, 'footprint_half_m': [8.0, 8.0], 'footprint_from': '대체(최소 반폭 8.0m)', 'overlap_ok': True}
[소환] Apartment03_x1 {'kind': 'building', 'blueprint': 'static.prop.mesh', 'mesh_path': '/Game/Carla/Static/Building/Apartment03/SM_Apartment03_v01_merged.SM_Apartment03_v01_merged', 'scale': 1.0, 'spawn': '성공', 'actor_id': 39, 'attr_scale': '1.0', 'bbox_extent_m': [0.984, 14.932, 16.128], 'bbox_size_m': [1.968, 29.864, 32.256], 'bbox_center_offset_m': [-7.934, 5.996, 16.128], 's_center': 81.93, 'offset_from_lane_center_m': 16.01, 'check_points': 510, 'points_on_any_lane': 0, 'min_dist_to_driving_edge_m': 8.107, 'nearest_driving_road': 1202, 'footprint_half_m': [8.0, 14.93], 'footprint_from': '대체(최소 반폭 8.0m)', 'overlap_ok': True}
[소환] Acer_02 겹침 불합격 {'kind': 'tree', 'blueprint': 'static.prop.mesh', 'mesh_path': '/Game/Carla/Static/Vegetation/Trees/SM_Acer_02.SM_Acer_02', 'scale': 1.0, 'spawn': '성공했으나 겹침 검사 불합격 -> 지움', 'actor_id': 40, 'attr_scale': '1.0', 'bbox_extent_m': [0.472, 5.908, 9.638], 'bbox_size_m': [0.945, 11.817, 19.277], 'bbox_center_offset_m': [-0.129, 0.7, 9.638], 's_center': 91.13, 'offset_from_lane_center_m': 12.28, 'check_points': 84, 'points_on_any_lane': 19, 'min_dist_to_driving_edge_m': 0.653, 'nearest_driving_road': 1334, 'footprint_half_m': [3.0, 5.91], 'footprint_from': '대체(최소 반폭 3.0m)', 'overlap_ok': False}
[소환] Ash_01 겹침 불합격 {'kind': 'tree', 'blueprint': 'static.prop.mesh', 'mesh_path': '/Game/Carla/Static/Vegetation/Trees/SM_Ash_01.SM_Ash_01', 'scale': 1.0, 'spawn': '성공했으나 겹침 검사 불합격 -> 지움', 'actor_id': 41, 'attr_scale': '1.0', 'bbox_extent_m': [1.601, 9.693, 15.067], 'bbox_size_m': [3.202, 19.387, 30.134], 'bbox_center_offset_m': [0.571, 0.583, 13.297], 's_center': 90.43, 'offset_from_lane_center_m': 16.19, 'check_points': 140, 'points_on_any_lane': 21, 'min_dist_to_driving_edge_m': 0.634, 'nearest_driving_road': 1334, 'footprint_half_m': [3.0, 9.69], 'footprint_from': '대체(최소 반폭 3.0m)', 'overlap_ok': False}
[소환] busstop {'kind': 'busstop', 'blueprint': 'static.prop.busstop', 'mesh_path': None, 'scale': None, 'spawn': '성공', 'actor_id': 42, 'attr_scale': None, 'bbox_extent_m': [1.018, 1.902, 1.369], 'bbox_size_m': [2.035, 3.804, 2.739], 'bbox_center_offset_m': [0.367, 0.177, 1.369], 's_center': 89.13, 'offset_from_lane_center_m': 8.8, 'check_points': 12, 'points_on_any_lane': 0, 'min_dist_to_driving_edge_m': 5.396, 'nearest_driving_road': 1410, 'footprint_half_m': [1.5, 1.9], 'footprint_from': '대체(최소 반폭 1.5m)', 'overlap_ok': True}
[소환] GroundCube {'kind': 'block', 'blueprint': 'static.prop.mesh', 'mesh_path': '/Game/Carla/Static/Ground/GroundCube.GroundCube', 'scale': 1.0, 'spawn': '성공', 'actor_id': 43, 'attr_scale': '1.0', 'bbox_extent_m': [0.113, 0.698, 0.5], 'bbox_size_m': [0.226, 1.396, 1.0], 'bbox_center_offset_m': [0.0, 0.0, 0.0], 's_center': 98.0, 'offset_from_lane_center_m': 8.07, 'check_points': 6, 'points_on_any_lane': 0, 'min_dist_to_driving_edge_m': 12.654, 'nearest_driving_road': 1334, 'footprint_half_m': [1.0, 1.0], 'footprint_from': '대체(최소 반폭 1.0m)', 'overlap_ok': True}
[메모리] 소환 5s 후 23:31:18 {'avail_mi': 4501, 'swap_mi': 787, 'gtt_mi': 1477}
[스크린샷] s38_props_after.png frame=122884 cam=Transform(Location(x=308.107574, y=-940.793945, z=14.000000), Rotation(pitch=-22.000000, yaw=63.975979, roll=0.000000))
[FPS] after_render_on {'ticks': 100, 'sec': 0.442, 'ms_per_tick': 4.42, 'fps': 226.0}
[메모리] after_render_on 23:31:22 {'avail_mi': 4499, 'swap_mi': 787, 'gtt_mi': 1477}
[FPS] after_render_off {'ticks': 100, 'sec': 0.064, 'ms_per_tick': 0.64, 'fps': 1564.0}
[메모리] after_render_off 23:31:25 {'avail_mi': 4498, 'swap_mi': 787, 'gtt_mi': 1477}
[LiDAR] House01_x1 [{'dist': 10.0, 'feasible': False, 'nearest_m': 72.0}, {'dist': 20.0, 'feasible': False, 'nearest_m': 72.0}]
[LiDAR] House01_x2 [{'dist': 10.0, 'feasible': False, 'nearest_m': 64.56}, {'dist': 20.0, 'feasible': False, 'nearest_m': 64.56}]
[LiDAR] House02_x1 [{'dist': 10.0, 'feasible': False, 'nearest_m': 71.87}, {'dist': 20.0, 'feasible': False, 'nearest_m': 71.87}]
[LiDAR] Apartment03_x1 [{'dist': 10.0, 'feasible': False, 'nearest_m': 72.81}, {'dist': 20.0, 'feasible': False, 'nearest_m': 72.81}]
[LiDAR] busstop [{'dist': 10.0, 'feasible': True, 'veh_s': 80.93, 'lidar_to_footprint_m': 10.0, 'points_total': 7081, 'target_hits': 146, 'all_prop_hits': {'Apartment03_x1': 154, 'House01_x2': 44, 'House02_x1': 28, 'busstop': 146, 'GroundCube': 1}, 'frame': 123108}, {'dist': 20.0, 'feasible': True, 'veh_s': 69.29, 'lidar_to_footprint_m': 20.0, 'points_total': 8385, 'target_hits': 42, 'all_prop_hits': {'Apartment03_x1': 153, 'House01_x2': 61, 'House01_x1': 9, 'House02_x1': 26, 'busstop': 42, 'GroundCube': 1}, 'frame': 123112}]
[LiDAR] GroundCube [{'dist': 10.0, 'feasible': False, 'nearest_m': 79.0}, {'dist': 20.0, 'feasible': False, 'nearest_m': 79.0}]
[차량] vehicle.mitsubishi.fusorosa {'bbox_len_m': 10.273, 'bbox_wid_m': 3.944, 'bbox_hgt_m': 4.253, 'n_wheels': 4, 'wheel_pos_unit_cm_to_m_ok': True, 'wheelbase_m': 5.63, 'front_max_steer_deg': [70.0, 70.0], 'rear_max_steer_deg': [0.0, 0.0], 'min_turn_radius_m_bicycle': 2.049}
[차량] vehicle.mercedes.sprinter {'bbox_len_m': 5.915, 'bbox_wid_m': 1.988, 'bbox_hgt_m': 2.561, 'n_wheels': 4, 'wheel_pos_unit_cm_to_m_ok': True, 'wheelbase_m': 3.662, 'front_max_steer_deg': [70.0, 70.0], 'rear_max_steer_deg': [0.0, 0.0], 'min_turn_radius_m_bicycle': 1.333}
[차량] vehicle.toyota.prius {'bbox_len_m': 4.514, 'bbox_wid_m': 2.007, 'bbox_hgt_m': 1.525, 'n_wheels': 4, 'wheel_pos_unit_cm_to_m_ok': True, 'wheelbase_m': 2.819, 'front_max_steer_deg': [70.0, 70.0], 'rear_max_steer_deg': [0.0, 0.0], 'min_turn_radius_m_bicycle': 1.026}
[차량] vehicle.audi.a2 {'bbox_len_m': 3.705, 'bbox_wid_m': 1.789, 'bbox_hgt_m': 1.549, 'n_wheels': 4, 'wheel_pos_unit_cm_to_m_ok': True, 'wheelbase_m': 2.506, 'front_max_steer_deg': [70.0, 70.0], 'rear_max_steer_deg': [0.0, 0.0], 'min_turn_radius_m_bicycle': 0.912}
[정리] 남은 차량·소품·센서 [] 설정 WorldSettings(synchronous_mode=False,no_rendering_mode=False,fixed_delta_seconds=4.82864e-310,substepping=True,max_substep_delta_time=0.01,max_substeps=10,max_culling_distance=0,deterministic_ragdolls=True)
[메모리] 정리 후 {'avail_mi': 4498, 'swap_mi': 787, 'gtt_mi': 1477}
