xodr cbnu_internal_only_localtm_tags81_B_smooth_turnfix.xodr
기준 가 3.312m (2.79/tan 0.70) / 나 6.300m (12.60/2, 바깥 바퀴) / 참고 다 fusorosa 2.049 a2 0.912m
나 를 뒤축 중심으로 옮기면 sqrt(6.30^2 - 3.995^2) - 윤거/2 = 4.871 - 윤거/2 (윤거 미확인)
열: 노선, road, junction, 표시, 기준, s 구간, 길이 m, 최소 Rc m(그 s), road 방위 변화 도
== north (17 road, 마지막 road s<= 78.0)
north,r1278,j-1,-,나<6.300,s 78.08~78.10,0.02,5.811(s=78.08),+50.5
north,r1278,j-1,-,나<6.300,s 79.68~79.75,0.07,5.130(s=79.70),+50.5
north,r1278,j-1,-,나<6.300,s 94.49~94.55,0.06,5.486(s=94.53),+50.5
north,r1278,j-1,-,나<6.300,s 96.34~96.38,0.05,5.795(s=96.36),+50.5
north,r1278,j-1,-,나<6.300,s 98.16~98.19,0.02,5.794(s=98.19),+50.5
north,r1393,j-1,-,나<6.300,s 11.49~11.59,0.10,5.005(s=11.49),+10.1
north,r1411,j-1,-,가<3.312,s 79.34~79.34,0.00,2.305(s=79.34),+0.4
north,r1411,j-1,-,나<6.300,s 78.99~78.99,0.00,5.862(s=78.99),+0.4
north,r1411,j-1,-,나<6.300,s 79.32~79.34,0.02,2.305(s=79.34),+0.4
   구간 수 {'가': 1, '나': 8, '다_fusorosa': 0, '다_a2': 0}
== south (15 road, 마지막 road s<= 47.0)
south,r1278,j-1,-,나<6.300,s 78.08~78.10,0.02,5.811(s=78.08),+50.5
south,r1278,j-1,-,나<6.300,s 79.68~79.75,0.07,5.130(s=79.70),+50.5
south,r1278,j-1,-,나<6.300,s 94.49~94.55,0.06,5.486(s=94.53),+50.5
south,r1278,j-1,-,나<6.300,s 96.34~96.38,0.05,5.795(s=96.36),+50.5
south,r1278,j-1,-,나<6.300,s 98.16~98.19,0.02,5.794(s=98.19),+50.5
south,r1393,j-1,-,나<6.300,s 11.49~11.59,0.10,5.005(s=11.49),+10.1
south,r1484,j43,-,나<6.300,s 3.13~6.68,3.55,5.656(s=4.90),-78.8
   구간 수 {'가': 0, '나': 7, '다_fusorosa': 0, '다_a2': 0}
== middle (19 road, 마지막 road s<= 70.0)
middle,r1278,j-1,-,나<6.300,s 78.08~78.10,0.02,5.811(s=78.08),+50.5
middle,r1278,j-1,-,나<6.300,s 79.68~79.75,0.07,5.130(s=79.70),+50.5
middle,r1278,j-1,-,나<6.300,s 94.49~94.55,0.06,5.486(s=94.53),+50.5
middle,r1278,j-1,-,나<6.300,s 96.34~96.38,0.05,5.795(s=96.36),+50.5
middle,r1278,j-1,-,나<6.300,s 98.16~98.19,0.02,5.794(s=98.19),+50.5
middle,r1393,j-1,-,나<6.300,s 11.49~11.59,0.10,5.005(s=11.49),+10.1
middle,r1411,j-1,-,가<3.312,s 79.34~79.34,0.00,2.305(s=79.34),+0.4
middle,r1411,j-1,-,나<6.300,s 78.99~78.99,0.00,5.862(s=78.99),+0.4
middle,r1411,j-1,-,나<6.300,s 79.32~79.34,0.02,2.305(s=79.34),+0.4
middle,r1317,j-1,-,가<3.312,s 4.81~5.26,0.45,<=0(뒤집힘)(s=4.81),-83.4
middle,r1317,j-1,-,가<3.312,s 7.40~7.43,0.02,3.261(s=7.40),-83.4
middle,r1317,j-1,-,가<3.312,s 8.79~10.03,1.24,<=0(뒤집힘)(s=9.59),-83.4
middle,r1317,j-1,-,나<6.300,s 4.81~5.52,0.70,<=0(뒤집힘)(s=4.81),-83.4
middle,r1317,j-1,-,나<6.300,s 7.40~8.08,0.68,3.261(s=7.40),-83.4
middle,r1317,j-1,-,나<6.300,s 8.70~10.03,1.33,<=0(뒤집힘)(s=9.59),-83.4
middle,r1317,j-1,-,다_fusorosa<2.049,s 4.81~5.12,0.31,<=0(뒤집힘)(s=4.81),-83.4
middle,r1317,j-1,-,다_fusorosa<2.049,s 8.85~10.03,1.17,<=0(뒤집힘)(s=9.59),-83.4
middle,r1317,j-1,-,다_a2<0.912,s 4.81~4.98,0.17,<=0(뒤집힘)(s=4.81),-83.4
middle,r1317,j-1,-,다_a2<0.912,s 8.96~10.03,1.07,<=0(뒤집힘)(s=9.59),-83.4
middle,r1877,j49,-,가<3.312,s 0.00~0.50,0.50,1.891(s=0.00),+82.9
middle,r1877,j49,-,나<6.300,s 0.00~0.96,0.96,1.891(s=0.00),+82.9
middle,r1877,j49,-,나<6.300,s 8.26~8.27,0.01,4.781(s=8.27),+82.9
middle,r1877,j49,-,다_fusorosa<2.049,s 0.00~0.15,0.15,1.891(s=0.00),+82.9
middle,r1360,j-1,-,나<6.300,s 13.04~13.19,0.15,5.017(s=13.19),+45.6
   구간 수 {'가': 5, '나': 14, '다_fusorosa': 3, '다_a2': 2}
== yangseong (17 road, 마지막 road s<= 22.0)
yangseong,r1278,j-1,-,나<6.300,s 78.08~78.10,0.02,5.811(s=78.08),+50.5
yangseong,r1278,j-1,-,나<6.300,s 79.68~79.75,0.07,5.130(s=79.70),+50.5
yangseong,r1278,j-1,-,나<6.300,s 94.49~94.55,0.06,5.486(s=94.53),+50.5
yangseong,r1278,j-1,-,나<6.300,s 96.34~96.38,0.05,5.795(s=96.36),+50.5
yangseong,r1278,j-1,-,나<6.300,s 98.16~98.19,0.02,5.794(s=98.19),+50.5
yangseong,r1393,j-1,-,나<6.300,s 11.49~11.59,0.10,5.005(s=11.49),+10.1
yangseong,r1484,j43,-,나<6.300,s 3.13~6.68,3.55,5.656(s=4.90),-78.8
yangseong,r1153,j-1,-,나<6.300,s 10.68~10.70,0.02,5.812(s=10.68),+57.9
yangseong,r1153,j-1,-,나<6.300,s 12.46~12.50,0.04,5.811(s=12.48),+57.9
yangseong,r1153,j-1,-,나<6.300,s 14.26~14.31,0.05,5.535(s=14.27),+57.9
   구간 수 {'가': 0, '나': 10, '다_fusorosa': 0, '다_a2': 0}
== back (33 road, 마지막 road s<= 23.1)
back,r1278,j-1,-,나<6.300,s 78.08~78.10,0.02,5.811(s=78.08),+50.5
back,r1278,j-1,-,나<6.300,s 79.68~79.75,0.07,5.130(s=79.70),+50.5
back,r1278,j-1,-,나<6.300,s 94.49~94.55,0.06,5.486(s=94.53),+50.5
back,r1278,j-1,-,나<6.300,s 96.34~96.38,0.05,5.795(s=96.36),+50.5
back,r1278,j-1,-,나<6.300,s 98.16~98.19,0.02,5.794(s=98.19),+50.5
back,r1393,j-1,-,나<6.300,s 11.49~11.59,0.10,5.005(s=11.49),+10.1
back,r1484,j43,-,나<6.300,s 3.13~6.68,3.55,5.656(s=4.90),-78.8
back,r1253,j-1,-,나<6.300,s 30.07~30.68,0.61,3.634(s=30.68),-17.1
back,r1948,j108,-,가<3.312,s 2.96~3.88,0.92,2.777(s=3.42),-35.8
back,r1948,j108,-,나<6.300,s 2.31~4.53,2.22,2.777(s=3.42),-35.8
back,r1391,j-1,-,가<3.312,s 9.00~9.05,0.06,2.483(s=9.00),+89.0
back,r1391,j-1,-,가<3.312,s 9.59~9.68,0.09,2.683(s=9.63),+89.0
back,r1391,j-1,r1391끝,가<3.312,s 17.45~17.67,0.21,3.114(s=17.67),+89.0
back,r1391,j-1,-,나<6.300,s 0.20~1.09,0.89,3.908(s=0.20),+89.0
back,r1391,j-1,-,나<6.300,s 8.92~9.98,1.06,2.483(s=9.00),+89.0
back,r1391,j-1,r1391끝,나<6.300,s 16.23~17.67,1.44,3.114(s=17.67),+89.0
back,r1248,j-1,-,나<6.300,s 35.08~35.25,0.18,4.109(s=35.08),+20.9
back,r1248,j-1,-,나<6.300,s 37.35~37.38,0.03,5.129(s=37.38),+20.9
   구간 수 {'가': 4, '나': 14, '다_fusorosa': 0, '다_a2': 0}
