xodr cbnu_internal_only_localtm_tags81_B_smooth_turnfix.xodr sha16 5240ca8b883e42c0, 오프라인 carla.Map, 규칙 R1 차선 겹침 0 / R2 주행 차선 가장자리 >= 5.0m
개신문화관 (E2): (789.53,-595.63) yaw 124.2 77.7x74.8m | 폴리곤 겹침 0  여유 21.36m(r1621) | 사각형 겹침 0 여유 20.50m | 통과
경영대학 본관 (N13): (585.17,-815.54) yaw 36.8 83.8x50.8m | 폴리곤 겹침 142 1189 1315 1644 여유 -1.66m(r1189) | 사각형 겹침 571 여유 -1.67m | 차선 겹침
구학생회관 (S14): (348.28,-574.02) yaw 168.3 38.7x17.9m | 폴리곤 겹침 0  여유 6.49m(r1199) | 사각형 겹침 0 여유 6.49m | 통과
대학본부 (N10): (372.30,-795.84) yaw 125.9 50.6x21.2m | 폴리곤 겹침 0  여유 20.79m(r1408) | 사각형 겹침 0 여유 20.79m | 통과
등용관 (S17-6): (62.01,-479.27) yaw 91.6 45.1x14.5m | 폴리곤 겹침 49 1244 여유 -1.60m(r1244) | 사각형 겹침 81 여유 -1.61m | 차선 겹침
명덕관 (S17-2): (193.60,-491.98) yaw 124.7 75.3x14.3m | 폴리곤 겹침 0  여유 3.48m(r1809) | 사각형 겹침 0 여유 3.47m | 여유 3.48m < 5.0m
법학관 (N18): (808.51,-909.17) yaw 8.1 78.7x40.2m | 폴리곤 겹침 42 1196 1198 여유 -0.01m(r1196) | 사각형 겹침 187 여유 -1.60m | 차선 겹침
사회과학대학 본관 (N15): (631.03,-750.92) yaw 37.9 71.5x64.4m | 폴리곤 겹침 118 1242 1941 1942 여유 -1.57m(r1942) | 사각형 겹침 270 여유 -1.67m | 차선 겹침
신민관 (S17-3): (138.30,-489.92) yaw 35.6 49.3x14.8m | 폴리곤 겹침 0  여유 3.34m(r1216) | 사각형 겹침 0 여유 3.33m | 여유 3.34m < 5.0m
신학생회관 (E3): (742.05,-527.02) yaw 36.1 60.8x43.8m | 폴리곤 겹침 0  여유 3.34m(r1183) | 사각형 겹침 0 여유 3.34m | 여유 3.34m < 5.0m
양성재: (154.91,-527.53) yaw 170.1 13.3x13.0m | 폴리곤 겹침 0  여유 33.37m(r1212) | 사각형 겹침 0 여유 33.37m | 통과
양현재 관리동 (S17-7): (-27.08,-463.87) yaw 2.4 47.9x39.6m | 폴리곤 겹침 15 1814 여유 1.20m(r1814) | 사각형 겹침 152 여유 -1.66m | 차선 겹침
인문사회관 (N14): (561.33,-913.53) yaw 126.0 79.1x35.6m | 폴리곤 겹침 31 1188 여유 2.28m(r1188) | 사각형 겹침 116 여유 0.19m | 차선 겹침
자연과학대학 본관 (S1-1): (544.02,-546.27) yaw 23.7 121.5x25.2m | 폴리곤 겹침 0  여유 5.49m(r1369) | 사각형 겹침 41 여유 -0.68m | 통과
중앙도서관 구관 (N12): (623.58,-629.98) yaw 35.2 83.2x45.6m | 폴리곤 겹침 0  여유 12.57m(r1309) | 사각형 겹침 0 여유 12.57m | 통과
중앙도서관 신관 (N12): (668.32,-597.94) yaw 126.0 62.1x25.2m | 폴리곤 겹침 0  여유 32.55m(r1405) | 사각형 겹침 0 여유 32.55m | 통과
지선관 (S17-1): (154.80,-568.52) yaw 124.6 38.3x37.8m | 폴리곤 겹침 21 1794 여유 -0.11m(r1790) | 사각형 겹침 24 여유 -0.22m | 차선 겹침
청운관 (S17-5): (-17.42,-499.51) yaw 2.6 52.6x15.8m | 폴리곤 겹침 0  여유 7.39m(r1380) | 사각형 겹침 0 여유 5.15m | 통과
건물 18동, 통과 8 -> /home/gyumin/campus_mobility_sim/map/data/processed/s39_building_draft.csv
