[대조] s39 초안 18동(s22_buildings.py KEY_NAMES 이름 일치) / s25 1순위 30동(tier=1)
  둘 다: 9  s39 에만: 9  s25 1순위에만: 21
  s39 에만: 개신문화관 (E2) way452267232
  s39 에만: 구학생회관 (S14) way452267229
  s39 에만: 등용관 (S17-6) way452601527
  s39 에만: 법학관 (N18) way692592588
  s39 에만: 신민관 (S17-3) way442760312
  s39 에만: 신학생회관 (E3) way452264484
  s39 에만: 양현재 관리동 (S17-7) way452601526
  s39 에만: 중앙도서관 신관 (N12) way648686778
  s39 에만: 청운관 (S17-5) way452601528
  s25 1순위에만: (이름 없음) way765358663 노선 최소거리 0.0m
  s25 1순위에만: 진리관 way446440350 노선 최소거리 2.8m
  s25 1순위에만: (이름 없음) way471400965 노선 최소거리 4.9m
  s25 1순위에만: 개성재 관리동 way452601521 노선 최소거리 7.5m
  s25 1순위에만: 씨비엔유 스타 way692594348 노선 최소거리 8.4m
  s25 1순위에만: 개척관 way452601520 노선 최소거리 10.4m
  s25 1순위에만: 미술관 (N16-2) way446440342 노선 최소거리 15.3m
  s25 1순위에만: 정의관 way446440349 노선 최소거리 15.9m
  s25 1순위에만: 이마트24 충북대대학본부점 way692594349 노선 최소거리 16.6m
  s25 1순위에만: (이름 없음) way442760303 노선 최소거리 17.0m
  s25 1순위에만: (이름 없음) way442760317 노선 최소거리 20.9m
  s25 1순위에만: 세종국가정책대학원 way446440346 노선 최소거리 21.1m
  s25 1순위에만: 첨단바이오 연구센터 (S20) way442760304 노선 최소거리 29.6m
  s25 1순위에만: 공동실험실습관 (N11) way452365446 노선 최소거리 30.1m
  s25 1순위에만: 농업생명과학대학 실험동 (S21-5) way442760291 노선 최소거리 30.9m
  s25 1순위에만: 계영원 way452601519 노선 최소거리 32.9m
  s25 1순위에만: 국제교류원 (N10) way442595863 노선 최소거리 36.7m
  s25 1순위에만: 차고 (S10) way471400916 노선 최소거리 37.4m
  s25 1순위에만: 농업생명과학대학 강의동 (S21-4) way442760290 노선 최소거리 40.2m
  s25 1순위에만: (이름 없음) way471400915 노선 최소거리 44.0m
  s25 1순위에만: 법학전문대학원 (N2) way692587909 노선 최소거리 44.1m

[겹침 7동] 깊이 = 겹친 점에서 그 반쪽 도로 바깥 끝까지 거리(m), 최댓값
- 경영대학 본관 (N13) way446440341: 겹친 점 폴리곤 142 / 사각형 571 / 2분할 468 / 3분할 364
  최대 깊이 5.68m, 종류별 {Driving: 5.68, Sidewalk: 2.75}
  겹친 (road, lane) [(1189, -2), (1189, -1), (1315, -2), (1315, -1), (1644, -2)]
  노선 경로 road: ['r1315 lane-1(middle)', 'r1315 lane-2(middle)', 'r1644 lane-2(middle)']
- 등용관 (S17-6) way452601527: 겹친 점 폴리곤 49 / 사각형 81 / 2분할 80 / 3분할 58
  최대 깊이 4.82m, 종류별 {Driving: 4.82, Sidewalk: 2.79}
  겹친 (road, lane) [(1244, -2), (1244, -1)]
  노선 경로 road: 없음
- 법학관 (N18) way692592588: 겹친 점 폴리곤 42 / 사각형 187 / 2분할 172 / 3분할 171
  최대 깊이 2.71m, 종류별 {Sidewalk: 2.71}
  겹친 (road, lane) [(1196, -2), (1198, -2)]
  노선 경로 road: 없음
- 사회과학대학 본관 (N15) way446440345: 겹친 점 폴리곤 118 / 사각형 270 / 2분할 210 / 3분할 275
  최대 깊이 5.14m, 종류별 {Driving: 5.14, Sidewalk: 2.78}
  겹친 (road, lane) [(1242, -2), (1242, -1), (1941, -1), (1942, -2), (1942, -1)]
  노선 경로 road: 없음
- 양현재 관리동 (S17-7) way452601526: 겹친 점 폴리곤 15 / 사각형 152 / 2분할 152 / 3분할 154
  최대 깊이 1.60m, 종류별 {Sidewalk: 1.60}
  겹친 (road, lane) [(1814, -2)]
  노선 경로 road: 없음
- 인문사회관 (N14) way446440344: 겹친 점 폴리곤 31 / 사각형 116 / 2분할 110 / 3분할 110
  최대 깊이 0.29m, 종류별 {Sidewalk: 0.29}
  겹친 (road, lane) [(1188, -2)]
  노선 경로 road: 없음
- 지선관 (S17-1) way442760316: 겹친 점 폴리곤 21 / 사각형 24 / 2분할 23 / 3분할 23
  최대 깊이 2.53m, 종류별 {Sidewalk: 2.53}
  겹친 (road, lane) [(1794, -2)]
  노선 경로 road: 없음
