도로 917 road 띠 합집합 면적 133208m2, +0.5m 깎는 영역 143830m2, 노선 lane -1 띠 65 road
순서: 노선 lane -1 과 겹치는 동 먼저, 그다음 깎인 비율 큰 순
(이름 없음) way765358663: 면적 212.8 -> 137.0m2, 깎임 35.6%, 조각 2, 노선 lane -1 겹침 17.03m2
경영대학 본관 (N13) way446440341: 면적 1920.8 -> 1785.2m2, 깎임 7.1%, 조각 1, 노선 lane -1 겹침 8.99m2
(이름 없음) way471400965: 면적 242.7 -> 139.5m2, 깎임 42.5%, 조각 1, 노선 lane -1 겹침 0.0m2
농업생명과학대학 강의동 (S21-4) way442760290: 면적 2040.4 -> 1909.6m2, 깎임 6.4%, 조각 1, 노선 lane -1 겹침 0.0m2
농업생명과학대학 실험동 (S21-5) way442760291: 면적 3259.5 -> 3072.1m2, 깎임 5.8%, 조각 1, 노선 lane -1 겹침 0.0m2
사회과학대학 본관 (N15) way446440345: 면적 2023.2 -> 1920.0m2, 깎임 5.1%, 조각 1, 노선 lane -1 겹침 0.0m2
진리관 way446440350: 면적 562.5 -> 534.7m2, 깎임 4.9%, 조각 1, 노선 lane -1 겹침 0.0m2
지선관 (S17-1) way442760316: 면적 868.1 -> 851.6m2, 깎임 1.9%, 조각 1, 노선 lane -1 겹침 0.0m2
미술관 (N16-2) way446440342: 면적 767.7 -> 755.2m2, 깎임 1.6%, 조각 1, 노선 lane -1 겹침 0.0m2
인문사회관 (N14) way446440344: 면적 2145.1 -> 2125.6m2, 깎임 0.9%, 조각 1, 노선 lane -1 겹침 0.0m2
(이름 없음) way442760317: 면적 714.6 -> 709.5m2, 깎임 0.7%, 조각 1, 노선 lane -1 겹침 0.0m2
개성재 관리동 way452601521: 면적 1174.4 -> 1173.5m2, 깎임 0.1%, 조각 1, 노선 lane -1 겹침 0.0m2
(이름 없음) way442760303: 면적 498.8 -> 498.8m2, 깎임 0.0%, 조각 1, 노선 lane -1 겹침 0.0m2
(이름 없음) way471400915: 면적 116.7 -> 116.7m2, 깎임 0.0%, 조각 1, 노선 lane -1 겹침 0.0m2
개척관 way452601520: 면적 554.7 -> 554.7m2, 깎임 0.0%, 조각 1, 노선 lane -1 겹침 0.0m2
계영원 way452601519: 면적 953.4 -> 953.4m2, 깎임 0.0%, 조각 1, 노선 lane -1 겹침 0.0m2
공동실험실습관 (N11) way452365446: 면적 1346.1 -> 1346.1m2, 깎임 0.0%, 조각 1, 노선 lane -1 겹침 0.0m2
국제교류원 (N10) way442595863: 면적 1459.5 -> 1459.5m2, 깎임 0.0%, 조각 1, 노선 lane -1 겹침 0.0m2
대학본부 (N10) way442595862: 면적 1063.7 -> 1063.7m2, 깎임 0.0%, 조각 1, 노선 lane -1 겹침 0.0m2
명덕관 (S17-2) way442760314: 면적 1078.2 -> 1078.2m2, 깎임 0.0%, 조각 1, 노선 lane -1 겹침 0.0m2
법학전문대학원 (N2) way692587909: 면적 4692.8 -> 4692.8m2, 깎임 0.0%, 조각 1, 노선 lane -1 겹침 0.0m2
세종국가정책대학원 way446440346: 면적 851.7 -> 851.7m2, 깎임 0.0%, 조각 1, 노선 lane -1 겹침 0.0m2
씨비엔유 스타 way692594348: 면적 807.3 -> 807.3m2, 깎임 0.0%, 조각 1, 노선 lane -1 겹침 0.0m2
양성재 way442760311: 면적 171.8 -> 171.8m2, 깎임 0.0%, 조각 1, 노선 lane -1 겹침 0.0m2
이마트24 충북대대학본부점 way692594349: 면적 691.0 -> 691.0m2, 깎임 0.0%, 조각 1, 노선 lane -1 겹침 0.0m2
자연과학대학 본관 (S1-1) way452270376: 면적 2171.8 -> 2171.8m2, 깎임 0.0%, 조각 1, 노선 lane -1 겹침 0.0m2
정의관 way446440349: 면적 311.9 -> 311.9m2, 깎임 0.0%, 조각 1, 노선 lane -1 겹침 0.0m2
중앙도서관 구관 (N12) way442066135: 면적 3766.8 -> 3766.8m2, 깎임 0.0%, 조각 1, 노선 lane -1 겹침 0.0m2
차고 (S10) way471400916: 면적 388.4 -> 388.4m2, 깎임 0.0%, 조각 1, 노선 lane -1 겹침 0.0m2
첨단바이오 연구센터 (S20) way442760304: 면적 2072.8 -> 2072.8m2, 깎임 0.0%, 조각 1, 노선 lane -1 겹침 0.0m2
깎인 비율 50% 초과 0동: []
깎임 0 인 동 18 / 30
-> /home/gyumin/campus_mobility_sim/map/data/processed/s40_b2_cut.csv, /home/gyumin/campus_mobility_sim/map/docs/figures/s40_b2_cut_grid.png
