[1] 캠퍼스 경계를 지나는 주행 차선(road 단위, 진행 방향 = s 증가)
  r1368 lane-1: 들어옴(밖->안), 경계 교차점에서 back_gate 정류장까지 27.5m, 이 차선에서 캠퍼스 안(중문 road) 도달 가능
  r1366 lane-1: 나감(안->밖), 경계 교차점에서 back_gate 정류장까지 32.5m, 캠퍼스 안(중문 road)에서 도달 가능
  r1279 lane-1: 들어옴(밖->안), 경계 교차점에서 back_gate 정류장까지 56.6m, 이 차선에서 캠퍼스 안(중문 road) 도달 가능
  r1151 lane-1: 나감(안->밖), 경계 교차점에서 back_gate 정류장까지 57.3m, 캠퍼스 안(중문 road)에서 도달 가능
  r1150 lane-1: 나감(안->밖), 경계 교차점에서 main_gate 정류장까지 22.7m, 캠퍼스 안(중문 road)에서 도달 불가
  r1278 lane-1: 들어옴(밖->안), 경계 교차점에서 main_gate 정류장까지 25.3m, 이 차선에서 캠퍼스 안(중문 road) 도달 가능
  r1381 lane-1: 나감(안->밖), 경계 교차점에서 main_gate 정류장까지 619.5m, 캠퍼스 안(중문 road)에서 도달 가능
  r1245 lane-1: 들어옴(밖->안), 경계 교차점에서 main_gate 정류장까지 620.9m, 이 차선에서 캠퍼스 안(중문 road) 도달 가능
  r1362 lane-1: 나감(안->밖), 경계 교차점에서 main_gate 정류장까지 697.0m, 캠퍼스 안(중문 road)에서 도달 가능
  r1231 lane-1: 들어옴(밖->안), 경계 교차점에서 main_gate 정류장까지 700.4m, 이 차선에서 캠퍼스 안(중문 road) 도달 가능
  r1365 lane-1: 나감(안->밖), 경계 교차점에서 main_gate 정류장까지 841.7m, 캠퍼스 안(중문 road)에서 도달 가능
  r1234 lane-1: 들어옴(밖->안), 경계 교차점에서 main_gate 정류장까지 844.2m, 이 차선에서 캠퍼스 안(중문 road) 도달 가능
  합계 12: 들어옴 6, 나감 6

[2] 정류장 30쌍 도달(출발 -> 도착)
  정문 -> 도서관 북문:O 도서관 남문:O 중문:O 양성재:O 후문:O
  도서관 북문 -> 정문:X 도서관 남문:O 중문:O 양성재:O 후문:O
  도서관 남문 -> 정문:X 도서관 북문:O 중문:O 양성재:O 후문:O
  중문 -> 정문:X 도서관 북문:O 도서관 남문:O 양성재:O 후문:O
  양성재 -> 정문:X 도서관 북문:O 도서관 남문:O 중문:O 후문:O
  후문 -> 정문:X 도서관 북문:O 도서관 남문:O 중문:O 양성재:O
  도달 가능 25/30
