map_sha256=5240ca8b883e42c0 (cbnu_campus_frozen_v2.xodr)
route=yangseong: 17 road [1278, 1969, 1393, 1972, 1392, 1484, 1202, 1465, 1157, 1738, 1156, 1765, 1155, 1772, 1154, 1865, 1153]
  종점 road1153 lane-1 s=22.0 (완주 s>=21.0 이고 종점 5m 이내) - 양성재(서문) 앞(건물 외곽선 45.7m)
  커넥터 {1969: 1, 1972: 109, 1484: 43, 1465: 11, 1738: 10, 1765: 9, 1772: 8, 1865: 7}, 급회전 {1484: 78.4}
controller=agent, 동기모드=켬 0.05s
conn_spacing=4.0m(전 구간), sharp_speed=없음
follow=on(뒤 8m, 위 4m, 매 tick)
맵: Carla/Maps/OpenDriveMap, spawn point 1302개
server_map_sha256=5240ca8b883e42c0 (파일과 일치)
기존 차량 액터 제거: [29]
spawn: Location(x=217.845581, y=-1087.414185, z=0.500000) road1278 lane-1 s=0.00
계획 CSV: /home/gyumin/campus_mobility_sim/map/docs/logs/drive_plan_20261009_002843.csv
계획 웨이포인트 총 168개
road   kind  n  s범위          최대간격(m)
1278   road  39 1.96~151.01  4.38
1969   conn  2  1.07~3.22  2.93
1393   road  10 1.85~35.20  4.0
1972   conn  1  1.48~1.48  2.07
1392   road  15 1.87~54.20  4.13
1484   conn  4  1.74~12.17  3.33
1202   road  30 1.98~117.07  3.97
1465   conn  4  1.99~13.94  3.98
1157   road  6  1.69~18.62  3.69
1738   conn  4  1.88~13.17  3.85
1156   road  16 1.88~58.16  3.77
1765   conn  4  1.94~13.57  3.88
1155   road  15 1.96~56.97  3.93
1772   conn  5  1.69~15.22  3.66
1154   road  3  1.74~8.72  3.5
1865   conn  4  1.99~13.96  4.35
1153   road  6  1.83~20.17  4.1
커넥터 안쪽 점: 28개 / 점 없는 커넥터: 없음
전체 최대 간격 4.38m, 평균 3.80m
인접 road 연결 확인: 16쌍 모두 next() 로 이어짐
판정: record(세션19, 종료/기록 분리)
궤적 로그(tick마다 기록): /home/gyumin/campus_mobility_sim/map/docs/logs/drive_log_20261009_002843.csv
차량 스폰: actor_id=31
bounding box: half_length=1.853m half_width=0.894m half_height=0.775m -> /home/gyumin/campus_mobility_sim/map/docs/logs/vehicle_bbox_20261009_002843.txt
충돌 센서 부착: actor_id=32 -> /home/gyumin/campus_mobility_sim/map/docs/logs/collision_events_20261009_002843.csv
BasicAgent set_global_plan 168점, target_speed=20.0km/h, dt=0.05
[동기모드] 전환 전: synchronous_mode=False fixed_delta_seconds=None
[동기모드] 전환 후: synchronous_mode=True fixed_delta_seconds=0.05
[전이] t=   0.05s road1278 일반 speed= 0.01m/s limit=30km/h
t=   0.1s (  217.85,-1087.41) speed= 0.01m/s road1278 s=   0.0 on_road=True
t=   1.1s (  217.86,-1087.09) speed= 1.58m/s road1278 s=   0.3 on_road=True
t=   2.1s (  217.99,-1084.35) speed= 3.86m/s road1278 s=   3.1 on_road=True
t=   3.1s (  218.23,-1079.51) speed= 5.41m/s road1278 s=   7.9 on_road=True
t=   4.1s (  218.49,-1074.11) speed= 4.28m/s road1278 s=  13.3 on_road=True
t=   5.1s (  218.73,-1069.21) speed= 5.38m/s road1278 s=  18.2 on_road=True
t=   6.1s (  218.99,-1063.91) speed= 3.87m/s road1278 s=  23.5 on_road=True
t=   7.1s (  219.22,-1059.23) speed= 5.32m/s road1278 s=  28.2 on_road=True
t=   8.1s (  219.49,-1053.63) speed= 5.04m/s road1278 s=  33.8 on_road=True
t=   9.1s (  219.72,-1049.01) speed= 5.30m/s road1278 s=  38.5 on_road=True
[tick 대조] fixed_delta=0.05 delta_seconds=0.0500 시뮬경과/프레임=0.0500s 벽시계 162.6 tick/s (프레임 200)
t=  10.1s (  220.00,-1043.39) speed= 5.04m/s road1278 s=  44.1 on_road=True
t=  11.1s (  220.28,-1038.80) speed= 5.20m/s road1278 s=  48.7 on_road=True
t=  12.1s (  220.69,-1033.29) speed= 5.05m/s road1278 s=  54.2 on_road=True
t=  13.1s (  221.10,-1028.69) speed= 5.25m/s road1278 s=  58.8 on_road=True
t=  14.1s (  221.65,-1023.15) speed= 5.05m/s road1278 s=  64.3 on_road=True
t=  15.1s (  222.14,-1018.56) speed= 5.23m/s road1278 s=  68.9 on_road=True
t=  16.1s (  222.82,-1013.06) speed= 4.92m/s road1278 s=  74.5 on_road=True
t=  17.1s (  223.79,-1008.53) speed= 5.19m/s road1278 s=  79.0 on_road=True
t=  18.1s (  225.50,-1003.31) speed= 4.42m/s road1278 s=  84.2 on_road=True
t=  19.1s (  227.24, -999.01) speed= 5.15m/s road1278 s=  88.9 on_road=True
t=  20.1s (  229.98, -994.35) speed= 4.29m/s road1278 s=  94.2 on_road=True
t=  21.1s (  233.10, -990.69) speed= 5.23m/s road1278 s=  98.7 on_road=True
t=  22.1s (  236.96, -987.08) speed= 4.11m/s road1278 s= 103.9 on_road=True
t=  23.1s (  240.68, -983.91) speed= 5.66m/s road1278 s= 108.8 on_road=True
t=  24.1s (  244.71, -980.59) speed= 4.14m/s road1278 s= 114.1 on_road=True
t=  25.1s (  248.57, -977.46) speed= 6.00m/s road1278 s= 119.0 on_road=True
t=  26.1s (  252.60, -974.22) speed= 4.25m/s road1278 s= 124.2 on_road=True
t=  27.1s (  256.57, -971.06) speed= 6.29m/s road1278 s= 129.3 on_road=True
t=  28.1s (  260.52, -967.95) speed= 4.31m/s road1278 s= 134.2 on_road=True
t=  29.1s (  264.61, -964.77) speed= 6.26m/s road1278 s= 139.4 on_road=True
t=  30.1s (  268.55, -961.76) speed= 4.40m/s road1278 s= 144.4 on_road=True
t=  31.1s (  272.71, -958.56) speed= 6.19m/s road1278 s= 149.6 on_road=True
[전이] t=  31.55s road1970 커넥터 speed= 4.86m/s limit=30km/h
[계획 이탈] t=31.55s road1970 는 계획의 현재/다음 road 가 아님(비치명, 계속 주행)
[전이] t=  31.65s road1278 일반 speed= 4.26m/s limit=30km/h
[전이] t=  31.75s road1969 커넥터 speed= 4.11m/s limit=30km/h
t=  32.1s (  276.48, -955.48) speed= 4.54m/s road1969 s=   1.6 on_road=True
[전이] t=  32.60s road1393 일반 speed= 5.33m/s limit=30km/h
t=  33.1s (  280.53, -952.15) speed= 6.17m/s road1393 s=   2.5 on_road=True
t=  34.1s (  284.58, -948.96) speed= 4.23m/s road1393 s=   7.7 on_road=True
t=  35.1s (  288.76, -946.12) speed= 6.24m/s road1393 s=  12.5 on_road=True
t=  36.1s (  293.07, -943.50) speed= 4.36m/s road1393 s=  17.5 on_road=True
t=  37.1s (  297.59, -940.88) speed= 6.37m/s road1393 s=  22.7 on_road=True
t=  38.1s (  301.90, -938.44) speed= 4.41m/s road1393 s=  27.7 on_road=True
t=  39.1s (  306.28, -935.67) speed= 5.91m/s road1393 s=  32.9 on_road=True
[전이] t=  39.65s road1972 커넥터 speed= 5.21m/s limit=30km/h
t=  40.1s (  310.22, -932.36) speed= 4.12m/s road1972 s=   2.5 on_road=True
[전이] t=  40.25s road1971 커넥터 speed= 4.46m/s limit=30km/h
[전이] t=  40.50s road1392 일반 speed= 4.98m/s limit=30km/h
t=  41.1s (  314.10, -929.27) speed= 5.95m/s road1392 s=   3.6 on_road=True
t=  42.1s (  318.19, -926.18) speed= 4.20m/s road1392 s=   8.7 on_road=True
t=  43.1s (  322.26, -923.16) speed= 6.19m/s road1392 s=  13.8 on_road=True
t=  44.1s (  326.35, -920.16) speed= 4.33m/s road1392 s=  18.9 on_road=True
t=  45.1s (  330.55, -917.10) speed= 6.27m/s road1392 s=  24.1 on_road=True
t=  46.1s (  334.63, -914.13) speed= 4.46m/s road1392 s=  29.1 on_road=True
t=  47.1s (  338.94, -911.00) speed= 6.34m/s road1392 s=  34.5 on_road=True
t=  48.1s (  342.89, -908.14) speed= 4.50m/s road1392 s=  39.3 on_road=True
t=  49.1s (  347.18, -905.04) speed= 6.27m/s road1392 s=  44.6 on_road=True
t=  50.1s (  351.20, -902.12) speed= 4.39m/s road1392 s=  49.6 on_road=True
t=  51.1s (  355.23, -898.79) speed= 6.17m/s road1392 s=  54.8 on_road=True
[전이] t=  51.10s road1487 커넥터 speed= 6.05m/s limit=30km/h
[전이] t=  51.25s road1392 일반 speed= 5.45m/s limit=30km/h
[전이] t=  51.30s road1484 커넥터 speed= 5.35m/s limit=30km/h
t=  52.1s (  357.45, -894.54) speed= 4.63m/s road1484 s=   5.2 on_road=False
t=  53.1s (  357.23, -889.25) speed= 5.96m/s road1484 s=  12.8 on_road=True
[전이] t=  53.25s road1483 커넥터 speed= 5.51m/s limit=30km/h
[전이] t=  53.45s road1202 일반 speed= 5.18m/s limit=30km/h
t=  54.1s (  355.95, -884.75) speed= 4.44m/s road1202 s=   3.8 on_road=True
t=  55.1s (  354.05, -879.76) speed= 6.28m/s road1202 s=   9.1 on_road=True
t=  56.1s (  352.18, -875.32) speed= 4.48m/s road1202 s=  13.9 on_road=True
t=  57.1s (  350.03, -870.44) speed= 6.17m/s road1202 s=  19.3 on_road=True
t=  58.1s (  348.05, -866.05) speed= 4.63m/s road1202 s=  24.1 on_road=True
t=  59.1s (  345.79, -861.08) speed= 5.99m/s road1202 s=  29.5 on_road=True
--- 메모리 측정(주행중(차량1대+BasicAgent, 동기 20Hz)) ---
total        used        free      shared  buff/cache   available
Mem:            12Gi       7.4Gi       3.6Gi       121Mi       1.8Gi       5.0Gi
Swap:          8.0Gi       1.0Gi       7.0Gi
gtt_used: 1496301568 bytes (1.39GiB)
t=  60.1s (  343.83, -856.79) speed= 4.70m/s road1202 s=  34.3 on_road=True
t=  61.1s (  341.54, -851.78) speed= 5.87m/s road1202 s=  39.8 on_road=True
t=  62.1s (  339.57, -847.50) speed= 4.81m/s road1202 s=  44.5 on_road=True
t=  63.1s (  337.27, -842.50) speed= 6.07m/s road1202 s=  50.0 on_road=True
t=  64.1s (  335.26, -838.13) speed= 4.76m/s road1202 s=  54.8 on_road=True
t=  65.1s (  333.06, -833.33) speed= 5.98m/s road1202 s=  60.1 on_road=True
t=  66.1s (  330.91, -828.66) speed= 4.21m/s road1202 s=  65.2 on_road=True
t=  67.1s (  328.80, -824.09) speed= 5.32m/s road1202 s=  70.2 on_road=True
t=  68.1s (  326.56, -819.21) speed= 4.25m/s road1202 s=  75.6 on_road=True
t=  69.1s (  324.48, -814.69) speed= 5.38m/s road1202 s=  80.6 on_road=True
t=  70.1s (  322.17, -809.67) speed= 4.21m/s road1202 s=  86.1 on_road=True
t=  71.1s (  320.19, -805.38) speed= 5.29m/s road1202 s=  90.8 on_road=True
t=  72.1s (  317.93, -800.46) speed= 4.13m/s road1202 s=  96.3 on_road=True
t=  73.1s (  315.93, -796.11) speed= 5.29m/s road1202 s= 101.0 on_road=True
t=  74.1s (  313.68, -791.21) speed= 4.11m/s road1202 s= 106.4 on_road=True
t=  75.1s (  311.65, -786.80) speed= 5.42m/s road1202 s= 111.3 on_road=True
t=  76.1s (  309.39, -781.90) speed= 4.26m/s road1202 s= 116.7 on_road=True
[전이] t=  76.60s road1465 커넥터 speed= 5.07m/s limit=30km/h
t=  77.1s (  307.31, -777.46) speed= 5.31m/s road1465 s=   2.5 on_road=True
t=  78.1s (  305.01, -772.67) speed= 4.09m/s road1465 s=   7.9 on_road=True
t=  79.1s (  302.86, -768.27) speed= 5.51m/s road1465 s=  12.8 on_road=True
[전이] t=  79.60s road1157 일반 speed= 5.16m/s limit=30km/h
t=  80.1s (  300.54, -763.55) speed= 4.18m/s road1157 s=   2.1 on_road=True
t=  81.1s (  298.32, -759.06) speed= 5.96m/s road1157 s=   7.1 on_road=True
t=  82.1s (  296.03, -754.44) speed= 4.22m/s road1157 s=  12.3 on_road=True
t=  83.1s (  293.77, -749.90) speed= 6.20m/s road1157 s=  17.4 on_road=True
[전이] t=  83.60s road1737 커넥터 speed= 5.09m/s limit=30km/h
[전이] t=  83.65s road1738 커넥터 speed= 4.91m/s limit=30km/h
t=  84.1s (  291.54, -745.33) speed= 4.33m/s road1738 s=   2.1 on_road=True
t=  85.1s (  289.34, -740.60) speed= 6.50m/s road1738 s=   7.3 on_road=True
[전이] t=  85.10s road1742 커넥터 speed= 6.56m/s limit=30km/h
[전이] t=  85.15s road1738 커넥터 speed= 6.41m/s limit=30km/h
[전이] t=  85.20s road1740 커넥터 speed= 6.33m/s limit=30km/h
[전이] t=  85.25s road1738 커넥터 speed= 6.09m/s limit=30km/h
t=  86.1s (  287.34, -735.91) speed= 4.30m/s road1738 s=  12.3 on_road=True
[전이] t=  86.65s road1156 일반 speed= 5.23m/s limit=30km/h
t=  87.1s (  285.40, -731.11) speed= 6.26m/s road1156 s=   2.4 on_road=True
t=  88.1s (  283.55, -726.51) speed= 4.40m/s road1156 s=   7.4 on_road=True
t=  89.1s (  281.46, -721.68) speed= 6.22m/s road1156 s=  12.7 on_road=True
t=  90.1s (  279.44, -717.22) speed= 4.52m/s road1156 s=  17.7 on_road=True
t=  91.1s (  277.19, -712.37) speed= 6.09m/s road1156 s=  23.0 on_road=True
t=  92.1s (  275.17, -708.06) speed= 4.61m/s road1156 s=  27.8 on_road=True
t=  93.1s (  272.86, -703.15) speed= 6.12m/s road1156 s=  33.2 on_road=True
t=  94.1s (  270.79, -698.77) speed= 4.72m/s road1156 s=  38.1 on_road=True
t=  95.1s (  268.43, -693.79) speed= 5.75m/s road1156 s=  43.6 on_road=True
t=  96.1s (  266.44, -689.57) speed= 4.81m/s road1156 s=  48.2 on_road=True
t=  97.1s (  264.05, -684.52) speed= 5.81m/s road1156 s=  53.8 on_road=True
t=  98.1s (  262.05, -680.29) speed= 4.82m/s road1156 s=  58.5 on_road=True
[전이] t=  98.35s road1764 커넥터 speed= 5.39m/s limit=30km/h
[전이] t=  98.40s road1765 커넥터 speed= 5.30m/s limit=30km/h
t=  99.1s (  259.68, -675.29) speed= 5.76m/s road1765 s=   4.0 on_road=True
t= 100.1s (  257.65, -670.99) speed= 4.94m/s road1765 s=   8.8 on_road=True
t= 101.1s (  255.28, -665.98) speed= 6.03m/s road1765 s=  14.3 on_road=True
[전이] t= 101.30s road1155 일반 speed= 5.08m/s limit=30km/h
t= 102.1s (  253.24, -661.66) speed= 4.73m/s road1155 s=   3.6 on_road=True
t= 103.1s (  250.88, -656.67) speed= 5.82m/s road1155 s=   9.1 on_road=True
t= 104.1s (  248.87, -652.42) speed= 4.83m/s road1155 s=  13.8 on_road=True
t= 105.1s (  246.50, -647.43) speed= 6.01m/s road1155 s=  19.3 on_road=True
t= 106.1s (  244.48, -643.15) speed= 4.71m/s road1155 s=  24.0 on_road=True
t= 107.1s (  242.17, -638.28) speed= 6.22m/s road1155 s=  29.4 on_road=True
t= 108.1s (  240.06, -633.82) speed= 4.52m/s road1155 s=  34.4 on_road=True
t= 109.1s (  237.80, -629.04) speed= 6.26m/s road1155 s=  39.7 on_road=True
t= 110.1s (  235.64, -624.48) speed= 4.45m/s road1155 s=  44.7 on_road=True
t= 111.1s (  233.41, -619.76) speed= 6.23m/s road1155 s=  49.9 on_road=True
t= 112.1s (  231.23, -615.16) speed= 4.34m/s road1155 s=  55.0 on_road=True
[전이] t= 112.85s road1772 커넥터 speed= 5.32m/s limit=30km/h
t= 113.1s (  229.04, -610.53) speed= 5.92m/s road1772 s=   1.2 on_road=True
t= 114.1s (  226.82, -605.85) speed= 4.23m/s road1772 s=   6.4 on_road=True
t= 115.1s (  224.66, -601.27) speed= 5.94m/s road1772 s=  11.4 on_road=True
[전이] t= 115.85s road1776 커넥터 speed= 4.18m/s limit=30km/h
t= 116.1s (  222.42, -596.59) speed= 4.24m/s road1776 s=  16.1 on_road=True
[전이] t= 116.15s road1154 일반 speed= 4.41m/s limit=30km/h
t= 117.1s (  220.15, -592.05) speed= 6.26m/s road1154 s=   4.8 on_road=True
[전이] t= 118.00s road1866 커넥터 speed= 4.20m/s limit=30km/h
t= 118.1s (  217.80, -587.60) speed= 4.29m/s road1866 s=   0.2 on_road=True
[전이] t= 118.10s road1154 일반 speed= 4.39m/s limit=30km/h
[전이] t= 118.20s road1864 커넥터 speed= 4.59m/s limit=30km/h
[전이] t= 118.70s road1865 커넥터 speed= 5.33m/s limit=30km/h
t= 119.1s (  215.40, -583.02) speed= 6.22m/s road1865 s=   4.7 on_road=True
[전이] t= 119.55s road1870 커넥터 speed= 5.03m/s limit=30km/h
[전이] t= 119.75s road1868 커넥터 speed= 4.16m/s limit=30km/h
t= 120.1s (  213.60, -578.41) speed= 4.39m/s road1868 s=   6.6 on_road=True
[전이] t= 120.10s road1865 커넥터 speed= 4.46m/s limit=30km/h
t= 121.1s (  212.47, -573.33) speed= 6.43m/s road1865 s=  14.4 on_road=True
[전이] t= 121.35s road1153 일반 speed= 5.68m/s limit=30km/h
t= 122.1s (  211.80, -568.29) speed= 4.33m/s road1153 s=   3.4 on_road=True
t= 123.1s (  211.47, -563.13) speed= 6.20m/s road1153 s=   8.6 on_road=True
t= 124.1s (  212.04, -558.28) speed= 4.35m/s road1153 s=  13.3 on_road=True
t= 125.1s (  213.31, -553.20) speed= 6.27m/s road1153 s=  18.3 on_road=True
[계획 소진] t=125.30s 완주 전에 계획 웨이포인트가 모두 소진됨(이후 제동, 정체 조건으로 판정)
완주: t=125.7s 종점까지 0.93m

=== 요약 ===
route: yangseong (종점 road1153 s=22.0)
결과: 완주
주행 시간(시뮬): 125.7s
계획 이탈 기록: t=31.55s road1970 는 계획의 현재/다음 road 가 아님(비치명, 계속 주행)

=== 계획 vs 실제 road 시퀀스 ===
 0 계획 1278  실제 1278 
 1 계획 1969  실제 1970   <-- 불일치
 2 계획 1393  실제 1278   <-- 불일치
 3 계획 1972  실제 1969   <-- 불일치
 4 계획 1392  실제 1393   <-- 불일치
 5 계획 1484  실제 1972   <-- 불일치
 6 계획 1202  실제 1971   <-- 불일치
 7 계획 1465  실제 1392   <-- 불일치
 8 계획 1157  실제 1487   <-- 불일치
 9 계획 1738  실제 1392   <-- 불일치
10 계획 1156  실제 1484   <-- 불일치
11 계획 1765  실제 1483   <-- 불일치
12 계획 1155  실제 1202   <-- 불일치
13 계획 1772  실제 1465   <-- 불일치
14 계획 1154  실제 1157   <-- 불일치
15 계획 1865  실제 1737   <-- 불일치
16 계획 1153  실제 1738   <-- 불일치
17 계획 -     실제 1742   <-- 불일치
18 계획 -     실제 1738   <-- 불일치
19 계획 -     실제 1740   <-- 불일치
20 계획 -     실제 1738   <-- 불일치
21 계획 -     실제 1156   <-- 불일치
22 계획 -     실제 1764   <-- 불일치
23 계획 -     실제 1765   <-- 불일치
24 계획 -     실제 1155   <-- 불일치
25 계획 -     실제 1772   <-- 불일치
26 계획 -     실제 1776   <-- 불일치
27 계획 -     실제 1154   <-- 불일치
28 계획 -     실제 1866   <-- 불일치
29 계획 -     실제 1154   <-- 불일치
30 계획 -     실제 1864   <-- 불일치
31 계획 -     실제 1865   <-- 불일치
32 계획 -     실제 1870   <-- 불일치
33 계획 -     실제 1868   <-- 불일치
34 계획 -     실제 1865   <-- 불일치
35 계획 -     실제 1153   <-- 불일치
첫 불일치 위치: 1번째 (계획 1969 / 실제 1970)
junction 통과(커넥터 road 를 실제로 밟았는지):
junction1   (r1969): 통과
junction109 (r1972): 통과
junction43  (r1484): 통과
junction11  (r1465): 통과
junction10  (r1738): 통과
junction9   (r1765): 통과
junction8   (r1772): 통과
junction7   (r1865): 통과
junction2(출발 전), junction35(종점 밖)는 통과 대상 아님

=== 급회전 커넥터 이탈량 (정의: sharp_offset docstring) ===
r1484 (+78.4°): tick 38, 최대|lat| 1.70m, 최대 차체초과 +1.03m(안쪽, s=10.5), on_road False 13tick, 충돌 0건
r1484 진입: t=51.30s speed=5.35m/s(19.3km/h)

=== 차체 판정 road 별 (tick 수, 최대 차선밖 꼭짓점) ===
road1278: 인도 22tick, 차선밖꼭짓점 최대 1/4 (1개 이상 24tick), 반대차선(중심) 0tick, (계획 차선 안 0tick), 꼭짓점 침범깊이 최대 0.17m, 메시밖 0tick
road1393: 인도 2tick, 차선밖꼭짓점 최대 1/4 (1개 이상 2tick), 반대차선(중심) 0tick, (계획 차선 안 0tick), 꼭짓점 침범깊이 최대 0.00m, 메시밖 0tick
road1972: 인도 3tick, 차선밖꼭짓점 최대 1/4 (1개 이상 3tick), 반대차선(중심) 0tick, (계획 차선 안 0tick), 꼭짓점 침범깊이 최대 0.00m, 메시밖 0tick
road1392: 인도 1tick, 차선밖꼭짓점 최대 1/4 (1개 이상 1tick), 반대차선(중심) 0tick, (계획 차선 안 0tick), 꼭짓점 침범깊이 최대 0.00m, 메시밖 0tick
road1487: 인도 2tick, 차선밖꼭짓점 최대 1/4 (1개 이상 2tick), 반대차선(중심) 0tick, (계획 차선 안 0tick), 꼭짓점 침범깊이 최대 0.00m, 메시밖 0tick
road1484: 인도 39tick, 차선밖꼭짓점 최대 2/4 (1개 이상 39tick), 반대차선(중심) 0tick, (계획 차선 안 0tick), 꼭짓점 침범깊이 최대 0.00m, 메시밖 1tick
road1483: 인도 4tick, 차선밖꼭짓점 최대 1/4 (1개 이상 4tick), 반대차선(중심) 0tick, (계획 차선 안 0tick), 꼭짓점 침범깊이 최대 0.00m, 메시밖 0tick
road1202: 인도 15tick, 차선밖꼭짓점 최대 1/4 (1개 이상 15tick), 반대차선(중심) 0tick, (계획 차선 안 0tick), 꼭짓점 침범깊이 최대 0.00m, 메시밖 0tick
road1738: 인도 0tick, 차선밖꼭짓점 최대 0/4 (1개 이상 0tick), 반대차선(중심) 0tick, (계획 차선 안 0tick), 꼭짓점 침범깊이 최대 1.83m, 메시밖 0tick
road1742: 인도 0tick, 차선밖꼭짓점 최대 0/4 (1개 이상 0tick), 반대차선(중심) 0tick, (계획 차선 안 0tick), 꼭짓점 침범깊이 최대 1.40m, 메시밖 0tick
road1740: 인도 0tick, 차선밖꼭짓점 최대 0/4 (1개 이상 0tick), 반대차선(중심) 0tick, (계획 차선 안 0tick), 꼭짓점 침범깊이 최대 1.19m, 메시밖 0tick
road1765: 인도 0tick, 차선밖꼭짓점 최대 0/4 (1개 이상 0tick), 반대차선(중심) 0tick, (계획 차선 안 0tick), 꼭짓점 침범깊이 최대 1.62m, 메시밖 0tick
road1772: 인도 0tick, 차선밖꼭짓점 최대 0/4 (1개 이상 0tick), 반대차선(중심) 0tick, (계획 차선 안 0tick), 꼭짓점 침범깊이 최대 2.48m, 메시밖 0tick
road1865: 인도 0tick, 차선밖꼭짓점 최대 0/4 (1개 이상 0tick), 반대차선(중심) 0tick, (계획 차선 안 0tick), 꼭짓점 침범깊이 최대 2.51m, 메시밖 0tick
road1870: 인도 0tick, 차선밖꼭짓점 최대 0/4 (1개 이상 0tick), 반대차선(중심) 0tick, (계획 차선 안 0tick), 꼭짓점 침범깊이 최대 1.91m, 메시밖 0tick
road1868: 인도 0tick, 차선밖꼭짓점 최대 0/4 (1개 이상 0tick), 반대차선(중심) 6tick, (계획 차선 안 6tick), 꼭짓점 침범깊이 최대 1.37m, 메시밖 0tick
road1153: 인도 0tick, 차선밖꼭짓점 최대 1/4 (1개 이상 1tick), 반대차선(중심) 0tick, (계획 차선 안 0tick), 꼭짓점 침범깊이 최대 0.11m, 메시밖 0tick
(목록에 없는 road 는 전부 0)

=== 차선 이탈 구간 (차체 기준, 계획 중심선 기준, 세션19) ===
t=19.95~20.95s road1278 -중앙선 쪽 최대 lat -0.94m 차체초과 0.16m 중심초과 0.00m 21tick, 진입 17.1km/h, road 평균R 173.65 R2min 10.28
t=39.55~39.70s road1972 +인도 쪽 최대 lat +0.91m 차체초과 0.13m 중심초과 0.00m 4tick, 진입 19.6km/h, road 평균R inf R2min inf
t=51.30~53.70s road1484 +인도 쪽 최대 lat +1.80m 차체초과 1.02m 중심초과 0.12m 49tick, 진입 19.3km/h, road 평균R 10.12 R2min 7.40
t=123.90~124.50s road1153 -중앙선 쪽 최대 lat -0.88m 차체초과 0.10m 중심초과 0.00m 13tick, 진입 14.7km/h, road 평균R 52.40 R2min 10.28
합계 4구간 (중앙선 쪽 2, 인도 쪽 2), 최대 차체초과 1.02m
충돌 누적 0건
판정: record
follow=on
궤적 로그: /home/gyumin/campus_mobility_sim/map/docs/logs/drive_log_20261009_002843.csv
충돌 센서(actor_id=32) 제거함
정상 종료 - 차량(actor_id=31) 브레이크 유지로 남겨둠
[동기모드] 복귀: synchronous_mode=False fixed_delta_seconds=None
