map_sha256=5240ca8b883e42c0 (cbnu_campus_frozen_v2.xodr)
route=middle: 19 road [1278, 1969, 1393, 1972, 1392, 1485, 1410, 1712, 1411, 1630, 1314, 1655, 1315, 1644, 1316, 1635, 1317, 1877, 1360]
  종점 road1360 lane-1 s=70.0 (완주 s>=69.0 이고 종점 5m 이내) - 중문 앞(road1327 막다른 끝 5.7m 전, 문까지 약 40~80m)
  커넥터 {1969: 1, 1972: 109, 1485: 43, 1712: 59, 1630: 45, 1655: 44, 1644: 46, 1635: 47, 1877: 49}, 급회전 {1630: -97.2, 1877: -71.4}
controller=agent, 동기모드=켬 0.05s
conn_spacing=4.0m(전 구간), sharp_speed=없음
follow=on(뒤 8m, 위 4m, 매 tick)
맵: Carla/Maps/OpenDriveMap, spawn point 1302개
server_map_sha256=5240ca8b883e42c0 (파일과 일치)
기존 차량 액터 제거: [27]
spawn: Location(x=217.845581, y=-1087.414185, z=0.500000) road1278 lane-1 s=0.00
계획 CSV: /home/gyumin/campus_mobility_sim/map/docs/logs/drive_plan_20261009_002823.csv
계획 웨이포인트 총 184개
road   kind  n  s범위          최대간격(m)
1278   road  39 1.96~151.01  4.38
1969   conn  2  1.07~3.22  2.93
1393   road  10 1.85~35.20  4.0
1972   conn  1  1.48~1.48  2.07
1392   road  15 1.87~54.20  4.13
1485   conn  5  1.63~14.67  3.5
1410   road  16 1.88~58.17  3.75
1712   conn  4  1.91~13.39  3.83
1411   road  21 1.95~79.75  3.9
1630   conn  4  1.67~11.66  4.33
1314   road  2  1.69~5.06  3.56
1655   conn  4  1.94~13.55  3.87
1315   road  8  1.99~29.82  3.98
1644   conn  4  1.86~13.01  3.85
1316   road  19 1.93~71.56  3.88
1635   conn  5  1.80~16.19  3.74
1317   road  4  1.88~13.15  3.75
1877   conn  3  1.38~6.90  4.78
1360   road  18 1.94~68.06  4.21
커넥터 안쪽 점: 32개 / 점 없는 커넥터: 없음
전체 최대 간격 4.78m, 평균 3.79m
인접 road 연결 확인: 18쌍 모두 next() 로 이어짐
판정: record(세션19, 종료/기록 분리)
궤적 로그(tick마다 기록): /home/gyumin/campus_mobility_sim/map/docs/logs/drive_log_20261009_002823.csv
차량 스폰: actor_id=29
bounding box: half_length=1.853m half_width=0.894m half_height=0.775m -> /home/gyumin/campus_mobility_sim/map/docs/logs/vehicle_bbox_20261009_002823.txt
충돌 센서 부착: actor_id=30 -> /home/gyumin/campus_mobility_sim/map/docs/logs/collision_events_20261009_002823.csv
BasicAgent set_global_plan 184점, target_speed=20.0km/h, dt=0.05
[동기모드] 전환 전: synchronous_mode=False fixed_delta_seconds=None
[동기모드] 전환 후: synchronous_mode=True fixed_delta_seconds=0.05
[전이] t=   0.05s road1278 일반 speed= 0.04m/s limit=30km/h
t=   0.1s (  217.85,-1087.41) speed= 0.04m/s road1278 s=   0.0 on_road=True
t=   1.1s (  217.86,-1087.09) speed= 1.59m/s road1278 s=   0.3 on_road=True
t=   2.1s (  217.99,-1084.35) speed= 3.86m/s road1278 s=   3.1 on_road=True
t=   3.1s (  218.23,-1079.51) speed= 5.31m/s road1278 s=   7.9 on_road=True
t=   4.1s (  218.50,-1073.93) speed= 4.78m/s road1278 s=  13.5 on_road=True
t=   5.1s (  218.73,-1069.30) speed= 5.37m/s road1278 s=  18.1 on_road=True
t=   6.1s (  219.00,-1063.73) speed= 4.97m/s road1278 s=  23.7 on_road=True
t=   7.1s (  219.23,-1059.07) speed= 5.38m/s road1278 s=  28.4 on_road=True
t=   8.1s (  219.50,-1053.47) speed= 5.05m/s road1278 s=  34.0 on_road=True
t=   9.1s (  219.72,-1048.88) speed= 5.18m/s road1278 s=  38.6 on_road=True
[tick 대조] fixed_delta=0.05 delta_seconds=0.0500 시뮬경과/프레임=0.0500s 벽시계 162.3 tick/s (프레임 200)
t=  10.1s (  220.01,-1043.30) speed= 5.73m/s road1278 s=  44.2 on_road=True
t=  11.1s (  220.29,-1038.63) speed= 4.81m/s road1278 s=  48.8 on_road=True
t=  12.1s (  220.70,-1033.11) speed= 5.56m/s road1278 s=  54.4 on_road=True
t=  13.1s (  221.12,-1028.48) speed= 4.93m/s road1278 s=  59.0 on_road=True
t=  14.1s (  221.68,-1022.93) speed= 5.35m/s road1278 s=  64.6 on_road=True
t=  15.1s (  222.16,-1018.36) speed= 5.01m/s road1278 s=  69.1 on_road=True
t=  16.1s (  222.86,-1012.80) speed= 5.30m/s road1278 s=  74.8 on_road=True
t=  17.1s (  223.84,-1008.38) speed= 5.00m/s road1278 s=  79.1 on_road=True
t=  18.1s (  225.57,-1003.17) speed= 5.14m/s road1278 s=  84.4 on_road=True
t=  19.1s (  227.25, -998.96) speed= 5.07m/s road1278 s=  88.9 on_road=True
t=  20.1s (  230.05, -994.15) speed= 5.21m/s road1278 s=  94.4 on_road=True
t=  21.1s (  233.09, -990.69) speed= 5.15m/s road1278 s=  98.7 on_road=True
t=  22.1s (  237.19, -986.90) speed= 5.15m/s road1278 s= 104.2 on_road=True
t=  23.1s (  240.79, -983.82) speed= 5.26m/s road1278 s= 109.0 on_road=True
t=  24.1s (  245.11, -980.26) speed= 5.01m/s road1278 s= 114.6 on_road=True
t=  25.1s (  248.71, -977.35) speed= 5.17m/s road1278 s= 119.2 on_road=True
t=  26.1s (  253.02, -973.89) speed= 5.06m/s road1278 s= 124.7 on_road=True
t=  27.1s (  256.65, -971.00) speed= 5.29m/s road1278 s= 129.4 on_road=True
t=  28.1s (  261.03, -967.56) speed= 5.01m/s road1278 s= 134.9 on_road=True
t=  29.1s (  264.71, -964.70) speed= 5.16m/s road1278 s= 139.5 on_road=True
t=  30.1s (  269.08, -961.36) speed= 4.37m/s road1278 s= 145.0 on_road=True
t=  31.1s (  272.78, -958.51) speed= 5.36m/s road1278 s= 149.7 on_road=True
[전이] t=  31.50s road1970 커넥터 speed= 6.26m/s limit=30km/h
[계획 이탈] t=31.50s road1970 는 계획의 현재/다음 road 가 아님(비치명, 계속 주행)
[전이] t=  31.60s road1278 일반 speed= 6.08m/s limit=30km/h
[전이] t=  31.65s road1969 커넥터 speed= 5.98m/s limit=30km/h
t=  32.1s (  277.09, -954.99) speed= 4.94m/s road1969 s=   2.5 on_road=True
[전이] t=  32.55s road1393 일반 speed= 4.50m/s limit=30km/h
t=  33.1s (  280.67, -952.04) speed= 5.37m/s road1393 s=   2.7 on_road=True
t=  34.1s (  285.18, -948.52) speed= 5.20m/s road1393 s=   8.4 on_road=True
t=  35.1s (  288.96, -946.00) speed= 5.17m/s road1393 s=  12.8 on_road=True
t=  36.1s (  293.77, -943.09) speed= 5.09m/s road1393 s=  18.3 on_road=True
t=  37.1s (  297.76, -940.79) speed= 5.32m/s road1393 s=  22.9 on_road=True
t=  38.1s (  302.60, -938.05) speed= 4.87m/s road1393 s=  28.5 on_road=True
t=  39.1s (  306.47, -935.54) speed= 5.27m/s road1393 s=  33.1 on_road=True
[전이] t=  39.65s road1972 커넥터 speed= 5.55m/s limit=30km/h
t=  40.1s (  310.62, -932.03) speed= 5.46m/s road1972 s=   2.9 on_road=True
[전이] t=  40.10s road1971 커넥터 speed= 5.28m/s limit=30km/h
[전이] t=  40.35s road1392 일반 speed= 5.24m/s limit=30km/h
t=  41.1s (  314.81, -928.73) speed= 5.10m/s road1392 s=   4.5 on_road=True
t=  42.1s (  318.73, -925.78) speed= 5.27m/s road1392 s=   9.4 on_road=True
t=  43.1s (  323.05, -922.58) speed= 4.10m/s road1392 s=  14.8 on_road=True
t=  44.1s (  326.97, -919.71) speed= 5.30m/s road1392 s=  19.7 on_road=True
t=  45.1s (  331.25, -916.59) speed= 4.10m/s road1392 s=  25.0 on_road=True
t=  46.1s (  335.21, -913.71) speed= 5.50m/s road1392 s=  29.8 on_road=True
t=  47.1s (  339.46, -910.63) speed= 4.17m/s road1392 s=  35.1 on_road=True
t=  48.1s (  343.50, -907.70) speed= 5.24m/s road1392 s=  40.1 on_road=True
t=  49.1s (  347.95, -904.48) speed= 4.30m/s road1392 s=  45.6 on_road=True
t=  50.1s (  351.80, -901.70) speed= 5.30m/s road1392 s=  50.3 on_road=True
t=  51.1s (  356.23, -898.50) speed= 4.25m/s road1392 s=  55.8 on_road=True
[전이] t=  51.15s road1485 커넥터 speed= 4.18m/s limit=30km/h
t=  52.1s (  360.16, -895.66) speed= 5.35m/s road1485 s=   4.6 on_road=True
t=  53.1s (  364.70, -892.38) speed= 4.80m/s road1485 s=  10.2 on_road=True
t=  54.1s (  368.46, -889.67) speed= 5.29m/s road1485 s=  14.8 on_road=True
[전이] t=  54.35s road1410 일반 speed= 5.83m/s limit=30km/h
t=  55.1s (  372.98, -886.41) speed= 4.72m/s road1410 s=   4.1 on_road=True
t=  56.1s (  376.83, -883.63) speed= 5.41m/s road1410 s=   8.8 on_road=True
t=  57.1s (  381.40, -880.34) speed= 5.13m/s road1410 s=  14.5 on_road=True
t=  58.1s (  385.18, -877.61) speed= 5.36m/s road1410 s=  19.1 on_road=True
t=  59.1s (  389.70, -874.34) speed= 5.11m/s road1410 s=  24.7 on_road=True
--- 메모리 측정(주행중(차량1대+BasicAgent, 동기 20Hz)) ---
total        used        free      shared  buff/cache   available
Mem:            12Gi       7.4Gi       3.5Gi       121Mi       1.8Gi       5.0Gi
Swap:          8.0Gi       1.0Gi       7.0Gi
gtt_used: 1498398720 bytes (1.40GiB)
t=  60.1s (  393.49, -871.61) speed= 5.45m/s road1410 s=  29.4 on_road=True
t=  61.1s (  398.04, -868.33) speed= 5.14m/s road1410 s=  35.0 on_road=True
t=  62.1s (  401.83, -865.59) speed= 5.35m/s road1410 s=  39.7 on_road=True
t=  63.1s (  406.36, -862.32) speed= 5.08m/s road1410 s=  45.2 on_road=True
t=  64.1s (  410.15, -859.59) speed= 5.30m/s road1410 s=  49.9 on_road=True
t=  65.1s (  414.75, -856.27) speed= 5.10m/s road1410 s=  55.6 on_road=True
[전이] t=  66.05s road1712 커넥터 speed= 5.39m/s limit=30km/h
t=  66.1s (  418.50, -853.56) speed= 5.39m/s road1712 s=   0.2 on_road=True
t=  67.1s (  423.09, -850.25) speed= 5.22m/s road1712 s=   5.8 on_road=True
t=  68.1s (  426.82, -847.56) speed= 5.13m/s road1712 s=  10.4 on_road=True
[전이] t=  68.95s road1411 일반 speed= 5.52m/s limit=30km/h
t=  69.1s (  431.39, -844.27) speed= 5.20m/s road1411 s=   0.7 on_road=True
t=  70.1s (  435.15, -841.55) speed= 5.22m/s road1411 s=   5.4 on_road=True
t=  71.1s (  439.71, -838.26) speed= 5.38m/s road1411 s=  11.0 on_road=True
t=  72.1s (  443.52, -835.51) speed= 5.16m/s road1411 s=  15.7 on_road=True
t=  73.1s (  448.06, -832.23) speed= 5.35m/s road1411 s=  21.3 on_road=True
t=  74.1s (  451.89, -829.47) speed= 5.23m/s road1411 s=  26.0 on_road=True
t=  75.1s (  456.44, -826.19) speed= 5.83m/s road1411 s=  31.6 on_road=True
t=  76.1s (  460.25, -823.44) speed= 4.83m/s road1411 s=  36.3 on_road=True
t=  77.1s (  464.75, -820.19) speed= 5.63m/s road1411 s=  41.9 on_road=True
t=  78.1s (  468.53, -817.47) speed= 4.92m/s road1411 s=  46.5 on_road=True
t=  79.1s (  473.06, -814.22) speed= 5.46m/s road1411 s=  52.1 on_road=True
t=  80.1s (  476.84, -811.51) speed= 5.04m/s road1411 s=  56.8 on_road=True
t=  81.1s (  481.39, -808.27) speed= 5.81m/s road1411 s=  62.4 on_road=True
t=  82.1s (  485.26, -805.52) speed= 4.85m/s road1411 s=  67.1 on_road=True
t=  83.1s (  489.84, -802.28) speed= 5.83m/s road1411 s=  72.7 on_road=True
t=  84.1s (  493.68, -799.59) speed= 4.83m/s road1411 s=  77.4 on_road=True
[전이] t=  84.80s road1631 커넥터 speed= 6.35m/s limit=30km/h
t=  85.1s (  498.53, -797.02) speed= 5.33m/s road1631 s=   2.3 on_road=True
[전이] t=  85.50s road1630 커넥터 speed= 4.22m/s limit=30km/h
[전이] t=  85.65s road1628 커넥터 speed= 4.29m/s limit=30km/h
t=  86.1s (  503.10, -796.52) speed= 4.78m/s road1628 s=  10.3 on_road=True
[전이] t=  86.45s road1625 커넥터 speed= 5.25m/s limit=30km/h
[전이] t=  86.70s road1650 커넥터 speed= 6.21m/s limit=30km/h
[전이] t=  87.05s road1626 커넥터 speed= 5.31m/s limit=30km/h
t=  87.1s (  507.78, -799.14) speed= 5.31m/s road1626 s=   4.1 on_road=True
[전이] t=  87.75s road1314 일반 speed= 4.58m/s limit=30km/h
t=  88.1s (  510.84, -802.73) speed= 5.24m/s road1314 s=   2.3 on_road=True
[전이] t=  88.75s road1656 커넥터 speed= 5.97m/s limit=30km/h
[전이] t=  89.05s road1655 커넥터 speed= 5.05m/s limit=30km/h
t=  89.1s (  513.85, -807.40) speed= 5.05m/s road1655 s=   1.1 on_road=True
t=  90.1s (  516.14, -811.41) speed= 5.15m/s road1655 s=   5.7 on_road=True
[전이] t=  90.15s road1652 커넥터 speed= 5.14m/s limit=30km/h
[전이] t=  90.25s road1655 커넥터 speed= 5.19m/s limit=30km/h
t=  91.1s (  518.77, -816.25) speed= 5.06m/s road1655 s=  11.2 on_road=True
[전이] t=  92.00s road1315 일반 speed= 5.23m/s limit=30km/h
t=  92.1s (  520.98, -820.38) speed= 5.29m/s road1315 s=   0.4 on_road=True
t=  93.1s (  523.58, -825.26) speed= 4.55m/s road1315 s=   5.9 on_road=True
t=  94.1s (  525.83, -829.34) speed= 5.19m/s road1315 s=  10.6 on_road=True
t=  95.1s (  528.57, -834.05) speed= 4.24m/s road1315 s=  16.1 on_road=True
t=  96.1s (  531.09, -838.09) speed= 5.29m/s road1315 s=  20.9 on_road=True
t=  97.1s (  534.06, -842.66) speed= 4.10m/s road1315 s=  26.5 on_road=True
t=  98.1s (  536.68, -846.63) speed= 5.28m/s road1315 s=  31.2 on_road=True
[전이] t=  98.20s road1644 커넥터 speed= 5.95m/s limit=30km/h
t=  99.1s (  539.71, -851.02) speed= 4.06m/s road1644 s=   4.7 on_road=True
t= 100.1s (  542.55, -854.89) speed= 5.28m/s road1644 s=   9.6 on_road=True
[전이] t= 101.00s road1316 일반 speed= 4.08m/s limit=30km/h
t= 101.1s (  545.81, -859.25) speed= 4.08m/s road1316 s=   0.3 on_road=True
[전이] t= 101.10s road1643 커넥터 speed= 4.11m/s limit=30km/h
[전이] t= 101.15s road1316 일반 speed= 4.18m/s limit=30km/h
t= 102.1s (  548.74, -863.18) speed= 5.12m/s road1316 s=   5.2 on_road=True
t= 103.1s (  551.97, -867.56) speed= 5.92m/s road1316 s=  10.6 on_road=True
t= 104.1s (  554.76, -871.37) speed= 4.76m/s road1316 s=  15.3 on_road=True
t= 105.1s (  558.03, -875.84) speed= 5.80m/s road1316 s=  20.8 on_road=True
t= 106.1s (  560.78, -879.61) speed= 4.82m/s road1316 s=  25.5 on_road=True
t= 107.1s (  564.05, -884.09) speed= 5.62m/s road1316 s=  31.0 on_road=True
t= 108.1s (  566.79, -887.85) speed= 4.91m/s road1316 s=  35.7 on_road=True
t= 109.1s (  570.08, -892.35) speed= 5.45m/s road1316 s=  41.2 on_road=True
t= 110.1s (  572.84, -896.08) speed= 5.04m/s road1316 s=  45.9 on_road=True
t= 111.1s (  576.21, -900.56) speed= 5.25m/s road1316 s=  51.5 on_road=True
t= 112.1s (  579.00, -904.20) speed= 5.11m/s road1316 s=  56.1 on_road=True
t= 113.1s (  582.45, -908.57) speed= 5.16m/s road1316 s=  61.7 on_road=True
t= 114.1s (  585.34, -912.18) speed= 5.27m/s road1316 s=  66.3 on_road=True
t= 115.1s (  588.94, -916.46) speed= 5.07m/s road1316 s=  71.9 on_road=True
[전이] t= 115.20s road1637 커넥터 speed= 4.48m/s limit=30km/h
[전이] t= 115.35s road1316 일반 speed= 4.07m/s limit=30km/h
[전이] t= 115.40s road1635 커넥터 speed= 4.09m/s limit=30km/h
t= 116.1s (  592.23, -919.62) speed= 5.20m/s road1635 s=   3.2 on_road=True
t= 117.1s (  596.96, -922.46) speed= 4.92m/s road1635 s=   9.7 on_road=True
t= 118.1s (  601.08, -924.60) speed= 5.32m/s road1635 s=  14.3 on_road=True
[전이] t= 118.65s road1639 커넥터 speed= 5.98m/s limit=30km/h
[전이] t= 118.75s road1317 일반 speed= 5.60m/s limit=30km/h
[전이] t= 118.80s road1634 커넥터 speed= 5.35m/s limit=30km/h
[전이] t= 118.85s road1317 일반 speed= 5.25m/s limit=30km/h
t= 119.1s (  606.07, -927.06) speed= 4.87m/s road1317 s=   1.7 on_road=True
t= 120.1s (  610.24, -928.09) speed= 4.97m/s road1317 s=   6.5 on_road=True
[전이] t= 120.90s road1878 커넥터 speed= 5.89m/s limit=30km/h
t= 121.1s (  615.53, -927.09) speed= 6.19m/s road1878 s=   1.8 on_road=True
[전이] t= 121.35s road1875 커넥터 speed= 5.28m/s limit=30km/h
[전이] t= 121.45s road1872 커넥터 speed= 5.04m/s limit=30km/h
[전이] t= 121.80s road1877 커넥터 speed= 4.14m/s limit=30km/h
t= 122.1s (  620.31, -928.03) speed= 4.54m/s road1877 s=   4.8 on_road=True
[전이] t= 122.40s road1873 커넥터 speed= 5.23m/s limit=30km/h
[전이] t= 122.85s road1360 일반 speed= 6.11m/s limit=30km/h
t= 123.1s (  625.33, -929.95) speed= 6.11m/s road1360 s=   1.8 on_road=True
t= 124.1s (  629.67, -931.93) speed= 4.61m/s road1360 s=   6.6 on_road=True
t= 125.1s (  634.41, -934.53) speed= 5.95m/s road1360 s=  12.0 on_road=True
t= 126.1s (  638.32, -937.15) speed= 4.68m/s road1360 s=  16.5 on_road=True
t= 127.1s (  642.64, -940.54) speed= 5.91m/s road1360 s=  22.0 on_road=True
t= 128.1s (  646.11, -943.77) speed= 4.77m/s road1360 s=  26.6 on_road=True
t= 129.1s (  649.82, -947.84) speed= 5.82m/s road1360 s=  32.0 on_road=True
t= 130.1s (  652.79, -951.59) speed= 4.86m/s road1360 s=  36.7 on_road=True
t= 131.1s (  655.92, -956.20) speed= 5.65m/s road1360 s=  42.1 on_road=True
t= 132.1s (  658.23, -960.19) speed= 4.92m/s road1360 s=  46.7 on_road=True
t= 133.1s (  660.53, -965.22) speed= 5.43m/s road1360 s=  52.1 on_road=True
t= 134.1s (  662.18, -969.56) speed= 5.06m/s road1360 s=  56.6 on_road=True
t= 135.1s (  663.99, -974.87) speed= 5.23m/s road1360 s=  62.2 on_road=True
t= 136.1s (  665.45, -979.24) speed= 5.14m/s road1360 s=  66.8 on_road=True
[계획 소진] t=136.20s 완주 전에 계획 웨이포인트가 모두 소진됨(이후 제동, 정체 조건으로 판정)
완주: t=136.6s 종점까지 0.89m

=== 요약 ===
route: middle (종점 road1360 s=70.0)
결과: 완주
주행 시간(시뮬): 136.6s
계획 이탈 기록: t=31.50s road1970 는 계획의 현재/다음 road 가 아님(비치명, 계속 주행)

=== 계획 vs 실제 road 시퀀스 ===
 0 계획 1278  실제 1278 
 1 계획 1969  실제 1970   <-- 불일치
 2 계획 1393  실제 1278   <-- 불일치
 3 계획 1972  실제 1969   <-- 불일치
 4 계획 1392  실제 1393   <-- 불일치
 5 계획 1485  실제 1972   <-- 불일치
 6 계획 1410  실제 1971   <-- 불일치
 7 계획 1712  실제 1392   <-- 불일치
 8 계획 1411  실제 1485   <-- 불일치
 9 계획 1630  실제 1410   <-- 불일치
10 계획 1314  실제 1712   <-- 불일치
11 계획 1655  실제 1411   <-- 불일치
12 계획 1315  실제 1631   <-- 불일치
13 계획 1644  실제 1630   <-- 불일치
14 계획 1316  실제 1628   <-- 불일치
15 계획 1635  실제 1625   <-- 불일치
16 계획 1317  실제 1650   <-- 불일치
17 계획 1877  실제 1626   <-- 불일치
18 계획 1360  실제 1314   <-- 불일치
19 계획 -     실제 1656   <-- 불일치
20 계획 -     실제 1655   <-- 불일치
21 계획 -     실제 1652   <-- 불일치
22 계획 -     실제 1655   <-- 불일치
23 계획 -     실제 1315   <-- 불일치
24 계획 -     실제 1644   <-- 불일치
25 계획 -     실제 1316   <-- 불일치
26 계획 -     실제 1643   <-- 불일치
27 계획 -     실제 1316   <-- 불일치
28 계획 -     실제 1637   <-- 불일치
29 계획 -     실제 1316   <-- 불일치
30 계획 -     실제 1635   <-- 불일치
31 계획 -     실제 1639   <-- 불일치
32 계획 -     실제 1317   <-- 불일치
33 계획 -     실제 1634   <-- 불일치
34 계획 -     실제 1317   <-- 불일치
35 계획 -     실제 1878   <-- 불일치
36 계획 -     실제 1875   <-- 불일치
37 계획 -     실제 1872   <-- 불일치
38 계획 -     실제 1877   <-- 불일치
39 계획 -     실제 1873   <-- 불일치
40 계획 -     실제 1360   <-- 불일치
첫 불일치 위치: 1번째 (계획 1969 / 실제 1970)
junction 통과(커넥터 road 를 실제로 밟았는지):
junction1   (r1969): 통과
junction109 (r1972): 통과
junction43  (r1485): 통과
junction59  (r1712): 통과
junction45  (r1630): 통과
junction44  (r1655): 통과
junction46  (r1644): 통과
junction47  (r1635): 통과
junction49  (r1877): 통과
junction2(출발 전), junction35(종점 밖)는 통과 대상 아님

=== 급회전 커넥터 이탈량 (정의: sharp_offset docstring) ===
r1630 (-97.2°): tick 52, 최대|lat| 1.96m, 최대 차체초과 +1.18m(안쪽, s=10.0), on_road False 0tick, 충돌 0건
r1877 (-71.4°): tick 33, 최대|lat| 1.69m, 최대 차체초과 +0.87m(안쪽, s=2.8), on_road False 0tick, 충돌 0건
r1630 진입: t=85.50s speed=4.22m/s(15.2km/h)
r1877 진입: t=121.80s speed=4.14m/s(14.9km/h)

=== 차체 판정 road 별 (tick 수, 최대 차선밖 꼭짓점) ===
road1278: 인도 22tick, 차선밖꼭짓점 최대 1/4 (1개 이상 25tick), 반대차선(중심) 0tick, (계획 차선 안 0tick), 꼭짓점 침범깊이 최대 0.16m, 메시밖 0tick
road1393: 인도 1tick, 차선밖꼭짓점 최대 1/4 (1개 이상 1tick), 반대차선(중심) 0tick, (계획 차선 안 0tick), 꼭짓점 침범깊이 최대 0.00m, 메시밖 0tick
road1972: 인도 2tick, 차선밖꼭짓점 최대 1/4 (1개 이상 2tick), 반대차선(중심) 0tick, (계획 차선 안 0tick), 꼭짓점 침범깊이 최대 0.00m, 메시밖 0tick
road1485: 인도 0tick, 차선밖꼭짓점 최대 0/4 (1개 이상 0tick), 반대차선(중심) 0tick, (계획 차선 안 0tick), 꼭짓점 침범깊이 최대 2.17m, 메시밖 0tick
road1712: 인도 0tick, 차선밖꼭짓점 최대 0/4 (1개 이상 0tick), 반대차선(중심) 0tick, (계획 차선 안 0tick), 꼭짓점 침범깊이 최대 1.61m, 메시밖 0tick
road1631: 인도 0tick, 차선밖꼭짓점 최대 0/4 (1개 이상 0tick), 반대차선(중심) 0tick, (계획 차선 안 0tick), 꼭짓점 침범깊이 최대 1.47m, 메시밖 0tick
road1630: 인도 0tick, 차선밖꼭짓점 최대 0/4 (1개 이상 0tick), 반대차선(중심) 0tick, (계획 차선 안 0tick), 꼭짓점 침범깊이 최대 1.79m, 메시밖 0tick
road1628: 인도 0tick, 차선밖꼭짓점 최대 0/4 (1개 이상 0tick), 반대차선(중심) 13tick, (계획 차선 안 8tick), 꼭짓점 침범깊이 최대 2.71m, 메시밖 0tick
road1625: 인도 0tick, 차선밖꼭짓점 최대 0/4 (1개 이상 0tick), 반대차선(중심) 0tick, (계획 차선 안 0tick), 꼭짓점 침범깊이 최대 1.62m, 메시밖 0tick
road1650: 인도 0tick, 차선밖꼭짓점 최대 0/4 (1개 이상 0tick), 반대차선(중심) 7tick, (계획 차선 안 0tick), 꼭짓점 침범깊이 최대 2.02m, 메시밖 0tick
road1626: 인도 0tick, 차선밖꼭짓점 최대 0/4 (1개 이상 0tick), 반대차선(중심) 0tick, (계획 차선 안 0tick), 꼭짓점 침범깊이 최대 2.10m, 메시밖 0tick
road1314: 인도 0tick, 차선밖꼭짓점 최대 0/4 (1개 이상 0tick), 반대차선(중심) 0tick, (계획 차선 안 0tick), 꼭짓점 침범깊이 최대 1.03m, 메시밖 0tick
road1655: 인도 0tick, 차선밖꼭짓점 최대 0/4 (1개 이상 0tick), 반대차선(중심) 0tick, (계획 차선 안 0tick), 꼭짓점 침범깊이 최대 1.45m, 메시밖 0tick
road1652: 인도 0tick, 차선밖꼭짓점 최대 0/4 (1개 이상 0tick), 반대차선(중심) 0tick, (계획 차선 안 0tick), 꼭짓점 침범깊이 최대 0.94m, 메시밖 0tick
road1635: 인도 13tick, 차선밖꼭짓점 최대 1/4 (1개 이상 13tick), 반대차선(중심) 0tick, (계획 차선 안 0tick), 꼭짓점 침범깊이 최대 0.00m, 메시밖 0tick
road1317: 인도 8tick, 차선밖꼭짓점 최대 2/4 (1개 이상 8tick), 반대차선(중심) 0tick, (계획 차선 안 0tick), 꼭짓점 침범깊이 최대 0.47m, 메시밖 0tick
road1878: 인도 0tick, 차선밖꼭짓점 최대 0/4 (1개 이상 0tick), 반대차선(중심) 0tick, (계획 차선 안 0tick), 꼭짓점 침범깊이 최대 0.74m, 메시밖 0tick
road1875: 인도 0tick, 차선밖꼭짓점 최대 0/4 (1개 이상 0tick), 반대차선(중심) 0tick, (계획 차선 안 0tick), 꼭짓점 침범깊이 최대 0.88m, 메시밖 0tick
road1872: 인도 0tick, 차선밖꼭짓점 최대 0/4 (1개 이상 0tick), 반대차선(중심) 1tick, (계획 차선 안 1tick), 꼭짓점 침범깊이 최대 0.76m, 메시밖 0tick
road1877: 인도 0tick, 차선밖꼭짓점 최대 0/4 (1개 이상 0tick), 반대차선(중심) 0tick, (계획 차선 안 0tick), 꼭짓점 침범깊이 최대 2.09m, 메시밖 0tick
road1873: 인도 0tick, 차선밖꼭짓점 최대 0/4 (1개 이상 0tick), 반대차선(중심) 0tick, (계획 차선 안 0tick), 꼭짓점 침범깊이 최대 0.72m, 메시밖 0tick
(목록에 없는 road 는 전부 0)

=== 차선 이탈 구간 (차체 기준, 계획 중심선 기준, 세션19) ===
t=20.00~20.95s road1278 -중앙선 쪽 최대 lat -0.92m 차체초과 0.14m 중심초과 0.00m 20tick, 진입 19.5km/h, road 평균R 173.65 R2min 10.28
t=39.55~39.65s road1972 +인도 쪽 최대 lat +0.90m 차체초과 0.12m 중심초과 0.00m 3tick, 진입 19.5km/h, road 평균R inf R2min inf
t=85.10~88.15s road1630 -중앙선 쪽 최대 lat -1.97m 차체초과 1.19m 중심초과 0.30m 62tick, 진입 18.8km/h, road 평균R 7.82 R2min 5.02
t=116.35~116.90s road1635 +인도 쪽 최대 lat +0.89m 차체초과 0.11m 중심초과 0.00m 12tick, 진입 18.8km/h, road 평균R 43.91 R2min 12.45
t=120.05~120.45s road1317 +인도 쪽 최대 lat +1.40m 차체초과 0.62m 중심초과 0.00m 9tick, 진입 17.9km/h, road 평균R 10.33 R2min 1.29
t=120.90~122.40s road1877 -중앙선 쪽 최대 lat -1.70m 차체초과 0.92m 중심초과 0.03m 31tick, 진입 21.2km/h, road 평균R 5.73 R2min 1.50
합계 6구간 (중앙선 쪽 3, 인도 쪽 3), 최대 차체초과 1.19m
충돌 누적 0건
판정: record
follow=on
궤적 로그: /home/gyumin/campus_mobility_sim/map/docs/logs/drive_log_20261009_002823.csv
충돌 센서(actor_id=30) 제거함
정상 종료 - 차량(actor_id=29) 브레이크 유지로 남겨둠
[동기모드] 복귀: synchronous_mode=False fixed_delta_seconds=None
