== 모드: --dry-run
== docs
.d..t...... ./
>f..t...... field_survey_2026-10-04.md
>f.st...... field_survey_2026-10-06.md
>f+++++++++ map_frozen_v2.md
>f+++++++++ map_frozen_v2_candidate.md
>f+++++++++ map_session28_report.md
>f+++++++++ map_session29_report.md
>f+++++++++ map_session29c_report.md
>f+++++++++ map_session30_report.md
>f+++++++++ map_session31_report.md
>f+++++++++ map_session32_report.md
>f+++++++++ map_session33_report.md
>f+++++++++ map_session34_report.md
>f+++++++++ map_session35_report.md
>f+++++++++ map_session36_report.md
>f+++++++++ map_session38_report.md
>f+++++++++ map_session39_report.md
>f+++++++++ map_session40_report.md
>f+++++++++ map_session41_report.md
>f..t...... presentation_2026-10-08.md
>f.st...... presentation_numbers_locked.md
>f.st...... reconversion_plan.md
.d..t...... figures/
>f+++++++++ figures/s38_props_after.png
>f+++++++++ figures/s38_props_before.png
>f+++++++++ figures/s40_b2_cut_grid.png
.d..t...... logs/
>f+++++++++ logs/collision_events_20261007_201537.csv
>f+++++++++ logs/collision_events_20261007_201853.csv
>f+++++++++ logs/collision_events_20261007_203848.csv
>f+++++++++ logs/collision_events_20261007_204603.csv
>f+++++++++ logs/collision_events_20261007_205003.csv
>f+++++++++ logs/collision_events_20261007_205331.csv
>f+++++++++ logs/collision_events_20261007_205633.csv
>f+++++++++ logs/collision_events_20261007_205938.csv
>f+++++++++ logs/collision_events_20261007_210422.csv
>f+++++++++ logs/collision_events_20261007_210727.csv
>f+++++++++ logs/collision_events_20261007_211109.csv
>f+++++++++ logs/collision_events_20261007_211456.csv
>f+++++++++ logs/collision_events_20261007_213244.csv
>f+++++++++ logs/collision_events_20261007_213610.csv
>f+++++++++ logs/collision_events_20261007_214039.csv
>f+++++++++ logs/collision_events_20261007_215048.csv
>f+++++++++ logs/collision_events_20261007_220128.csv
>f+++++++++ logs/collision_events_20261008_232341.csv
>f+++++++++ logs/collision_events_20261008_232453.csv
>f+++++++++ logs/collision_events_20261008_232538.csv
>f+++++++++ logs/collision_events_20261009_002741.csv
>f+++++++++ logs/collision_events_20261009_002800.csv
>f+++++++++ logs/collision_events_20261009_002823.csv
>f+++++++++ logs/collision_events_20261009_002843.csv
>f+++++++++ logs/drive_log_20261007_201537.csv
>f+++++++++ logs/drive_log_20261007_201853.csv
>f+++++++++ logs/drive_log_20261007_203848.csv
>f+++++++++ logs/drive_log_20261007_204603.csv
>f+++++++++ logs/drive_log_20261007_205003.csv
>f+++++++++ logs/drive_log_20261007_205331.csv
>f+++++++++ logs/drive_log_20261007_205633.csv
>f+++++++++ logs/drive_log_20261007_205938.csv
>f+++++++++ logs/drive_log_20261007_210422.csv
>f+++++++++ logs/drive_log_20261007_210727.csv
>f+++++++++ logs/drive_log_20261007_211109.csv
>f+++++++++ logs/drive_log_20261007_211456.csv
>f+++++++++ logs/drive_log_20261007_213244.csv
>f+++++++++ logs/drive_log_20261007_213610.csv
>f+++++++++ logs/drive_log_20261007_214039.csv
>f+++++++++ logs/drive_log_20261007_215048.csv
>f+++++++++ logs/drive_log_20261007_220128.csv
>f+++++++++ logs/drive_log_20261008_232341.csv
>f+++++++++ logs/drive_log_20261008_232453.csv
>f+++++++++ logs/drive_log_20261008_232538.csv
>f+++++++++ logs/drive_log_20261009_002741.csv
>f+++++++++ logs/drive_log_20261009_002800.csv
>f+++++++++ logs/drive_log_20261009_002823.csv
>f+++++++++ logs/drive_log_20261009_002843.csv
>f+++++++++ logs/drive_plan_20261007_201537.csv
>f+++++++++ logs/drive_plan_20261007_201853.csv
>f+++++++++ logs/drive_plan_20261007_203848.csv
>f+++++++++ logs/drive_plan_20261007_204603.csv
>f+++++++++ logs/drive_plan_20261007_205003.csv
>f+++++++++ logs/drive_plan_20261007_205331.csv
>f+++++++++ logs/drive_plan_20261007_205633.csv
>f+++++++++ logs/drive_plan_20261007_205938.csv
>f+++++++++ logs/drive_plan_20261007_210422.csv
>f+++++++++ logs/drive_plan_20261007_210727.csv
>f+++++++++ logs/drive_plan_20261007_211109.csv
>f+++++++++ logs/drive_plan_20261007_211456.csv
>f+++++++++ logs/drive_plan_20261007_213244.csv
>f+++++++++ logs/drive_plan_20261007_213610.csv
>f+++++++++ logs/drive_plan_20261007_214039.csv
>f+++++++++ logs/drive_plan_20261007_215048.csv
>f+++++++++ logs/drive_plan_20261007_220128.csv
>f+++++++++ logs/drive_plan_20261008_232341.csv
>f+++++++++ logs/drive_plan_20261008_232453.csv
>f+++++++++ logs/drive_plan_20261008_232538.csv
>f+++++++++ logs/drive_plan_20261009_002741.csv
>f+++++++++ logs/drive_plan_20261009_002800.csv
>f+++++++++ logs/drive_plan_20261009_002823.csv
>f+++++++++ logs/drive_plan_20261009_002843.csv
>f..t...... logs/drive_plan_dry.csv
>f+++++++++ logs/drive_plan_dry_back_map5240ca8b.csv
>f+++++++++ logs/drive_plan_dry_back_map5240ca8b_pre_s38.csv
>f..t...... logs/drive_plan_dry_middle.csv
>f+++++++++ logs/drive_plan_dry_middle_map5240ca8b.csv
>f..t...... logs/drive_plan_dry_north.csv
>f+++++++++ logs/drive_plan_dry_north_map5240ca8b.csv
>f..t...... logs/drive_plan_dry_south.csv
>f+++++++++ logs/drive_plan_dry_south_map5240ca8b.csv
>f..t...... logs/drive_plan_dry_uturn.csv
>f..t...... logs/drive_plan_dry_yangseong.csv
>f+++++++++ logs/drive_plan_dry_yangseong_map5240ca8b.csv
>f..t...... logs/s23_connectivity_cbnu_internal_only_localtm_tags73_smooth.json
>f+++++++++ logs/s23_connectivity_cbnu_internal_only_localtm_tags81_B_smooth.json
>f+++++++++ logs/s23_connectivity_cbnu_internal_only_localtm_tags81_B_smooth_turnfix.json
>f+++++++++ logs/s23_connectivity_cbnu_internal_only_localtm_tags82_A_smooth.json
>f.st...... logs/s24_reconv_list.md
>f+++++++++ logs/s28_ab_compare_selftest.log
>f+++++++++ logs/s28_elevation_survey.log
>f+++++++++ logs/s28_gate_review.log
>f+++++++++ logs/s28_gate_review.md
>f+++++++++ logs/s28_gate_route.log
>f+++++++++ logs/s28_reconvert_check_A.log
>f+++++++++ logs/s28_reconvert_check_B.log
>f+++++++++ logs/s28_road_id_map_A.csv
>f+++++++++ logs/s28_road_id_map_B.csv
>f+++++++++ logs/s28_smoothing_tags73_rebase_changes.csv
>f+++++++++ logs/s28_smoothing_tags73_rebase_report.json
>f+++++++++ logs/s28_smoothing_tags73_rebase_skipped.csv
>f+++++++++ logs/s28_smoothing_tags81_B_changes.csv
>f+++++++++ logs/s28_smoothing_tags81_B_report.json
>f+++++++++ logs/s28_smoothing_tags81_B_skipped.csv
>f+++++++++ logs/s28_smoothing_tags82_A_changes.csv
>f+++++++++ logs/s28_smoothing_tags82_A_report.json
>f+++++++++ logs/s28_smoothing_tags82_A_skipped.csv
>f+++++++++ logs/s28_turnaround_removed.json
>f+++++++++ logs/s28_turnaround_test.log
>f+++++++++ logs/s28_turnaround_test.md
>f+++++++++ logs/s29_convert_elev_autoware.log
>f+++++++++ logs/s29_convert_full_autoware.log
>f+++++++++ logs/s29_convert_full_plain.log
>f+++++++++ logs/s29_eval.log
>f+++++++++ logs/s29_halfroad.log
>f+++++++++ logs/s29_lanelet2_gaps.log
>f+++++++++ logs/s29_lanelet2_load.log
>f+++++++++ logs/s29_lanelet2_trial.md
>f+++++++++ logs/s29c_token_check.log
>f+++++++++ logs/s30_cause_check.log
>f+++++++++ logs/s30_lanelet2_merge.log
>f+++++++++ logs/s30_lanelet2_merge.md
>f+++++++++ logs/s31_ab_compare_A.log
>f+++++++++ logs/s31_ab_compare_B.log
>f+++++++++ logs/s31_cause_check_v2B.log
>f+++++++++ logs/s31_connectivity_A.log
>f+++++++++ logs/s31_connectivity_B.log
>f+++++++++ logs/s31_connectivity_B_turnfix.log
>f+++++++++ logs/s31_connectivity_frozen.log
>f+++++++++ logs/s31_id_map_A.log
>f+++++++++ logs/s31_id_map_B.log
>f+++++++++ logs/s31_idmap_B_fail.log
>f+++++++++ logs/s31_lanelet2_convert_v2B.log
>f+++++++++ logs/s31_lanelet2_gaps_v2B.log
>f+++++++++ logs/s31_lanelet2_load_v2B.log
>f+++++++++ logs/s31_lanelet2_merge_v2B.log
>f+++++++++ logs/s31_offline_regress_B.log
>f+++++++++ logs/s31_r1917_probe.log
>f+++++++++ logs/s31_reconvert_check_A.log
>f+++++++++ logs/s31_reconvert_check_B.log
>f+++++++++ logs/s31_reconvert_check_base.log
>f+++++++++ logs/s31_run_A.log
>f+++++++++ logs/s31_run_B.log
>f+++++++++ logs/s31_run_base.log
>f+++++++++ logs/s31_turnfix_scan_B.log
>f+++++++++ logs/s31_turnfix_scan_B_after.log
>f+++++++++ logs/s31_turnfix_verify_B.log
>f+++++++++ logs/s31_turnfix_write_B.log
>f+++++++++ logs/s32_backgate_reach.log
>f+++++++++ logs/s32_load_frozen_v1.log
>f+++++++++ logs/s32_load_v2.log
>f+++++++++ logs/s32_route_endpoints.log
>f+++++++++ logs/s32_yangseong_frozen_v1_run1.log
>f+++++++++ logs/s32_yangseong_run1.log
>f+++++++++ logs/s33_back_stop.log
>f+++++++++ logs/s33_memguard.log
>f+++++++++ logs/s33_runs_stdout.log
>f+++++++++ logs/s33_summary.log
>f+++++++++ logs/s33_v1_run1_load.log
>f+++++++++ logs/s33_v1_run1r2.log
>f+++++++++ logs/s33_v1_run1r2_load.log
>f+++++++++ logs/s33_v1_run2.log
>f+++++++++ logs/s33_v1_run2_load.log
>f+++++++++ logs/s33_v1_run3.log
>f+++++++++ logs/s33_v1_run3_load.log
>f+++++++++ logs/s33_v2_back_run1.log
>f+++++++++ logs/s33_v2_back_run1_load.log
>f+++++++++ logs/s33_v2_middle_run1.log
>f+++++++++ logs/s33_v2_middle_run1_load.log
>f+++++++++ logs/s33_v2_north_run1.log
>f+++++++++ logs/s33_v2_north_run1_load.log
>f+++++++++ logs/s33_v2_run1_load.log
>f+++++++++ logs/s33_v2_run1r2.log
>f+++++++++ logs/s33_v2_run1r2_load.log
>f+++++++++ logs/s33_v2_run2.log
>f+++++++++ logs/s33_v2_run2_load.log
>f+++++++++ logs/s33_v2_run3.log
>f+++++++++ logs/s33_v2_run3_load.log
>f+++++++++ logs/s33_v2_south_run1.log
>f+++++++++ logs/s33_v2_south_run1_load.log
>f+++++++++ logs/s34_curvature_all_v1.csv
>f+++++++++ logs/s34_curvature_all_v2.csv
>f+++++++++ logs/s34_extent_le0.log
>f+++++++++ logs/s34_extent_le1.log
>f+++++++++ logs/s34_r1391_curvature.log
>f+++++++++ logs/s34_survey.log
>f+++++++++ logs/s34_track_r1391.log
>f+++++++++ logs/s35D_track_r1391.log
>f+++++++++ logs/s35D_v2_back_run1.log
>f+++++++++ logs/s35D_v2_back_run1_load.log
>f+++++++++ logs/s35_metrics.log
>f+++++++++ logs/s35_plan_chord.log
>f+++++++++ logs/s35_r1391_lanes.log
>f+++++++++ logs/s35_runs_stdout.log
>f+++++++++ logs/s35_v2_back_run1.log
>f+++++++++ logs/s35_v2_back_run1_load.log
>f+++++++++ logs/s35_v2_back_run2.log
>f+++++++++ logs/s35_v2_back_run2_load.log
>f+++++++++ logs/s35_v2_back_run3.log
>f+++++++++ logs/s35_v2_back_run3_load.log
>f+++++++++ logs/s36T_v2_back_run1.log
>f+++++++++ logs/s36T_v2_back_run1_load.log
>f+++++++++ logs/s36_aim_chord.log
>f+++++++++ logs/s36_invert_aim.log
>f+++++++++ logs/s36_metrics.log
>f+++++++++ logs/s36_model.log
>f+++++++++ logs/s36_runs_stdout.log
>f+++++++++ logs/s36_spacing_model.log
>f+++++++++ logs/s36_target_trace.log
>f+++++++++ logs/s38_metrics.log
>f+++++++++ logs/s38_props_after_try2.png
>f+++++++++ logs/s38_runs_stdout.log
>f+++++++++ logs/s38_spawn_trial.json
>f+++++++++ logs/s38_spawn_trial.log
>f+++++++++ logs/s38_spawn_trial.md
>f+++++++++ logs/s38_spawn_trial_try1.json
>f+++++++++ logs/s38_spawn_trial_try1.log
>f+++++++++ logs/s38_spawn_trial_try2.json
>f+++++++++ logs/s38_spawn_trial_try2.log
>f+++++++++ logs/s38_v2_back_run1.log
>f+++++++++ logs/s38_v2_back_run1_load.log
>f+++++++++ logs/s38_v2_back_run2.log
>f+++++++++ logs/s38_v2_back_run3.log
>f+++++++++ logs/s39_building_draft.log
>f+++++++++ logs/s39_turn_radius.log
>f+++++++++ logs/s40_b2_cut.log
>f+++++++++ logs/s40_building_check.log
>f+++++++++ logs/s40_geo_check.log
>f+++++++++ logs/s40_stops.log
>f+++++++++ logs/s40_sync_preview.log
>f+++++++++ logs/s41_backgate_paths.log
>f+++++++++ logs/s41_cleanup.log
>f+++++++++ logs/s41_gnss.log
>f+++++++++ logs/s41_load.log
>f+++++++++ logs/s41_middle.log
>f+++++++++ logs/s41_north.log
>f+++++++++ logs/s41_runs_stdout.log
>f+++++++++ logs/s41_south.log
>f+++++++++ logs/s41_summary.log
>f+++++++++ logs/s41_sync_preview.log
>f+++++++++ logs/s41_sync_preview2.log
>f+++++++++ logs/s41_v2_limits.log
>f+++++++++ logs/s41_vehicle_raw.log
>f+++++++++ logs/s41_yangseong.log
>f+++++++++ logs/target_log_20261007_220128.csv
>f+++++++++ logs/target_log_20261008_232341.csv
>f+++++++++ logs/target_log_20261008_232453.csv
>f+++++++++ logs/target_log_20261008_232538.csv
>f+++++++++ logs/vehicle_bbox_20261007_201537.txt
>f+++++++++ logs/vehicle_bbox_20261007_201853.txt
>f+++++++++ logs/vehicle_bbox_20261007_203848.txt
>f+++++++++ logs/vehicle_bbox_20261007_204603.txt
>f+++++++++ logs/vehicle_bbox_20261007_205003.txt
>f+++++++++ logs/vehicle_bbox_20261007_205331.txt
>f+++++++++ logs/vehicle_bbox_20261007_205633.txt
>f+++++++++ logs/vehicle_bbox_20261007_205938.txt
>f+++++++++ logs/vehicle_bbox_20261007_210422.txt
>f+++++++++ logs/vehicle_bbox_20261007_210727.txt
>f+++++++++ logs/vehicle_bbox_20261007_211109.txt
>f+++++++++ logs/vehicle_bbox_20261007_211456.txt
>f+++++++++ logs/vehicle_bbox_20261007_213244.txt
>f+++++++++ logs/vehicle_bbox_20261007_213610.txt
>f+++++++++ logs/vehicle_bbox_20261007_214039.txt
>f+++++++++ logs/vehicle_bbox_20261007_215048.txt
>f+++++++++ logs/vehicle_bbox_20261007_220128.txt
>f+++++++++ logs/vehicle_bbox_20261008_232341.txt
>f+++++++++ logs/vehicle_bbox_20261008_232453.txt
>f+++++++++ logs/vehicle_bbox_20261008_232538.txt
>f+++++++++ logs/vehicle_bbox_20261009_002741.txt
>f+++++++++ logs/vehicle_bbox_20261009_002800.txt
>f+++++++++ logs/vehicle_bbox_20261009_002823.txt
>f+++++++++ logs/vehicle_bbox_20261009_002843.txt
== scripts
.d..t...... ./
>f+++++++++ load_campus_world.py
>f.st...... s27_reconvert.py
>f+++++++++ s28_ab_compare.py
>f+++++++++ s28_elevation_survey.py
>f+++++++++ s28_gate_review.py
>f+++++++++ s28_gate_route.py
>f+++++++++ s28_turnfix_roundtrip.py
>f+++++++++ s29_halfroad.py
>f+++++++++ s29_lanelet2_eval.py
>f+++++++++ s29_lanelet2_gaps.py
>f+++++++++ s29_lanelet2_load.py
>f+++++++++ s29_lanelet2_trial.py
>f+++++++++ s29_xodr_lanes.py
>f+++++++++ s29c_token_check.py
>f+++++++++ s30_lanelet2_cr_compare.py
>f+++++++++ s30_lanelet2_merge.py
>f+++++++++ s31_offline_regress.py
>f+++++++++ s31_r1917_probe.py
>f+++++++++ s32_backgate_reach.py
>f+++++++++ s32_route_endpoints.py
>f+++++++++ s32_traj_len.py
>f+++++++++ s33_back_stop.py
>f+++++++++ s33_one_run.sh
>f+++++++++ s33_summary.py
>f+++++++++ s34_curvature.py
>f+++++++++ s34_extent.py
>f+++++++++ s34_survey.py
>f+++++++++ s34_track_vs_geom.py
>f+++++++++ s35_back_metrics.py
>f+++++++++ s35_plan_chord.py
>f+++++++++ s36_aim_chord.py
>f+++++++++ s36_invert_aim.py
>f+++++++++ s36_model.py
>f+++++++++ s36_spacing_model.py
>f+++++++++ s38_back_run.sh
>f+++++++++ s38_back_summary.py
>f+++++++++ s38_spawn_trial.py
>f+++++++++ s39_building_draft.py
>f+++++++++ s39_turn_radius.py
>f+++++++++ s39_vehicle_raw.py
>f+++++++++ s40_b2_cut.py
>f+++++++++ s40_building_check.py
>f+++++++++ s40_stops.py
>f+++++++++ s41_gnss.py
>f+++++++++ s41_run.sh
>f+++++++++ s41_v2_limits.py
>f+++++++++ sync_to_repo.sh
== tests
.d..t...... ./
>f.st...... test_drive.py
== maps (MAPS 목록만)
>f+++++++++ cbnu_campus_frozen_v2.xodr
>f.st...... NOTICE.md
== data (DATA 목록만)
created directory /home/gyumin/speedwagon_cbnu/규민/data
>f+++++++++ stops_v2.yaml
== 최상위 docs (TOPDOCS 목록만)
>f+++++++++ handoff_1_README.md
== README
미리보기 끝. 실제 복사는 --apply
