vehicle.mitsubishi.fusorosa: 차 위치 m (333.716,-914.792,-0.004) yaw 35.98
  bbox extent m (5.136,1.972,2.126) -> 길이 10.273 폭 3.944 높이 4.253, bbox 중심 오프셋 (-0.445,-0.121,2.127)
  wheel[0] 원값 (33692.47,-91407.96,63.00) | cm 가정 차까지 3.287m, m 가정 96445.9m | 앞뒤 +3.015m 좌우 -1.308m | max_steer 70.00 radius 63.00
  wheel[1] 원값 (33538.76,-91196.20,63.00) | cm 가정 차까지 3.287m, m 가정 96194.1m | 앞뒤 +3.015m 좌우 +1.308m | max_steer 70.00 radius 63.00
  wheel[2] 원값 (33225.77,-91723.43,63.00) | cm 가정 차까지 2.845m, m 가정 96582.1m | 앞뒤 -2.615m 좌우 -1.120m | max_steer 0.00 radius 63.00
  wheel[3] 원값 (33094.22,-91542.20,63.00) | cm 가정 차까지 2.845m, m 가정 96366.9m | 앞뒤 -2.615m 좌우 +1.120m | max_steer 0.00 radius 63.00
  앞 = wheel[1, 0], 뒤 = wheel[2, 3], 축거 5.630m
vehicle.mercedes.sprinter: 차 위치 m (333.716,-914.790,-0.021) yaw 35.98
  bbox extent m (2.958,0.994,1.280) -> 길이 5.915 폭 1.988 높이 2.561, bbox 중심 오프셋 (-0.011,0.004,1.288)
  wheel[0] 원값 (33577.21,-91433.30,35.00) | cm 가정 차까지 2.106m, m 가정 96429.9m | 앞뒤 +1.932m 좌우 -0.838m | max_steer 70.00 radius 35.00
  wheel[1] 원값 (33478.76,-91297.67,35.00) | cm 가정 차까지 2.106m, m 가정 96268.7m | 앞뒤 +1.932m 좌우 +0.838m | max_steer 70.00 radius 35.00
  wheel[2] 원값 (33280.90,-91648.40,35.00) | cm 가정 차까지 1.921m, m 가정 96530.3m | 앞뒤 -1.729m 좌우 -0.838m | max_steer 0.00 radius 35.00
  wheel[3] 원값 (33182.45,-91512.77,35.00) | cm 가정 차까지 1.922m, m 가정 96369.2m | 앞뒤 -1.729m 좌우 +0.838m | max_steer 0.00 radius 35.00
  앞 = wheel[0, 1], 뒤 = wheel[3, 2], 축거 3.662m
vehicle.toyota.prius: 차 위치 m (333.716,-914.790,0.036) yaw 35.98
  bbox extent m (2.257,1.003,0.762) -> 길이 4.514 폭 2.007 높이 1.525, bbox 중심 오프셋 (0.002,-0.000,0.724)
  wheel[0] 원값 (33534.40,-91461.55,36.99) | cm 가정 차까지 1.637m, m 가정 96441.7m | 앞뒤 +1.420m 좌우 -0.815m | max_steer 70.00 radius 37.00
  wheel[1] 원값 (33438.73,-91329.76,36.99) | cm 가정 차까지 1.637m, m 가정 96285.0m | 앞뒤 +1.420m 좌우 +0.814m | max_steer 70.00 radius 37.00
  wheel[2] 원값 (33303.35,-91623.16,36.99) | cm 가정 차까지 1.595m, m 가정 96514.3m | 앞뒤 -1.399m 좌우 -0.765m | max_steer 0.00 radius 37.00
  wheel[3] 원값 (33213.49,-91499.37,36.99) | cm 가정 차까지 1.594m, m 가정 96367.2m | 앞뒤 -1.399m 좌우 +0.764m | max_steer 0.00 radius 37.00
  앞 = wheel[1, 0], 뒤 = wheel[2, 3], 축거 2.819m
vehicle.audi.a2: 차 위치 m (333.717,-914.790,-0.008) yaw 35.98
  bbox extent m (1.853,0.894,0.775) -> 길이 3.705 폭 1.789 높이 1.549, bbox 중심 오프셋 (0.000,0.000,0.782)
  wheel[0] 원값 (33514.82,-91463.44,32.99) | cm 가정 차까지 1.440m, m 가정 96436.7m | 앞뒤 +1.250m 좌우 -0.715m | max_steer 70.00 radius 33.00
  wheel[1] 원값 (33430.83,-91347.73,32.99) | cm 가정 차까지 1.440m, m 가정 96299.2m | 앞뒤 +1.250m 좌우 +0.715m | max_steer 70.00 radius 33.00
  wheel[2] 원값 (33311.98,-91610.68,32.99) | cm 가정 차까지 1.446m, m 가정 96505.5m | 앞뒤 -1.257m 좌우 -0.715m | max_steer 0.00 radius 33.00
  wheel[3] 원값 (33227.99,-91494.97,32.99) | cm 가정 차까지 1.446m, m 가정 96368.1m | 앞뒤 -1.257m 좌우 +0.715m | max_steer 0.00 radius 33.00
  앞 = wheel[1, 0], 뒤 = wheel[3, 2], 축거 2.506m
남은 차량 [31, 36]
