map_sha256=5240ca8b883e42c0 (cbnu_campus_frozen_v2.xodr)
route=south: 15 road [1278, 1969, 1393, 1972, 1392, 1484, 1202, 1466, 1271, 1734, 1270, 1464, 1269, 1601, 1268]
  종점 road1268 lane-1 s=47.0 (완주 s>=46.0 이고 종점 5m 이내) - 도서관 남문(자연대-도서관 사이, 남서 면 중점 약 57.5m)
  커넥터 {1969: 1, 1972: 109, 1484: 43, 1466: 11, 1734: 61, 1464: 85, 1601: 37}, 급회전 {1484: 78.4, 1466: -68.1}
controller=agent, 동기모드=켬 0.05s
conn_spacing=4.0m(전 구간), sharp_speed=없음
follow=on(뒤 8m, 위 4m, 매 tick)
맵: Carla/Maps/OpenDriveMap, spawn point 1302개
server_map_sha256=5240ca8b883e42c0 (파일과 일치)
기존 차량 액터 제거: [25]
spawn: Location(x=217.845581, y=-1087.414185, z=0.500000) road1278 lane-1 s=0.00
계획 CSV: /home/gyumin/campus_mobility_sim/map/docs/logs/drive_plan_20261009_002800.csv
계획 웨이포인트 총 190개
road   kind  n  s범위          최대간격(m)
1278   road  39 1.96~151.01  4.38
1969   conn  2  1.07~3.22  2.93
1393   road  10 1.85~35.20  4.0
1972   conn  1  1.48~1.48  2.07
1392   road  15 1.87~54.20  4.13
1484   conn  4  1.74~12.17  3.33
1202   road  30 1.98~117.07  3.97
1466   conn  4  1.78~12.46  4.3
1271   road  38 1.97~147.53  4.09
1734   conn  4  1.89~13.23  3.86
1270   road  13 1.95~48.68  4.06
1464   conn  5  1.74~15.69  3.7
1269   road  9  1.91~32.45  3.82
1601   conn  4  1.93~13.48  3.85
1268   road  12 1.96~45.04  3.92
커넥터 안쪽 점: 24개 / 점 없는 커넥터: 없음
전체 최대 간격 4.38m, 평균 3.85m
인접 road 연결 확인: 14쌍 모두 next() 로 이어짐
판정: record(세션19, 종료/기록 분리)
궤적 로그(tick마다 기록): /home/gyumin/campus_mobility_sim/map/docs/logs/drive_log_20261009_002800.csv
차량 스폰: actor_id=27
bounding box: half_length=1.853m half_width=0.894m half_height=0.775m -> /home/gyumin/campus_mobility_sim/map/docs/logs/vehicle_bbox_20261009_002800.txt
충돌 센서 부착: actor_id=28 -> /home/gyumin/campus_mobility_sim/map/docs/logs/collision_events_20261009_002800.csv
BasicAgent set_global_plan 190점, target_speed=20.0km/h, dt=0.05
[동기모드] 전환 전: synchronous_mode=False fixed_delta_seconds=None
[동기모드] 전환 후: synchronous_mode=True fixed_delta_seconds=0.05
[전이] t=   0.05s road1278 일반 speed= 0.02m/s limit=30km/h
t=   0.1s (  217.85,-1087.41) speed= 0.02m/s road1278 s=   0.0 on_road=True
t=   1.1s (  217.86,-1087.09) speed= 1.61m/s road1278 s=   0.3 on_road=True
t=   2.1s (  218.00,-1084.34) speed= 3.86m/s road1278 s=   3.1 on_road=True
t=   3.1s (  218.23,-1079.50) speed= 5.33m/s road1278 s=   7.9 on_road=True
t=   4.1s (  218.50,-1073.96) speed= 4.56m/s road1278 s=  13.5 on_road=True
t=   5.1s (  218.73,-1069.27) speed= 5.35m/s road1278 s=  18.2 on_road=True
t=   6.1s (  219.00,-1063.80) speed= 4.26m/s road1278 s=  23.6 on_road=True
t=   7.1s (  219.23,-1059.07) speed= 5.39m/s road1278 s=  28.4 on_road=True
t=   8.1s (  219.49,-1053.58) speed= 4.58m/s road1278 s=  33.9 on_road=True
t=   9.1s (  219.73,-1048.77) speed= 5.30m/s road1278 s=  38.7 on_road=True
[tick 대조] fixed_delta=0.05 delta_seconds=0.0500 시뮬경과/프레임=0.0500s 벽시계 159.3 tick/s (프레임 200)
t=  10.1s (  220.01,-1043.21) speed= 5.03m/s road1278 s=  44.3 on_road=True
t=  11.1s (  220.29,-1038.61) speed= 5.10m/s road1278 s=  48.9 on_road=True
t=  12.1s (  220.70,-1033.14) speed= 4.80m/s road1278 s=  54.4 on_road=True
t=  13.1s (  221.12,-1028.46) speed= 5.21m/s road1278 s=  59.0 on_road=True
t=  14.1s (  221.67,-1023.01) speed= 4.30m/s road1278 s=  64.5 on_road=True
t=  15.1s (  222.16,-1018.33) speed= 5.21m/s road1278 s=  69.2 on_road=True
t=  16.1s (  222.84,-1012.97) speed= 4.07m/s road1278 s=  74.6 on_road=True
t=  17.1s (  223.84,-1008.31) speed= 5.38m/s road1278 s=  79.2 on_road=True
t=  18.1s (  225.55,-1003.16) speed= 4.20m/s road1278 s=  84.4 on_road=True
t=  19.1s (  227.39, -998.67) speed= 5.35m/s road1278 s=  89.2 on_road=True
t=  20.1s (  230.13, -994.15) speed= 4.07m/s road1278 s=  94.4 on_road=True
t=  21.1s (  233.31, -990.47) speed= 5.48m/s road1278 s=  99.0 on_road=True
t=  22.1s (  237.16, -986.91) speed= 4.17m/s road1278 s= 104.2 on_road=True
t=  23.1s (  240.96, -983.67) speed= 6.00m/s road1278 s= 109.2 on_road=True
t=  24.1s (  244.94, -980.40) speed= 4.21m/s road1278 s= 114.3 on_road=True
t=  25.1s (  248.88, -977.21) speed= 6.20m/s road1278 s= 119.4 on_road=True
t=  26.1s (  252.82, -974.05) speed= 4.30m/s road1278 s= 124.5 on_road=True
t=  27.1s (  256.83, -970.86) speed= 6.26m/s road1278 s= 129.6 on_road=True
t=  28.1s (  260.73, -967.79) speed= 4.50m/s road1278 s= 134.5 on_road=True
t=  29.1s (  264.97, -964.50) speed= 6.17m/s road1278 s= 139.9 on_road=True
t=  30.1s (  268.80, -961.57) speed= 4.62m/s road1278 s= 144.7 on_road=True
t=  31.1s (  273.10, -958.24) speed= 5.99m/s road1278 s= 150.1 on_road=True
[전이] t=  31.45s road1970 커넥터 speed= 4.77m/s limit=30km/h
[계획 이탈] t=31.45s road1970 는 계획의 현재/다음 road 가 아님(비치명, 계속 주행)
[전이] t=  31.55s road1278 일반 speed= 4.18m/s limit=30km/h
[전이] t=  31.65s road1969 커넥터 speed= 4.05m/s limit=30km/h
t=  32.1s (  276.73, -955.27) speed= 4.70m/s road1969 s=   2.1 on_road=True
[전이] t=  32.55s road1393 일반 speed= 5.37m/s limit=30km/h
t=  33.1s (  281.02, -951.75) speed= 6.08m/s road1393 s=   3.1 on_road=True
t=  34.1s (  284.75, -948.83) speed= 4.73m/s road1393 s=   7.9 on_road=True
t=  35.1s (  289.27, -945.80) speed= 5.73m/s road1393 s=  13.1 on_road=True
t=  36.1s (  293.26, -943.38) speed= 4.85m/s road1393 s=  17.7 on_road=True
t=  37.1s (  298.09, -940.59) speed= 5.58m/s road1393 s=  23.3 on_road=True
t=  38.1s (  302.14, -938.30) speed= 4.93m/s road1393 s=  28.0 on_road=True
t=  39.1s (  306.75, -935.28) speed= 6.06m/s road1393 s=  33.5 on_road=True
[전이] t=  39.60s road1972 커넥터 speed= 4.32m/s limit=30km/h
t=  40.1s (  310.39, -932.20) speed= 4.54m/s road1972 s=   2.7 on_road=True
[전이] t=  40.15s road1971 커넥터 speed= 4.74m/s limit=30km/h
[전이] t=  40.40s road1392 일반 speed= 5.17m/s limit=30km/h
t=  41.1s (  314.62, -928.87) speed= 6.05m/s road1392 s=   4.3 on_road=True
t=  42.1s (  318.44, -925.99) speed= 4.74m/s road1392 s=   9.1 on_road=True
t=  43.1s (  322.87, -922.71) speed= 5.85m/s road1392 s=  14.6 on_road=True
t=  44.1s (  326.68, -919.92) speed= 4.84m/s road1392 s=  19.3 on_road=True
t=  45.1s (  331.17, -916.65) speed= 5.57m/s road1392 s=  24.9 on_road=True
t=  46.1s (  334.93, -913.92) speed= 4.93m/s road1392 s=  29.5 on_road=True
t=  47.1s (  339.46, -910.63) speed= 5.51m/s road1392 s=  35.1 on_road=True
t=  48.1s (  343.25, -907.88) speed= 5.00m/s road1392 s=  39.8 on_road=True
t=  49.1s (  347.79, -904.60) speed= 5.25m/s road1392 s=  45.4 on_road=True
t=  50.1s (  351.53, -901.87) speed= 5.12m/s road1392 s=  50.0 on_road=True
[전이] t=  51.00s road1487 커넥터 speed= 5.08m/s limit=30km/h
t=  51.1s (  355.67, -898.30) speed= 4.97m/s road1487 s=   0.0 on_road=True
[전이] t=  51.15s road1392 일반 speed= 4.98m/s limit=30km/h
[전이] t=  51.20s road1484 커넥터 speed= 4.69m/s limit=30km/h
t=  52.1s (  357.59, -894.21) speed= 5.17m/s road1484 s=   5.6 on_road=True
t=  53.1s (  357.15, -888.82) speed= 6.23m/s road1484 s=  13.4 on_road=True
[전이] t=  53.15s road1483 커넥터 speed= 6.05m/s limit=30km/h
[전이] t=  53.35s road1202 일반 speed= 5.24m/s limit=30km/h
t=  54.1s (  355.76, -884.18) speed= 4.41m/s road1202 s=   4.4 on_road=True
t=  55.1s (  353.86, -879.26) speed= 6.29m/s road1202 s=   9.6 on_road=True
t=  56.1s (  351.96, -874.81) speed= 4.49m/s road1202 s=  14.5 on_road=True
t=  57.1s (  349.80, -869.92) speed= 6.16m/s road1202 s=  19.8 on_road=True
t=  58.1s (  347.82, -865.53) speed= 4.62m/s road1202 s=  24.7 on_road=True
t=  59.1s (  345.56, -860.56) speed= 6.00m/s road1202 s=  30.1 on_road=True
--- 메모리 측정(주행중(차량1대+BasicAgent, 동기 20Hz)) ---
total        used        free      shared  buff/cache   available
Mem:            12Gi       7.4Gi       3.6Gi       121Mi       1.8Gi       5.0Gi
Swap:          8.0Gi       1.0Gi       7.0Gi
gtt_used: 1498398720 bytes (1.40GiB)
t=  60.1s (  343.60, -856.28) speed= 4.70m/s road1202 s=  34.8 on_road=True
t=  61.1s (  341.30, -851.27) speed= 5.90m/s road1202 s=  40.3 on_road=True
t=  62.1s (  339.35, -847.01) speed= 4.77m/s road1202 s=  45.0 on_road=True
t=  63.1s (  337.06, -842.05) speed= 6.16m/s road1202 s=  50.5 on_road=True
t=  64.1s (  335.02, -837.60) speed= 4.66m/s road1202 s=  55.4 on_road=True
t=  65.1s (  332.72, -832.60) speed= 6.06m/s road1202 s=  60.9 on_road=True
t=  66.1s (  330.74, -828.30) speed= 4.72m/s road1202 s=  65.6 on_road=True
t=  67.1s (  328.52, -823.47) speed= 6.21m/s road1202 s=  70.9 on_road=True
t=  68.1s (  326.39, -818.85) speed= 4.33m/s road1202 s=  76.0 on_road=True
t=  69.1s (  324.25, -814.20) speed= 5.43m/s road1202 s=  81.1 on_road=True
t=  70.1s (  322.05, -809.42) speed= 4.21m/s road1202 s=  86.4 on_road=True
t=  71.1s (  319.96, -804.88) speed= 5.40m/s road1202 s=  91.4 on_road=True
t=  72.1s (  317.75, -800.06) speed= 4.27m/s road1202 s=  96.7 on_road=True
t=  73.1s (  315.65, -795.50) speed= 5.42m/s road1202 s= 101.7 on_road=True
t=  74.1s (  313.44, -790.69) speed= 4.22m/s road1202 s= 107.0 on_road=True
t=  75.1s (  311.36, -786.14) speed= 5.22m/s road1202 s= 112.0 on_road=True
t=  76.1s (  309.45, -781.01) speed= 4.16m/s road1202 s= 117.5 on_road=True
[전이] t=  76.35s road1467 커넥터 speed= 4.13m/s limit=30km/h
t=  77.1s (  309.00, -776.51) speed= 5.29m/s road1467 s=   5.0 on_road=True
[전이] t=  77.10s road1472 커넥터 speed= 5.29m/s limit=30km/h
[전이] t=  77.80s road1469 커넥터 speed= 5.20m/s limit=30km/h
t=  78.1s (  310.37, -771.26) speed= 4.64m/s road1469 s=   5.9 on_road=True
[전이] t=  78.45s road1466 커넥터 speed= 4.55m/s limit=30km/h
[전이] t=  78.95s road1470 커넥터 speed= 5.23m/s limit=30km/h
t=  79.1s (  312.86, -767.22) speed= 5.27m/s road1470 s=   6.4 on_road=True
[전이] t=  79.45s road1271 일반 speed= 6.17m/s limit=30km/h
t=  80.1s (  316.25, -762.97) speed= 4.09m/s road1271 s=   3.7 on_road=True
t=  81.1s (  319.40, -759.40) speed= 5.29m/s road1271 s=   8.4 on_road=True
t=  82.1s (  323.03, -755.47) speed= 4.05m/s road1271 s=  13.8 on_road=True
t=  83.1s (  326.31, -752.00) speed= 5.16m/s road1271 s=  18.5 on_road=True
t=  84.1s (  329.95, -748.18) speed= 4.18m/s road1271 s=  23.8 on_road=True
t=  85.1s (  333.40, -744.58) speed= 6.02m/s road1271 s=  28.8 on_road=True
t=  86.1s (  336.99, -740.84) speed= 4.25m/s road1271 s=  34.0 on_road=True
t=  87.1s (  340.54, -737.22) speed= 6.30m/s road1271 s=  39.1 on_road=True
t=  88.1s (  344.11, -733.68) speed= 4.31m/s road1271 s=  44.0 on_road=True
t=  89.1s (  347.86, -730.12) speed= 6.25m/s road1271 s=  49.2 on_road=True
t=  90.1s (  351.48, -726.76) speed= 4.39m/s road1271 s=  54.1 on_road=True
t=  91.1s (  355.34, -723.25) speed= 6.17m/s road1271 s=  59.3 on_road=True
t=  92.1s (  358.97, -719.97) speed= 4.60m/s road1271 s=  64.2 on_road=True
t=  93.1s (  363.01, -716.33) speed= 5.96m/s road1271 s=  69.6 on_road=True
t=  94.1s (  366.55, -713.15) speed= 4.73m/s road1271 s=  74.4 on_road=True
t=  95.1s (  370.57, -709.53) speed= 6.33m/s road1271 s=  79.8 on_road=True
t=  96.1s (  374.27, -706.22) speed= 4.56m/s road1271 s=  84.8 on_road=True
t=  97.1s (  378.12, -702.76) speed= 5.22m/s road1271 s=  89.9 on_road=True
t=  98.1s (  382.06, -699.22) speed= 4.12m/s road1271 s=  95.2 on_road=True
t=  99.1s (  385.72, -695.93) speed= 5.36m/s road1271 s= 100.2 on_road=True
t= 100.1s (  389.86, -692.23) speed= 4.20m/s road1271 s= 105.7 on_road=True
t= 101.1s (  393.39, -689.05) speed= 5.38m/s road1271 s= 110.5 on_road=True
t= 102.1s (  397.47, -685.26) speed= 4.97m/s road1271 s= 116.0 on_road=True
t= 103.1s (  400.72, -681.89) speed= 5.17m/s road1271 s= 120.8 on_road=True
t= 104.1s (  404.44, -677.82) speed= 4.40m/s road1271 s= 126.5 on_road=True
t= 105.1s (  407.64, -674.47) speed= 5.19m/s road1271 s= 131.0 on_road=True
t= 106.1s (  411.48, -670.56) speed= 4.30m/s road1271 s= 136.4 on_road=True
t= 107.1s (  414.82, -667.20) speed= 5.28m/s road1271 s= 141.2 on_road=True
t= 108.1s (  418.67, -663.37) speed= 4.10m/s road1271 s= 146.6 on_road=True
[전이] t= 108.70s road1735 커넥터 speed= 5.11m/s limit=30km/h
[전이] t= 108.85s road1734 커넥터 speed= 5.25m/s limit=30km/h
t= 109.1s (  422.04, -660.01) speed= 5.27m/s road1734 s=   1.9 on_road=True
t= 110.1s (  425.78, -656.12) speed= 4.09m/s road1734 s=   7.3 on_road=True
t= 111.1s (  429.03, -652.55) speed= 5.30m/s road1734 s=  12.2 on_road=True
[전이] t= 111.55s road1270 일반 speed= 5.54m/s limit=30km/h
t= 112.1s (  432.57, -648.51) speed= 4.09m/s road1270 s=   2.5 on_road=True
t= 113.1s (  435.75, -644.84) speed= 5.29m/s road1270 s=   7.4 on_road=True
t= 114.1s (  439.20, -640.82) speed= 4.10m/s road1270 s=  12.7 on_road=True
t= 115.1s (  442.40, -637.11) speed= 5.52m/s road1270 s=  17.6 on_road=True
t= 116.1s (  445.98, -633.26) speed= 4.18m/s road1270 s=  22.8 on_road=True
t= 117.1s (  449.57, -629.82) speed= 6.06m/s road1270 s=  27.7 on_road=True
t= 118.1s (  453.52, -626.55) speed= 4.25m/s road1270 s=  32.7 on_road=True
t= 119.1s (  457.68, -623.57) speed= 6.27m/s road1270 s=  37.6 on_road=True
t= 120.1s (  461.89, -620.73) speed= 4.33m/s road1270 s=  42.7 on_road=True
t= 121.1s (  466.21, -617.88) speed= 6.29m/s road1270 s=  47.9 on_road=True
[전이] t= 121.55s road1464 커넥터 speed= 5.05m/s limit=30km/h
t= 122.1s (  470.38, -615.28) speed= 4.19m/s road1464 s=   2.1 on_road=True
t= 123.1s (  474.76, -612.76) speed= 6.24m/s road1464 s=   7.1 on_road=True
[전이] t= 123.15s road1460 커넥터 speed= 6.19m/s limit=30km/h
[전이] t= 123.20s road1462 커넥터 speed= 6.06m/s limit=30km/h
[전이] t= 123.25s road1464 커넥터 speed= 5.90m/s limit=30km/h
t= 124.1s (  479.24, -610.32) speed= 4.38m/s road1464 s=  12.2 on_road=True
t= 125.1s (  483.89, -607.93) speed= 6.22m/s road1464 s=  17.4 on_road=True
[전이] t= 125.10s road1269 일반 speed= 6.15m/s limit=30km/h
t= 126.1s (  488.29, -605.66) speed= 4.52m/s road1269 s=   4.9 on_road=True
t= 127.1s (  493.06, -603.20) speed= 6.15m/s road1269 s=  10.3 on_road=True
t= 128.1s (  497.34, -601.01) speed= 4.65m/s road1269 s=  15.1 on_road=True
t= 129.1s (  502.21, -598.52) speed= 5.97m/s road1269 s=  20.5 on_road=True
t= 130.1s (  506.43, -596.36) speed= 4.73m/s road1269 s=  25.3 on_road=True
t= 131.1s (  511.33, -593.85) speed= 5.82m/s road1269 s=  30.8 on_road=True
[전이] t= 131.85s road1601 커넥터 speed= 4.42m/s limit=30km/h
t= 132.1s (  515.50, -591.72) speed= 4.83m/s road1601 s=   1.1 on_road=True
t= 133.1s (  520.43, -589.20) speed= 5.60m/s road1601 s=   6.7 on_road=True
t= 134.1s (  524.53, -587.10) speed= 4.91m/s road1601 s=  11.3 on_road=True
[전이] t= 134.75s road1596 커넥터 speed= 6.14m/s limit=30km/h
[전이] t= 134.85s road1268 일반 speed= 6.31m/s limit=30km/h
t= 135.1s (  529.51, -584.58) speed= 5.81m/s road1268 s=   1.4 on_road=True
t= 136.1s (  533.62, -582.46) speed= 4.57m/s road1268 s=   6.1 on_road=True
t= 137.1s (  538.43, -579.99) speed= 6.39m/s road1268 s=  11.5 on_road=True
t= 138.1s (  542.79, -577.76) speed= 4.52m/s road1268 s=  16.4 on_road=True
t= 139.1s (  547.56, -575.32) speed= 6.30m/s road1268 s=  21.7 on_road=True
t= 140.1s (  551.90, -573.10) speed= 4.50m/s road1268 s=  26.6 on_road=True
t= 141.1s (  556.64, -570.68) speed= 6.32m/s road1268 s=  31.9 on_road=True
t= 142.1s (  561.08, -568.41) speed= 4.57m/s road1268 s=  36.9 on_road=True
t= 143.1s (  565.79, -566.00) speed= 6.33m/s road1268 s=  42.2 on_road=True
[계획 소진] t=143.45s 완주 전에 계획 웨이포인트가 모두 소진됨(이후 제동, 정체 조건으로 판정)
완주: t=143.9s 종점까지 0.98m

=== 요약 ===
route: south (종점 road1268 s=47.0)
결과: 완주
주행 시간(시뮬): 143.9s
계획 이탈 기록: t=31.45s road1970 는 계획의 현재/다음 road 가 아님(비치명, 계속 주행)

=== 계획 vs 실제 road 시퀀스 ===
 0 계획 1278  실제 1278 
 1 계획 1969  실제 1970   <-- 불일치
 2 계획 1393  실제 1278   <-- 불일치
 3 계획 1972  실제 1969   <-- 불일치
 4 계획 1392  실제 1393   <-- 불일치
 5 계획 1484  실제 1972   <-- 불일치
 6 계획 1202  실제 1971   <-- 불일치
 7 계획 1466  실제 1392   <-- 불일치
 8 계획 1271  실제 1487   <-- 불일치
 9 계획 1734  실제 1392   <-- 불일치
10 계획 1270  실제 1484   <-- 불일치
11 계획 1464  실제 1483   <-- 불일치
12 계획 1269  실제 1202   <-- 불일치
13 계획 1601  실제 1467   <-- 불일치
14 계획 1268  실제 1472   <-- 불일치
15 계획 -     실제 1469   <-- 불일치
16 계획 -     실제 1466   <-- 불일치
17 계획 -     실제 1470   <-- 불일치
18 계획 -     실제 1271   <-- 불일치
19 계획 -     실제 1735   <-- 불일치
20 계획 -     실제 1734   <-- 불일치
21 계획 -     실제 1270   <-- 불일치
22 계획 -     실제 1464   <-- 불일치
23 계획 -     실제 1460   <-- 불일치
24 계획 -     실제 1462   <-- 불일치
25 계획 -     실제 1464   <-- 불일치
26 계획 -     실제 1269   <-- 불일치
27 계획 -     실제 1601   <-- 불일치
28 계획 -     실제 1596   <-- 불일치
29 계획 -     실제 1268   <-- 불일치
첫 불일치 위치: 1번째 (계획 1969 / 실제 1970)
junction 통과(커넥터 road 를 실제로 밟았는지):
junction1   (r1969): 통과
junction109 (r1972): 통과
junction43  (r1484): 통과
junction11  (r1466): 통과
junction61  (r1734): 통과
junction85  (r1464): 통과
junction37  (r1601): 통과
junction2(출발 전), junction35(종점 밖)는 통과 대상 아님

=== 급회전 커넥터 이탈량 (정의: sharp_offset docstring) ===
r1484 (+78.4°): tick 37, 최대|lat| 1.64m, 최대 차체초과 +0.96m(안쪽, s=10.2), on_road False 8tick, 충돌 0건
r1466 (-68.1°): tick 56, 최대|lat| 1.40m, 최대 차체초과 +0.60m(안쪽, s=7.0), on_road False 0tick, 충돌 0건
r1484 진입: t=51.20s speed=4.69m/s(16.9km/h)
r1466 진입: t=78.45s speed=4.55m/s(16.4km/h)

=== 차체 판정 road 별 (tick 수, 최대 차선밖 꼭짓점) ===
road1278: 인도 22tick, 차선밖꼭짓점 최대 1/4 (1개 이상 23tick), 반대차선(중심) 0tick, (계획 차선 안 0tick), 꼭짓점 침범깊이 최대 0.18m, 메시밖 0tick
road1393: 인도 2tick, 차선밖꼭짓점 최대 1/4 (1개 이상 2tick), 반대차선(중심) 0tick, (계획 차선 안 0tick), 꼭짓점 침범깊이 최대 0.00m, 메시밖 0tick
road1972: 인도 3tick, 차선밖꼭짓점 최대 1/4 (1개 이상 3tick), 반대차선(중심) 0tick, (계획 차선 안 0tick), 꼭짓점 침범깊이 최대 0.00m, 메시밖 0tick
road1392: 인도 1tick, 차선밖꼭짓점 최대 1/4 (1개 이상 1tick), 반대차선(중심) 0tick, (계획 차선 안 0tick), 꼭짓점 침범깊이 최대 0.00m, 메시밖 0tick
road1487: 인도 1tick, 차선밖꼭짓점 최대 1/4 (1개 이상 1tick), 반대차선(중심) 0tick, (계획 차선 안 0tick), 꼭짓점 침범깊이 최대 0.00m, 메시밖 0tick
road1484: 인도 39tick, 차선밖꼭짓점 최대 2/4 (1개 이상 39tick), 반대차선(중심) 0tick, (계획 차선 안 0tick), 꼭짓점 침범깊이 최대 0.00m, 메시밖 0tick
road1483: 인도 4tick, 차선밖꼭짓점 최대 1/4 (1개 이상 4tick), 반대차선(중심) 0tick, (계획 차선 안 0tick), 꼭짓점 침범깊이 최대 0.00m, 메시밖 0tick
road1202: 인도 14tick, 차선밖꼭짓점 최대 1/4 (1개 이상 14tick), 반대차선(중심) 0tick, (계획 차선 안 0tick), 꼭짓점 침범깊이 최대 0.00m, 메시밖 0tick
road1467: 인도 0tick, 차선밖꼭짓점 최대 0/4 (1개 이상 0tick), 반대차선(중심) 0tick, (계획 차선 안 0tick), 꼭짓점 침범깊이 최대 1.83m, 메시밖 0tick
road1472: 인도 0tick, 차선밖꼭짓점 최대 0/4 (1개 이상 0tick), 반대차선(중심) 14tick, (계획 차선 안 14tick), 꼭짓점 침범깊이 최대 2.98m, 메시밖 0tick
road1469: 인도 0tick, 차선밖꼭짓점 최대 0/4 (1개 이상 0tick), 반대차선(중심) 3tick, (계획 차선 안 3tick), 꼭짓점 침범깊이 최대 2.65m, 메시밖 0tick
road1466: 인도 0tick, 차선밖꼭짓점 최대 0/4 (1개 이상 0tick), 반대차선(중심) 0tick, (계획 차선 안 0tick), 꼭짓점 침범깊이 최대 2.42m, 메시밖 0tick
road1470: 인도 0tick, 차선밖꼭짓점 최대 0/4 (1개 이상 0tick), 반대차선(중심) 0tick, (계획 차선 안 0tick), 꼭짓점 침범깊이 최대 0.97m, 메시밖 0tick
road1464: 인도 0tick, 차선밖꼭짓점 최대 0/4 (1개 이상 0tick), 반대차선(중심) 0tick, (계획 차선 안 0tick), 꼭짓점 침범깊이 최대 1.86m, 메시밖 0tick
road1460: 인도 0tick, 차선밖꼭짓점 최대 0/4 (1개 이상 0tick), 반대차선(중심) 0tick, (계획 차선 안 0tick), 꼭짓점 침범깊이 최대 0.88m, 메시밖 0tick
road1462: 인도 0tick, 차선밖꼭짓점 최대 0/4 (1개 이상 0tick), 반대차선(중심) 0tick, (계획 차선 안 0tick), 꼭짓점 침범깊이 최대 0.96m, 메시밖 0tick
road1269: 인도 0tick, 차선밖꼭짓점 최대 0/4 (1개 이상 0tick), 반대차선(중심) 0tick, (계획 차선 안 0tick), 꼭짓점 침범깊이 최대 2.55m, 메시밖 0tick
road1601: 인도 0tick, 차선밖꼭짓점 최대 0/4 (1개 이상 0tick), 반대차선(중심) 0tick, (계획 차선 안 0tick), 꼭짓점 침범깊이 최대 1.92m, 메시밖 0tick
road1596: 인도 0tick, 차선밖꼭짓점 최대 0/4 (1개 이상 0tick), 반대차선(중심) 0tick, (계획 차선 안 0tick), 꼭짓점 침범깊이 최대 1.76m, 메시밖 0tick
road1268: 인도 0tick, 차선밖꼭짓점 최대 0/4 (1개 이상 0tick), 반대차선(중심) 0tick, (계획 차선 안 0tick), 꼭짓점 침범깊이 최대 1.76m, 메시밖 0tick
(목록에 없는 road 는 전부 0)

=== 차선 이탈 구간 (차체 기준, 계획 중심선 기준, 세션19) ===
t=19.85~20.90s road1278 -중앙선 쪽 최대 lat -0.94m 차체초과 0.16m 중심초과 0.00m 22tick, 진입 15.5km/h, road 평균R 173.65 R2min 10.28
t=39.45~39.65s road1393 +인도 쪽 최대 lat +0.91m 차체초과 0.13m 중심초과 0.00m 5tick, 진입 18.4km/h, road 평균R 209.60 R2min 13.11
t=51.25~53.55s road1484 +인도 쪽 최대 lat +1.74m 차체초과 0.96m 중심초과 0.07m 47tick, 진입 15.9km/h, road 평균R 10.12 R2min 7.40
t=76.45~79.15s road1466 -중앙선 쪽 최대 lat -1.40m 차체초과 0.62m 중심초과 0.00m 55tick, 진입 15.6km/h, road 평균R 11.90 R2min 6.48
합계 4구간 (중앙선 쪽 2, 인도 쪽 2), 최대 차체초과 0.96m
충돌 누적 0건
판정: record
follow=on
궤적 로그: /home/gyumin/campus_mobility_sim/map/docs/logs/drive_log_20261009_002800.csv
충돌 센서(actor_id=28) 제거함
정상 종료 - 차량(actor_id=27) 브레이크 유지로 남겨둠
[동기모드] 복귀: synchronous_mode=False fixed_delta_seconds=None
