driving samples 28102, start road1247 lane-1 s=0.0

[북문(구관 북동 면 중점)] TM (108.9,152.6) 최근접 주행 차선 46.1m
  road1378 lane-1 s=78.0 junc=False 거리46.1m 곡률(±10m)=0° | 정문부터 622.5m, road 20개
    seq [1247, 1914, 1356, 1917, 1355, 1446, 1447, 1373, 1672, 1673, 1374, 1591, 1375, 1688, 1689, 1376, 1625, 1377, 1640, 1378]
    turns ['r1914(j1) +2° 직진', 'r1917(j107) +7° 직진', 'r1446(j42) +0° 직진', 'r1672(j58) +0° 직진', 'r1591(j44) -0° 직진', 'r1688(j59) -0° 직진', 'r1625(j47) -0° 직진', 'r1640(j51) +0° 직진']
  road1372 lane-1 s=143.0 junc=False 거리49.4m 곡률(±10m)=0° | 정문부터 917.1m, road 22개
    seq [1247, 1914, 1356, 1917, 1355, 1446, 1447, 1373, 1672, 1673, 1374, 1591, 1375, 1688, 1689, 1376, 1625, 1377, 1640, 1378, 1665, 1372]
    turns ['r1914(j1) +2° 직진', 'r1917(j107) +7° 직진', 'r1446(j42) +0° 직진', 'r1672(j58) +0° 직진', 'r1591(j44) -0° 직진', 'r1688(j59) -0° 직진', 'r1625(j47) -0° 직진', 'r1640(j51) +0° 직진', 'r1665(j109) +180° 우']
  road1278 lane-1 s=99.0 junc=False 거리56.3m 곡률(±10m)=0° | 정문부터 782.8m, road 18개
    seq [1247, 1914, 1356, 1917, 1355, 1446, 1172, 1427, 1428, 1240, 1695, 1239, 1425, 1426, 1238, 1563, 1564, 1278]
    turns ['r1914(j1) +2° 직진', 'r1917(j107) +7° 직진', 'r1446(j42) +79° 우', 'r1427(j10) -69° 좌', 'r1695(j60) +5° 직진', 'r1425(j84) -6° 직진', 'r1563(j36) -82° 좌']
  road1151 lane-1 s=39.0 junc=False 거리59.6m 곡률(±10m)=0° | 정문부터 865.6m, road 20개
    seq [1247, 1914, 1356, 1917, 1355, 1446, 1172, 1427, 1428, 1240, 1695, 1239, 1425, 1426, 1238, 1563, 1564, 1278, 1565, 1151]
    turns ['r1914(j1) +2° 직진', 'r1917(j107) +7° 직진', 'r1446(j42) +79° 우', 'r1427(j10) -69° 좌', 'r1695(j60) +5° 직진', 'r1425(j84) -6° 직진', 'r1563(j36) -82° 좌', 'r1565(j35) +180° 우']

[남문(구관 남서 면 중점)] TM (73.5,122.0) 최근접 주행 차선 44.6m
  road1278 lane-1 s=54.0 junc=False 거리44.6m 곡률(±10m)=0° | 정문부터 737.8m, road 18개
    seq [1247, 1914, 1356, 1917, 1355, 1446, 1172, 1427, 1428, 1240, 1695, 1239, 1425, 1426, 1238, 1563, 1564, 1278]
    turns ['r1914(j1) +2° 직진', 'r1917(j107) +7° 직진', 'r1446(j42) +79° 우', 'r1427(j10) -69° 좌', 'r1695(j60) +5° 직진', 'r1425(j84) -6° 직진', 'r1563(j36) -82° 좌']
  road1151 lane-1 s=84.0 junc=False 거리48.0m 곡률(±10m)=0° | 정문부터 910.6m, road 20개
    seq [1247, 1914, 1356, 1917, 1355, 1446, 1172, 1427, 1428, 1240, 1695, 1239, 1425, 1426, 1238, 1563, 1564, 1278, 1565, 1151]
    turns ['r1914(j1) +2° 직진', 'r1917(j107) +7° 직진', 'r1446(j42) +79° 우', 'r1427(j10) -69° 좌', 'r1695(j60) +5° 직진', 'r1425(j84) -6° 직진', 'r1563(j36) -82° 좌', 'r1565(j35) +180° 우']
  road1368 lane-1 s=85.0 junc=False 거리54.1m 곡률(±10m)=0° | 정문부터 903.1m, road 19개
    seq [1247, 1914, 1356, 1917, 1355, 1446, 1172, 1427, 1428, 1240, 1695, 1239, 1425, 1426, 1238, 1563, 1237, 1420, 1368]
    turns ['r1914(j1) +2° 직진', 'r1917(j107) +7° 직진', 'r1446(j42) +79° 우', 'r1427(j10) -69° 좌', 'r1695(j60) +5° 직진', 'r1425(j84) -6° 직진', 'r1563(j36) -0° 직진', 'r1420(j105) -180° 좌']
  road1237 lane-1 s=46.0 junc=False 거리57.5m 곡률(±10m)=0° | 정문부터 728.9m, road 17개
    seq [1247, 1914, 1356, 1917, 1355, 1446, 1172, 1427, 1428, 1240, 1695, 1239, 1425, 1426, 1238, 1563, 1237]
    turns ['r1914(j1) +2° 직진', 'r1917(j107) +7° 직진', 'r1446(j42) +79° 우', 'r1427(j10) -69° 좌', 'r1695(j60) +5° 직진', 'r1425(j84) -6° 직진', 'r1563(j36) -0° 직진']

[자연대본관-도서관구관 중점] TM (61.7,92.7) 최근접 주행 차선 22.7m
  road1368 lane-1 s=82.0 junc=False 거리22.7m 곡률(±10m)=0° | 정문부터 901.1m, road 19개
    seq [1247, 1914, 1356, 1917, 1355, 1446, 1172, 1427, 1428, 1240, 1695, 1239, 1425, 1426, 1238, 1563, 1237, 1420, 1368]
    turns ['r1914(j1) +2° 직진', 'r1917(j107) +7° 직진', 'r1446(j42) +79° 우', 'r1427(j10) -69° 좌', 'r1695(j60) +5° 직진', 'r1425(j84) -6° 직진', 'r1563(j36) -0° 직진', 'r1420(j105) -180° 좌']
  road1237 lane-1 s=48.0 junc=False 거리26.0m 곡률(±10m)=0° | 정문부터 731.9m, road 17개
    seq [1247, 1914, 1356, 1917, 1355, 1446, 1172, 1427, 1428, 1240, 1695, 1239, 1425, 1426, 1238, 1563, 1237]
    turns ['r1914(j1) +2° 직진', 'r1917(j107) +7° 직진', 'r1446(j42) +79° 우', 'r1427(j10) -69° 좌', 'r1695(j60) +5° 직진', 'r1425(j84) -6° 직진', 'r1563(j36) -0° 직진']
  road1205 lane-1 s=82.0 junc=False 거리26.7m 곡률(±10m)=0° | 정문부터 910.3m, road 21개
    seq [1247, 1914, 1356, 1917, 1355, 1446, 1172, 1427, 1428, 1240, 1695, 1239, 1425, 1426, 1238, 1563, 1237, 1418, 1232, 1399, 1205]
    turns ['r1914(j1) +2° 직진', 'r1917(j107) +7° 직진', 'r1446(j42) +79° 우', 'r1427(j10) -69° 좌', 'r1695(j60) +5° 직진', 'r1425(j84) -6° 직진', 'r1563(j36) -0° 직진', 'r1418(j105) +96° 우', 'r1399(j93) +87° 우']
  road1334 lane-1 s=102.0 junc=False 거리30.1m 곡률(±10m)=0° | 정문부터 1118.6m, road 23개
    seq [1247, 1914, 1356, 1917, 1355, 1446, 1172, 1427, 1428, 1240, 1695, 1239, 1425, 1426, 1238, 1563, 1237, 1418, 1232, 1399, 1205, 1863, 1334]
    turns ['r1914(j1) +2° 직진', 'r1917(j107) +7° 직진', 'r1446(j42) +79° 우', 'r1427(j10) -69° 좌', 'r1695(j60) +5° 직진', 'r1425(j84) -6° 직진', 'r1563(j36) -0° 직진', 'r1418(j105) +96° 우', 'r1399(j93) +87° 우', 'r1863(j94) +180° 우']

[후문B 경계횡단(way392632034)] TM (649.5,-288.2) 최근접 주행 차선 49.1m
  road1333 lane-1 s=161.0 junc=False 거리49.1m 곡률(±10m)=44° | 정문 경로 없음: TypeError("'NoneType' object is not subscriptable")

[후문 정류장 12324240641] TM (479.5,304.1) 최근접 주행 차선 164.4m

[후문 정류장 12324240642] TM (467.6,429.7) 최근접 주행 차선 173.6m

[중문 끝점1 노드4437127634] TM (145.0,494.4) 최근접 주행 차선 1.2m
  road1840 lane-1 s=2.0 junc=True 거리1.2m 곡률(±10m)=180° | 정문부터 705.7m, road 25개
    seq [1247, 1914, 1356, 1917, 1355, 1446, 1447, 1373, 1672, 1673, 1374, 1591, 1592, 1283, 1616, 1617, 1284, 1606, 1285, 1597, 1286, 1837, 1838, 1327, 1840]
    turns ['r1914(j1) +2° 직진', 'r1917(j107) +7° 직진', 'r1446(j42) +0° 직진', 'r1672(j58) +0° 직진', 'r1591(j44) -98° 좌', 'r1616(j43) +0° 직진', 'r1606(j45) +4° 직진', 'r1597(j46) +23° 직진', 'r1837(j48) -83° 좌', 'r1840(j87) -27° 직진']
  road1199 lane-1 s=0.0 junc=False 거리1.7m 곡률(±10m)=180° | 정문부터 711.1m, road 26개
    seq [1247, 1914, 1356, 1917, 1355, 1446, 1447, 1373, 1672, 1673, 1374, 1591, 1592, 1283, 1616, 1617, 1284, 1606, 1285, 1597, 1286, 1837, 1838, 1327, 1840, 1199]
    turns ['r1914(j1) +2° 직진', 'r1917(j107) +7° 직진', 'r1446(j42) +0° 직진', 'r1672(j58) +0° 직진', 'r1591(j44) -98° 좌', 'r1616(j43) +0° 직진', 'r1606(j45) +4° 직진', 'r1597(j46) +23° 직진', 'r1837(j48) -83° 좌', 'r1840(j87) +180° 우']
  road1327 lane-1 s=75.0 junc=False 거리1.7m 곡률(±10m)=152° | 정문부터 704.0m, road 24개
    seq [1247, 1914, 1356, 1917, 1355, 1446, 1447, 1373, 1672, 1673, 1374, 1591, 1592, 1283, 1616, 1617, 1284, 1606, 1285, 1597, 1286, 1837, 1838, 1327]
    turns ['r1914(j1) +2° 직진', 'r1917(j107) +7° 직진', 'r1446(j42) +0° 직진', 'r1672(j58) +0° 직진', 'r1591(j44) -98° 좌', 'r1616(j43) +0° 직진', 'r1606(j45) +4° 직진', 'r1597(j46) +23° 직진', 'r1837(j48) -83° 좌']
  road1834 lane-1 s=0.0 junc=True 거리70.7m 곡률(±10m)=178° | 정문부터 784.5m, road 27개
    seq [1247, 1914, 1356, 1917, 1355, 1446, 1447, 1373, 1672, 1673, 1374, 1591, 1592, 1283, 1616, 1617, 1284, 1606, 1285, 1597, 1286, 1837, 1838, 1327, 1840, 1199, 1834]
    turns ['r1914(j1) +2° 직진', 'r1917(j107) +7° 직진', 'r1446(j42) +0° 직진', 'r1672(j58) +0° 직진', 'r1591(j44) -98° 좌', 'r1616(j43) +0° 직진', 'r1606(j45) +4° 직진', 'r1597(j46) +23° 직진', 'r1837(j48) -83° 좌', 'r1840(j87) +180° 우', 'r1834(j48) -27° 직진']

[중문 게이트 추정점] TM (179.2,708.2) 최근접 주행 차선 214.9m

[중문 정류장 12324240640] TM (367.8,699.6) 최근접 주행 차선 301.5m

[경영대 본관 중심] TM (37.4,329.6) 최근접 주행 차선 22.0m
  road1159 lane-1 s=46.0 junc=False 거리22.0m 곡률(±10m)=3° | 정문부터 540.6m, road 19개
    seq [1247, 1914, 1356, 1917, 1355, 1446, 1447, 1373, 1672, 1673, 1374, 1591, 1375, 1688, 1689, 1376, 1625, 1626, 1159]
    turns ['r1914(j1) +2° 직진', 'r1917(j107) +7° 직진', 'r1446(j42) +0° 직진', 'r1672(j58) +0° 직진', 'r1591(j44) -0° 직진', 'r1688(j59) -0° 직진', 'r1625(j47) -91° 좌']
  road1288 lane-1 s=16.0 junc=False 거리25.3m 곡률(±10m)=3° | 정문부터 485.5m, road 16개
    seq [1247, 1914, 1356, 1917, 1355, 1446, 1447, 1373, 1672, 1673, 1374, 1591, 1592, 1283, 1616, 1288]
    turns ['r1914(j1) +2° 직진', 'r1917(j107) +7° 직진', 'r1446(j42) +0° 직진', 'r1672(j58) +0° 직진', 'r1591(j44) -98° 좌', 'r1616(j43) +12° 직진']
  road1615 lane-1 s=9.0 junc=True 거리29.2m 곡률(±10m)=134° | 정문부터 563.1m, road 20개
    seq [1247, 1914, 1356, 1917, 1355, 1446, 1447, 1373, 1672, 1673, 1374, 1591, 1375, 1688, 1689, 1376, 1625, 1626, 1159, 1615]
    turns ['r1914(j1) +2° 직진', 'r1917(j107) +7° 직진', 'r1446(j42) +0° 직진', 'r1672(j58) +0° 직진', 'r1591(j44) -0° 직진', 'r1688(j59) -0° 직진', 'r1625(j47) -91° 좌', 'r1615(j43) -169° 좌']
  road1612 lane-1 s=76.0 junc=True 거리29.5m 곡률(±10m)=85° | 정문부터 791.6m, road 26개
    seq [1247, 1914, 1356, 1917, 1355, 1446, 1447, 1373, 1672, 1673, 1374, 1591, 1592, 1283, 1616, 1617, 1284, 1606, 1285, 1599, 1157, 1603, 1604, 1156, 1611, 1612]
    turns ['r1914(j1) +2° 직진', 'r1917(j107) +7° 직진', 'r1446(j42) +0° 직진', 'r1672(j58) +0° 직진', 'r1591(j44) -98° 좌', 'r1616(j43) +0° 직진', 'r1606(j45) +4° 직진', 'r1599(j46) +180° 우', 'r1603(j45) -4° 직진', 'r1611(j43) -168° 좌']
