map_sha256=bf835cdfad0cea65 (cbnu_internal_only_localtm_tags73_smooth.xodr)
route=yangseong: 17 road [1247, 1914, 1356, 1917, 1355, 1446, 1172, 1427, 1127, 1699, 1126, 1726, 1125, 1733, 1124, 1826, 1123]
  종점 road1123 lane-1 s=22.0 (완주 s>=21.0 이고 종점 5m 이내) - 양성재(서문) 앞(건물 외곽선 45.7m)
  커넥터 {1914: 1, 1917: 107, 1446: 42, 1427: 10, 1699: 9, 1726: 8, 1733: 7, 1826: 6}, 급회전 {1446: 78.4}
controller=agent, 동기모드=켬 0.05s
conn_spacing=4.0m(전 구간), sharp_speed=없음
follow=off
measure_stop=on (판정 뒤 제동 유지, 속도<0.1m/s 또는 15s 까지)
맵: Carla/Maps/OpenDriveMap, spawn point 1243개
server_map_sha256=bf835cdfad0cea65 (파일과 일치)
spawn: Location(x=217.845581, y=-1087.414185, z=0.500000) road1247 lane-1 s=0.00
계획 CSV: /home/gyumin/campus_mobility_sim/map/docs/logs/drive_plan_20261002_013011.csv
계획 웨이포인트 총 168개
road   kind  n  s범위          최대간격(m)
1247   road  39 1.96~151.01  4.38
1914   conn  2  1.07~3.22  2.93
1356   road  10 1.85~35.20  4.0
1917   conn  1  1.48~1.48  2.07
1355   road  15 1.87~54.20  4.13
1446   conn  4  1.74~12.17  3.33
1172   road  30 1.98~117.07  3.97
1427   conn  4  1.99~13.94  3.98
1127   road  6  1.69~18.62  3.69
1699   conn  4  1.88~13.17  3.85
1126   road  16 1.88~58.16  3.77
1726   conn  4  1.94~13.57  3.88
1125   road  15 1.96~56.97  3.93
1733   conn  5  1.69~15.22  3.66
1124   road  3  1.74~8.72  3.5
1826   conn  4  1.99~13.96  4.35
1123   road  6  1.83~20.17  4.1
커넥터 안쪽 점: 28개 / 점 없는 커넥터: 없음
전체 최대 간격 4.38m, 평균 3.80m
인접 road 연결 확인: 16쌍 모두 next() 로 이어짐
판정: record(세션19, 종료/기록 분리)
궤적 로그(tick마다 기록): /home/gyumin/campus_mobility_sim/map/docs/logs/drive_log_20261002_013011.csv
차량 스폰: actor_id=47
bounding box: half_length=1.853m half_width=0.894m half_height=0.775m -> /home/gyumin/campus_mobility_sim/map/docs/logs/vehicle_bbox_20261002_013011.txt
충돌 센서 부착: actor_id=48 -> /home/gyumin/campus_mobility_sim/map/docs/logs/collision_events_20261002_013011.csv
BasicAgent set_global_plan 168점, target_speed=20.0km/h, dt=0.05
[동기모드] 전환 전: synchronous_mode=False fixed_delta_seconds=None
[동기모드] 전환 후: synchronous_mode=True fixed_delta_seconds=0.05
[전이] t=   0.05s road1247 일반 speed= 0.04m/s limit=30km/h
t=   0.1s (  217.85,-1087.41) speed= 0.04m/s road1247 s=   0.0 on_road=True
t=   1.1s (  217.86,-1087.11) speed= 1.52m/s road1247 s=   0.3 on_road=True
t=   2.1s (  217.99,-1084.44) speed= 3.79m/s road1247 s=   3.0 on_road=True
t=   3.1s (  218.22,-1079.65) speed= 5.30m/s road1247 s=   7.8 on_road=True
t=   4.1s (  218.49,-1074.16) speed= 4.26m/s road1247 s=  13.3 on_road=True
t=   5.1s (  218.72,-1069.37) speed= 5.35m/s road1247 s=  18.1 on_road=True
t=   6.1s (  219.00,-1063.76) speed= 4.80m/s road1247 s=  23.7 on_road=True
t=   7.1s (  219.22,-1059.13) speed= 5.29m/s road1247 s=  28.3 on_road=True
t=   8.1s (  219.49,-1053.54) speed= 4.81m/s road1247 s=  33.9 on_road=True
t=   9.1s (  219.72,-1048.85) speed= 5.46m/s road1247 s=  38.6 on_road=True
[tick 대조] fixed_delta=0.05 delta_seconds=0.0500 시뮬경과/프레임=0.0500s 벽시계 185.0 tick/s (프레임 200)
t=  10.1s (  220.01,-1043.28) speed= 5.26m/s road1247 s=  44.2 on_road=True
t=  11.1s (  220.29,-1038.67) speed= 5.12m/s road1247 s=  48.8 on_road=True
t=  12.1s (  220.70,-1033.15) speed= 5.09m/s road1247 s=  54.3 on_road=True
t=  13.1s (  221.11,-1028.53) speed= 5.25m/s road1247 s=  58.9 on_road=True
t=  14.1s (  221.68,-1022.94) speed= 5.06m/s road1247 s=  64.5 on_road=True
t=  15.1s (  222.17,-1018.29) speed= 5.20m/s road1247 s=  69.2 on_road=True
t=  16.1s (  222.87,-1012.76) speed= 4.81m/s road1247 s=  74.8 on_road=True
t=  17.1s (  223.85,-1008.27) speed= 5.17m/s road1247 s=  79.3 on_road=True
t=  18.1s (  225.58,-1003.08) speed= 4.45m/s road1247 s=  84.5 on_road=True
t=  19.1s (  227.36, -998.74) speed= 5.21m/s road1247 s=  89.1 on_road=True
t=  20.1s (  230.12, -994.15) speed= 4.30m/s road1247 s=  94.4 on_road=True
t=  21.1s (  233.31, -990.47) speed= 5.36m/s road1247 s=  99.0 on_road=True
t=  22.1s (  237.22, -986.85) speed= 4.07m/s road1247 s= 104.3 on_road=True
t=  23.1s (  240.92, -983.70) speed= 5.64m/s road1247 s= 109.1 on_road=True
t=  24.1s (  244.95, -980.39) speed= 4.22m/s road1247 s= 114.4 on_road=True
t=  25.1s (  248.86, -977.23) speed= 5.82m/s road1247 s= 119.4 on_road=True
t=  26.1s (  252.97, -973.93) speed= 4.15m/s road1247 s= 124.7 on_road=True
t=  27.1s (  256.88, -970.81) speed= 5.95m/s road1247 s= 129.7 on_road=True
t=  28.1s (  260.93, -967.63) speed= 4.22m/s road1247 s= 134.7 on_road=True
t=  29.1s (  264.94, -964.52) speed= 6.21m/s road1247 s= 139.8 on_road=True
t=  30.1s (  268.98, -961.43) speed= 4.33m/s road1247 s= 144.9 on_road=True
t=  31.1s (  273.10, -958.24) speed= 6.29m/s road1247 s= 150.1 on_road=True
[전이] t=  31.40s road1915 커넥터 speed= 5.25m/s limit=30km/h
[계획 이탈] t=31.40s road1915 는 계획의 현재/다음 road 가 아님(비치명, 계속 주행)
[전이] t=  31.50s road1247 일반 speed= 5.07m/s limit=30km/h
[전이] t=  31.60s road1914 커넥터 speed= 4.78m/s limit=30km/h
t=  32.1s (  276.93, -955.11) speed= 4.39m/s road1914 s=   2.3 on_road=True
[전이] t=  32.50s road1356 일반 speed= 5.36m/s limit=30km/h
t=  33.1s (  280.96, -951.79) speed= 6.20m/s road1356 s=   3.1 on_road=True
t=  34.1s (  284.93, -948.68) speed= 4.46m/s road1356 s=   8.1 on_road=True
t=  35.1s (  289.36, -945.74) speed= 6.28m/s road1356 s=  13.2 on_road=True
t=  36.1s (  293.53, -943.22) speed= 4.52m/s road1356 s=  18.1 on_road=True
t=  37.1s (  298.19, -940.54) speed= 6.10m/s road1356 s=  23.4 on_road=True
t=  38.1s (  302.34, -938.19) speed= 4.59m/s road1356 s=  28.2 on_road=True
t=  39.1s (  306.87, -935.19) speed= 5.97m/s road1356 s=  33.6 on_road=True
[전이] t=  39.60s road1917 커넥터 speed= 4.29m/s limit=30km/h
t=  40.1s (  310.49, -932.13) speed= 4.66m/s road1917 s=   2.8 on_road=True
[전이] t=  40.15s road1916 커넥터 speed= 4.87m/s limit=30km/h
[전이] t=  40.35s road1355 일반 speed= 5.22m/s limit=30km/h
t=  41.1s (  314.78, -928.75) speed= 5.80m/s road1355 s=   4.5 on_road=True
t=  42.1s (  318.53, -925.92) speed= 4.85m/s road1355 s=   9.2 on_road=True
t=  43.1s (  323.00, -922.62) speed= 5.59m/s road1355 s=  14.7 on_road=True
t=  44.1s (  326.78, -919.85) speed= 4.94m/s road1355 s=  19.4 on_road=True
t=  45.1s (  331.29, -916.56) speed= 5.45m/s road1355 s=  25.0 on_road=True
t=  46.1s (  335.03, -913.84) speed= 5.04m/s road1355 s=  29.6 on_road=True
t=  47.1s (  339.56, -910.55) speed= 5.38m/s road1355 s=  35.2 on_road=True
t=  48.1s (  343.37, -907.79) speed= 5.17m/s road1355 s=  39.9 on_road=True
t=  49.1s (  347.94, -904.49) speed= 5.38m/s road1355 s=  45.6 on_road=True
t=  50.1s (  351.73, -901.73) speed= 5.17m/s road1355 s=  50.3 on_road=True
[전이] t=  50.90s road1449 커넥터 speed= 5.43m/s limit=30km/h
t=  51.1s (  355.84, -898.02) speed= 5.06m/s road1449 s=   0.2 on_road=True
[전이] t=  51.10s road1355 일반 speed= 5.06m/s limit=30km/h
[전이] t=  51.15s road1446 커넥터 speed= 5.05m/s limit=30km/h
t=  52.1s (  357.63, -893.83) speed= 5.11m/s road1446 s=   6.4 on_road=False
[전이] t=  53.05s road1172 일반 speed= 6.23m/s limit=30km/h
t=  53.1s (  357.05, -888.39) speed= 6.23m/s road1172 s=   0.0 on_road=True
[전이] t=  53.10s road1445 커넥터 speed= 6.14m/s limit=30km/h
[전이] t=  53.30s road1172 일반 speed= 5.25m/s limit=30km/h
t=  54.1s (  355.64, -883.85) speed= 4.47m/s road1172 s=   4.7 on_road=True
t=  55.1s (  353.68, -878.87) speed= 6.19m/s road1172 s=  10.1 on_road=True
t=  56.1s (  351.76, -874.36) speed= 4.66m/s road1172 s=  15.0 on_road=True
t=  57.1s (  349.55, -869.38) speed= 6.09m/s road1172 s=  20.4 on_road=True
t=  58.1s (  347.56, -864.96) speed= 4.79m/s road1172 s=  25.3 on_road=True
t=  59.1s (  345.28, -859.95) speed= 6.01m/s road1172 s=  30.8 on_road=True
--- 메모리 측정(주행중(차량1대+BasicAgent, 동기 20Hz)) ---
total        used        free      shared  buff/cache   available
Mem:            12Gi       8.7Gi       3.1Gi        99Mi       901Mi       3.6Gi
Swap:          8.0Gi       858Mi       7.2Gi
gtt_used: 1714810880 bytes (1.60GiB)
t=  60.1s (  343.30, -855.63) speed= 4.71m/s road1172 s=  35.5 on_road=True
t=  61.1s (  341.02, -850.66) speed= 5.73m/s road1172 s=  41.0 on_road=True
t=  62.1s (  339.08, -846.44) speed= 4.80m/s road1172 s=  45.6 on_road=True
t=  63.1s (  336.76, -841.40) speed= 5.62m/s road1172 s=  51.2 on_road=True
t=  64.1s (  334.82, -837.16) speed= 4.91m/s road1172 s=  55.9 on_road=True
t=  65.1s (  332.49, -832.11) speed= 5.45m/s road1172 s=  61.4 on_road=True
t=  66.1s (  330.56, -827.90) speed= 5.04m/s road1172 s=  66.1 on_road=True
t=  67.1s (  328.21, -822.81) speed= 5.68m/s road1172 s=  71.7 on_road=True
t=  68.1s (  326.25, -818.54) speed= 4.95m/s road1172 s=  76.4 on_road=True
t=  69.1s (  323.93, -813.50) speed= 6.03m/s road1172 s=  81.9 on_road=True
t=  70.1s (  321.94, -809.17) speed= 4.73m/s road1172 s=  86.7 on_road=True
t=  71.1s (  319.65, -804.19) speed= 5.88m/s road1172 s=  92.2 on_road=True
t=  72.1s (  317.64, -799.82) speed= 4.85m/s road1172 s=  97.0 on_road=True
t=  73.1s (  315.32, -794.78) speed= 5.87m/s road1172 s= 102.5 on_road=True
t=  74.1s (  313.32, -790.44) speed= 4.86m/s road1172 s= 107.3 on_road=True
t=  75.1s (  310.98, -785.36) speed= 5.65m/s road1172 s= 112.9 on_road=True
t=  76.1s (  309.04, -781.15) speed= 4.92m/s road1172 s= 117.5 on_road=True
[전이] t=  76.35s road1427 커넥터 speed= 5.34m/s limit=30km/h
t=  77.1s (  306.67, -776.10) speed= 5.46m/s road1427 s=   4.0 on_road=True
t=  78.1s (  304.65, -771.92) speed= 5.04m/s road1427 s=   8.7 on_road=True
t=  79.1s (  302.20, -766.92) speed= 5.23m/s road1427 s=  14.3 on_road=True
[전이] t=  79.40s road1127 일반 speed= 4.07m/s limit=30km/h
t=  80.1s (  300.17, -762.81) speed= 5.13m/s road1127 s=   2.9 on_road=True
t=  81.1s (  297.70, -757.80) speed= 5.05m/s road1127 s=   8.5 on_road=True
t=  82.1s (  295.65, -753.68) speed= 5.18m/s road1127 s=  13.1 on_road=True
t=  83.1s (  293.17, -748.67) speed= 5.01m/s road1127 s=  18.7 on_road=True
[전이] t=  83.40s road1698 커넥터 speed= 4.14m/s limit=30km/h
[전이] t=  83.50s road1699 커넥터 speed= 4.25m/s limit=30km/h
t=  84.1s (  291.13, -744.49) speed= 5.25m/s road1699 s=   3.1 on_road=True
[전이] t=  84.90s road1703 커넥터 speed= 5.25m/s limit=30km/h
[전이] t=  84.95s road1699 커넥터 speed= 5.04m/s limit=30km/h
[전이] t=  85.00s road1701 커넥터 speed= 5.06m/s limit=30km/h
[전이] t=  85.05s road1699 커넥터 speed= 5.04m/s limit=30km/h
t=  85.1s (  288.83, -739.43) speed= 5.04m/s road1699 s=   8.6 on_road=True
t=  86.1s (  287.04, -735.19) speed= 5.15m/s road1699 s=  13.1 on_road=True
[전이] t=  86.45s road1126 일반 speed= 6.22m/s limit=30km/h
t=  87.1s (  284.99, -730.08) speed= 4.87m/s road1126 s=   3.6 on_road=True
t=  88.1s (  283.23, -725.76) speed= 5.34m/s road1126 s=   8.2 on_road=True
t=  89.1s (  281.01, -720.68) speed= 4.56m/s road1126 s=  13.9 on_road=True
t=  90.1s (  279.06, -716.41) speed= 5.26m/s road1126 s=  18.6 on_road=True
t=  91.1s (  276.74, -711.42) speed= 4.26m/s road1126 s=  24.1 on_road=True
t=  92.1s (  274.73, -707.13) speed= 5.30m/s road1126 s=  28.8 on_road=True
t=  93.1s (  272.40, -702.18) speed= 4.26m/s road1126 s=  34.3 on_road=True
t=  94.1s (  270.33, -697.80) speed= 5.35m/s road1126 s=  39.1 on_road=True
t=  95.1s (  267.93, -692.73) speed= 4.80m/s road1126 s=  44.7 on_road=True
t=  96.1s (  265.95, -688.53) speed= 5.32m/s road1126 s=  49.4 on_road=True
t=  97.1s (  263.56, -683.48) speed= 4.94m/s road1126 s=  55.0 on_road=True
t=  98.1s (  261.58, -679.30) speed= 5.38m/s road1126 s=  59.6 on_road=True
[전이] t=  98.15s road1726 커넥터 speed= 5.35m/s limit=30km/h
t=  99.1s (  259.18, -674.23) speed= 5.16m/s road1726 s=   5.2 on_road=True
t= 100.1s (  257.16, -669.94) speed= 5.26m/s road1726 s=   9.9 on_road=True
[전이] t= 101.05s road1125 일반 speed= 5.19m/s limit=30km/h
t= 101.1s (  254.75, -664.86) speed= 5.19m/s road1125 s=   0.0 on_road=True
t= 102.1s (  252.75, -660.62) speed= 5.27m/s road1125 s=   4.7 on_road=True
t= 103.1s (  250.33, -655.52) speed= 5.41m/s road1125 s=  10.4 on_road=True
t= 104.1s (  248.34, -651.32) speed= 5.08m/s road1125 s=  15.0 on_road=True
t= 105.1s (  245.96, -646.29) speed= 5.98m/s road1125 s=  20.6 on_road=True
t= 106.1s (  243.94, -642.02) speed= 4.70m/s road1125 s=  25.3 on_road=True
t= 107.1s (  241.60, -637.06) speed= 6.03m/s road1125 s=  30.8 on_road=True
t= 108.1s (  239.56, -632.76) speed= 4.71m/s road1125 s=  35.5 on_road=True
t= 109.1s (  237.21, -627.80) speed= 5.75m/s road1125 s=  41.0 on_road=True
t= 110.1s (  235.21, -623.58) speed= 4.81m/s road1125 s=  45.7 on_road=True
t= 111.1s (  232.83, -618.53) speed= 5.81m/s road1125 s=  51.3 on_road=True
t= 112.1s (  230.82, -614.30) speed= 4.82m/s road1125 s=  56.0 on_road=True
[전이] t= 112.65s road1733 커넥터 speed= 5.39m/s limit=30km/h
t= 113.1s (  228.46, -609.30) speed= 5.76m/s road1733 s=   2.6 on_road=True
t= 114.1s (  226.42, -605.00) speed= 4.94m/s road1733 s=   7.3 on_road=True
t= 115.1s (  224.01, -599.91) speed= 5.97m/s road1733 s=  12.9 on_road=True
[전이] t= 115.60s road1737 커넥터 speed= 4.00m/s limit=30km/h
[전이] t= 115.90s road1124 일반 speed= 4.40m/s limit=30km/h
[전이] t= 116.00s road1736 커넥터 speed= 4.60m/s limit=30km/h
[전이] t= 116.05s road1124 일반 speed= 4.70m/s limit=30km/h
t= 116.1s (  221.98, -595.72) speed= 4.70m/s road1124 s=   0.7 on_road=True
t= 117.1s (  219.52, -590.81) speed= 5.82m/s road1124 s=   6.2 on_road=True
[전이] t= 117.80s road1827 커넥터 speed= 4.32m/s limit=30km/h
[전이] t= 117.90s road1124 일반 speed= 4.51m/s limit=30km/h
[전이] t= 118.00s road1825 커넥터 speed= 4.72m/s limit=30km/h
t= 118.1s (  217.31, -586.69) speed= 4.82m/s road1825 s=   0.5 on_road=True
[전이] t= 118.45s road1826 커넥터 speed= 5.18m/s limit=30km/h
t= 119.1s (  214.87, -581.78) speed= 5.49m/s road1826 s=   6.0 on_road=True
[전이] t= 119.35s road1831 커넥터 speed= 4.81m/s limit=30km/h
[전이] t= 119.55s road1829 커넥터 speed= 4.20m/s limit=30km/h
[전이] t= 119.85s road1826 커넥터 speed= 4.65m/s limit=30km/h
t= 120.1s (  213.31, -577.35) speed= 5.03m/s road1826 s=  10.5 on_road=True
t= 121.1s (  212.24, -571.89) speed= 5.23m/s road1826 s=  15.8 on_road=True
[전이] t= 121.10s road1123 일반 speed= 5.10m/s limit=30km/h
t= 122.1s (  211.70, -567.35) speed= 5.12m/s road1123 s=   4.4 on_road=True
t= 123.1s (  211.58, -561.86) speed= 5.08m/s road1123 s=   9.9 on_road=True
t= 124.1s (  212.30, -557.22) speed= 5.28m/s road1123 s=  14.3 on_road=True
t= 125.1s (  213.65, -551.87) speed= 4.92m/s road1123 s=  19.6 on_road=True
[계획 소진] t=125.05s 완주 전에 계획 웨이포인트가 모두 소진됨(이후 제동, 정체 조건으로 판정)
t= 126.1s (  214.00, -550.51) speed= 0.00m/s road1123 s=  21.0 on_road=True
t= 127.1s (  214.00, -550.51) speed= 0.00m/s road1123 s=  21.0 on_road=True
t= 128.1s (  214.00, -550.51) speed= 0.00m/s road1123 s=  21.0 on_road=True
t= 129.1s (  214.00, -550.51) speed= 0.00m/s road1123 s=  21.0 on_road=True
t= 130.1s (  214.00, -550.51) speed= 0.00m/s road1123 s=  21.0 on_road=True

=== 요약 ===
route: yangseong (종점 road1123 s=22.0)
결과: 실패 - 정체 속도<0.5m/s 5.0s 지속 (road1123)
주행 시간(시뮬): 130.6s
계획 이탈 기록: t=31.40s road1915 는 계획의 현재/다음 road 가 아님(비치명, 계속 주행)

=== 계획 vs 실제 road 시퀀스 ===
 0 계획 1247  실제 1247 
 1 계획 1914  실제 1915   <-- 불일치
 2 계획 1356  실제 1247   <-- 불일치
 3 계획 1917  실제 1914   <-- 불일치
 4 계획 1355  실제 1356   <-- 불일치
 5 계획 1446  실제 1917   <-- 불일치
 6 계획 1172  실제 1916   <-- 불일치
 7 계획 1427  실제 1355   <-- 불일치
 8 계획 1127  실제 1449   <-- 불일치
 9 계획 1699  실제 1355   <-- 불일치
10 계획 1126  실제 1446   <-- 불일치
11 계획 1726  실제 1172   <-- 불일치
12 계획 1125  실제 1445   <-- 불일치
13 계획 1733  실제 1172   <-- 불일치
14 계획 1124  실제 1427   <-- 불일치
15 계획 1826  실제 1127   <-- 불일치
16 계획 1123  실제 1698   <-- 불일치
17 계획 -     실제 1699   <-- 불일치
18 계획 -     실제 1703   <-- 불일치
19 계획 -     실제 1699   <-- 불일치
20 계획 -     실제 1701   <-- 불일치
21 계획 -     실제 1699   <-- 불일치
22 계획 -     실제 1126   <-- 불일치
23 계획 -     실제 1726   <-- 불일치
24 계획 -     실제 1125   <-- 불일치
25 계획 -     실제 1733   <-- 불일치
26 계획 -     실제 1737   <-- 불일치
27 계획 -     실제 1124   <-- 불일치
28 계획 -     실제 1736   <-- 불일치
29 계획 -     실제 1124   <-- 불일치
30 계획 -     실제 1827   <-- 불일치
31 계획 -     실제 1124   <-- 불일치
32 계획 -     실제 1825   <-- 불일치
33 계획 -     실제 1826   <-- 불일치
34 계획 -     실제 1831   <-- 불일치
35 계획 -     실제 1829   <-- 불일치
36 계획 -     실제 1826   <-- 불일치
37 계획 -     실제 1123   <-- 불일치
첫 불일치 위치: 1번째 (계획 1914 / 실제 1915)
junction 통과(커넥터 road 를 실제로 밟았는지):
junction1   (r1914): 통과
junction107 (r1917): 통과
junction42  (r1446): 통과
junction10  (r1427): 통과
junction9   (r1699): 통과
junction8   (r1726): 통과
junction7   (r1733): 통과
junction6   (r1826): 통과
junction2(출발 전), junction35(종점 밖)는 통과 대상 아님

=== 급회전 커넥터 이탈량 (정의: sharp_offset docstring) ===
r1446 (+78.4°): tick 38, 최대|lat| 1.64m, 최대 차체초과 +0.97m(안쪽, s=10.0), on_road False 8tick, 충돌 0건
r1446 진입: t=51.15s speed=5.05m/s(18.2km/h)

=== 차체 판정 road 별 (tick 수, 최대 차선밖 꼭짓점) ===
road1247: 인도 22tick, 차선밖꼭짓점 최대 1/4 (1개 이상 25tick), 반대차선(중심) 0tick, (계획 차선 안 0tick), 꼭짓점 침범깊이 최대 0.17m, 메시밖 0tick
road1356: 인도 1tick, 차선밖꼭짓점 최대 1/4 (1개 이상 1tick), 반대차선(중심) 0tick, (계획 차선 안 0tick), 꼭짓점 침범깊이 최대 0.00m, 메시밖 0tick
road1917: 인도 3tick, 차선밖꼭짓점 최대 1/4 (1개 이상 3tick), 반대차선(중심) 0tick, (계획 차선 안 0tick), 꼭짓점 침범깊이 최대 0.00m, 메시밖 0tick
road1355: 인도 1tick, 차선밖꼭짓점 최대 1/4 (1개 이상 1tick), 반대차선(중심) 0tick, (계획 차선 안 0tick), 꼭짓점 침범깊이 최대 0.00m, 메시밖 0tick
road1449: 인도 2tick, 차선밖꼭짓점 최대 1/4 (1개 이상 2tick), 반대차선(중심) 0tick, (계획 차선 안 0tick), 꼭짓점 침범깊이 최대 0.00m, 메시밖 0tick
road1446: 인도 38tick, 차선밖꼭짓점 최대 2/4 (1개 이상 38tick), 반대차선(중심) 0tick, (계획 차선 안 0tick), 꼭짓점 침범깊이 최대 0.00m, 메시밖 2tick
road1172: 인도 15tick, 차선밖꼭짓점 최대 1/4 (1개 이상 15tick), 반대차선(중심) 0tick, (계획 차선 안 0tick), 꼭짓점 침범깊이 최대 0.00m, 메시밖 0tick
road1445: 인도 4tick, 차선밖꼭짓점 최대 1/4 (1개 이상 4tick), 반대차선(중심) 0tick, (계획 차선 안 0tick), 꼭짓점 침범깊이 최대 0.00m, 메시밖 0tick
road1699: 인도 0tick, 차선밖꼭짓점 최대 0/4 (1개 이상 0tick), 반대차선(중심) 0tick, (계획 차선 안 0tick), 꼭짓점 침범깊이 최대 1.67m, 메시밖 0tick
road1703: 인도 0tick, 차선밖꼭짓점 최대 0/4 (1개 이상 0tick), 반대차선(중심) 0tick, (계획 차선 안 0tick), 꼭짓점 침범깊이 최대 1.26m, 메시밖 0tick
road1701: 인도 0tick, 차선밖꼭짓점 최대 0/4 (1개 이상 0tick), 반대차선(중심) 0tick, (계획 차선 안 0tick), 꼭짓점 침범깊이 최대 1.24m, 메시밖 0tick
road1726: 인도 0tick, 차선밖꼭짓점 최대 0/4 (1개 이상 0tick), 반대차선(중심) 0tick, (계획 차선 안 0tick), 꼭짓점 침범깊이 최대 1.56m, 메시밖 0tick
road1733: 인도 0tick, 차선밖꼭짓점 최대 0/4 (1개 이상 0tick), 반대차선(중심) 0tick, (계획 차선 안 0tick), 꼭짓점 침범깊이 최대 2.52m, 메시밖 0tick
road1826: 인도 0tick, 차선밖꼭짓점 최대 0/4 (1개 이상 0tick), 반대차선(중심) 0tick, (계획 차선 안 0tick), 꼭짓점 침범깊이 최대 2.47m, 메시밖 0tick
road1831: 인도 0tick, 차선밖꼭짓점 최대 0/4 (1개 이상 0tick), 반대차선(중심) 0tick, (계획 차선 안 0tick), 꼭짓점 침범깊이 최대 1.84m, 메시밖 0tick
road1829: 인도 0tick, 차선밖꼭짓점 최대 0/4 (1개 이상 0tick), 반대차선(중심) 5tick, (계획 차선 안 5tick), 꼭짓점 침범깊이 최대 1.33m, 메시밖 0tick
road1123: 인도 0tick, 차선밖꼭짓점 최대 1/4 (1개 이상 1tick), 반대차선(중심) 0tick, (계획 차선 안 0tick), 꼭짓점 침범깊이 최대 0.10m, 메시밖 0tick
(목록에 없는 road 는 전부 0)

=== 차선 이탈 구간 (차체 기준, 계획 중심선 기준, 세션19) ===
t=19.90~20.90s road1247 -중앙선 쪽 최대 lat -0.94m 차체초과 0.16m 중심초과 0.00m 21tick, 진입 17.8km/h, road 평균R 173.65 R2min 10.28
t=39.45~39.60s road1356 +인도 쪽 최대 lat +0.91m 차체초과 0.13m 중심초과 0.00m 4tick, 진입 18.3km/h, road 평균R 209.60 R2min 13.11
t=51.15~53.50s road1446 +인도 쪽 최대 lat +1.74m 차체초과 0.96m 중심초과 0.07m 48tick, 진입 18.2km/h, road 평균R 10.12 R2min 7.40
t=123.65~124.25s road1123 -중앙선 쪽 최대 lat -0.88m 차체초과 0.10m 중심초과 0.00m 13tick, 진입 16.4km/h, road 평균R 52.40 R2min 10.28
합계 4구간 (중앙선 쪽 2, 인도 쪽 2), 최대 차체초과 0.96m
충돌 누적 0건
판정: record
follow=off

=== 실패 직전 10초 road 전이 (t_end=130.60s) ===
t= 121.10s road1123  일반  speed= 5.10m/s (212.2,-571.6)
궤적 로그: /home/gyumin/campus_mobility_sim/map/docs/logs/drive_log_20261002_013011.csv
충돌 센서(actor_id=48) 제거함
실패/예외로 차량(actor_id=47) 제거함
[동기모드] 복귀: synchronous_mode=False fixed_delta_seconds=None
