route=middle: 19 road [1247, 1914, 1356, 1917, 1355, 1447, 1373, 1673, 1374, 1592, 1283, 1617, 1284, 1606, 1285, 1597, 1286, 1838, 1327]
  종점 road1327 lane-1 s=70.0 (완주 s>=69.0 이고 종점 5m 이내) - 중문 앞(road1327 막다른 끝 5.7m 전, 문까지 약 40~80m)
  커넥터 {1914: 1, 1917: 107, 1447: 42, 1673: 58, 1592: 44, 1617: 43, 1606: 45, 1597: 46, 1838: 48}, 급회전 {1592: -97.2, 1838: -71.4}
controller=agent, 동기모드=켬 0.05s
conn_spacing=4.0m(전 구간), sharp_speed=없음
follow=on(뒤 8m, 위 4m, 매 tick)
맵: Carla/Maps/OpenDriveMap, spawn point 1243개
spawn: Location(x=217.845581, y=-1087.414185, z=0.500000) road1247 lane-1 s=0.00
계획 CSV: /home/gyumin/campus_mobility_sim/map/docs/logs/drive_plan_20260928_225108.csv
계획 웨이포인트 총 184개
road   kind  n  s범위          최대간격(m)
1247   road  39 1.96~151.01  4.38
1914   conn  2  1.07~3.22  2.93
1356   road  10 1.85~35.20  4.0
1917   conn  1  1.48~1.48  2.07
1355   road  15 1.87~54.20  4.13
1447   conn  5  1.63~14.67  3.5
1373   road  16 1.88~58.17  3.75
1673   conn  4  1.91~13.39  3.83
1374   road  21 1.95~79.75  3.9
1592   conn  4  1.67~11.66  4.33
1283   road  2  1.69~5.06  3.56
1617   conn  4  1.94~13.55  3.87
1284   road  8  1.99~29.82  3.98
1606   conn  4  1.86~13.01  3.85
1285   road  19 1.93~71.56  3.88
1597   conn  5  1.80~16.19  3.74
1286   road  4  1.88~13.15  3.75
1838   conn  3  1.38~6.90  4.78
1327   road  18 1.94~68.06  4.21
커넥터 안쪽 점: 32개 / 점 없는 커넥터: 없음
전체 최대 간격 4.78m, 평균 3.79m
인접 road 연결 확인: 18쌍 모두 next() 로 이어짐
궤적 로그(tick마다 기록): /home/gyumin/campus_mobility_sim/map/docs/logs/drive_log_20260928_225108.csv
차량 스폰: actor_id=29
bounding box: half_length=1.853m half_width=0.894m half_height=0.775m -> /home/gyumin/campus_mobility_sim/map/docs/logs/vehicle_bbox_20260928_225108.txt
충돌 센서 부착: actor_id=30 -> /home/gyumin/campus_mobility_sim/map/docs/logs/collision_events_20260928_225108.csv
BasicAgent set_global_plan 184점, target_speed=20.0km/h, dt=0.05
[동기모드] 전환 전: synchronous_mode=False fixed_delta_seconds=None
[동기모드] 전환 후: synchronous_mode=True fixed_delta_seconds=0.05
[전이] t=   0.05s road1247 일반 speed= 0.00m/s limit=30km/h
t=   0.1s (  217.85,-1087.41) speed= 0.00m/s road1247 s=   0.0 on_road=True
t=   1.1s (  217.86,-1087.09) speed= 1.57m/s road1247 s=   0.3 on_road=True
t=   2.1s (  217.99,-1084.35) speed= 3.86m/s road1247 s=   3.1 on_road=True
t=   3.1s (  218.23,-1079.51) speed= 5.37m/s road1247 s=   7.9 on_road=True
t=   4.1s (  218.50,-1074.01) speed= 4.39m/s road1247 s=  13.4 on_road=True
t=   5.1s (  218.73,-1069.25) speed= 5.37m/s road1247 s=  18.2 on_road=True
t=   6.1s (  219.00,-1063.75) speed= 4.39m/s road1247 s=  23.7 on_road=True
t=   7.1s (  219.23,-1058.98) speed= 5.38m/s road1247 s=  28.5 on_road=True
t=   8.1s (  219.50,-1053.48) speed= 4.62m/s road1247 s=  34.0 on_road=True
t=   9.1s (  219.73,-1048.66) speed= 5.36m/s road1247 s=  38.8 on_road=True
[tick 대조] fixed_delta=0.05 delta_seconds=0.0500 시뮬경과/프레임=0.0500s 벽시계 163.1 tick/s (프레임 200)
t=  10.1s (  220.02,-1043.15) speed= 4.42m/s road1247 s=  44.3 on_road=True
t=  11.1s (  220.31,-1038.38) speed= 5.31m/s road1247 s=  49.1 on_road=True
t=  12.1s (  220.72,-1032.95) speed= 4.11m/s road1247 s=  54.5 on_road=True
t=  13.1s (  221.14,-1028.21) speed= 5.21m/s road1247 s=  59.2 on_road=True
t=  14.1s (  221.68,-1022.87) speed= 4.10m/s road1247 s=  64.6 on_road=True
t=  15.1s (  222.19,-1018.09) speed= 5.24m/s road1247 s=  69.4 on_road=True
t=  16.1s (  222.86,-1012.84) speed= 4.08m/s road1247 s=  74.7 on_road=True
t=  17.1s (  223.91,-1008.06) speed= 5.36m/s road1247 s=  79.5 on_road=True
t=  18.1s (  225.60,-1003.02) speed= 4.10m/s road1247 s=  84.5 on_road=True
t=  19.1s (  227.46, -998.53) speed= 5.63m/s road1247 s=  89.4 on_road=True
t=  20.1s (  230.16, -994.09) speed= 4.32m/s road1247 s=  94.5 on_road=True
t=  21.1s (  233.54, -990.25) speed= 6.31m/s road1247 s=  99.3 on_road=True
t=  22.1s (  237.24, -986.84) speed= 4.44m/s road1247 s= 104.3 on_road=True
t=  23.1s (  241.28, -983.40) speed= 6.26m/s road1247 s= 109.6 on_road=True
t=  24.1s (  245.05, -980.30) speed= 4.52m/s road1247 s= 114.5 on_road=True
t=  25.1s (  249.23, -976.93) speed= 6.09m/s road1247 s= 119.9 on_road=True
t=  26.1s (  252.95, -973.95) speed= 4.60m/s road1247 s= 124.6 on_road=True
t=  27.1s (  257.18, -970.58) speed= 6.17m/s road1247 s= 130.0 on_road=True
t=  28.1s (  261.03, -967.55) speed= 4.67m/s road1247 s= 134.9 on_road=True
t=  29.1s (  265.32, -964.22) speed= 6.22m/s road1247 s= 140.3 on_road=True
t=  30.1s (  269.21, -961.26) speed= 4.58m/s road1247 s= 145.2 on_road=True
t=  31.1s (  273.47, -957.94) speed= 6.18m/s road1247 s= 150.6 on_road=True
[전이] t=  31.35s road1915 커넥터 speed= 5.18m/s limit=30km/h
[계획 이탈] t=31.35s road1915 는 계획의 현재/다음 road 가 아님(비치명, 계속 주행)
[전이] t=  31.45s road1247 일반 speed= 5.09m/s limit=30km/h
[전이] t=  31.50s road1914 커넥터 speed= 5.01m/s limit=30km/h
t=  32.1s (  277.22, -954.87) speed= 4.63m/s road1914 s=   2.7 on_road=True
[전이] t=  32.45s road1356 일반 speed= 5.30m/s limit=30km/h
t=  33.1s (  281.46, -951.40) speed= 6.19m/s road1356 s=   3.7 on_road=True
t=  34.1s (  285.26, -948.46) speed= 4.61m/s road1356 s=   8.5 on_road=True
t=  35.1s (  289.78, -945.48) speed= 5.97m/s road1356 s=  13.7 on_road=True
t=  36.1s (  293.80, -943.07) speed= 4.69m/s road1356 s=  18.4 on_road=True
t=  37.1s (  298.51, -940.35) speed= 5.74m/s road1356 s=  23.8 on_road=True
t=  38.1s (  302.58, -938.05) speed= 4.83m/s road1356 s=  28.5 on_road=True
t=  39.1s (  307.17, -934.94) speed= 5.59m/s road1356 s=  34.0 on_road=True
[전이] t=  39.55s road1917 커넥터 speed= 4.23m/s limit=30km/h
t=  40.1s (  310.69, -931.94) speed= 4.86m/s road1917 s=   3.0 on_road=True
[전이] t=  40.10s road1916 커넥터 speed= 4.96m/s limit=30km/h
[전이] t=  40.30s road1355 일반 speed= 5.20m/s limit=30km/h
t=  41.1s (  315.03, -928.55) speed= 5.30m/s road1355 s=   4.8 on_road=True
t=  42.1s (  318.68, -925.81) speed= 4.98m/s road1355 s=   9.4 on_road=True
t=  43.1s (  323.17, -922.49) speed= 5.62m/s road1355 s=  14.9 on_road=True
t=  44.1s (  326.92, -919.74) speed= 4.91m/s road1355 s=  19.6 on_road=True
t=  45.1s (  331.42, -916.47) speed= 5.45m/s road1355 s=  25.2 on_road=True
t=  46.1s (  335.16, -913.75) speed= 5.04m/s road1355 s=  29.8 on_road=True
t=  47.1s (  339.69, -910.46) speed= 5.25m/s road1355 s=  35.4 on_road=True
t=  48.1s (  343.41, -907.76) speed= 5.12m/s road1355 s=  40.0 on_road=True
t=  49.1s (  347.80, -904.59) speed= 6.35m/s road1355 s=  45.4 on_road=True
t=  50.1s (  351.83, -901.67) speed= 4.42m/s road1355 s=  50.4 on_road=True
[전이] t=  51.05s road1449 커넥터 speed= 6.29m/s limit=30km/h
t=  51.1s (  356.12, -898.58) speed= 6.29m/s road1449 s=   0.4 on_road=True
[전이] t=  51.10s road1355 일반 speed= 6.11m/s limit=30km/h
[전이] t=  51.15s road1447 커넥터 speed= 6.01m/s limit=30km/h
t=  52.1s (  360.09, -895.71) speed= 4.50m/s road1447 s=   4.5 on_road=True
t=  53.1s (  364.44, -892.57) speed= 6.19m/s road1447 s=   9.8 on_road=True
t=  54.1s (  368.37, -889.74) speed= 4.64m/s road1447 s=  14.7 on_road=True
[전이] t=  54.40s road1373 일반 speed= 5.39m/s limit=30km/h
t=  55.1s (  372.70, -886.61) speed= 6.22m/s road1373 s=   3.7 on_road=True
t=  56.1s (  376.74, -883.70) speed= 4.41m/s road1373 s=   8.7 on_road=True
t=  57.1s (  381.03, -880.60) speed= 6.29m/s road1373 s=  14.0 on_road=True
t=  58.1s (  384.99, -877.74) speed= 4.50m/s road1373 s=  18.9 on_road=True
t=  59.1s (  389.35, -874.60) speed= 6.18m/s road1373 s=  24.3 on_road=True
--- 메모리 측정(주행중(차량1대+BasicAgent, 동기 20Hz)) ---
total        used        free      shared  buff/cache   available
Mem:            12Gi       7.9Gi       2.9Gi       151Mi       1.9Gi       4.3Gi
Swap:          8.0Gi       866Mi       7.2Gi
gtt_used: 1591357440 bytes (1.48GiB)
t=  60.1s (  393.27, -871.77) speed= 4.63m/s road1373 s=  29.1 on_road=True
t=  61.1s (  397.67, -868.59) speed= 6.13m/s road1373 s=  34.5 on_road=True
t=  62.1s (  401.57, -865.78) speed= 4.61m/s road1373 s=  39.3 on_road=True
t=  63.1s (  405.93, -862.64) speed= 6.32m/s road1373 s=  44.7 on_road=True
t=  64.1s (  409.95, -859.74) speed= 4.55m/s road1373 s=  49.7 on_road=True
t=  65.1s (  414.26, -856.63) speed= 6.25m/s road1373 s=  55.0 on_road=True
t=  66.1s (  418.31, -853.70) speed= 4.42m/s road1373 s=  60.0 on_road=True
[전이] t=  66.10s road1673 커넥터 speed= 4.52m/s limit=30km/h
t=  67.1s (  422.57, -850.63) speed= 6.32m/s road1673 s=   5.2 on_road=True
t=  68.1s (  426.63, -847.70) speed= 4.53m/s road1673 s=  10.2 on_road=True
[전이] t=  69.05s road1374 일반 speed= 6.05m/s limit=30km/h
t=  69.1s (  430.99, -844.55) speed= 6.05m/s road1374 s=   0.3 on_road=True
t=  70.1s (  434.87, -841.76) speed= 4.59m/s road1374 s=   5.0 on_road=True
t=  71.1s (  439.25, -838.59) speed= 6.17m/s road1374 s=  10.4 on_road=True
t=  72.1s (  443.23, -835.72) speed= 4.68m/s road1374 s=  15.3 on_road=True
t=  73.1s (  447.64, -832.54) speed= 6.11m/s road1374 s=  20.8 on_road=True
t=  74.1s (  451.54, -829.72) speed= 4.60m/s road1374 s=  25.6 on_road=True
t=  75.1s (  455.84, -826.63) speed= 6.19m/s road1374 s=  30.9 on_road=True
t=  76.1s (  459.97, -823.64) speed= 4.48m/s road1374 s=  36.0 on_road=True
t=  77.1s (  464.13, -820.64) speed= 5.20m/s road1374 s=  41.1 on_road=True
t=  78.1s (  468.55, -817.46) speed= 4.18m/s road1374 s=  46.6 on_road=True
t=  79.1s (  472.37, -814.71) speed= 5.35m/s road1374 s=  51.3 on_road=True
t=  80.1s (  476.81, -811.54) speed= 4.17m/s road1374 s=  56.7 on_road=True
t=  81.1s (  480.69, -808.77) speed= 5.26m/s road1374 s=  61.5 on_road=True
t=  82.1s (  485.10, -805.64) speed= 4.03m/s road1374 s=  66.9 on_road=True
t=  83.1s (  488.99, -802.88) speed= 5.36m/s road1374 s=  71.7 on_road=True
t=  84.1s (  493.37, -799.80) speed= 4.08m/s road1374 s=  77.0 on_road=True
[전이] t=  84.95s road1593 커넥터 speed= 5.26m/s limit=30km/h
t=  85.1s (  497.51, -797.37) speed= 5.26m/s road1593 s=   1.2 on_road=True
[전이] t=  85.50s road1592 커넥터 speed= 5.39m/s limit=30km/h
[전이] t=  85.90s road1590 커넥터 speed= 5.06m/s limit=30km/h
t=  86.1s (  502.72, -796.34) speed= 5.17m/s road1590 s=  10.5 on_road=True
[전이] t=  86.50s road1587 커넥터 speed= 5.30m/s limit=30km/h
[전이] t=  86.80s road1612 커넥터 speed= 4.35m/s limit=30km/h
t=  87.1s (  507.11, -798.45) speed= 4.72m/s road1612 s=  25.4 on_road=True

=== 요약 ===
route: middle (종점 road1327 s=70.0)
결과: 실패 - 반대 차선 침범(중심) 7tick/0.30s 연속 (road1612 s=25.2)
주행 시간(시뮬): 87.1s
계획 이탈 기록: t=31.35s road1915 는 계획의 현재/다음 road 가 아님(비치명, 계속 주행)

=== 계획 vs 실제 road 시퀀스 ===
 0 계획 1247  실제 1247 
 1 계획 1914  실제 1915   <-- 불일치
 2 계획 1356  실제 1247   <-- 불일치
 3 계획 1917  실제 1914   <-- 불일치
 4 계획 1355  실제 1356   <-- 불일치
 5 계획 1447  실제 1917   <-- 불일치
 6 계획 1373  실제 1916   <-- 불일치
 7 계획 1673  실제 1355   <-- 불일치
 8 계획 1374  실제 1449   <-- 불일치
 9 계획 1592  실제 1355   <-- 불일치
10 계획 1283  실제 1447   <-- 불일치
11 계획 1617  실제 1373   <-- 불일치
12 계획 1284  실제 1673   <-- 불일치
13 계획 1606  실제 1374   <-- 불일치
14 계획 1285  실제 1593   <-- 불일치
15 계획 1597  실제 1592   <-- 불일치
16 계획 1286  실제 1590   <-- 불일치
17 계획 1838  실제 1587   <-- 불일치
18 계획 1327  실제 1612   <-- 불일치
첫 불일치 위치: 1번째 (계획 1914 / 실제 1915)
junction 통과(커넥터 road 를 실제로 밟았는지):
junction1   (r1914): 통과
junction107 (r1917): 통과
junction42  (r1447): 통과
junction58  (r1673): 통과
junction44  (r1592): 통과
junction43  (r1617): 미통과
junction45  (r1606): 미통과
junction46  (r1597): 미통과
junction48  (r1838): 미통과
junction2(출발 전), junction35(종점 밖)는 통과 대상 아님

=== 급회전 커넥터 이탈량 (정의: sharp_offset docstring) ===
r1592 (-97.2°): tick 41, 최대|lat| 1.90m, 최대 차체초과 +1.17m(안쪽, s=10.2), on_road False 0tick, 충돌 0건
r1838 (-71.4°): 측정 없음(미도달 또는 중심선 3.0m 밖)
r1592 진입: t=85.50s speed=5.39m/s(19.4km/h)

=== 차체 판정 road 별 (tick 수, 최대 차선밖 꼭짓점) ===
road1247: 인도 22tick, 차선밖꼭짓점 최대 1/4 (1개 이상 24tick), 반대차선(중심) 0tick, (계획 차선 안 0tick), 꼭짓점 침범깊이 최대 0.17m, 메시밖 0tick
road1356: 인도 2tick, 차선밖꼭짓점 최대 1/4 (1개 이상 2tick), 반대차선(중심) 0tick, (계획 차선 안 0tick), 꼭짓점 침범깊이 최대 0.00m, 메시밖 0tick
road1917: 인도 4tick, 차선밖꼭짓점 최대 1/4 (1개 이상 4tick), 반대차선(중심) 0tick, (계획 차선 안 0tick), 꼭짓점 침범깊이 최대 0.00m, 메시밖 0tick
road1447: 인도 0tick, 차선밖꼭짓점 최대 0/4 (1개 이상 0tick), 반대차선(중심) 0tick, (계획 차선 안 0tick), 꼭짓점 침범깊이 최대 2.14m, 메시밖 0tick
road1673: 인도 0tick, 차선밖꼭짓점 최대 0/4 (1개 이상 0tick), 반대차선(중심) 0tick, (계획 차선 안 0tick), 꼭짓점 침범깊이 최대 1.57m, 메시밖 0tick
road1593: 인도 0tick, 차선밖꼭짓점 최대 0/4 (1개 이상 0tick), 반대차선(중심) 0tick, (계획 차선 안 0tick), 꼭짓점 침범깊이 최대 0.86m, 메시밖 0tick
road1592: 인도 0tick, 차선밖꼭짓점 최대 0/4 (1개 이상 0tick), 반대차선(중심) 0tick, (계획 차선 안 0tick), 꼭짓점 침범깊이 최대 1.99m, 메시밖 0tick
road1590: 인도 0tick, 차선밖꼭짓점 최대 0/4 (1개 이상 0tick), 반대차선(중심) 7tick, (계획 차선 안 6tick), 꼭짓점 침범깊이 최대 2.73m, 메시밖 0tick
road1587: 인도 0tick, 차선밖꼭짓점 최대 0/4 (1개 이상 0tick), 반대차선(중심) 0tick, (계획 차선 안 0tick), 꼭짓점 침범깊이 최대 1.64m, 메시밖 0tick
road1612: 인도 0tick, 차선밖꼭짓점 최대 0/4 (1개 이상 0tick), 반대차선(중심) 7tick, (계획 차선 안 0tick), 꼭짓점 침범깊이 최대 2.05m, 메시밖 0tick
(목록에 없는 road 는 전부 0)
follow=on

=== 실패 직전 10초 road 전이 (t_end=87.10s) ===
t=  84.95s road1593  커넥터 speed= 5.26m/s (497.0,-797.6)
t=  85.50s road1592  커넥터 speed= 5.39m/s (499.9,-796.5)
t=  85.90s road1590  커넥터 speed= 5.06m/s (502.0,-796.3)
t=  86.50s road1587  커넥터 speed= 5.30m/s (505.0,-797.0)
t=  86.80s road1612  커넥터 speed= 4.35m/s (506.2,-797.8)
궤적 로그: /home/gyumin/campus_mobility_sim/map/docs/logs/drive_log_20260928_225108.csv
충돌 센서(actor_id=30) 제거함
실패/예외로 차량(actor_id=29) 제거함
[동기모드] 복귀: synchronous_mode=False fixed_delta_seconds=None
