map_sha256=bf835cdfad0cea65 (cbnu_internal_only_localtm_tags73_smooth.xodr)
route=uturn: 17 road [1247, 1914, 1356, 1917, 1355, 1446, 1172, 1428, 1240, 1695, 1239, 1426, 1238, 1564, 1278, 1565, 1151]
  종점 road1151 lane-1 s=30.0 (완주 s>=29.0 이고 종점 5m 이내) - 시험용(회차 r1565 통과 후 r1151 s=30)
  커넥터 {1914: 1, 1917: 107, 1446: 42, 1428: 10, 1695: 60, 1426: 84, 1564: 36, 1565: 35}, 급회전 {1446: 78.6, 1428: -68.5, 1564: -82.2, 1565: -126.8}
controller=agent, 동기모드=켬 0.05s
conn_spacing=4.0m(전 구간), sharp_speed=없음
follow=on(뒤 8m, 위 4m, 매 tick)
맵: Carla/Maps/OpenDriveMap, spawn point 1243개
server_map_sha256=bf835cdfad0cea65 (파일과 일치)
spawn: Location(x=217.845581, y=-1087.414185, z=0.500000) road1247 lane-1 s=0.00
계획 CSV: /home/gyumin/campus_mobility_sim/map/docs/logs/drive_plan_20261003_232519.csv
계획 웨이포인트 총 224개
road   kind  n  s범위          최대간격(m)
1247   road  39 1.96~151.01  4.38
1914   conn  2  1.07~3.22  2.93
1356   road  10 1.85~35.20  4.0
1917   conn  1  1.48~1.48  2.07
1355   road  15 1.87~54.20  4.13
1446   conn  4  1.74~12.17  3.33
1172   road  30 1.98~117.07  3.97
1428   conn  4  1.78~12.46  4.3
1240   road  38 1.97~147.53  4.09
1695   conn  4  1.89~13.23  3.86
1239   road  13 1.95~48.68  4.06
1426   conn  5  1.74~15.69  3.7
1238   road  9  1.91~32.45  3.82
1564   conn  4  1.62~11.34  3.99
1278   road  35 1.97~136.07  3.95
1565   conn  3  1.65~8.24  2.54
1151   road  8  1.88~28.12  3.75
커넥터 안쪽 점: 27개 / 점 없는 커넥터: 없음
전체 최대 간격 4.38m, 평균 3.82m
인접 road 연결 확인: 16쌍 모두 next() 로 이어짐
판정: record(세션19, 종료/기록 분리)
궤적 로그(tick마다 기록): /home/gyumin/campus_mobility_sim/map/docs/logs/drive_log_20261003_232519.csv
차량 스폰: actor_id=25
bounding box: half_length=1.853m half_width=0.894m half_height=0.775m -> /home/gyumin/campus_mobility_sim/map/docs/logs/vehicle_bbox_20261003_232519.txt
충돌 센서 부착: actor_id=26 -> /home/gyumin/campus_mobility_sim/map/docs/logs/collision_events_20261003_232519.csv
BasicAgent set_global_plan 224점, target_speed=20.0km/h, dt=0.05
[동기모드] 전환 전: synchronous_mode=False fixed_delta_seconds=None
[동기모드] 전환 후: synchronous_mode=True fixed_delta_seconds=0.05
[전이] t=   0.05s road1247 일반 speed= 0.00m/s limit=30km/h
t=   0.1s (  217.85,-1087.41) speed= 0.00m/s road1247 s=   0.0 on_road=True
t=   1.1s (  217.86,-1087.16) speed= 1.60m/s road1247 s=   0.3 on_road=True
[전이] t=   1.15s road1380 커넥터 speed= 1.72m/s limit=30km/h
[계획 이탈] t=1.15s road1380 는 계획의 현재/다음 road 가 아님(비치명, 계속 주행)
[전이] t=   1.20s road1247 일반 speed= 1.82m/s limit=30km/h
t=   2.1s (  217.99,-1084.52) speed= 3.75m/s road1247 s=   2.9 on_road=True
t=   3.1s (  218.22,-1079.76) speed= 5.31m/s road1247 s=   7.7 on_road=True
t=   4.1s (  218.49,-1074.22) speed= 4.60m/s road1247 s=  13.2 on_road=True
t=   5.1s (  218.71,-1069.69) speed= 5.46m/s road1247 s=  17.7 on_road=True
t=   6.1s (  218.98,-1064.03) speed= 5.28m/s road1247 s=  23.4 on_road=True
t=   7.1s (  219.21,-1059.44) speed= 5.12m/s road1247 s=  28.0 on_road=True
t=   8.1s (  219.48,-1053.83) speed= 5.51m/s road1247 s=  33.6 on_road=True
t=   9.1s (  219.71,-1049.14) speed= 5.01m/s road1247 s=  38.3 on_road=True
[tick 대조] fixed_delta=0.05 delta_seconds=0.0500 시뮬경과/프레임=0.0500s 벽시계 142.7 tick/s (프레임 200)
t=  10.1s (  220.00,-1043.54) speed= 5.45m/s road1247 s=  43.9 on_road=True
t=  11.1s (  220.28,-1038.84) speed= 5.08m/s road1247 s=  48.6 on_road=True
t=  12.1s (  220.70,-1033.21) speed= 5.28m/s road1247 s=  54.3 on_road=True
t=  13.1s (  221.10,-1028.63) speed= 5.13m/s road1247 s=  58.8 on_road=True
t=  14.1s (  221.66,-1023.07) speed= 5.05m/s road1247 s=  64.4 on_road=True
t=  15.1s (  222.14,-1018.50) speed= 5.18m/s road1247 s=  69.0 on_road=True
t=  16.1s (  222.84,-1012.93) speed= 5.05m/s road1247 s=  74.6 on_road=True
t=  17.1s (  223.84,-1008.46) speed= 5.23m/s road1247 s=  79.1 on_road=True
t=  18.1s (  225.57,-1003.20) speed= 5.03m/s road1247 s=  84.3 on_road=True
t=  19.1s (  227.29, -998.91) speed= 5.28m/s road1247 s=  89.0 on_road=True
t=  20.1s (  230.10, -994.07) speed= 5.19m/s road1247 s=  94.5 on_road=True
t=  21.1s (  233.20, -990.58) speed= 5.26m/s road1247 s=  98.8 on_road=True
t=  22.1s (  237.29, -986.81) speed= 5.09m/s road1247 s= 104.4 on_road=True
t=  23.1s (  240.77, -983.83) speed= 5.21m/s road1247 s= 109.0 on_road=True
t=  24.1s (  245.04, -980.32) speed= 5.04m/s road1247 s= 114.5 on_road=True
t=  25.1s (  248.65, -977.40) speed= 5.32m/s road1247 s= 119.1 on_road=True
t=  26.1s (  252.99, -973.92) speed= 4.87m/s road1247 s= 124.7 on_road=True
t=  27.1s (  256.60, -971.04) speed= 5.29m/s road1247 s= 129.3 on_road=True
t=  28.1s (  260.95, -967.62) speed= 4.56m/s road1247 s= 134.8 on_road=True
t=  29.1s (  264.63, -964.76) speed= 5.18m/s road1247 s= 139.4 on_road=True
t=  30.1s (  268.96, -961.45) speed= 4.17m/s road1247 s= 144.9 on_road=True
t=  31.1s (  272.72, -958.55) speed= 5.33m/s road1247 s= 149.6 on_road=True
[전이] t=  31.55s road1915 커넥터 speed= 5.84m/s limit=30km/h
[전이] t=  31.65s road1247 일반 speed= 6.24m/s limit=30km/h
[전이] t=  31.70s road1914 커넥터 speed= 6.28m/s limit=30km/h
t=  32.1s (  277.02, -955.03) speed= 5.06m/s road1914 s=   2.4 on_road=True
[전이] t=  32.50s road1356 일반 speed= 4.17m/s limit=30km/h
t=  33.1s (  280.60, -952.09) speed= 5.26m/s road1356 s=   2.6 on_road=True
t=  34.1s (  284.98, -948.66) speed= 5.03m/s road1356 s=   8.2 on_road=True
t=  35.1s (  288.80, -946.10) speed= 5.16m/s road1356 s=  12.6 on_road=True
t=  36.1s (  293.52, -943.24) speed= 5.04m/s road1356 s=  18.0 on_road=True
t=  37.1s (  297.50, -940.93) speed= 5.19m/s road1356 s=  22.6 on_road=True
t=  38.1s (  302.32, -938.20) speed= 4.92m/s road1356 s=  28.2 on_road=True
t=  39.1s (  306.25, -935.72) speed= 5.17m/s road1356 s=  32.8 on_road=True
[전이] t=  39.75s road1917 커넥터 speed= 5.17m/s limit=30km/h
t=  40.1s (  310.28, -932.31) speed= 6.09m/s road1917 s=   2.5 on_road=True
[전이] t=  40.15s road1916 커넥터 speed= 6.26m/s limit=30km/h
[전이] t=  40.35s road1355 일반 speed= 5.69m/s limit=30km/h
t=  41.1s (  314.32, -929.10) speed= 4.22m/s road1355 s=   3.9 on_road=True
t=  42.1s (  318.36, -926.05) speed= 6.23m/s road1355 s=   9.0 on_road=True
t=  43.1s (  322.44, -923.03) speed= 4.33m/s road1355 s=  14.0 on_road=True
t=  44.1s (  326.64, -919.96) speed= 6.26m/s road1355 s=  19.2 on_road=True
t=  45.1s (  330.64, -917.03) speed= 4.40m/s road1355 s=  24.2 on_road=True
t=  46.1s (  334.91, -913.93) speed= 6.25m/s road1355 s=  29.5 on_road=True
t=  47.1s (  338.89, -911.04) speed= 4.51m/s road1355 s=  34.4 on_road=True
t=  48.1s (  343.23, -907.89) speed= 6.19m/s road1355 s=  39.7 on_road=True
t=  49.1s (  347.21, -905.01) speed= 4.64m/s road1355 s=  44.7 on_road=True
t=  50.1s (  351.62, -901.80) speed= 5.94m/s road1355 s=  50.1 on_road=True
t=  51.1s (  355.24, -898.77) speed= 4.70m/s road1355 s=  54.8 on_road=True
[전이] t=  51.10s road1449 커넥터 speed= 4.79m/s limit=30km/h
[전이] t=  51.30s road1355 일반 speed= 5.09m/s limit=30km/h
[전이] t=  51.35s road1446 커넥터 speed= 5.25m/s limit=30km/h
t=  52.1s (  357.51, -894.05) speed= 5.78m/s road1446 s=   6.2 on_road=False
t=  53.1s (  357.23, -889.34) speed= 4.88m/s road1446 s=  12.7 on_road=True
[전이] t=  53.25s road1172 일반 speed= 5.25m/s limit=30km/h
[전이] t=  53.30s road1445 커넥터 speed= 5.17m/s limit=30km/h
[전이] t=  53.50s road1172 일반 speed= 5.19m/s limit=30km/h
t=  54.1s (  355.71, -884.05) speed= 5.44m/s road1172 s=   4.5 on_road=True
t=  55.1s (  354.03, -879.71) speed= 5.04m/s road1172 s=   9.2 on_road=True
t=  56.1s (  351.85, -874.58) speed= 5.23m/s road1172 s=  14.7 on_road=True
t=  57.1s (  350.00, -870.39) speed= 5.13m/s road1172 s=  19.3 on_road=True
t=  58.1s (  347.71, -865.30) speed= 5.05m/s road1172 s=  24.9 on_road=True
t=  59.1s (  345.81, -861.11) speed= 5.18m/s road1172 s=  29.5 on_road=True
--- 메모리 측정(주행중(차량1대+BasicAgent, 동기 20Hz)) ---
total        used        free      shared  buff/cache   available
Mem:            12Gi       8.5Gi       3.5Gi        86Mi       737Mi       3.8Gi
Swap:          8.0Gi       836Mi       7.2Gi
gtt_used: 1870753792 bytes (1.74GiB)
t=  60.1s (  343.49, -856.03) speed= 5.02m/s road1172 s=  35.1 on_road=True
t=  61.1s (  341.55, -851.81) speed= 5.30m/s road1172 s=  39.7 on_road=True
t=  62.1s (  339.22, -846.73) speed= 5.03m/s road1172 s=  45.3 on_road=True
t=  63.1s (  337.24, -842.43) speed= 5.41m/s road1172 s=  50.1 on_road=True
t=  64.1s (  334.90, -837.34) speed= 5.03m/s road1172 s=  55.7 on_road=True
t=  65.1s (  332.95, -833.11) speed= 5.30m/s road1172 s=  60.3 on_road=True
t=  66.1s (  330.63, -828.05) speed= 5.02m/s road1172 s=  65.9 on_road=True
t=  67.1s (  328.68, -823.83) speed= 5.35m/s road1172 s=  70.5 on_road=True
t=  68.1s (  326.36, -818.77) speed= 5.04m/s road1172 s=  76.1 on_road=True
t=  69.1s (  324.38, -814.47) speed= 5.38m/s road1172 s=  80.8 on_road=True
t=  70.1s (  322.04, -809.40) speed= 5.06m/s road1172 s=  86.4 on_road=True
t=  71.1s (  320.07, -805.12) speed= 5.46m/s road1172 s=  91.1 on_road=True
t=  72.1s (  317.73, -800.02) speed= 5.25m/s road1172 s=  96.7 on_road=True
t=  73.1s (  315.81, -795.85) speed= 5.11m/s road1172 s= 101.3 on_road=True
t=  74.1s (  313.47, -790.76) speed= 5.32m/s road1172 s= 106.9 on_road=True
t=  75.1s (  311.50, -786.49) speed= 5.16m/s road1172 s= 111.6 on_road=True
t=  76.1s (  309.51, -781.27) speed= 5.03m/s road1172 s= 117.2 on_road=True
[전이] t=  76.35s road1429 커넥터 speed= 4.13m/s limit=30km/h
t=  77.1s (  308.97, -776.74) speed= 5.16m/s road1429 s=   5.0 on_road=True
[전이] t=  77.15s road1434 커넥터 speed= 5.39m/s limit=30km/h
[전이] t=  77.85s road1431 커넥터 speed= 6.05m/s limit=30km/h
t=  78.1s (  310.38, -771.31) speed= 5.20m/s road1431 s=   5.9 on_road=True
[전이] t=  78.50s road1428 커넥터 speed= 4.06m/s limit=30km/h
[전이] t=  79.00s road1432 커넥터 speed= 5.00m/s limit=30km/h
t=  79.1s (  312.74, -767.43) speed= 5.11m/s road1432 s=   6.2 on_road=True
[전이] t=  79.55s road1240 일반 speed= 5.91m/s limit=30km/h
t=  80.1s (  316.17, -763.06) speed= 5.05m/s road1240 s=   3.5 on_road=True
t=  81.1s (  319.21, -759.61) speed= 5.18m/s road1240 s=   8.1 on_road=True
t=  82.1s (  322.99, -755.52) speed= 5.04m/s road1240 s=  13.7 on_road=True
t=  83.1s (  326.16, -752.16) speed= 5.25m/s road1240 s=  18.3 on_road=True
t=  84.1s (  330.00, -748.13) speed= 5.05m/s road1240 s=  23.9 on_road=True
t=  85.1s (  333.19, -744.79) speed= 5.30m/s road1240 s=  28.5 on_road=True
t=  86.1s (  337.12, -740.71) speed= 5.09m/s road1240 s=  34.2 on_road=True
t=  87.1s (  340.35, -737.41) speed= 5.29m/s road1240 s=  38.8 on_road=True
t=  88.1s (  344.29, -733.51) speed= 4.78m/s road1240 s=  44.3 on_road=True
t=  89.1s (  347.63, -730.33) speed= 5.26m/s road1240 s=  48.9 on_road=True
t=  90.1s (  351.68, -726.58) speed= 4.56m/s road1240 s=  54.3 on_road=True
t=  91.1s (  355.15, -723.42) speed= 5.33m/s road1240 s=  59.0 on_road=True
t=  92.1s (  359.22, -719.74) speed= 4.23m/s road1240 s=  64.5 on_road=True
t=  93.1s (  362.70, -716.61) speed= 5.21m/s road1240 s=  69.2 on_road=True
t=  94.1s (  366.71, -713.00) speed= 4.12m/s road1240 s=  74.6 on_road=True
t=  95.1s (  370.27, -709.80) speed= 5.38m/s road1240 s=  79.4 on_road=True
t=  96.1s (  374.27, -706.22) speed= 4.11m/s road1240 s=  84.8 on_road=True
t=  97.1s (  377.88, -702.98) speed= 5.37m/s road1240 s=  89.6 on_road=True
t=  98.1s (  381.84, -699.42) speed= 4.15m/s road1240 s=  94.9 on_road=True
t=  99.1s (  385.52, -696.12) speed= 5.37m/s road1240 s=  99.9 on_road=True
t= 100.1s (  389.70, -692.36) speed= 5.77m/s road1240 s= 105.5 on_road=True
t= 101.1s (  393.19, -689.23) speed= 4.81m/s road1240 s= 110.2 on_road=True
t= 102.1s (  397.21, -685.52) speed= 5.51m/s road1240 s= 115.7 on_road=True
t= 103.1s (  400.47, -682.17) speed= 5.01m/s road1240 s= 120.5 on_road=True
t= 104.1s (  404.21, -678.08) speed= 5.23m/s road1240 s= 126.1 on_road=True
t= 105.1s (  407.37, -674.75) speed= 5.11m/s road1240 s= 130.7 on_road=True
t= 106.1s (  411.24, -670.81) speed= 5.09m/s road1240 s= 136.1 on_road=True
t= 107.1s (  414.52, -667.51) speed= 5.26m/s road1240 s= 140.8 on_road=True
t= 108.1s (  418.52, -663.52) speed= 5.20m/s road1240 s= 146.4 on_road=True
[전이] t= 108.65s road1697 커넥터 speed= 4.35m/s limit=30km/h
[전이] t= 108.70s road1240 일반 speed= 4.45m/s limit=30km/h
[전이] t= 108.75s road1696 커넥터 speed= 4.55m/s limit=30km/h
[전이] t= 108.95s road1695 커넥터 speed= 4.96m/s limit=30km/h
t= 109.1s (  421.79, -660.26) speed= 5.17m/s road1695 s=   1.5 on_road=True
t= 110.1s (  425.69, -656.23) speed= 5.16m/s road1695 s=   7.1 on_road=True
t= 111.1s (  428.78, -652.82) speed= 5.27m/s road1695 s=  11.8 on_road=True
[전이] t= 111.65s road1239 일반 speed= 6.29m/s limit=30km/h
t= 112.1s (  432.47, -648.63) speed= 5.07m/s road1239 s=   2.3 on_road=True
t= 113.1s (  435.48, -645.15) speed= 5.32m/s road1239 s=   6.9 on_road=True
t= 114.1s (  439.11, -640.93) speed= 5.09m/s road1239 s=  12.5 on_road=True
t= 115.1s (  442.13, -637.42) speed= 5.15m/s road1239 s=  17.1 on_road=True
t= 116.1s (  445.90, -633.37) speed= 4.72m/s road1239 s=  22.7 on_road=True
t= 117.1s (  449.21, -630.15) speed= 5.17m/s road1239 s=  27.2 on_road=True
t= 118.1s (  453.44, -626.63) speed= 4.39m/s road1239 s=  32.6 on_road=True
t= 119.1s (  457.18, -623.92) speed= 5.14m/s road1239 s=  37.0 on_road=True
t= 120.1s (  461.67, -620.87) speed= 4.27m/s road1239 s=  42.4 on_road=True
t= 121.1s (  465.66, -618.25) speed= 5.22m/s road1239 s=  47.2 on_road=True
[전이] t= 121.65s road1426 커넥터 speed= 5.22m/s limit=30km/h
t= 122.1s (  470.21, -615.40) speed= 4.09m/s road1426 s=   1.9 on_road=True
t= 123.1s (  474.39, -612.96) speed= 5.27m/s road1426 s=   6.7 on_road=True
[전이] t= 123.20s road1422 커넥터 speed= 6.25m/s limit=30km/h
[전이] t= 123.25s road1424 커넥터 speed= 6.26m/s limit=30km/h
[전이] t= 123.35s road1426 커넥터 speed= 6.08m/s limit=30km/h
t= 124.1s (  479.05, -610.43) speed= 4.11m/s road1426 s=  12.0 on_road=True
t= 125.1s (  483.34, -608.22) speed= 5.58m/s road1426 s=  16.8 on_road=True
[전이] t= 125.20s road1238 일반 speed= 6.34m/s limit=30km/h
t= 126.1s (  488.01, -605.80) speed= 4.18m/s road1238 s=   4.6 on_road=True
t= 127.1s (  492.46, -603.51) speed= 6.06m/s road1238 s=   9.6 on_road=True
t= 128.1s (  497.04, -601.16) speed= 4.21m/s road1238 s=  14.7 on_road=True
t= 129.1s (  501.56, -598.85) speed= 6.19m/s road1238 s=  19.8 on_road=True
t= 130.1s (  506.10, -596.52) speed= 4.30m/s road1238 s=  24.9 on_road=True
t= 131.1s (  510.72, -594.22) speed= 6.33m/s road1238 s=  30.1 on_road=True
[전이] t= 131.90s road1564 커넥터 speed= 4.37m/s limit=30km/h
t= 132.1s (  515.46, -592.58) speed= 4.61m/s road1564 s=   0.7 on_road=True
[전이] t= 132.70s road1561 커넥터 speed= 5.37m/s limit=30km/h
t= 133.1s (  520.57, -592.85) speed= 6.16m/s road1561 s=  10.3 on_road=True
[전이] t= 133.30s road1558 커넥터 speed= 5.45m/s limit=30km/h
[전이] t= 134.00s road1559 커넥터 speed= 4.57m/s limit=30km/h
t= 134.1s (  524.82, -595.33) speed= 4.66m/s road1559 s=   4.1 on_road=True
[전이] t= 134.75s road1278 일반 speed= 5.83m/s limit=30km/h
t= 135.1s (  528.61, -599.21) speed= 5.89m/s road1278 s=   2.7 on_road=True
t= 136.1s (  531.57, -602.89) speed= 4.80m/s road1278 s=   7.4 on_road=True
t= 137.1s (  534.85, -607.32) speed= 5.57m/s road1278 s=  12.9 on_road=True
t= 138.1s (  537.56, -611.12) speed= 4.94m/s road1278 s=  17.5 on_road=True
t= 139.1s (  540.77, -615.69) speed= 5.45m/s road1278 s=  23.1 on_road=True
t= 140.1s (  543.42, -619.49) speed= 5.04m/s road1278 s=  27.8 on_road=True
t= 141.1s (  546.61, -624.08) speed= 5.25m/s road1278 s=  33.4 on_road=True
t= 142.1s (  549.23, -627.86) speed= 5.12m/s road1278 s=  38.0 on_road=True
t= 143.1s (  552.42, -632.46) speed= 5.16m/s road1278 s=  43.6 on_road=True
t= 144.1s (  555.06, -636.27) speed= 5.28m/s road1278 s=  48.2 on_road=True
t= 145.1s (  558.24, -640.86) speed= 5.02m/s road1278 s=  53.8 on_road=True
t= 146.1s (  560.88, -644.67) speed= 5.36m/s road1278 s=  58.4 on_road=True
t= 147.1s (  564.06, -649.26) speed= 5.09m/s road1278 s=  64.0 on_road=True
t= 148.1s (  566.72, -653.09) speed= 5.41m/s road1278 s=  68.7 on_road=True
t= 149.1s (  569.91, -657.71) speed= 5.04m/s road1278 s=  74.3 on_road=True
t= 150.1s (  572.55, -661.51) speed= 5.29m/s road1278 s=  78.9 on_road=True
t= 151.1s (  575.74, -666.11) speed= 5.03m/s road1278 s=  84.5 on_road=True
t= 152.1s (  578.42, -669.99) speed= 5.32m/s road1278 s=  89.2 on_road=True
t= 153.1s (  581.62, -674.60) speed= 5.01m/s road1278 s=  94.8 on_road=True
t= 154.1s (  584.25, -678.40) speed= 5.29m/s road1278 s=  99.4 on_road=True
t= 155.1s (  587.42, -682.98) speed= 5.01m/s road1278 s= 105.0 on_road=True
t= 156.1s (  590.09, -686.83) speed= 5.31m/s road1278 s= 109.7 on_road=True
t= 157.1s (  593.30, -691.47) speed= 5.04m/s road1278 s= 115.3 on_road=True
t= 158.1s (  595.91, -695.24) speed= 5.26m/s road1278 s= 119.9 on_road=True
t= 159.1s (  599.09, -699.83) speed= 5.01m/s road1278 s= 125.5 on_road=True
t= 160.1s (  601.73, -703.64) speed= 5.49m/s road1278 s= 130.1 on_road=True
t= 161.1s (  604.07, -708.53) speed= 4.79m/s road1278 s= 135.5 on_road=True
[전이] t= 161.30s road1151 일반 speed= 4.69m/s limit=30km/h
t= 162.1s (  600.65, -711.25) speed= 5.17m/s road1151 s=   2.3 on_road=False
t= 163.1s (  597.48, -707.79) speed= 5.52m/s road1151 s=   6.9 on_road=False
t= 164.1s (  596.07, -703.40) speed= 5.11m/s road1151 s=  11.3 on_road=True
t= 165.1s (  593.51, -698.53) speed= 5.09m/s road1151 s=  16.8 on_road=True
t= 166.1s (  591.07, -694.56) speed= 5.19m/s road1151 s=  21.4 on_road=True
t= 167.1s (  588.09, -689.91) speed= 4.86m/s road1151 s=  27.0 on_road=True
[계획 소진] t=167.15s 완주 전에 계획 웨이포인트가 모두 소진됨(이후 제동, 정체 조건으로 판정)
t= 168.1s (  587.14, -688.42) speed= 0.00m/s road1151 s=  28.7 on_road=True
t= 169.1s (  587.14, -688.42) speed= 0.00m/s road1151 s=  28.7 on_road=True
t= 170.1s (  587.14, -688.42) speed= 0.00m/s road1151 s=  28.7 on_road=True
t= 171.1s (  587.14, -688.42) speed= 0.00m/s road1151 s=  28.7 on_road=True
t= 172.1s (  587.14, -688.42) speed= 0.00m/s road1151 s=  28.7 on_road=True
[정지 근접 완주] 속도<0.5m/s 가 t=167.70s 부터 5.0s, road1151 s=28.72, 정차점까지 1.28m <= 2m
완주: t=172.7s 종점까지 1.28m

=== 요약 ===
route: uturn (종점 road1151 s=30.0)
결과: 완주 (정지 근접 판정, 세션21)
주행 시간(시뮬): 172.7s
계획 이탈 기록: t=1.15s road1380 는 계획의 현재/다음 road 가 아님(비치명, 계속 주행)

=== 계획 vs 실제 road 시퀀스 ===
 0 계획 1247  실제 1247 
 1 계획 1914  실제 1380   <-- 불일치
 2 계획 1356  실제 1247   <-- 불일치
 3 계획 1917  실제 1915   <-- 불일치
 4 계획 1355  실제 1247   <-- 불일치
 5 계획 1446  실제 1914   <-- 불일치
 6 계획 1172  실제 1356   <-- 불일치
 7 계획 1428  실제 1917   <-- 불일치
 8 계획 1240  실제 1916   <-- 불일치
 9 계획 1695  실제 1355   <-- 불일치
10 계획 1239  실제 1449   <-- 불일치
11 계획 1426  실제 1355   <-- 불일치
12 계획 1238  실제 1446   <-- 불일치
13 계획 1564  실제 1172   <-- 불일치
14 계획 1278  실제 1445   <-- 불일치
15 계획 1565  실제 1172   <-- 불일치
16 계획 1151  실제 1429   <-- 불일치
17 계획 -     실제 1434   <-- 불일치
18 계획 -     실제 1431   <-- 불일치
19 계획 -     실제 1428   <-- 불일치
20 계획 -     실제 1432   <-- 불일치
21 계획 -     실제 1240   <-- 불일치
22 계획 -     실제 1697   <-- 불일치
23 계획 -     실제 1240   <-- 불일치
24 계획 -     실제 1696   <-- 불일치
25 계획 -     실제 1695   <-- 불일치
26 계획 -     실제 1239   <-- 불일치
27 계획 -     실제 1426   <-- 불일치
28 계획 -     실제 1422   <-- 불일치
29 계획 -     실제 1424   <-- 불일치
30 계획 -     실제 1426   <-- 불일치
31 계획 -     실제 1238   <-- 불일치
32 계획 -     실제 1564   <-- 불일치
33 계획 -     실제 1561   <-- 불일치
34 계획 -     실제 1558   <-- 불일치
35 계획 -     실제 1559   <-- 불일치
36 계획 -     실제 1278   <-- 불일치
37 계획 -     실제 1151   <-- 불일치
첫 불일치 위치: 1번째 (계획 1914 / 실제 1380)
junction 통과(커넥터 road 를 실제로 밟았는지):
junction1   (r1914): 통과
junction107 (r1917): 통과
junction42  (r1446): 통과
junction10  (r1428): 통과
junction60  (r1695): 통과
junction84  (r1426): 통과
junction36  (r1564): 통과
junction35  (r1565): 미통과
junction2(출발 전), junction35(종점 밖)는 통과 대상 아님

=== 급회전 커넥터 이탈량 (정의: sharp_offset docstring) ===
r1446 (+78.6°): tick 37, 최대|lat| 1.73m, 최대 차체초과 +1.04m(안쪽, s=10.5), on_road False 13tick, 충돌 0건
r1428 (-68.5°): tick 57, 최대|lat| 1.39m, 최대 차체초과 +0.61m(안쪽, s=6.8), on_road False 0tick, 충돌 0건
r1564 (-82.2°): tick 52, 최대|lat| 1.63m, 최대 차체초과 +0.82m(안쪽, s=9.8), on_road False 0tick, 충돌 0건
r1565 (-126.8°): 측정 없음(미도달 또는 중심선 3.0m 밖)
r1446 진입: t=51.35s speed=5.25m/s(18.9km/h)
r1428 진입: t=78.50s speed=4.06m/s(14.6km/h)
r1564 진입: t=131.90s speed=4.37m/s(15.7km/h)

=== 차체 판정 road 별 (tick 수, 최대 차선밖 꼭짓점) ===
road1247: 인도 22tick, 차선밖꼭짓점 최대 1/4 (1개 이상 26tick), 반대차선(중심) 0tick, (계획 차선 안 0tick), 꼭짓점 침범깊이 최대 0.16m, 메시밖 0tick
road1380: 인도 1tick, 차선밖꼭짓점 최대 1/4 (1개 이상 1tick), 반대차선(중심) 0tick, (계획 차선 안 0tick), 꼭짓점 침범깊이 최대 0.00m, 메시밖 0tick
road1356: 인도 1tick, 차선밖꼭짓점 최대 1/4 (1개 이상 1tick), 반대차선(중심) 0tick, (계획 차선 안 0tick), 꼭짓점 침범깊이 최대 0.00m, 메시밖 0tick
road1917: 인도 2tick, 차선밖꼭짓점 최대 1/4 (1개 이상 2tick), 반대차선(중심) 0tick, (계획 차선 안 0tick), 꼭짓점 침범깊이 최대 0.00m, 메시밖 0tick
road1355: 인도 1tick, 차선밖꼭짓점 최대 1/4 (1개 이상 1tick), 반대차선(중심) 0tick, (계획 차선 안 0tick), 꼭짓점 침범깊이 최대 0.00m, 메시밖 0tick
road1449: 인도 1tick, 차선밖꼭짓점 최대 1/4 (1개 이상 1tick), 반대차선(중심) 0tick, (계획 차선 안 0tick), 꼭짓점 침범깊이 최대 0.00m, 메시밖 0tick
road1446: 인도 38tick, 차선밖꼭짓점 최대 2/4 (1개 이상 38tick), 반대차선(중심) 0tick, (계획 차선 안 0tick), 꼭짓점 침범깊이 최대 0.00m, 메시밖 0tick
road1172: 인도 12tick, 차선밖꼭짓점 최대 1/4 (1개 이상 12tick), 반대차선(중심) 0tick, (계획 차선 안 0tick), 꼭짓점 침범깊이 최대 0.00m, 메시밖 0tick
road1445: 인도 4tick, 차선밖꼭짓점 최대 1/4 (1개 이상 4tick), 반대차선(중심) 0tick, (계획 차선 안 0tick), 꼭짓점 침범깊이 최대 0.00m, 메시밖 0tick
road1429: 인도 0tick, 차선밖꼭짓점 최대 0/4 (1개 이상 0tick), 반대차선(중심) 0tick, (계획 차선 안 0tick), 꼭짓점 침범깊이 최대 1.83m, 메시밖 0tick
road1434: 인도 0tick, 차선밖꼭짓점 최대 0/4 (1개 이상 0tick), 반대차선(중심) 14tick, (계획 차선 안 14tick), 꼭짓점 침범깊이 최대 2.95m, 메시밖 0tick
road1431: 인도 0tick, 차선밖꼭짓점 최대 0/4 (1개 이상 0tick), 반대차선(중심) 5tick, (계획 차선 안 5tick), 꼭짓점 침범깊이 최대 2.60m, 메시밖 0tick
road1428: 인도 0tick, 차선밖꼭짓점 최대 0/4 (1개 이상 0tick), 반대차선(중심) 0tick, (계획 차선 안 0tick), 꼭짓점 침범깊이 최대 2.25m, 메시밖 0tick
road1432: 인도 0tick, 차선밖꼭짓점 최대 0/4 (1개 이상 0tick), 반대차선(중심) 0tick, (계획 차선 안 0tick), 꼭짓점 침범깊이 최대 0.98m, 메시밖 0tick
road1426: 인도 0tick, 차선밖꼭짓점 최대 0/4 (1개 이상 0tick), 반대차선(중심) 0tick, (계획 차선 안 0tick), 꼭짓점 침범깊이 최대 1.99m, 메시밖 0tick
road1422: 인도 0tick, 차선밖꼭짓점 최대 0/4 (1개 이상 0tick), 반대차선(중심) 0tick, (계획 차선 안 0tick), 꼭짓점 침범깊이 최대 0.96m, 메시밖 0tick
road1424: 인도 0tick, 차선밖꼭짓점 최대 0/4 (1개 이상 0tick), 반대차선(중심) 0tick, (계획 차선 안 0tick), 꼭짓점 침범깊이 최대 1.05m, 메시밖 0tick
road1238: 인도 0tick, 차선밖꼭짓점 최대 0/4 (1개 이상 0tick), 반대차선(중심) 0tick, (계획 차선 안 0tick), 꼭짓점 침범깊이 최대 2.56m, 메시밖 0tick
road1564: 인도 0tick, 차선밖꼭짓점 최대 0/4 (1개 이상 0tick), 반대차선(중심) 0tick, (계획 차선 안 0tick), 꼭짓점 침범깊이 최대 1.92m, 메시밖 0tick
road1561: 인도 0tick, 차선밖꼭짓점 최대 0/4 (1개 이상 0tick), 반대차선(중심) 11tick, (계획 차선 안 11tick), 꼭짓점 침범깊이 최대 2.83m, 메시밖 0tick
road1558: 인도 0tick, 차선밖꼭짓점 최대 0/4 (1개 이상 0tick), 반대차선(중심) 7tick, (계획 차선 안 7tick), 꼭짓점 침범깊이 최대 2.52m, 메시밖 0tick
road1559: 인도 0tick, 차선밖꼭짓점 최대 0/4 (1개 이상 0tick), 반대차선(중심) 0tick, (계획 차선 안 0tick), 꼭짓점 침범깊이 최대 2.08m, 메시밖 0tick
road1278: 인도 0tick, 차선밖꼭짓점 최대 0/4 (1개 이상 0tick), 반대차선(중심) 0tick, (계획 차선 안 0tick), 꼭짓점 침범깊이 최대 0.82m, 메시밖 0tick
road1151: 인도 65tick, 차선밖꼭짓점 최대 4/4 (1개 이상 65tick), 반대차선(중심) 0tick, (계획 차선 안 0tick), 꼭짓점 침범깊이 최대 0.00m, 메시밖 0tick
(목록에 없는 road 는 전부 0)

=== 차선 이탈 구간 (차체 기준, 계획 중심선 기준, 세션19) ===
t=20.00~20.95s road1247 -중앙선 쪽 최대 lat -0.93m 차체초과 0.15m 중심초과 0.00m 20tick, 진입 19.4km/h, road 평균R 173.65 R2min 10.28
t=39.60~39.75s road1356 +인도 쪽 최대 lat +0.91m 차체초과 0.13m 중심초과 0.00m 4tick, 진입 18.6km/h, road 평균R 209.60 R2min 13.11
t=51.40~53.70s road1446 +인도 쪽 최대 lat +1.82m 차체초과 1.04m 중심초과 0.15m 47tick, 진입 19.1km/h, road 평균R 10.12 R2min 7.40
t=76.45~79.25s road1428 -중앙선 쪽 최대 lat -1.39m 차체초과 0.61m 중심초과 0.00m 57tick, 진입 14.9km/h, road 평균R 11.90 R2min 6.48
t=132.15~134.85s road1564 -중앙선 쪽 최대 lat -1.60m 차체초과 0.82m 중심초과 0.00m 55tick, 진입 17.0km/h, road 평균R 9.02 R2min 6.42
t=161.05~161.50s road1151 -중앙선 쪽 최대 lat -1.64m 차체초과 0.86m 중심초과 0.00m 10tick, 진입 17.2km/h, road 평균R 552612.07 R2min 503.28
t=161.85~164.50s road1151 +인도 쪽 최대 lat +3.03m 차체초과 2.25m 중심초과 1.36m 54tick, 진입 20.0km/h, road 평균R 552612.07 R2min 503.28
합계 7구간 (중앙선 쪽 4, 인도 쪽 3), 최대 차체초과 2.25m
충돌 누적 0건
판정: record
follow=on
궤적 로그: /home/gyumin/campus_mobility_sim/map/docs/logs/drive_log_20261003_232519.csv
충돌 센서(actor_id=26) 제거함
정상 종료 - 차량(actor_id=25) 브레이크 유지로 남겨둠
[동기모드] 복귀: synchronous_mode=False fixed_delta_seconds=None
