map_sha256=bf835cdfad0cea65 (cbnu_internal_only_localtm_tags73_smooth.xodr)
route=middle: 19 road [1247, 1914, 1356, 1917, 1355, 1447, 1373, 1673, 1374, 1592, 1283, 1617, 1284, 1606, 1285, 1597, 1286, 1838, 1327]
  종점 road1327 lane-1 s=70.0 (완주 s>=69.0 이고 종점 5m 이내) - 중문 앞(road1327 막다른 끝 5.7m 전, 문까지 약 40~80m)
  커넥터 {1914: 1, 1917: 107, 1447: 42, 1673: 58, 1592: 44, 1617: 43, 1606: 45, 1597: 46, 1838: 48}, 급회전 {1592: -97.2, 1838: -71.4}
controller=agent, 동기모드=켬 0.05s
conn_spacing=4.0m(전 구간), sharp_speed=없음
follow=on(뒤 8m, 위 4m, 매 tick)
맵: Carla/Maps/OpenDriveMap, spawn point 1243개
server_map_sha256=bf835cdfad0cea65 (파일과 일치)
spawn: Location(x=217.845581, y=-1087.414185, z=0.500000) road1247 lane-1 s=0.00
계획 CSV: /home/gyumin/campus_mobility_sim/map/docs/logs/drive_plan_20261002_012601.csv
계획 웨이포인트 총 184개
road   kind  n  s범위          최대간격(m)
1247   road  39 1.96~151.01  4.38
1914   conn  2  1.07~3.22  2.93
1356   road  10 1.85~35.20  4.0
1917   conn  1  1.48~1.48  2.07
1355   road  15 1.87~54.20  4.13
1447   conn  5  1.63~14.67  3.5
1373   road  16 1.88~58.17  3.75
1673   conn  4  1.91~13.39  3.83
1374   road  21 1.95~79.75  3.9
1592   conn  4  1.67~11.66  4.33
1283   road  2  1.69~5.06  3.56
1617   conn  4  1.94~13.55  3.87
1284   road  8  1.99~29.82  3.98
1606   conn  4  1.86~13.01  3.85
1285   road  19 1.93~71.56  3.88
1597   conn  5  1.80~16.19  3.74
1286   road  4  1.88~13.15  3.75
1838   conn  3  1.38~6.90  4.78
1327   road  18 1.94~68.06  4.21
커넥터 안쪽 점: 32개 / 점 없는 커넥터: 없음
전체 최대 간격 4.78m, 평균 3.79m
인접 road 연결 확인: 18쌍 모두 next() 로 이어짐
판정: record(세션19, 종료/기록 분리)
궤적 로그(tick마다 기록): /home/gyumin/campus_mobility_sim/map/docs/logs/drive_log_20261002_012601.csv
차량 스폰: actor_id=25
bounding box: half_length=1.853m half_width=0.894m half_height=0.775m -> /home/gyumin/campus_mobility_sim/map/docs/logs/vehicle_bbox_20261002_012601.txt
충돌 센서 부착: actor_id=26 -> /home/gyumin/campus_mobility_sim/map/docs/logs/collision_events_20261002_012601.csv
BasicAgent set_global_plan 184점, target_speed=20.0km/h, dt=0.05
[동기모드] 전환 전: synchronous_mode=False fixed_delta_seconds=None
[동기모드] 전환 후: synchronous_mode=True fixed_delta_seconds=0.05
[전이] t=   0.05s road1247 일반 speed= 0.00m/s limit=30km/h
t=   0.1s (  217.85,-1087.41) speed= 0.00m/s road1247 s=   0.0 on_road=True
t=   1.1s (  217.86,-1087.17) speed= 1.50m/s road1247 s=   0.2 on_road=True
t=   2.1s (  217.99,-1084.54) speed= 3.75m/s road1247 s=   2.9 on_road=True
t=   3.1s (  218.22,-1079.78) speed= 5.32m/s road1247 s=   7.6 on_road=True
t=   4.1s (  218.48,-1074.33) speed= 4.39m/s road1247 s=  13.1 on_road=True
t=   5.1s (  218.72,-1069.47) speed= 5.30m/s road1247 s=  18.0 on_road=True
t=   6.1s (  218.99,-1063.99) speed= 4.33m/s road1247 s=  23.4 on_road=True
t=   7.1s (  219.22,-1059.16) speed= 5.28m/s road1247 s=  28.3 on_road=True
t=   8.1s (  219.49,-1053.60) speed= 4.73m/s road1247 s=  33.9 on_road=True
t=   9.1s (  219.72,-1048.84) speed= 5.40m/s road1247 s=  38.6 on_road=True
[tick 대조] fixed_delta=0.05 delta_seconds=0.0500 시뮬경과/프레임=0.0500s 벽시계 142.0 tick/s (프레임 200)
t=  10.1s (  220.01,-1043.20) speed= 5.12m/s road1247 s=  44.3 on_road=True
t=  11.1s (  220.30,-1038.61) speed= 5.12m/s road1247 s=  48.9 on_road=True
t=  12.1s (  220.71,-1033.10) speed= 5.08m/s road1247 s=  54.4 on_road=True
t=  13.1s (  221.12,-1028.47) speed= 5.39m/s road1247 s=  59.0 on_road=True
t=  14.1s (  221.68,-1022.90) speed= 5.11m/s road1247 s=  64.6 on_road=True
t=  15.1s (  222.18,-1018.21) speed= 5.30m/s road1247 s=  69.3 on_road=True
t=  16.1s (  222.87,-1012.72) speed= 4.50m/s road1247 s=  74.8 on_road=True
t=  17.1s (  223.87,-1008.19) speed= 5.19m/s road1247 s=  79.3 on_road=True
t=  18.1s (  225.59,-1003.04) speed= 4.24m/s road1247 s=  84.5 on_road=True
t=  19.1s (  227.40, -998.65) speed= 5.25m/s road1247 s=  89.2 on_road=True
t=  20.1s (  230.15, -994.07) speed= 4.16m/s road1247 s=  94.5 on_road=True
t=  21.1s (  233.33, -990.45) speed= 5.24m/s road1247 s=  99.0 on_road=True
t=  22.1s (  237.22, -986.86) speed= 4.08m/s road1247 s= 104.3 on_road=True
t=  23.1s (  240.92, -983.71) speed= 5.64m/s road1247 s= 109.1 on_road=True
t=  24.1s (  244.95, -980.39) speed= 4.22m/s road1247 s= 114.4 on_road=True
t=  25.1s (  248.85, -977.23) speed= 5.38m/s road1247 s= 119.4 on_road=True
t=  26.1s (  253.07, -973.85) speed= 4.07m/s road1247 s= 124.8 on_road=True
t=  27.1s (  256.85, -970.84) speed= 5.24m/s road1247 s= 129.6 on_road=True
t=  28.1s (  261.01, -967.57) speed= 4.09m/s road1247 s= 134.8 on_road=True
t=  29.1s (  264.89, -964.56) speed= 5.35m/s road1247 s= 139.8 on_road=True
t=  30.1s (  269.21, -961.25) speed= 4.29m/s road1247 s= 145.2 on_road=True
t=  31.1s (  273.02, -958.30) speed= 5.38m/s road1247 s= 150.0 on_road=True
[전이] t=  31.45s road1915 커넥터 speed= 6.31m/s limit=30km/h
[계획 이탈] t=31.45s road1915 는 계획의 현재/다음 road 가 아님(비치명, 계속 주행)
[전이] t=  31.55s road1247 일반 speed= 6.02m/s limit=30km/h
[전이] t=  31.60s road1914 커넥터 speed= 5.78m/s limit=30km/h
t=  32.1s (  277.28, -954.82) speed= 4.29m/s road1914 s=   2.8 on_road=True
[전이] t=  32.50s road1356 일반 speed= 4.61m/s limit=30km/h
t=  33.1s (  280.92, -951.83) speed= 5.23m/s road1356 s=   3.0 on_road=True
t=  34.1s (  285.17, -948.50) speed= 4.10m/s road1356 s=   8.4 on_road=True
t=  35.1s (  289.11, -945.89) speed= 5.20m/s road1356 s=  13.0 on_road=True
t=  36.1s (  293.68, -943.13) speed= 4.12m/s road1356 s=  18.2 on_road=True
t=  37.1s (  297.90, -940.70) speed= 5.28m/s road1356 s=  23.1 on_road=True
t=  38.1s (  302.55, -938.08) speed= 4.09m/s road1356 s=  28.4 on_road=True
t=  39.1s (  306.63, -935.39) speed= 5.56m/s road1356 s=  33.3 on_road=True
[전이] t=  39.60s road1917 커넥터 speed= 5.36m/s limit=30km/h
t=  40.1s (  310.61, -932.03) speed= 3.85m/s road1917 s=   2.9 on_road=True
[전이] t=  40.10s road1916 커넥터 speed= 3.92m/s limit=30km/h
[전이] t=  40.40s road1355 일반 speed= 4.50m/s limit=30km/h
t=  41.1s (  314.34, -929.08) speed= 5.23m/s road1355 s=   3.9 on_road=True
t=  42.1s (  318.63, -925.84) speed= 4.08m/s road1355 s=   9.3 on_road=True
t=  43.1s (  322.50, -922.99) speed= 5.23m/s road1355 s=  14.1 on_road=True
t=  44.1s (  326.76, -919.86) speed= 4.08m/s road1355 s=  19.4 on_road=True
t=  45.1s (  330.73, -916.97) speed= 5.42m/s road1355 s=  24.3 on_road=True
t=  46.1s (  335.02, -913.85) speed= 4.23m/s road1355 s=  29.6 on_road=True
t=  47.1s (  339.08, -910.90) speed= 5.58m/s road1355 s=  34.6 on_road=True
t=  48.1s (  343.33, -907.82) speed= 4.34m/s road1355 s=  39.9 on_road=True
t=  49.1s (  347.45, -904.84) speed= 5.30m/s road1355 s=  45.0 on_road=True
t=  50.1s (  351.74, -901.74) speed= 4.10m/s road1355 s=  50.3 on_road=True
t=  51.1s (  355.70, -898.88) speed= 5.56m/s road1355 s=  55.1 on_road=True
[전이] t=  51.25s road1447 커넥터 speed= 6.24m/s limit=30km/h
t=  52.1s (  359.96, -895.81) speed= 4.17m/s road1447 s=   4.3 on_road=True
t=  53.1s (  364.02, -892.87) speed= 5.96m/s road1447 s=   9.3 on_road=True
t=  54.1s (  368.20, -889.86) speed= 4.22m/s road1447 s=  14.5 on_road=True
[전이] t=  54.45s road1373 일반 speed= 5.01m/s limit=30km/h
t=  55.1s (  372.32, -886.88) speed= 6.21m/s road1373 s=   3.3 on_road=True
t=  56.1s (  376.45, -883.91) speed= 4.33m/s road1373 s=   8.3 on_road=True
t=  57.1s (  380.62, -880.89) speed= 6.13m/s road1373 s=  13.5 on_road=True
t=  58.1s (  384.82, -877.87) speed= 4.22m/s road1373 s=  18.7 on_road=True
t=  59.1s (  388.94, -874.89) speed= 6.22m/s road1373 s=  23.8 on_road=True
--- 메모리 측정(주행중(차량1대+BasicAgent, 동기 20Hz)) ---
total        used        free      shared  buff/cache   available
Mem:            12Gi       8.7Gi       3.2Gi       142Mi       841Mi       3.6Gi
Swap:          8.0Gi       875Mi       7.1Gi
gtt_used: 1754382336 bytes (1.63GiB)
t=  60.1s (  393.12, -871.88) speed= 4.37m/s road1373 s=  28.9 on_road=True
t=  61.1s (  397.33, -868.84) speed= 6.18m/s road1373 s=  34.1 on_road=True
t=  62.1s (  401.46, -865.86) speed= 4.50m/s road1373 s=  39.2 on_road=True
t=  63.1s (  405.70, -862.80) speed= 6.17m/s road1373 s=  44.4 on_road=True
t=  64.1s (  409.83, -859.82) speed= 4.34m/s road1373 s=  49.5 on_road=True
t=  65.1s (  413.95, -856.84) speed= 5.26m/s road1373 s=  54.6 on_road=True
[전이] t=  66.05s road1673 커넥터 speed= 4.09m/s limit=30km/h
t=  66.1s (  418.39, -853.64) speed= 4.09m/s road1673 s=   0.0 on_road=True
t=  67.1s (  422.28, -850.84) speed= 5.38m/s road1673 s=   4.8 on_road=True
t=  68.1s (  426.63, -847.70) speed= 4.11m/s road1673 s=  10.2 on_road=True
t=  69.1s (  430.58, -844.85) speed= 5.38m/s road1673 s=  15.0 on_road=True
[전이] t=  69.10s road1374 일반 speed= 5.33m/s limit=30km/h
t=  70.1s (  435.04, -841.63) speed= 4.52m/s road1374 s=   5.3 on_road=True
t=  71.1s (  438.94, -838.82) speed= 5.31m/s road1374 s=  10.1 on_road=True
t=  72.1s (  443.44, -835.57) speed= 4.87m/s road1374 s=  15.6 on_road=True
t=  73.1s (  447.31, -832.77) speed= 5.29m/s road1374 s=  20.4 on_road=True
t=  74.1s (  451.80, -829.54) speed= 4.60m/s road1374 s=  25.9 on_road=True
t=  75.1s (  455.61, -826.79) speed= 5.33m/s road1374 s=  30.6 on_road=True
t=  76.1s (  460.10, -823.55) speed= 5.01m/s road1374 s=  36.2 on_road=True
t=  77.1s (  463.91, -820.80) speed= 5.35m/s road1374 s=  40.9 on_road=True
t=  78.1s (  468.42, -817.55) speed= 4.94m/s road1374 s=  46.4 on_road=True
t=  79.1s (  472.19, -814.84) speed= 5.35m/s road1374 s=  51.1 on_road=True
t=  80.1s (  476.70, -811.62) speed= 4.63m/s road1374 s=  56.6 on_road=True
t=  81.1s (  480.53, -808.89) speed= 5.23m/s road1374 s=  61.3 on_road=True
t=  82.1s (  485.01, -805.70) speed= 4.22m/s road1374 s=  66.8 on_road=True
t=  83.1s (  488.88, -802.96) speed= 5.30m/s road1374 s=  71.5 on_road=True
t=  84.1s (  493.32, -799.84) speed= 4.17m/s road1374 s=  77.0 on_road=True
[전이] t=  85.00s road1593 커넥터 speed= 5.30m/s limit=30km/h
t=  85.1s (  497.41, -797.43) speed= 5.23m/s road1593 s=   1.1 on_road=True
[전이] t=  85.55s road1592 커넥터 speed= 5.40m/s limit=30km/h
[전이] t=  85.85s road1590 커넥터 speed= 4.92m/s limit=30km/h
t=  86.1s (  502.49, -796.40) speed= 4.02m/s road1590 s=  10.7 on_road=True
[전이] t=  86.60s road1587 커넥터 speed= 5.07m/s limit=30km/h
[전이] t=  86.95s road1612 커넥터 speed= 5.44m/s limit=30km/h
t=  87.1s (  506.85, -798.27) speed= 5.39m/s road1612 s=  25.6 on_road=True
[전이] t=  87.30s road1588 커넥터 speed= 5.28m/s limit=30km/h
[전이] t=  87.85s road1283 일반 speed= 5.60m/s limit=30km/h
t=  88.1s (  510.60, -802.42) speed= 5.11m/s road1283 s=   1.9 on_road=True
[전이] t=  89.00s road1618 커넥터 speed= 5.26m/s limit=30km/h
t=  89.1s (  513.15, -806.25) speed= 5.18m/s road1618 s=   0.7 on_road=True
[전이] t=  89.30s road1617 커넥터 speed= 5.27m/s limit=30km/h
t=  90.1s (  515.93, -811.04) speed= 4.99m/s road1617 s=   5.3 on_road=True
[전이] t=  90.25s road1614 커넥터 speed= 3.89m/s limit=30km/h
[전이] t=  90.40s road1617 커넥터 speed= 3.94m/s limit=30km/h
t=  91.1s (  518.05, -814.92) speed= 5.24m/s road1617 s=   9.7 on_road=True
t=  92.1s (  520.68, -819.82) speed= 5.07m/s road1617 s=  15.3 on_road=True
[전이] t=  92.10s road1284 일반 speed= 5.07m/s limit=30km/h
t=  93.1s (  522.83, -823.89) speed= 5.29m/s road1284 s=   4.4 on_road=True
t=  94.1s (  525.53, -828.79) speed= 5.00m/s road1284 s=  10.0 on_road=True
t=  95.1s (  527.86, -832.84) speed= 5.21m/s road1284 s=  14.7 on_road=True
t=  96.1s (  530.79, -837.63) speed= 5.06m/s road1284 s=  20.4 on_road=True
t=  97.1s (  533.28, -841.49) speed= 5.30m/s road1284 s=  25.1 on_road=True
t=  98.1s (  536.34, -846.11) speed= 4.94m/s road1284 s=  30.6 on_road=True
[전이] t=  98.35s road1606 커넥터 speed= 4.15m/s limit=30km/h
t=  99.1s (  538.94, -849.94) speed= 5.25m/s road1606 s=   3.4 on_road=True
t= 100.1s (  542.18, -854.40) speed= 4.56m/s road1606 s=   9.0 on_road=True
t= 101.1s (  545.00, -858.17) speed= 5.36m/s road1606 s=  13.7 on_road=True
[전이] t= 101.30s road1285 일반 speed= 5.83m/s limit=30km/h
t= 102.1s (  548.29, -862.58) speed= 4.42m/s road1285 s=   4.4 on_road=True
t= 103.1s (  551.13, -866.43) speed= 5.31m/s road1285 s=   9.2 on_road=True
t= 104.1s (  554.35, -870.81) speed= 4.12m/s road1285 s=  14.6 on_road=True
t= 105.1s (  557.10, -874.57) speed= 5.30m/s road1285 s=  19.2 on_road=True
t= 106.1s (  560.38, -879.06) speed= 4.69m/s road1285 s=  24.8 on_road=True
t= 107.1s (  563.16, -882.86) speed= 5.24m/s road1285 s=  29.5 on_road=True
t= 108.1s (  566.40, -887.31) speed= 4.22m/s road1285 s=  35.0 on_road=True
t= 109.1s (  569.19, -891.14) speed= 5.30m/s road1285 s=  39.7 on_road=True
t= 110.1s (  572.45, -895.56) speed= 4.34m/s road1285 s=  45.2 on_road=True
t= 111.1s (  575.34, -899.41) speed= 5.26m/s road1285 s=  50.1 on_road=True
t= 112.1s (  578.62, -903.70) speed= 4.08m/s road1285 s=  55.4 on_road=True
t= 113.1s (  581.61, -907.50) speed= 5.26m/s road1285 s=  60.3 on_road=True
t= 114.1s (  584.91, -911.65) speed= 4.08m/s road1285 s=  65.6 on_road=True
t= 115.1s (  588.00, -915.42) speed= 5.47m/s road1285 s=  70.5 on_road=True
[전이] t= 115.40s road1599 커넥터 speed= 5.81m/s limit=30km/h
[전이] t= 115.50s road1285 일반 speed= 5.40m/s limit=30km/h
[전이] t= 115.60s road1597 커넥터 speed= 5.11m/s limit=30km/h
t= 116.1s (  591.68, -919.13) speed= 4.16m/s road1597 s=   2.4 on_road=True
t= 117.1s (  595.80, -921.85) speed= 5.99m/s road1597 s=   8.3 on_road=True
t= 118.1s (  600.38, -924.25) speed= 4.26m/s road1597 s=  13.6 on_road=True
[전이] t= 118.90s road1601 커넥터 speed= 5.29m/s limit=30km/h
[전이] t= 119.00s road1286 일반 speed= 6.10m/s limit=30km/h
[전이] t= 119.05s road1596 커넥터 speed= 6.24m/s limit=30km/h
t= 119.1s (  604.93, -926.54) speed= 6.24m/s road1596 s=   9.5 on_road=True
[전이] t= 119.10s road1286 일반 speed= 6.36m/s limit=30km/h
t= 120.1s (  609.48, -927.95) speed= 3.88m/s road1286 s=   5.5 on_road=True
t= 121.1s (  614.23, -926.98) speed= 6.16m/s road1286 s=  14.4 on_road=True
[전이] t= 121.10s road1839 커넥터 speed= 6.18m/s limit=30km/h
[전이] t= 121.60s road1833 커넥터 speed= 5.03m/s limit=30km/h
t= 122.1s (  619.19, -927.69) speed= 4.47m/s road1833 s=   4.7 on_road=True
[전이] t= 122.10s road1838 커넥터 speed= 4.57m/s limit=30km/h
[전이] t= 122.60s road1834 커넥터 speed= 5.17m/s limit=30km/h
[전이] t= 123.05s road1327 일반 speed= 6.35m/s limit=30km/h
t= 123.1s (  624.21, -929.47) speed= 6.35m/s road1327 s=   0.6 on_road=True
t= 124.1s (  628.65, -931.43) speed= 4.51m/s road1327 s=   5.5 on_road=True
t= 125.1s (  633.39, -933.90) speed= 6.06m/s road1327 s=  10.9 on_road=True
t= 126.1s (  637.37, -936.49) speed= 4.59m/s road1327 s=  15.4 on_road=True
t= 127.1s (  641.67, -939.73) speed= 5.89m/s road1327 s=  20.7 on_road=True
t= 128.1s (  645.22, -942.88) speed= 4.77m/s road1327 s=  25.4 on_road=True
t= 129.1s (  649.03, -946.91) speed= 5.76m/s road1327 s=  30.8 on_road=True
t= 130.1s (  651.96, -950.49) speed= 4.80m/s road1327 s=  35.3 on_road=True
t= 131.1s (  655.11, -954.98) speed= 5.53m/s road1327 s=  40.7 on_road=True
t= 132.1s (  657.54, -958.95) speed= 4.97m/s road1327 s=  45.3 on_road=True
t= 133.1s (  660.03, -963.96) speed= 5.37m/s road1327 s=  50.8 on_road=True
t= 134.1s (  661.70, -968.22) speed= 5.00m/s road1327 s=  55.1 on_road=True
t= 135.1s (  663.51, -973.42) speed= 5.21m/s road1327 s=  60.6 on_road=True
t= 136.1s (  664.98, -977.84) speed= 5.18m/s road1327 s=  65.3 on_road=True
[계획 소진] t=136.45s 완주 전에 계획 웨이포인트가 모두 소진됨(이후 제동, 정체 조건으로 판정)
완주: t=136.8s 종점까지 0.90m

=== 요약 ===
route: middle (종점 road1327 s=70.0)
결과: 완주
주행 시간(시뮬): 136.8s
계획 이탈 기록: t=31.45s road1915 는 계획의 현재/다음 road 가 아님(비치명, 계속 주행)

=== 계획 vs 실제 road 시퀀스 ===
 0 계획 1247  실제 1247 
 1 계획 1914  실제 1915   <-- 불일치
 2 계획 1356  실제 1247   <-- 불일치
 3 계획 1917  실제 1914   <-- 불일치
 4 계획 1355  실제 1356   <-- 불일치
 5 계획 1447  실제 1917   <-- 불일치
 6 계획 1373  실제 1916   <-- 불일치
 7 계획 1673  실제 1355   <-- 불일치
 8 계획 1374  실제 1447   <-- 불일치
 9 계획 1592  실제 1373   <-- 불일치
10 계획 1283  실제 1673   <-- 불일치
11 계획 1617  실제 1374   <-- 불일치
12 계획 1284  실제 1593   <-- 불일치
13 계획 1606  실제 1592   <-- 불일치
14 계획 1285  실제 1590   <-- 불일치
15 계획 1597  실제 1587   <-- 불일치
16 계획 1286  실제 1612   <-- 불일치
17 계획 1838  실제 1588   <-- 불일치
18 계획 1327  실제 1283   <-- 불일치
19 계획 -     실제 1618   <-- 불일치
20 계획 -     실제 1617   <-- 불일치
21 계획 -     실제 1614   <-- 불일치
22 계획 -     실제 1617   <-- 불일치
23 계획 -     실제 1284   <-- 불일치
24 계획 -     실제 1606   <-- 불일치
25 계획 -     실제 1285   <-- 불일치
26 계획 -     실제 1599   <-- 불일치
27 계획 -     실제 1285   <-- 불일치
28 계획 -     실제 1597   <-- 불일치
29 계획 -     실제 1601   <-- 불일치
30 계획 -     실제 1286   <-- 불일치
31 계획 -     실제 1596   <-- 불일치
32 계획 -     실제 1286   <-- 불일치
33 계획 -     실제 1839   <-- 불일치
34 계획 -     실제 1833   <-- 불일치
35 계획 -     실제 1838   <-- 불일치
36 계획 -     실제 1834   <-- 불일치
37 계획 -     실제 1327   <-- 불일치
첫 불일치 위치: 1번째 (계획 1914 / 실제 1915)
junction 통과(커넥터 road 를 실제로 밟았는지):
junction1   (r1914): 통과
junction107 (r1917): 통과
junction42  (r1447): 통과
junction58  (r1673): 통과
junction44  (r1592): 통과
junction43  (r1617): 통과
junction45  (r1606): 통과
junction46  (r1597): 통과
junction48  (r1838): 통과
junction2(출발 전), junction35(종점 밖)는 통과 대상 아님

=== 급회전 커넥터 이탈량 (정의: sharp_offset docstring) ===
r1592 (-97.2°): tick 52, 최대|lat| 1.97m, 최대 차체초과 +1.21m(안쪽, s=10.0), on_road False 0tick, 충돌 0건
r1838 (-71.4°): tick 33, 최대|lat| 1.62m, 최대 차체초과 +0.81m(안쪽, s=2.5), on_road False 0tick, 충돌 0건
r1592 진입: t=85.55s speed=5.40m/s(19.4km/h)
r1838 진입: t=122.10s speed=4.57m/s(16.4km/h)

=== 차체 판정 road 별 (tick 수, 최대 차선밖 꼭짓점) ===
road1247: 인도 23tick, 차선밖꼭짓점 최대 1/4 (1개 이상 25tick), 반대차선(중심) 0tick, (계획 차선 안 0tick), 꼭짓점 침범깊이 최대 0.17m, 메시밖 0tick
road1356: 인도 1tick, 차선밖꼭짓점 최대 1/4 (1개 이상 1tick), 반대차선(중심) 0tick, (계획 차선 안 0tick), 꼭짓점 침범깊이 최대 0.00m, 메시밖 0tick
road1917: 인도 3tick, 차선밖꼭짓점 최대 1/4 (1개 이상 3tick), 반대차선(중심) 0tick, (계획 차선 안 0tick), 꼭짓점 침범깊이 최대 0.00m, 메시밖 0tick
road1447: 인도 0tick, 차선밖꼭짓점 최대 0/4 (1개 이상 0tick), 반대차선(중심) 0tick, (계획 차선 안 0tick), 꼭짓점 침범깊이 최대 2.13m, 메시밖 0tick
road1673: 인도 0tick, 차선밖꼭짓점 최대 0/4 (1개 이상 0tick), 반대차선(중심) 0tick, (계획 차선 안 0tick), 꼭짓점 침범깊이 최대 1.66m, 메시밖 0tick
road1593: 인도 0tick, 차선밖꼭짓점 최대 0/4 (1개 이상 0tick), 반대차선(중심) 0tick, (계획 차선 안 0tick), 꼭짓점 침범깊이 최대 1.02m, 메시밖 0tick
road1592: 인도 0tick, 차선밖꼭짓점 최대 0/4 (1개 이상 0tick), 반대차선(중심) 0tick, (계획 차선 안 0tick), 꼭짓점 침범깊이 최대 1.85m, 메시밖 0tick
road1590: 인도 0tick, 차선밖꼭짓점 최대 0/4 (1개 이상 0tick), 반대차선(중심) 10tick, (계획 차선 안 7tick), 꼭짓점 침범깊이 최대 2.63m, 메시밖 0tick
road1587: 인도 0tick, 차선밖꼭짓점 최대 0/4 (1개 이상 0tick), 반대차선(중심) 0tick, (계획 차선 안 0tick), 꼭짓점 침범깊이 최대 1.48m, 메시밖 0tick
road1612: 인도 0tick, 차선밖꼭짓점 최대 0/4 (1개 이상 0tick), 반대차선(중심) 7tick, (계획 차선 안 0tick), 꼭짓점 침범깊이 최대 2.12m, 메시밖 0tick
road1588: 인도 0tick, 차선밖꼭짓점 최대 0/4 (1개 이상 0tick), 반대차선(중심) 0tick, (계획 차선 안 0tick), 꼭짓점 침범깊이 최대 2.06m, 메시밖 0tick
road1283: 인도 0tick, 차선밖꼭짓점 최대 0/4 (1개 이상 0tick), 반대차선(중심) 0tick, (계획 차선 안 0tick), 꼭짓점 침범깊이 최대 1.04m, 메시밖 0tick
road1617: 인도 0tick, 차선밖꼭짓점 최대 0/4 (1개 이상 0tick), 반대차선(중심) 0tick, (계획 차선 안 0tick), 꼭짓점 침범깊이 최대 1.38m, 메시밖 0tick
road1614: 인도 0tick, 차선밖꼭짓점 최대 0/4 (1개 이상 0tick), 반대차선(중심) 0tick, (계획 차선 안 0tick), 꼭짓점 침범깊이 최대 0.97m, 메시밖 0tick
road1597: 인도 11tick, 차선밖꼭짓점 최대 1/4 (1개 이상 12tick), 반대차선(중심) 0tick, (계획 차선 안 0tick), 꼭짓점 침범깊이 최대 0.00m, 메시밖 0tick
road1286: 인도 13tick, 차선밖꼭짓점 최대 2/4 (1개 이상 15tick), 반대차선(중심) 0tick, (계획 차선 안 0tick), 꼭짓점 침범깊이 최대 0.38m, 메시밖 0tick
road1839: 인도 0tick, 차선밖꼭짓점 최대 1/4 (1개 이상 2tick), 반대차선(중심) 0tick, (계획 차선 안 0tick), 꼭짓점 침범깊이 최대 0.99m, 메시밖 0tick
road1833: 인도 0tick, 차선밖꼭짓점 최대 0/4 (1개 이상 0tick), 반대차선(중심) 2tick, (계획 차선 안 2tick), 꼭짓점 침범깊이 최대 0.95m, 메시밖 0tick
road1838: 인도 0tick, 차선밖꼭짓점 최대 0/4 (1개 이상 0tick), 반대차선(중심) 0tick, (계획 차선 안 0tick), 꼭짓점 침범깊이 최대 2.11m, 메시밖 0tick
road1834: 인도 0tick, 차선밖꼭짓점 최대 0/4 (1개 이상 0tick), 반대차선(중심) 0tick, (계획 차선 안 0tick), 꼭짓점 침범깊이 최대 0.77m, 메시밖 0tick
(목록에 없는 road 는 전부 0)

=== 차선 이탈 구간 (차체 기준, 계획 중심선 기준, 세션19) ===
t=19.90~20.90s road1247 -중앙선 쪽 최대 lat -0.94m 차체초과 0.16m 중심초과 0.00m 21tick, 진입 16.7km/h, road 평균R 173.65 R2min 10.28
t=39.45~39.60s road1356 +인도 쪽 최대 lat +0.92m 차체초과 0.14m 중심초과 0.00m 4tick, 진입 21.0km/h, road 평균R 209.60 R2min 13.11
t=85.40~88.30s road1592 -중앙선 쪽 최대 lat -1.97m 차체초과 1.19m 중심초과 0.29m 59tick, 진입 21.4km/h, road 평균R 7.82 R2min 5.02
t=116.55~117.15s road1597 +인도 쪽 최대 lat +0.87m 차체초과 0.09m 중심초과 0.00m 13tick, 진입 18.3km/h, road 평균R 43.91 R2min 12.45
t=120.05~120.75s road1286 +인도 쪽 최대 lat +1.62m 차체초과 0.84m 중심초과 0.00m 15tick, 진입 14.0km/h, road 평균R 10.33 R2min 1.29
t=121.15~122.60s road1838 -중앙선 쪽 최대 lat -1.62m 차체초과 0.84m 중심초과 0.00m 30tick, 진입 22.0km/h, road 평균R 5.73 R2min 1.50
합계 6구간 (중앙선 쪽 3, 인도 쪽 3), 최대 차체초과 1.19m
충돌 누적 0건
판정: record
follow=on
궤적 로그: /home/gyumin/campus_mobility_sim/map/docs/logs/drive_log_20261002_012601.csv
충돌 센서(actor_id=26) 제거함
정상 종료 - 차량(actor_id=25) 브레이크 유지로 남겨둠
[동기모드] 복귀: synchronous_mode=False fixed_delta_seconds=None
