map_sha256=bf835cdfad0cea65 (cbnu_internal_only_localtm_tags73_smooth.xodr)
route=north: 17 road [1247, 1914, 1356, 1917, 1355, 1447, 1373, 1673, 1374, 1591, 1375, 1689, 1376, 1625, 1377, 1640, 1378]
  종점 road1378 lane-1 s=78.0 (완주 s>=77.0 이고 종점 5m 이내) - 도서관 북문(구관 북동 면 중점 46.1m)
  커넥터 {1914: 1, 1917: 107, 1447: 42, 1673: 58, 1591: 44, 1689: 59, 1625: 47, 1640: 51}, 급회전 없음
controller=agent, 동기모드=켬 0.05s
conn_spacing=4.0m(전 구간), sharp_speed=없음
follow=on(뒤 8m, 위 4m, 매 tick)
measure_stop=on (판정 뒤 제동 유지, 속도<0.1m/s 또는 15s 까지)
맵: Carla/Maps/OpenDriveMap, spawn point 1243개
server_map_sha256=bf835cdfad0cea65 (파일과 일치)
spawn: Location(x=217.845581, y=-1087.414185, z=0.500000) road1247 lane-1 s=0.00
계획 CSV: /home/gyumin/campus_mobility_sim/map/docs/logs/drive_plan_20261002_013252.csv
계획 웨이포인트 총 165개
road   kind  n  s범위          최대간격(m)
1247   road  39 1.96~151.01  4.38
1914   conn  2  1.07~3.22  2.93
1356   road  10 1.85~35.20  4.0
1917   conn  1  1.48~1.48  2.07
1355   road  15 1.87~54.20  4.13
1447   conn  5  1.63~14.67  3.5
1373   road  16 1.88~58.17  3.75
1673   conn  4  1.91~13.39  3.83
1374   road  21 1.95~79.75  3.9
1591   conn  4  1.93~13.48  3.87
1375   road  2  1.01~3.02  2.93
1689   conn  4  1.92~13.41  3.83
1376   road  4  1.88~13.18  3.8
1625   conn  4  1.91~13.39  3.83
1377   road  10 1.89~35.86  3.8
1640   conn  4  1.91~13.39  3.83
1378   road  20 1.95~76.05  3.9
커넥터 안쪽 점: 28개 / 점 없는 커넥터: 없음
전체 최대 간격 4.38m, 평균 3.78m
인접 road 연결 확인: 16쌍 모두 next() 로 이어짐
판정: record(세션19, 종료/기록 분리)
궤적 로그(tick마다 기록): /home/gyumin/campus_mobility_sim/map/docs/logs/drive_log_20261002_013252.csv
차량 스폰: actor_id=67
bounding box: half_length=1.853m half_width=0.894m half_height=0.775m -> /home/gyumin/campus_mobility_sim/map/docs/logs/vehicle_bbox_20261002_013252.txt
충돌 센서 부착: actor_id=68 -> /home/gyumin/campus_mobility_sim/map/docs/logs/collision_events_20261002_013252.csv
BasicAgent set_global_plan 165점, target_speed=20.0km/h, dt=0.05
[동기모드] 전환 전: synchronous_mode=False fixed_delta_seconds=None
[동기모드] 전환 후: synchronous_mode=True fixed_delta_seconds=0.05
[전이] t=   0.05s road1247 일반 speed= 0.04m/s limit=30km/h
t=   0.1s (  217.85,-1087.41) speed= 0.04m/s road1247 s=   0.0 on_road=True
t=   1.1s (  217.86,-1087.09) speed= 1.58m/s road1247 s=   0.3 on_road=True
t=   2.1s (  217.99,-1084.35) speed= 3.86m/s road1247 s=   3.1 on_road=True
t=   3.1s (  218.23,-1079.52) speed= 5.40m/s road1247 s=   7.9 on_road=True
t=   4.1s (  218.49,-1074.15) speed= 4.10m/s road1247 s=  13.3 on_road=True
t=   5.1s (  218.73,-1069.30) speed= 5.31m/s road1247 s=  18.1 on_road=True
t=   6.1s (  218.99,-1063.95) speed= 4.19m/s road1247 s=  23.5 on_road=True
t=   7.1s (  219.23,-1058.99) speed= 5.35m/s road1247 s=  28.5 on_road=True
t=   8.1s (  219.50,-1053.51) speed= 4.21m/s road1247 s=  33.9 on_road=True
t=   9.1s (  219.73,-1048.79) speed= 5.38m/s road1247 s=  38.7 on_road=True
[tick 대조] fixed_delta=0.05 delta_seconds=0.0500 시뮬경과/프레임=0.0500s 벽시계 164.9 tick/s (프레임 200)
t=  10.1s (  220.01,-1043.31) speed= 4.26m/s road1247 s=  44.2 on_road=True
t=  11.1s (  220.30,-1038.61) speed= 5.33m/s road1247 s=  48.9 on_road=True
t=  12.1s (  220.70,-1033.16) speed= 4.14m/s road1247 s=  54.3 on_road=True
t=  13.1s (  221.12,-1028.44) speed= 5.35m/s road1247 s=  59.0 on_road=True
t=  14.1s (  221.67,-1023.01) speed= 4.12m/s road1247 s=  64.5 on_road=True
t=  15.1s (  222.17,-1018.28) speed= 5.21m/s road1247 s=  69.2 on_road=True
t=  16.1s (  222.84,-1012.98) speed= 4.05m/s road1247 s=  74.6 on_road=True
t=  17.1s (  223.87,-1008.26) speed= 5.30m/s road1247 s=  79.3 on_road=True
t=  18.1s (  225.57,-1003.13) speed= 4.08m/s road1247 s=  84.4 on_road=True
t=  19.1s (  227.38, -998.69) speed= 5.19m/s road1247 s=  89.2 on_road=True
t=  20.1s (  230.08, -994.18) speed= 4.26m/s road1247 s=  94.4 on_road=True
t=  21.1s (  233.39, -990.40) speed= 6.18m/s road1247 s=  99.1 on_road=True
t=  22.1s (  237.10, -986.96) speed= 4.31m/s road1247 s= 104.1 on_road=True
t=  23.1s (  241.04, -983.60) speed= 6.25m/s road1247 s= 109.3 on_road=True
t=  24.1s (  244.86, -980.46) speed= 4.39m/s road1247 s= 114.2 on_road=True
t=  25.1s (  248.94, -977.16) speed= 6.22m/s road1247 s= 119.5 on_road=True
t=  26.1s (  252.76, -974.09) speed= 4.53m/s road1247 s= 124.4 on_road=True
t=  27.1s (  256.98, -970.74) speed= 6.36m/s road1247 s= 129.8 on_road=True
t=  28.1s (  260.82, -967.72) speed= 4.51m/s road1247 s= 134.6 on_road=True
t=  29.1s (  265.06, -964.43) speed= 6.09m/s road1247 s= 140.0 on_road=True
t=  30.1s (  268.86, -961.52) speed= 4.60m/s road1247 s= 144.8 on_road=True
t=  31.1s (  273.13, -958.22) speed= 5.91m/s road1247 s= 150.2 on_road=True
[전이] t=  31.45s road1915 커넥터 speed= 4.86m/s limit=30km/h
[계획 이탈] t=31.45s road1915 는 계획의 현재/다음 road 가 아님(비치명, 계속 주행)
[전이] t=  31.55s road1247 일반 speed= 4.26m/s limit=30km/h
[전이] t=  31.65s road1914 커넥터 speed= 4.11m/s limit=30km/h
t=  32.1s (  276.79, -955.22) speed= 4.75m/s road1914 s=   2.1 on_road=True
[전이] t=  32.55s road1356 일반 speed= 5.37m/s limit=30km/h
t=  33.1s (  281.03, -951.73) speed= 6.11m/s road1356 s=   3.2 on_road=True
t=  34.1s (  284.85, -948.75) speed= 4.78m/s road1356 s=   8.0 on_road=True
t=  35.1s (  289.43, -945.70) speed= 5.73m/s road1356 s=  13.3 on_road=True
t=  36.1s (  293.42, -943.29) speed= 4.86m/s road1356 s=  17.9 on_road=True
t=  37.1s (  298.24, -940.51) speed= 5.69m/s road1356 s=  23.5 on_road=True
t=  38.1s (  302.33, -938.20) speed= 4.96m/s road1356 s=  28.2 on_road=True
t=  39.1s (  306.98, -935.05) speed= 5.55m/s road1356 s=  33.8 on_road=True
[전이] t=  39.55s road1917 커넥터 speed= 4.26m/s limit=30km/h
t=  40.1s (  310.55, -932.03) speed= 4.88m/s road1917 s=   2.9 on_road=True
[전이] t=  40.15s road1916 커넥터 speed= 5.08m/s limit=30km/h
[전이] t=  40.35s road1355 일반 speed= 5.12m/s limit=30km/h
t=  41.1s (  314.91, -928.63) speed= 5.33m/s road1355 s=   4.7 on_road=True
t=  42.1s (  318.57, -925.88) speed= 5.00m/s road1355 s=   9.2 on_road=True
t=  43.1s (  323.04, -922.58) speed= 5.23m/s road1355 s=  14.8 on_road=True
t=  44.1s (  326.78, -919.84) speed= 5.15m/s road1355 s=  19.4 on_road=True
t=  45.1s (  331.29, -916.56) speed= 5.15m/s road1355 s=  25.0 on_road=True
t=  46.1s (  335.02, -913.85) speed= 5.27m/s road1355 s=  29.6 on_road=True
t=  47.1s (  339.55, -910.56) speed= 5.14m/s road1355 s=  35.2 on_road=True
t=  48.1s (  343.37, -907.79) speed= 5.39m/s road1355 s=  39.9 on_road=True
t=  49.1s (  347.91, -904.51) speed= 5.11m/s road1355 s=  45.5 on_road=True
t=  50.1s (  351.74, -901.74) speed= 5.31m/s road1355 s=  50.3 on_road=True
t=  51.1s (  356.29, -898.45) speed= 5.14m/s road1355 s=  55.9 on_road=True
[전이] t=  51.10s road1448 커넥터 speed= 4.73m/s limit=30km/h
[전이] t=  51.15s road1447 커넥터 speed= 4.39m/s limit=30km/h
t=  52.1s (  360.03, -895.75) speed= 5.41m/s road1447 s=   4.4 on_road=True
t=  53.1s (  364.58, -892.47) speed= 5.04m/s road1447 s=  10.0 on_road=True
t=  54.1s (  368.32, -889.77) speed= 5.35m/s road1447 s=  14.6 on_road=True
[전이] t=  54.40s road1373 일반 speed= 5.44m/s limit=30km/h
t=  55.1s (  372.85, -886.50) speed= 5.09m/s road1373 s=   3.9 on_road=True
t=  56.1s (  376.63, -883.77) speed= 5.37m/s road1373 s=   8.6 on_road=True
t=  57.1s (  381.16, -880.51) speed= 5.09m/s road1373 s=  14.2 on_road=True
t=  58.1s (  385.00, -877.74) speed= 5.43m/s road1373 s=  18.9 on_road=True
t=  59.1s (  389.53, -874.47) speed= 5.35m/s road1373 s=  24.5 on_road=True
--- 메모리 측정(주행중(차량1대+BasicAgent, 동기 20Hz)) ---
total        used        free      shared  buff/cache   available
Mem:            12Gi       8.7Gi       3.1Gi        99Mi       905Mi       3.6Gi
Swap:          8.0Gi       842Mi       7.2Gi
gtt_used: 1714810880 bytes (1.60GiB)
t=  60.1s (  393.27, -871.77) speed= 5.01m/s road1373 s=  29.1 on_road=True
t=  61.1s (  397.81, -868.49) speed= 5.25m/s road1373 s=  34.7 on_road=True
t=  62.1s (  401.56, -865.79) speed= 5.11m/s road1373 s=  39.3 on_road=True
t=  63.1s (  406.10, -862.51) speed= 5.17m/s road1373 s=  44.9 on_road=True
t=  64.1s (  409.87, -859.79) speed= 5.21m/s road1373 s=  49.6 on_road=True
t=  65.1s (  414.41, -856.52) speed= 5.02m/s road1373 s=  55.2 on_road=True
t=  66.1s (  418.17, -853.80) speed= 5.30m/s road1373 s=  59.8 on_road=True
[전이] t=  66.10s road1673 커넥터 speed= 5.45m/s limit=30km/h
t=  67.1s (  422.74, -850.51) speed= 5.20m/s road1673 s=   5.4 on_road=True
[전이] t=  67.55s road1670 커넥터 speed= 4.24m/s limit=30km/h
[전이] t=  67.60s road1673 커넥터 speed= 4.32m/s limit=30km/h
t=  68.1s (  426.52, -847.78) speed= 5.17m/s road1673 s=  10.0 on_road=True
[전이] t=  69.00s road1374 일반 speed= 5.26m/s limit=30km/h
t=  69.1s (  431.08, -844.49) speed= 5.06m/s road1374 s=   0.4 on_road=True
t=  70.1s (  434.83, -841.78) speed= 5.26m/s road1374 s=   5.0 on_road=True
t=  71.1s (  439.35, -838.52) speed= 5.04m/s road1374 s=  10.6 on_road=True
t=  72.1s (  443.09, -835.82) speed= 5.35m/s road1374 s=  15.2 on_road=True
t=  73.1s (  447.62, -832.56) speed= 5.10m/s road1374 s=  20.8 on_road=True
t=  74.1s (  451.39, -829.83) speed= 5.38m/s road1374 s=  25.4 on_road=True
t=  75.1s (  455.92, -826.57) speed= 5.08m/s road1374 s=  31.0 on_road=True
t=  76.1s (  459.74, -823.80) speed= 5.33m/s road1374 s=  35.7 on_road=True
t=  77.1s (  464.11, -820.65) speed= 5.91m/s road1374 s=  41.1 on_road=True
t=  78.1s (  468.31, -817.63) speed= 4.23m/s road1374 s=  46.3 on_road=True
t=  79.1s (  472.43, -814.67) speed= 6.23m/s road1374 s=  51.3 on_road=True
t=  80.1s (  476.56, -811.72) speed= 4.32m/s road1374 s=  56.4 on_road=True
t=  81.1s (  480.79, -808.70) speed= 6.26m/s road1374 s=  61.6 on_road=True
t=  82.1s (  484.85, -805.81) speed= 4.40m/s road1374 s=  66.6 on_road=True
t=  83.1s (  489.06, -802.83) speed= 5.68m/s road1374 s=  71.8 on_road=True
t=  84.1s (  493.32, -799.80) speed= 4.30m/s road1374 s=  77.0 on_road=True
[전이] t=  85.00s road1591 커넥터 speed= 6.05m/s limit=30km/h
t=  85.1s (  497.51, -796.83) speed= 6.33m/s road1591 s=   0.4 on_road=True
t=  86.1s (  501.65, -793.89) speed= 4.31m/s road1591 s=   5.5 on_road=True
t=  87.1s (  505.82, -790.92) speed= 5.08m/s road1591 s=  10.6 on_road=True
[전이] t=  87.35s road1613 커넥터 speed= 4.99m/s limit=30km/h
[전이] t=  87.40s road1591 커넥터 speed= 5.12m/s limit=30km/h
[전이] t=  87.95s road1375 일반 speed= 5.61m/s limit=30km/h
t=  88.1s (  510.29, -787.74) speed= 5.53m/s road1375 s=   0.7 on_road=True
[전이] t=  88.85s road1688 커넥터 speed= 4.43m/s limit=30km/h
[전이] t=  88.95s road1689 커넥터 speed= 4.66m/s limit=30km/h
t=  89.1s (  513.87, -785.20) speed= 4.87m/s road1689 s=   1.0 on_road=True
t=  90.1s (  518.45, -781.96) speed= 5.67m/s road1689 s=   6.7 on_road=True
t=  91.1s (  522.24, -779.27) speed= 4.93m/s road1689 s=  11.3 on_road=True
[전이] t=  91.80s road1376 일반 speed= 6.36m/s limit=30km/h
t=  92.1s (  526.80, -776.03) speed= 5.52m/s road1376 s=   1.6 on_road=True
t=  93.1s (  530.62, -773.33) speed= 5.00m/s road1376 s=   6.2 on_road=True
t=  94.1s (  535.14, -770.12) speed= 5.99m/s road1376 s=  11.8 on_road=True
[전이] t=  94.75s road1625 커넥터 speed= 4.16m/s limit=30km/h
t=  95.1s (  539.00, -767.38) speed= 4.71m/s road1625 s=   1.5 on_road=True
t=  96.1s (  543.49, -764.20) speed= 5.83m/s road1625 s=   7.0 on_road=True
t=  97.1s (  547.33, -761.47) speed= 4.83m/s road1625 s=  11.7 on_road=True
[전이] t=  97.75s road1377 일반 speed= 6.23m/s limit=30km/h
[전이] t=  97.80s road1624 커넥터 speed= 6.36m/s limit=30km/h
[전이] t=  97.85s road1377 일반 speed= 6.24m/s limit=30km/h
t=  98.1s (  551.86, -758.26) speed= 5.57m/s road1377 s=   1.9 on_road=True
t=  99.1s (  555.65, -755.57) speed= 4.93m/s road1377 s=   6.6 on_road=True
t= 100.1s (  560.21, -752.34) speed= 5.43m/s road1377 s=  12.2 on_road=True
t= 101.1s (  564.04, -749.62) speed= 5.07m/s road1377 s=  16.9 on_road=True
t= 102.1s (  568.61, -746.38) speed= 5.65m/s road1377 s=  22.5 on_road=True
t= 103.1s (  572.42, -743.68) speed= 4.93m/s road1377 s=  27.1 on_road=True
t= 104.1s (  576.96, -740.45) speed= 5.78m/s road1377 s=  32.7 on_road=True
t= 105.1s (  580.79, -737.74) speed= 4.82m/s road1377 s=  37.4 on_road=True
[전이] t= 105.15s road1640 커넥터 speed= 5.02m/s limit=30km/h
t= 106.1s (  585.31, -734.53) speed= 5.61m/s road1640 s=   5.2 on_road=True
t= 107.1s (  589.09, -731.85) speed= 4.91m/s road1640 s=   9.8 on_road=True
[전이] t= 108.05s road1378 일반 speed= 6.01m/s limit=30km/h
t= 108.1s (  593.76, -728.54) speed= 6.01m/s road1378 s=   0.3 on_road=True
t= 109.1s (  597.61, -725.81) speed= 4.90m/s road1378 s=   5.0 on_road=True
t= 110.1s (  602.16, -722.58) speed= 5.53m/s road1378 s=  10.5 on_road=True
t= 111.1s (  605.90, -719.93) speed= 4.93m/s road1378 s=  15.1 on_road=True
t= 112.1s (  610.48, -716.69) speed= 5.52m/s road1378 s=  20.7 on_road=True
t= 113.1s (  614.29, -714.00) speed= 4.99m/s road1378 s=  25.4 on_road=True
t= 114.1s (  618.86, -710.78) speed= 5.77m/s road1378 s=  31.0 on_road=True
t= 115.1s (  622.73, -708.05) speed= 4.92m/s road1378 s=  35.7 on_road=True
t= 116.1s (  627.28, -704.84) speed= 5.35m/s road1378 s=  41.3 on_road=True
t= 117.1s (  631.04, -702.19) speed= 5.01m/s road1378 s=  45.9 on_road=True
t= 118.1s (  635.62, -698.96) speed= 5.27m/s road1378 s=  51.5 on_road=True
t= 119.1s (  639.37, -696.32) speed= 5.06m/s road1378 s=  56.1 on_road=True
t= 120.1s (  643.94, -693.10) speed= 5.36m/s road1378 s=  61.7 on_road=True
t= 121.1s (  647.81, -690.37) speed= 5.23m/s road1378 s=  66.4 on_road=True
t= 122.1s (  652.40, -687.12) speed= 5.36m/s road1378 s=  72.0 on_road=True
[계획 소진] t=122.80s 완주 전에 계획 웨이포인트가 모두 소진됨(이후 제동, 정체 조건으로 판정)
t= 123.1s (  655.93, -684.62) speed= 3.23m/s road1378 s=  76.4 on_road=True
완주: t=123.4s 종점까지 0.92m

=== 요약 ===
route: north (종점 road1378 s=78.0)
결과: 완주
주행 시간(시뮬): 123.4s
계획 이탈 기록: t=31.45s road1915 는 계획의 현재/다음 road 가 아님(비치명, 계속 주행)

=== 계획 vs 실제 road 시퀀스 ===
 0 계획 1247  실제 1247 
 1 계획 1914  실제 1915   <-- 불일치
 2 계획 1356  실제 1247   <-- 불일치
 3 계획 1917  실제 1914   <-- 불일치
 4 계획 1355  실제 1356   <-- 불일치
 5 계획 1447  실제 1917   <-- 불일치
 6 계획 1373  실제 1916   <-- 불일치
 7 계획 1673  실제 1355   <-- 불일치
 8 계획 1374  실제 1448   <-- 불일치
 9 계획 1591  실제 1447   <-- 불일치
10 계획 1375  실제 1373   <-- 불일치
11 계획 1689  실제 1673   <-- 불일치
12 계획 1376  실제 1670   <-- 불일치
13 계획 1625  실제 1673   <-- 불일치
14 계획 1377  실제 1374   <-- 불일치
15 계획 1640  실제 1591   <-- 불일치
16 계획 1378  실제 1613   <-- 불일치
17 계획 -     실제 1591   <-- 불일치
18 계획 -     실제 1375   <-- 불일치
19 계획 -     실제 1688   <-- 불일치
20 계획 -     실제 1689   <-- 불일치
21 계획 -     실제 1376   <-- 불일치
22 계획 -     실제 1625   <-- 불일치
23 계획 -     실제 1377   <-- 불일치
24 계획 -     실제 1624   <-- 불일치
25 계획 -     실제 1377   <-- 불일치
26 계획 -     실제 1640   <-- 불일치
27 계획 -     실제 1378   <-- 불일치
첫 불일치 위치: 1번째 (계획 1914 / 실제 1915)
junction 통과(커넥터 road 를 실제로 밟았는지):
junction1   (r1914): 통과
junction107 (r1917): 통과
junction42  (r1447): 통과
junction58  (r1673): 통과
junction44  (r1591): 통과
junction59  (r1689): 통과
junction47  (r1625): 통과
junction51  (r1640): 통과
junction2(출발 전), junction35(종점 밖)는 통과 대상 아님

=== 급회전 커넥터 이탈량 (정의: sharp_offset docstring) ===

=== 차체 판정 road 별 (tick 수, 최대 차선밖 꼭짓점) ===
road1247: 인도 22tick, 차선밖꼭짓점 최대 1/4 (1개 이상 26tick), 반대차선(중심) 0tick, (계획 차선 안 0tick), 꼭짓점 침범깊이 최대 0.17m, 메시밖 0tick
road1356: 인도 2tick, 차선밖꼭짓점 최대 1/4 (1개 이상 2tick), 반대차선(중심) 0tick, (계획 차선 안 0tick), 꼭짓점 침범깊이 최대 0.00m, 메시밖 0tick
road1917: 인도 4tick, 차선밖꼭짓점 최대 1/4 (1개 이상 4tick), 반대차선(중심) 0tick, (계획 차선 안 0tick), 꼭짓점 침범깊이 최대 0.00m, 메시밖 0tick
road1447: 인도 0tick, 차선밖꼭짓점 최대 0/4 (1개 이상 0tick), 반대차선(중심) 0tick, (계획 차선 안 0tick), 꼭짓점 침범깊이 최대 2.05m, 메시밖 0tick
road1673: 인도 0tick, 차선밖꼭짓점 최대 0/4 (1개 이상 0tick), 반대차선(중심) 0tick, (계획 차선 안 0tick), 꼭짓점 침범깊이 최대 1.66m, 메시밖 0tick
road1670: 인도 0tick, 차선밖꼭짓점 최대 0/4 (1개 이상 0tick), 반대차선(중심) 0tick, (계획 차선 안 0tick), 꼭짓점 침범깊이 최대 0.91m, 메시밖 0tick
road1689: 인도 0tick, 차선밖꼭짓점 최대 0/4 (1개 이상 0tick), 반대차선(중심) 0tick, (계획 차선 안 0tick), 꼭짓점 침범깊이 최대 1.66m, 메시밖 0tick
(목록에 없는 road 는 전부 0)

=== 차선 이탈 구간 (차체 기준, 계획 중심선 기준, 세션19) ===
t=19.95~20.90s road1247 -중앙선 쪽 최대 lat -0.95m 차체초과 0.17m 중심초과 0.00m 20tick, 진입 15.2km/h, road 평균R 173.65 R2min 10.28
t=39.40~39.60s road1917 +인도 쪽 최대 lat +0.96m 차체초과 0.18m 중심초과 0.00m 5tick, 진입 17.6km/h, road 평균R inf R2min inf
합계 2구간 (중앙선 쪽 1, 인도 쪽 1), 최대 차체초과 0.18m
충돌 누적 0건
판정: record
follow=on

=== 실제 정지 위치 (세션20 --measure-stop) ===
판정 시점: t=123.35s 위치(656.51,-684.21) 속도 1.57m/s(5.7km/h) 정차점까지 0.92m (종방향 -0.92m)
정지: 완료 t=123.45s, 판정부터 0.10s(2tick) 0.08m, 최종 속도 0.021m/s
최종 정지 위치 오차: 0.84m (종방향 -0.84m +=지나침, 횡방향 -0.00m +=인도 쪽)
판정~정지 평균 감속도 15.72m/s^2 (판정 tick 에 제동 명령)
궤적 로그: /home/gyumin/campus_mobility_sim/map/docs/logs/drive_log_20261002_013252.csv
충돌 센서(actor_id=68) 제거함
정상 종료 - 차량(actor_id=67) 브레이크 유지로 남겨둠
[동기모드] 복귀: synchronous_mode=False fixed_delta_seconds=None
