map_sha256=bf835cdfad0cea65 (cbnu_internal_only_localtm_tags73_smooth.xodr)
route=uturn: 17 road [1247, 1914, 1356, 1917, 1355, 1446, 1172, 1428, 1240, 1695, 1239, 1426, 1238, 1564, 1278, 1565, 1151]
  종점 road1151 lane-1 s=30.0 (완주 s>=29.0 이고 종점 5m 이내) - 시험용(회차 r1565 통과 후 r1151 s=30)
  커넥터 {1914: 1, 1917: 107, 1446: 42, 1428: 10, 1695: 60, 1426: 84, 1564: 36, 1565: 35}, 급회전 {1446: 78.6, 1428: -68.5, 1564: -82.2, 1565: -126.8}
controller=agent, 동기모드=켬 0.05s
conn_spacing=4.0m(전 구간), sharp_speed=8.0km/h
follow=on(뒤 8m, 위 4m, 매 tick)
맵: Carla/Maps/OpenDriveMap, spawn point 1243개
server_map_sha256=bf835cdfad0cea65 (파일과 일치)
기존 차량 액터 제거: [25]
spawn: Location(x=217.845581, y=-1087.414185, z=0.500000) road1247 lane-1 s=0.00
계획 CSV: /home/gyumin/campus_mobility_sim/map/docs/logs/drive_plan_20261003_232728.csv
계획 웨이포인트 총 224개
road   kind  n  s범위          최대간격(m)
1247   road  39 1.96~151.01  4.38
1914   conn  2  1.07~3.22  2.93
1356   road  10 1.85~35.20  4.0
1917   conn  1  1.48~1.48  2.07
1355   road  15 1.87~54.20  4.13
1446   conn  4  1.74~12.17  3.33
1172   road  30 1.98~117.07  3.97
1428   conn  4  1.78~12.46  4.3
1240   road  38 1.97~147.53  4.09
1695   conn  4  1.89~13.23  3.86
1239   road  13 1.95~48.68  4.06
1426   conn  5  1.74~15.69  3.7
1238   road  9  1.91~32.45  3.82
1564   conn  4  1.62~11.34  3.99
1278   road  35 1.97~136.07  3.95
1565   conn  3  1.65~8.24  2.54
1151   road  8  1.88~28.12  3.75
커넥터 안쪽 점: 27개 / 점 없는 커넥터: 없음
전체 최대 간격 4.38m, 평균 3.82m
인접 road 연결 확인: 16쌍 모두 next() 로 이어짐
판정: record(세션19, 종료/기록 분리)
궤적 로그(tick마다 기록): /home/gyumin/campus_mobility_sim/map/docs/logs/drive_log_20261003_232728.csv
차량 스폰: actor_id=27
bounding box: half_length=1.853m half_width=0.894m half_height=0.775m -> /home/gyumin/campus_mobility_sim/map/docs/logs/vehicle_bbox_20261003_232728.txt
충돌 센서 부착: actor_id=28 -> /home/gyumin/campus_mobility_sim/map/docs/logs/collision_events_20261003_232728.csv
BasicAgent set_global_plan 224점, target_speed=20.0km/h, dt=0.05
[동기모드] 전환 전: synchronous_mode=False fixed_delta_seconds=None
[동기모드] 전환 후: synchronous_mode=True fixed_delta_seconds=0.05
[전이] t=   0.05s road1247 일반 speed= 0.01m/s limit=30km/h
t=   0.1s (  217.85,-1087.41) speed= 0.01m/s road1247 s=   0.0 on_road=True
t=   1.1s (  217.86,-1087.09) speed= 1.58m/s road1247 s=   0.3 on_road=True
t=   2.1s (  217.99,-1084.35) speed= 3.86m/s road1247 s=   3.1 on_road=True
t=   3.1s (  218.23,-1079.51) speed= 5.41m/s road1247 s=   7.9 on_road=True
t=   4.1s (  218.49,-1074.11) speed= 4.24m/s road1247 s=  13.3 on_road=True
t=   5.1s (  218.73,-1069.20) speed= 5.24m/s road1247 s=  18.2 on_road=True
t=   6.1s (  219.00,-1063.64) speed= 4.92m/s road1247 s=  23.8 on_road=True
t=   7.1s (  219.23,-1058.97) speed= 5.30m/s road1247 s=  28.5 on_road=True
t=   8.1s (  219.50,-1053.42) speed= 4.93m/s road1247 s=  34.0 on_road=True
t=   9.1s (  219.73,-1048.65) speed= 5.41m/s road1247 s=  38.8 on_road=True
[tick 대조] fixed_delta=0.05 delta_seconds=0.0500 시뮬경과/프레임=0.0500s 벽시계 134.4 tick/s (프레임 200)
t=  10.1s (  220.02,-1043.03) speed= 5.14m/s road1247 s=  44.4 on_road=True
t=  11.1s (  220.31,-1038.38) speed= 5.19m/s road1247 s=  49.1 on_road=True
t=  12.1s (  220.72,-1032.87) speed= 5.05m/s road1247 s=  54.6 on_road=True
t=  13.1s (  221.14,-1028.26) speed= 5.31m/s road1247 s=  59.2 on_road=True
t=  14.1s (  221.70,-1022.73) speed= 4.87m/s road1247 s=  64.8 on_road=True
t=  15.1s (  222.18,-1018.14) speed= 5.23m/s road1247 s=  69.4 on_road=True
t=  16.1s (  222.88,-1012.67) speed= 4.50m/s road1247 s=  74.9 on_road=True
t=  17.1s (  223.88,-1008.13) speed= 5.19m/s road1247 s=  79.4 on_road=True
t=  18.1s (  225.62,-1002.98) speed= 4.22m/s road1247 s=  84.6 on_road=True
t=  19.1s (  227.40, -998.64) speed= 5.18m/s road1247 s=  89.3 on_road=True
t=  20.1s (  230.17, -994.03) speed= 4.17m/s road1247 s=  94.6 on_road=True
t=  21.1s (  233.36, -990.42) speed= 5.24m/s road1247 s=  99.1 on_road=True
t=  22.1s (  237.25, -986.82) speed= 4.08m/s road1247 s= 104.3 on_road=True
t=  23.1s (  240.95, -983.67) speed= 5.64m/s road1247 s= 109.2 on_road=True
t=  24.1s (  244.98, -980.36) speed= 4.22m/s road1247 s= 114.4 on_road=True
t=  25.1s (  248.89, -977.21) speed= 5.42m/s road1247 s= 119.4 on_road=True
t=  26.1s (  253.02, -973.89) speed= 4.22m/s road1247 s= 124.7 on_road=True
t=  27.1s (  256.95, -970.76) speed= 5.84m/s road1247 s= 129.8 on_road=True
t=  28.1s (  261.05, -967.54) speed= 4.27m/s road1247 s= 134.9 on_road=True
t=  29.1s (  265.08, -964.41) speed= 6.18m/s road1247 s= 140.0 on_road=True
t=  30.1s (  269.21, -961.26) speed= 4.24m/s road1247 s= 145.2 on_road=True
t=  31.1s (  273.22, -958.15) speed= 5.92m/s road1247 s= 150.3 on_road=True
[전이] t=  31.40s road1915 커넥터 speed= 5.64m/s limit=30km/h
[계획 이탈] t=31.40s road1915 는 계획의 현재/다음 road 가 아님(비치명, 계속 주행)
[전이] t=  31.45s road1247 일반 speed= 5.37m/s limit=30km/h
[전이] t=  31.55s road1914 커넥터 speed= 5.06m/s limit=30km/h
t=  32.1s (  277.22, -954.87) speed= 4.23m/s road1914 s=   2.7 on_road=True
[전이] t=  32.45s road1356 일반 speed= 5.02m/s limit=30km/h
t=  33.1s (  281.12, -951.66) speed= 6.24m/s road1356 s=   3.3 on_road=True
t=  34.1s (  285.11, -948.56) speed= 4.39m/s road1356 s=   8.3 on_road=True
t=  35.1s (  289.48, -945.67) speed= 6.35m/s road1356 s=  13.3 on_road=True
t=  36.1s (  293.76, -943.09) speed= 4.50m/s road1356 s=  18.3 on_road=True
t=  37.1s (  298.36, -940.44) speed= 6.07m/s road1356 s=  23.6 on_road=True
t=  38.1s (  302.53, -938.08) speed= 4.64m/s road1356 s=  28.4 on_road=True
t=  39.1s (  307.06, -935.03) speed= 5.91m/s road1356 s=  33.8 on_road=True
[전이] t=  39.55s road1917 커넥터 speed= 4.39m/s limit=30km/h
t=  40.1s (  310.66, -931.99) speed= 4.71m/s road1917 s=   3.0 on_road=True
[전이] t=  40.10s road1916 커넥터 speed= 4.82m/s limit=30km/h
[전이] t=  40.35s road1355 일반 speed= 5.22m/s limit=30km/h
t=  41.1s (  314.99, -928.59) speed= 5.82m/s road1355 s=   4.7 on_road=True
t=  42.1s (  318.72, -925.78) speed= 4.83m/s road1355 s=   9.4 on_road=True
t=  43.1s (  323.19, -922.48) speed= 5.62m/s road1355 s=  15.0 on_road=True
t=  44.1s (  326.92, -919.75) speed= 4.90m/s road1355 s=  19.6 on_road=True
t=  45.1s (  331.41, -916.48) speed= 5.45m/s road1355 s=  25.1 on_road=True
t=  46.1s (  335.15, -913.76) speed= 5.03m/s road1355 s=  29.8 on_road=True
t=  47.1s (  339.66, -910.48) speed= 6.01m/s road1355 s=  35.3 on_road=True
t=  48.1s (  343.48, -907.71) speed= 4.70m/s road1355 s=  40.1 on_road=True
[감속] t=48.55s road1355 20->8km/h speed=19.3km/h
t=  49.1s (  347.46, -904.84) speed= 3.65m/s road1355 s=  45.0 on_road=True
t=  50.1s (  349.35, -903.47) speed= 2.07m/s road1355 s=  47.3 on_road=True
t=  51.1s (  351.05, -902.24) speed= 2.08m/s road1355 s=  49.4 on_road=True
t=  52.1s (  352.74, -900.99) speed= 2.09m/s road1355 s=  51.5 on_road=True
t=  53.1s (  354.42, -899.73) speed= 2.10m/s road1355 s=  53.6 on_road=True
[전이] t=  53.80s road1449 커넥터 speed= 2.11m/s limit=30km/h
t=  54.1s (  355.91, -898.26) speed= 2.10m/s road1449 s=   0.2 on_road=True
[전이] t=  54.10s road1355 일반 speed= 2.10m/s limit=30km/h
[전이] t=  54.25s road1446 커넥터 speed= 2.11m/s limit=30km/h
t=  55.1s (  357.07, -896.52) speed= 2.09m/s road1446 s=   2.1 on_road=True
t=  56.1s (  357.76, -894.62) speed= 2.10m/s road1446 s=   5.2 on_road=True
t=  57.1s (  357.98, -892.58) speed= 2.16m/s road1446 s=   8.4 on_road=True
t=  58.1s (  357.77, -890.51) speed= 2.16m/s road1446 s=  11.3 on_road=True
t=  59.1s (  357.32, -888.49) speed= 2.15m/s road1446 s=  13.6 on_road=True
[전이] t=  59.15s road1172 일반 speed= 2.10m/s limit=30km/h
[복귀] t=59.15s road1172 8->20km/h speed=7.5km/h
[전이] t=  59.25s road1445 커넥터 speed= 2.09m/s limit=30km/h
[전이] t=  59.70s road1172 일반 speed= 2.96m/s limit=30km/h
--- 메모리 측정(주행중(차량1대+BasicAgent, 동기 20Hz)) ---
total        used        free      shared  buff/cache   available
Mem:            12Gi       8.5Gi       3.5Gi        86Mi       756Mi       3.8Gi
Swap:          8.0Gi       829Mi       7.2Gi
gtt_used: 1833074688 bytes (1.71GiB)
t=  60.1s (  356.53, -885.91) speed= 3.69m/s road1172 s=   2.5 on_road=True
t=  61.1s (  354.85, -881.52) speed= 5.23m/s road1172 s=   7.2 on_road=True
t=  62.1s (  352.78, -876.60) speed= 4.13m/s road1172 s=  12.5 on_road=True
t=  63.1s (  350.80, -872.12) speed= 5.33m/s road1172 s=  17.4 on_road=True
t=  64.1s (  348.60, -867.24) speed= 4.25m/s road1172 s=  22.8 on_road=True
t=  65.1s (  346.54, -862.72) speed= 5.91m/s road1172 s=  27.7 on_road=True
t=  66.1s (  344.41, -858.04) speed= 4.22m/s road1172 s=  32.9 on_road=True
t=  67.1s (  342.31, -853.46) speed= 5.59m/s road1172 s=  37.9 on_road=True
t=  68.1s (  340.13, -848.71) speed= 4.31m/s road1172 s=  43.1 on_road=True
t=  69.1s (  338.01, -844.10) speed= 5.40m/s road1172 s=  48.2 on_road=True
t=  70.1s (  335.79, -839.27) speed= 4.25m/s road1172 s=  53.5 on_road=True
t=  71.1s (  333.69, -834.71) speed= 5.36m/s road1172 s=  58.6 on_road=True
t=  72.1s (  331.40, -829.74) speed= 4.11m/s road1172 s=  64.0 on_road=True
t=  73.1s (  329.40, -825.39) speed= 5.38m/s road1172 s=  68.8 on_road=True
t=  74.1s (  327.14, -820.47) speed= 4.19m/s road1172 s=  74.2 on_road=True
t=  75.1s (  325.09, -816.02) speed= 5.24m/s road1172 s=  79.1 on_road=True
t=  76.1s (  322.76, -810.96) speed= 4.84m/s road1172 s=  84.7 on_road=True
t=  77.1s (  320.81, -806.73) speed= 5.28m/s road1172 s=  89.4 on_road=True
t=  78.1s (  318.50, -801.71) speed= 4.51m/s road1172 s=  94.9 on_road=True
t=  79.1s (  316.55, -797.46) speed= 5.30m/s road1172 s=  99.6 on_road=True
t=  80.1s (  314.23, -792.42) speed= 4.61m/s road1172 s= 105.1 on_road=True
[감속] t=80.35s road1172 20->8km/h speed=15.2km/h
t=  81.1s (  312.77, -789.23) speed= 1.99m/s road1172 s= 108.6 on_road=True
t=  82.1s (  311.90, -787.36) speed= 2.17m/s road1172 s= 110.7 on_road=True
t=  83.1s (  311.02, -785.45) speed= 2.11m/s road1172 s= 112.8 on_road=True
t=  84.1s (  310.21, -783.51) speed= 2.10m/s road1172 s= 114.9 on_road=True
t=  85.1s (  309.40, -781.57) speed= 2.10m/s road1172 s= 117.0 on_road=True
[전이] t=  85.85s road1429 커넥터 speed= 2.08m/s limit=30km/h
t=  86.1s (  308.97, -779.54) speed= 2.13m/s road1429 s=   1.1 on_road=True
t=  87.1s (  308.69, -777.45) speed= 2.11m/s road1429 s=   3.5 on_road=True
[전이] t=  87.40s road1428 커넥터 speed= 2.06m/s limit=30km/h
[전이] t=  88.00s road1434 커넥터 speed= 2.13m/s limit=30km/h
t=  88.1s (  308.88, -775.40) speed= 2.13m/s road1434 s=  12.2 on_road=True
t=  89.1s (  309.27, -773.34) speed= 2.07m/s road1434 s=  10.5 on_road=True
[전이] t=  89.60s road1431 커넥터 speed= 2.09m/s limit=30km/h
t=  90.1s (  310.10, -771.42) speed= 2.10m/s road1431 s=   6.0 on_road=True
[복귀] t=90.65s road1431 8->20km/h speed=7.6km/h
[전이] t=  90.70s road1428 커넥터 speed= 2.10m/s limit=30km/h
[감속] t=90.70s road1428 20->8km/h speed=7.5km/h
t=  91.1s (  311.06, -769.55) speed= 2.10m/s road1428 s=   9.7 on_road=True
t=  92.1s (  312.22, -767.80) speed= 2.10m/s road1428 s=  11.7 on_road=True
[전이] t=  92.50s road1432 커넥터 speed= 2.09m/s limit=30km/h
[복귀] t=92.50s road1432 8->20km/h speed=7.5km/h
t=  93.1s (  313.62, -765.94) speed= 3.10m/s road1432 s=   8.4 on_road=True
[전이] t=  93.35s road1240 일반 speed= 3.75m/s limit=30km/h
t=  94.1s (  316.32, -762.73) speed= 5.20m/s road1240 s=   3.9 on_road=True
t=  95.1s (  320.08, -758.60) speed= 5.05m/s road1240 s=   9.5 on_road=True
t=  96.1s (  323.23, -755.24) speed= 5.19m/s road1240 s=  14.1 on_road=True
t=  97.1s (  327.06, -751.20) speed= 5.01m/s road1240 s=  19.6 on_road=True
t=  98.1s (  330.24, -747.88) speed= 5.31m/s road1240 s=  24.2 on_road=True
t=  99.1s (  334.14, -743.80) speed= 5.05m/s road1240 s=  29.9 on_road=True
t= 100.1s (  337.34, -740.48) speed= 5.30m/s road1240 s=  34.5 on_road=True
t= 101.1s (  341.23, -736.52) speed= 4.86m/s road1240 s=  40.0 on_road=True
t= 102.1s (  344.53, -733.28) speed= 5.33m/s road1240 s=  44.6 on_road=True
t= 103.1s (  348.57, -729.46) speed= 4.62m/s road1240 s=  50.2 on_road=True
t= 104.1s (  351.99, -726.30) speed= 5.19m/s road1240 s=  54.8 on_road=True
t= 105.1s (  356.04, -722.61) speed= 4.31m/s road1240 s=  60.2 on_road=True
t= 106.1s (  359.57, -719.43) speed= 5.36m/s road1240 s=  65.0 on_road=True
t= 107.1s (  363.61, -715.79) speed= 4.16m/s road1240 s=  70.4 on_road=True
t= 108.1s (  367.19, -712.58) speed= 5.39m/s road1240 s=  75.2 on_road=True
t= 109.1s (  371.23, -708.95) speed= 4.23m/s road1240 s=  80.7 on_road=True
t= 110.1s (  374.86, -705.69) speed= 5.36m/s road1240 s=  85.6 on_road=True
t= 111.1s (  378.82, -702.13) speed= 4.11m/s road1240 s=  90.9 on_road=True
t= 112.1s (  382.48, -698.85) speed= 5.38m/s road1240 s=  95.8 on_road=True
t= 113.1s (  386.45, -695.29) speed= 4.17m/s road1240 s= 101.1 on_road=True
t= 114.1s (  390.14, -691.97) speed= 5.35m/s road1240 s= 106.1 on_road=True
t= 115.1s (  394.13, -688.39) speed= 4.10m/s road1240 s= 111.5 on_road=True
t= 116.1s (  397.73, -685.03) speed= 5.62m/s road1240 s= 116.4 on_road=True
t= 117.1s (  401.31, -681.24) speed= 4.13m/s road1240 s= 121.8 on_road=True
t= 118.1s (  404.67, -677.58) speed= 5.99m/s road1240 s= 126.8 on_road=True
t= 119.1s (  408.25, -673.84) speed= 4.28m/s road1240 s= 131.8 on_road=True
t= 120.1s (  411.80, -670.23) speed= 5.41m/s road1240 s= 136.9 on_road=True
t= 121.1s (  415.55, -666.47) speed= 4.25m/s road1240 s= 142.2 on_road=True
t= 122.1s (  419.12, -662.93) speed= 5.36m/s road1240 s= 147.2 on_road=True
[전이] t= 122.45s road1696 커넥터 speed= 5.81m/s limit=30km/h
[전이] t= 122.60s road1695 커넥터 speed= 5.31m/s limit=30km/h
t= 123.1s (  422.90, -659.15) speed= 4.19m/s road1695 s=   3.1 on_road=True
t= 124.1s (  426.30, -655.57) speed= 5.69m/s road1695 s=   8.0 on_road=True
t= 125.1s (  429.81, -651.66) speed= 4.16m/s road1695 s=  13.4 on_road=True
[전이] t= 125.45s road1239 일반 speed= 4.93m/s limit=30km/h
t= 126.1s (  433.08, -647.92) speed= 6.10m/s road1239 s=   3.3 on_road=True
t= 127.1s (  436.43, -644.04) speed= 4.22m/s road1239 s=   8.4 on_road=True
t= 128.1s (  439.75, -640.18) speed= 6.26m/s road1239 s=  13.5 on_road=True
t= 129.1s (  443.07, -636.37) speed= 4.30m/s road1239 s=  18.6 on_road=True
t= 130.1s (  446.59, -632.64) speed= 6.25m/s road1239 s=  23.6 on_road=True
t= 131.1s (  450.21, -629.24) speed= 4.51m/s road1239 s=  28.5 on_road=True
t= 132.1s (  454.40, -625.91) speed= 6.16m/s road1239 s=  33.7 on_road=True
t= 133.1s (  458.32, -623.13) speed= 4.62m/s road1239 s=  38.4 on_road=True
t= 134.1s (  462.82, -620.12) speed= 5.92m/s road1239 s=  43.8 on_road=True
t= 135.1s (  466.76, -617.55) speed= 4.72m/s road1239 s=  48.5 on_road=True
[전이] t= 135.50s road1426 커넥터 speed= 5.30m/s limit=30km/h
t= 136.1s (  471.43, -614.66) speed= 5.73m/s road1426 s=   3.4 on_road=True
[전이] t= 137.00s road1422 커넥터 speed= 4.69m/s limit=30km/h
[전이] t= 137.05s road1424 커넥터 speed= 4.79m/s limit=30km/h
t= 137.1s (  475.48, -612.36) speed= 4.79m/s road1424 s=  10.5 on_road=True
[전이] t= 137.15s road1426 커넥터 speed= 5.00m/s limit=30km/h
t= 138.1s (  480.33, -609.78) speed= 5.65m/s road1426 s=  13.4 on_road=True
[전이] t= 138.95s road1238 일반 speed= 4.67m/s limit=30km/h
t= 139.1s (  484.42, -607.64) speed= 4.88m/s road1238 s=   0.6 on_road=True
t= 140.1s (  489.33, -605.11) speed= 5.37m/s road1238 s=   6.1 on_road=True
t= 141.1s (  493.46, -602.99) speed= 5.07m/s road1238 s=  10.7 on_road=True
t= 142.1s (  498.47, -600.43) speed= 5.27m/s road1238 s=  16.3 on_road=True
t= 143.1s (  502.55, -598.34) speed= 5.13m/s road1238 s=  20.9 on_road=True
[감속] t=143.15s road1238 20->8km/h speed=18.8km/h
t= 144.1s (  505.93, -596.61) speed= 1.95m/s road1238 s=  24.7 on_road=True
t= 145.1s (  507.76, -595.68) speed= 2.20m/s road1238 s=  26.8 on_road=True
t= 146.1s (  509.63, -594.73) speed= 2.12m/s road1238 s=  28.9 on_road=True
t= 147.1s (  511.52, -593.81) speed= 2.10m/s road1238 s=  31.0 on_road=True
t= 148.1s (  513.45, -593.00) speed= 2.13m/s road1238 s=  33.1 on_road=True
[전이] t= 148.70s road1564 커넥터 speed= 2.10m/s limit=30km/h
t= 149.1s (  515.47, -592.46) speed= 2.11m/s road1564 s=   0.8 on_road=True
t= 150.1s (  517.51, -592.16) speed= 2.09m/s road1564 s=   2.6 on_road=True
[전이] t= 150.85s road1561 커넥터 speed= 2.08m/s limit=30km/h
t= 151.1s (  519.57, -592.32) speed= 2.15m/s road1561 s=  10.9 on_road=True
t= 152.1s (  521.50, -592.94) speed= 2.05m/s road1561 s=   9.5 on_road=True
[전이] t= 152.30s road1558 커넥터 speed= 2.12m/s limit=30km/h
[복귀] t=152.85s road1558 8->20km/h speed=7.4km/h
t= 153.1s (  523.40, -593.88) speed= 2.19m/s road1558 s=   4.4 on_road=True
[전이] t= 153.45s road1564 커넥터 speed= 3.13m/s limit=30km/h
[감속] t=153.45s road1564 20->8km/h speed=11.3km/h
[전이] t= 153.80s road1559 커넥터 speed= 2.39m/s limit=30km/h
[복귀] t=153.80s road1559 8->20km/h speed=8.6km/h
t= 154.1s (  525.43, -595.52) speed= 2.21m/s road1559 s=   5.1 on_road=True
[전이] t= 154.95s road1278 일반 speed= 4.12m/s limit=30km/h
t= 155.1s (  527.67, -597.87) speed= 4.34m/s road1278 s=   1.0 on_road=True
t= 156.1s (  530.93, -601.94) speed= 6.36m/s road1278 s=   6.2 on_road=True
t= 157.1s (  533.88, -605.93) speed= 4.41m/s road1278 s=  11.2 on_road=True
t= 158.1s (  536.92, -610.20) speed= 6.20m/s road1278 s=  16.4 on_road=True
t= 159.1s (  539.71, -614.17) speed= 4.54m/s road1278 s=  21.3 on_road=True
t= 160.1s (  542.78, -618.57) speed= 6.16m/s road1278 s=  26.6 on_road=True
t= 161.1s (  545.60, -622.62) speed= 4.69m/s road1278 s=  31.6 on_road=True
t= 162.1s (  548.73, -627.13) speed= 5.91m/s road1278 s=  37.1 on_road=True
t= 163.1s (  551.43, -631.04) speed= 4.80m/s road1278 s=  41.8 on_road=True
t= 164.1s (  554.60, -635.61) speed= 5.78m/s road1278 s=  47.4 on_road=True
t= 165.1s (  557.26, -639.45) speed= 4.81m/s road1278 s=  52.1 on_road=True
t= 166.1s (  560.42, -644.01) speed= 5.57m/s road1278 s=  57.6 on_road=True
t= 167.1s (  563.08, -647.84) speed= 4.94m/s road1278 s=  62.3 on_road=True
t= 168.1s (  566.28, -652.45) speed= 5.65m/s road1278 s=  67.9 on_road=True
t= 169.1s (  568.91, -656.26) speed= 4.91m/s road1278 s=  72.5 on_road=True
t= 170.1s (  572.09, -660.85) speed= 5.46m/s road1278 s=  78.1 on_road=True
t= 171.1s (  574.74, -664.68) speed= 5.05m/s road1278 s=  82.7 on_road=True
t= 172.1s (  577.95, -669.31) speed= 5.38m/s road1278 s=  88.4 on_road=True
t= 173.1s (  580.57, -673.09) speed= 5.02m/s road1278 s=  93.0 on_road=True
t= 174.1s (  583.76, -677.70) speed= 5.45m/s road1278 s=  98.6 on_road=True
t= 175.1s (  586.45, -681.58) speed= 5.08m/s road1278 s= 103.3 on_road=True
t= 176.1s (  589.64, -686.18) speed= 5.35m/s road1278 s= 108.9 on_road=True
t= 177.1s (  592.33, -690.06) speed= 5.23m/s road1278 s= 113.6 on_road=True
t= 178.1s (  595.41, -694.51) speed= 6.39m/s road1278 s= 119.0 on_road=True
[감속] t=178.95s road1278 20->8km/h speed=15.2km/h
t= 179.1s (  598.22, -698.58) speed= 4.22m/s road1278 s= 124.0 on_road=True
t= 180.1s (  599.72, -700.74) speed= 2.23m/s road1278 s= 126.6 on_road=True
t= 181.1s (  600.92, -702.47) speed= 2.15m/s road1278 s= 128.7 on_road=True
t= 182.1s (  602.11, -704.20) speed= 2.11m/s road1278 s= 130.8 on_road=True
t= 183.1s (  603.26, -705.96) speed= 2.11m/s road1278 s= 132.9 on_road=True
t= 184.1s (  604.26, -707.80) speed= 2.08m/s road1278 s= 135.0 on_road=True
[복귀] t=184.55s road1278 8->20km/h speed=7.5km/h
t= 185.1s (  604.51, -709.85) speed= 2.70m/s road1278 s= 136.8 on_road=True
[전이] t= 185.25s road1151 일반 speed= 3.10m/s limit=30km/h
[전이] t= 185.80s road1565 커넥터 speed= 4.21m/s limit=30km/h
[감속] t=185.80s road1565 20->8km/h speed=15.1km/h
t= 186.1s (  602.02, -711.91) speed= 3.65m/s road1565 s=   9.9 on_road=True
[전이] t= 186.45s road1151 일반 speed= 2.00m/s limit=30km/h
[복귀] t=186.45s road1151 8->20km/h speed=7.2km/h
t= 187.1s (  599.95, -711.33) speed= 2.72m/s road1151 s=   2.6 on_road=False
t= 188.1s (  598.55, -708.19) speed= 5.01m/s road1151 s=   6.0 on_road=False
t= 189.1s (  596.45, -703.24) speed= 5.10m/s road1151 s=  11.2 on_road=True
t= 190.1s (  593.87, -698.79) speed= 4.32m/s road1151 s=  16.4 on_road=True
t= 191.1s (  591.13, -694.50) speed= 6.27m/s road1151 s=  21.4 on_road=True
t= 192.1s (  588.36, -690.29) speed= 4.30m/s road1151 s=  26.5 on_road=True
[계획 소진] t=192.25s 완주 전에 계획 웨이포인트가 모두 소진됨(이후 제동, 정체 조건으로 판정)
완주: t=192.8s 종점까지 0.91m

=== 요약 ===
route: uturn (종점 road1151 s=30.0)
결과: 완주
주행 시간(시뮬): 192.8s
계획 이탈 기록: t=31.40s road1915 는 계획의 현재/다음 road 가 아님(비치명, 계속 주행)

=== 계획 vs 실제 road 시퀀스 ===
 0 계획 1247  실제 1247 
 1 계획 1914  실제 1915   <-- 불일치
 2 계획 1356  실제 1247   <-- 불일치
 3 계획 1917  실제 1914   <-- 불일치
 4 계획 1355  실제 1356   <-- 불일치
 5 계획 1446  실제 1917   <-- 불일치
 6 계획 1172  실제 1916   <-- 불일치
 7 계획 1428  실제 1355   <-- 불일치
 8 계획 1240  실제 1449   <-- 불일치
 9 계획 1695  실제 1355   <-- 불일치
10 계획 1239  실제 1446   <-- 불일치
11 계획 1426  실제 1172   <-- 불일치
12 계획 1238  실제 1445   <-- 불일치
13 계획 1564  실제 1172   <-- 불일치
14 계획 1278  실제 1429   <-- 불일치
15 계획 1565  실제 1428   <-- 불일치
16 계획 1151  실제 1434   <-- 불일치
17 계획 -     실제 1431   <-- 불일치
18 계획 -     실제 1428   <-- 불일치
19 계획 -     실제 1432   <-- 불일치
20 계획 -     실제 1240   <-- 불일치
21 계획 -     실제 1696   <-- 불일치
22 계획 -     실제 1695   <-- 불일치
23 계획 -     실제 1239   <-- 불일치
24 계획 -     실제 1426   <-- 불일치
25 계획 -     실제 1422   <-- 불일치
26 계획 -     실제 1424   <-- 불일치
27 계획 -     실제 1426   <-- 불일치
28 계획 -     실제 1238   <-- 불일치
29 계획 -     실제 1564   <-- 불일치
30 계획 -     실제 1561   <-- 불일치
31 계획 -     실제 1558   <-- 불일치
32 계획 -     실제 1564   <-- 불일치
33 계획 -     실제 1559   <-- 불일치
34 계획 -     실제 1278   <-- 불일치
35 계획 -     실제 1151   <-- 불일치
36 계획 -     실제 1565   <-- 불일치
37 계획 -     실제 1151   <-- 불일치
첫 불일치 위치: 1번째 (계획 1914 / 실제 1915)
junction 통과(커넥터 road 를 실제로 밟았는지):
junction1   (r1914): 통과
junction107 (r1917): 통과
junction42  (r1446): 통과
junction10  (r1428): 통과
junction60  (r1695): 통과
junction84  (r1426): 통과
junction36  (r1564): 통과
junction35  (r1565): 통과
junction2(출발 전), junction35(종점 밖)는 통과 대상 아님

=== 급회전 커넥터 이탈량 (정의: sharp_offset docstring) ===
r1446 (+78.6°): tick 95, 최대|lat| 1.34m, 최대 차체초과 +0.71m(안쪽, s=10.8), on_road False 0tick, 충돌 0건
r1428 (-68.5°): tick 138, 최대|lat| 1.19m, 최대 차체초과 +0.43m(안쪽, s=5.5), on_road False 0tick, 충돌 0건
r1564 (-82.2°): tick 119, 최대|lat| 1.37m, 최대 차체초과 +0.66m(안쪽, s=7.8), on_road False 0tick, 충돌 0건
r1565 (-126.8°): tick 15, 최대|lat| 1.69m, 최대 차체초과 +0.62m(안쪽, s=0.2), on_road False 0tick, 충돌 0건
r1446 진입: t=54.25s speed=2.11m/s(7.6km/h)
r1428 진입: t=87.40s speed=2.06m/s(7.4km/h)
r1564 진입: t=148.70s speed=2.10m/s(7.5km/h)
r1565 진입: t=185.80s speed=4.21m/s(15.1km/h)

=== 차체 판정 road 별 (tick 수, 최대 차선밖 꼭짓점) ===
road1247: 인도 22tick, 차선밖꼭짓점 최대 1/4 (1개 이상 25tick), 반대차선(중심) 0tick, (계획 차선 안 0tick), 꼭짓점 침범깊이 최대 0.17m, 메시밖 0tick
road1356: 인도 1tick, 차선밖꼭짓점 최대 1/4 (1개 이상 1tick), 반대차선(중심) 0tick, (계획 차선 안 0tick), 꼭짓점 침범깊이 최대 0.00m, 메시밖 0tick
road1917: 인도 3tick, 차선밖꼭짓점 최대 1/4 (1개 이상 3tick), 반대차선(중심) 0tick, (계획 차선 안 0tick), 꼭짓점 침범깊이 최대 0.00m, 메시밖 0tick
road1446: 인도 83tick, 차선밖꼭짓점 최대 2/4 (1개 이상 85tick), 반대차선(중심) 0tick, (계획 차선 안 0tick), 꼭짓점 침범깊이 최대 0.00m, 메시밖 0tick
road1172: 인도 7tick, 차선밖꼭짓점 최대 1/4 (1개 이상 7tick), 반대차선(중심) 0tick, (계획 차선 안 0tick), 꼭짓점 침범깊이 최대 0.00m, 메시밖 0tick
road1445: 인도 9tick, 차선밖꼭짓점 최대 1/4 (1개 이상 9tick), 반대차선(중심) 0tick, (계획 차선 안 0tick), 꼭짓점 침범깊이 최대 0.00m, 메시밖 0tick
road1429: 인도 0tick, 차선밖꼭짓점 최대 0/4 (1개 이상 0tick), 반대차선(중심) 0tick, (계획 차선 안 0tick), 꼭짓점 침범깊이 최대 1.21m, 메시밖 0tick
road1428: 인도 0tick, 차선밖꼭짓점 최대 0/4 (1개 이상 0tick), 반대차선(중심) 0tick, (계획 차선 안 0tick), 꼭짓점 침범깊이 최대 2.15m, 메시밖 0tick
road1434: 인도 0tick, 차선밖꼭짓점 최대 0/4 (1개 이상 0tick), 반대차선(중심) 32tick, (계획 차선 안 32tick), 꼭짓점 침범깊이 최대 2.89m, 메시밖 0tick
road1431: 인도 0tick, 차선밖꼭짓점 최대 0/4 (1개 이상 0tick), 반대차선(중심) 0tick, (계획 차선 안 0tick), 꼭짓점 침범깊이 최대 2.31m, 메시밖 0tick
road1432: 인도 0tick, 차선밖꼭짓점 최대 0/4 (1개 이상 0tick), 반대차선(중심) 0tick, (계획 차선 안 0tick), 꼭짓점 침범깊이 최대 0.54m, 메시밖 0tick
road1426: 인도 0tick, 차선밖꼭짓점 최대 0/4 (1개 이상 0tick), 반대차선(중심) 0tick, (계획 차선 안 0tick), 꼭짓점 침범깊이 최대 1.89m, 메시밖 0tick
road1422: 인도 0tick, 차선밖꼭짓점 최대 0/4 (1개 이상 0tick), 반대차선(중심) 0tick, (계획 차선 안 0tick), 꼭짓점 침범깊이 최대 0.88m, 메시밖 0tick
road1424: 인도 0tick, 차선밖꼭짓점 최대 0/4 (1개 이상 0tick), 반대차선(중심) 0tick, (계획 차선 안 0tick), 꼭짓점 침범깊이 최대 1.05m, 메시밖 0tick
road1238: 인도 0tick, 차선밖꼭짓점 최대 0/4 (1개 이상 0tick), 반대차선(중심) 0tick, (계획 차선 안 0tick), 꼭짓점 침범깊이 최대 2.56m, 메시밖 0tick
road1564: 인도 0tick, 차선밖꼭짓점 최대 0/4 (1개 이상 0tick), 반대차선(중심) 0tick, (계획 차선 안 0tick), 꼭짓점 침범깊이 최대 2.24m, 메시밖 0tick
road1561: 인도 0tick, 차선밖꼭짓점 최대 0/4 (1개 이상 0tick), 반대차선(중심) 26tick, (계획 차선 안 26tick), 꼭짓점 침범깊이 최대 2.59m, 메시밖 0tick
road1558: 인도 0tick, 차선밖꼭짓점 최대 0/4 (1개 이상 0tick), 반대차선(중심) 2tick, (계획 차선 안 2tick), 꼭짓점 침범깊이 최대 0.61m, 메시밖 0tick
road1559: 인도 0tick, 차선밖꼭짓점 최대 0/4 (1개 이상 0tick), 반대차선(중심) 0tick, (계획 차선 안 0tick), 꼭짓점 침범깊이 최대 1.69m, 메시밖 0tick
road1278: 인도 0tick, 차선밖꼭짓점 최대 0/4 (1개 이상 0tick), 반대차선(중심) 0tick, (계획 차선 안 0tick), 꼭짓점 침범깊이 최대 0.66m, 메시밖 0tick
road1151: 인도 61tick, 차선밖꼭짓점 최대 3/4 (1개 이상 61tick), 반대차선(중심) 0tick, (계획 차선 안 0tick), 꼭짓점 침범깊이 최대 0.00m, 메시밖 0tick
road1565: 인도 13tick, 차선밖꼭짓점 최대 2/4 (1개 이상 13tick), 반대차선(중심) 0tick, (계획 차선 안 0tick), 꼭짓점 침범깊이 최대 0.00m, 메시밖 0tick
(목록에 없는 road 는 전부 0)

=== 차선 이탈 구간 (차체 기준, 계획 중심선 기준, 세션19) ===
t=19.90~20.90s road1247 -중앙선 쪽 최대 lat -0.93m 차체초과 0.15m 중심초과 0.00m 21tick, 진입 16.8km/h, road 평균R 173.65 R2min 10.28
t=39.40~39.55s road1356 +인도 쪽 최대 lat +0.92m 차체초과 0.14m 중심초과 0.00m 4tick, 진입 18.1km/h, road 평균R 209.60 R2min 13.11
t=54.80~59.50s road1446 +인도 쪽 최대 lat +1.43m 차체초과 0.65m 중심초과 0.00m 95tick, 진입 7.6km/h, road 평균R 10.12 R2min 7.40
t=86.40~91.80s road1428 -중앙선 쪽 최대 lat -1.19m 차체초과 0.41m 중심초과 0.00m 109tick, 진입 7.6km/h, road 평균R 11.90 R2min 6.48
t=149.75~154.80s road1564 -중앙선 쪽 최대 lat -1.36m 차체초과 0.58m 중심초과 0.00m 102tick, 진입 7.4km/h, road 평균R 9.02 R2min 6.42
t=184.80~185.50s road1151 -중앙선 쪽 최대 lat -1.64m 차체초과 0.86m 중심초과 0.00m 15tick, 진입 8.1km/h, road 평균R 552612.07 R2min 503.28
t=186.10~189.00s road1151 +인도 쪽 최대 lat +2.62m 차체초과 1.84m 중심초과 0.94m 59tick, 진입 12.3km/h, road 평균R 552612.07 R2min 503.28
합계 7구간 (중앙선 쪽 4, 인도 쪽 3), 최대 차체초과 1.84m
충돌 누적 0건
판정: record
follow=on
궤적 로그: /home/gyumin/campus_mobility_sim/map/docs/logs/drive_log_20261003_232728.csv
충돌 센서(actor_id=28) 제거함
정상 종료 - 차량(actor_id=27) 브레이크 유지로 남겨둠
[동기모드] 복귀: synchronous_mode=False fixed_delta_seconds=None
