controller=agent, 동기모드=켬 0.05s
conn_spacing=4.0m(전 구간), sharp_speed=없음
follow=on(뒤 8m, 위 4m, 매 tick)
맵: Carla/Maps/OpenDriveMap, spawn point 1243개
spawn: Location(x=217.845581, y=-1087.414185, z=0.500000) road1247 lane-1 s=0.00
계획 CSV: /home/gm/campus_mobility_sim/map/docs/logs/drive_plan_20260925_112842.csv
계획 웨이포인트 총 204개
road   kind  n  s범위          최대간격(m)
1247   road  39 1.96~151.01  4.38
1914   conn  2  1.07~3.22  2.93
1356   road  10 1.85~35.20  4.0
1917   conn  1  1.48~1.48  2.07
1355   road  15 1.87~54.20  4.13
1446   conn  4  1.74~12.17  3.33
1172   road  30 1.98~117.07  3.97
1428   conn  4  1.78~12.46  4.3
1240   road  38 1.97~147.53  4.09
1695   conn  4  1.89~13.23  3.86
1239   road  13 1.95~48.68  4.06
1426   conn  5  1.74~15.69  3.7
1238   road  9  1.91~32.45  3.82
1564   conn  4  1.62~11.34  3.99
1278   road  26 1.93~98.45  3.86
커넥터 안쪽 점: 24개 / 점 없는 커넥터: 없음
전체 최대 간격 4.38m, 평균 3.85m
인접 road 연결 확인: 14쌍 모두 next() 로 이어짐
궤적 로그(tick마다 기록): /home/gm/campus_mobility_sim/map/docs/logs/drive_log_20260925_112842.csv
차량 스폰: actor_id=25
bounding box: half_length=1.853m half_width=0.894m half_height=0.775m -> /home/gm/campus_mobility_sim/map/docs/logs/vehicle_bbox_20260925_112842.txt
충돌 센서 부착: actor_id=26 -> /home/gm/campus_mobility_sim/map/docs/logs/collision_events_20260925_112842.csv
BasicAgent set_global_plan 204점, target_speed=20.0km/h, dt=0.05
[동기모드] 전환 전: synchronous_mode=False fixed_delta_seconds=None
[동기모드] 전환 후: synchronous_mode=True fixed_delta_seconds=0.05
[전이] t=   0.05s road1247 일반 speed= 0.01m/s limit=30km/h
t=   0.1s (  217.85,-1087.41) speed= 0.01m/s road1247 s=   0.0 on_road=True
t=   1.1s (  217.86,-1087.09) speed= 1.58m/s road1247 s=   0.3 on_road=True
t=   2.1s (  217.99,-1084.35) speed= 3.86m/s road1247 s=   3.1 on_road=True
t=   3.1s (  218.23,-1079.51) speed= 5.40m/s road1247 s=   7.9 on_road=True
t=   4.1s (  218.50,-1074.02) speed= 4.43m/s road1247 s=  13.4 on_road=True
t=   5.1s (  218.73,-1069.27) speed= 5.29m/s road1247 s=  18.2 on_road=True
t=   6.1s (  218.99,-1063.84) speed= 4.11m/s road1247 s=  23.6 on_road=True
t=   7.1s (  219.23,-1059.07) speed= 5.32m/s road1247 s=  28.4 on_road=True
t=   8.1s (  219.49,-1053.59) speed= 4.09m/s road1247 s=  33.9 on_road=True
t=   9.1s (  219.73,-1048.79) speed= 5.34m/s road1247 s=  38.7 on_road=True
[tick 대조] fixed_delta=0.05 delta_seconds=0.0500 시뮬경과/프레임=0.0500s 벽시계 193.4 tick/s (프레임 200)
t=  10.1s (  220.01,-1043.19) speed= 5.13m/s road1247 s=  44.3 on_road=True
t=  11.1s (  220.30,-1038.56) speed= 5.12m/s road1247 s=  48.9 on_road=True
t=  12.1s (  220.71,-1033.12) speed= 4.52m/s road1247 s=  54.4 on_road=True
t=  13.1s (  221.12,-1028.41) speed= 5.29m/s road1247 s=  59.1 on_road=True
t=  14.1s (  221.67,-1023.01) speed= 4.13m/s road1247 s=  64.5 on_road=True
t=  15.1s (  222.17,-1018.28) speed= 5.21m/s road1247 s=  69.2 on_road=True
t=  16.1s (  222.84,-1012.98) speed= 4.10m/s road1247 s=  74.6 on_road=True
t=  17.1s (  223.86,-1008.28) speed= 5.26m/s road1247 s=  79.2 on_road=True
t=  18.1s (  225.52,-1003.26) speed= 4.08m/s road1247 s=  84.3 on_road=True
t=  19.1s (  227.37, -998.74) speed= 5.65m/s road1247 s=  89.2 on_road=True
t=  20.1s (  230.03, -994.27) speed= 4.29m/s road1247 s=  94.3 on_road=True
t=  21.1s (  233.36, -990.43) speed= 6.26m/s road1247 s=  99.0 on_road=True
t=  22.1s (  237.04, -987.00) speed= 4.30m/s road1247 s= 104.1 on_road=True
t=  23.1s (  240.97, -983.65) speed= 6.25m/s road1247 s= 109.2 on_road=True
t=  24.1s (  244.79, -980.51) speed= 4.39m/s road1247 s= 114.2 on_road=True
t=  25.1s (  248.90, -977.20) speed= 6.25m/s road1247 s= 119.4 on_road=True
t=  26.1s (  252.73, -974.12) speed= 4.52m/s road1247 s= 124.4 on_road=True
t=  27.1s (  256.88, -970.81) speed= 6.27m/s road1247 s= 129.7 on_road=True
t=  28.1s (  260.80, -967.74) speed= 4.40m/s road1247 s= 134.6 on_road=True
t=  29.1s (  264.97, -964.50) speed= 6.24m/s road1247 s= 139.9 on_road=True
t=  30.1s (  268.86, -961.52) speed= 4.52m/s road1247 s= 144.8 on_road=True
t=  31.1s (  273.11, -958.24) speed= 6.10m/s road1247 s= 150.1 on_road=True
[전이] t=  31.45s road1915 커넥터 speed= 5.01m/s limit=30km/h
[계획 이탈] t=31.45s road1915 는 계획의 현재/다음 road 가 아님(비치명, 계속 주행)
[전이] t=  31.55s road1247 일반 speed= 4.40m/s limit=30km/h
[전이] t=  31.65s road1914 커넥터 speed= 4.07m/s limit=30km/h
t=  32.1s (  276.80, -955.22) speed= 4.59m/s road1914 s=   2.1 on_road=True
[전이] t=  32.55s road1356 일반 speed= 5.27m/s limit=30km/h
t=  33.1s (  281.00, -951.76) speed= 5.99m/s road1356 s=   3.1 on_road=True
t=  34.1s (  284.76, -948.82) speed= 4.73m/s road1356 s=   7.9 on_road=True
t=  35.1s (  289.30, -945.79) speed= 5.73m/s road1356 s=  13.1 on_road=True
t=  36.1s (  293.28, -943.37) speed= 4.84m/s road1356 s=  17.8 on_road=True
t=  37.1s (  298.09, -940.60) speed= 5.56m/s road1356 s=  23.3 on_road=True
t=  38.1s (  302.14, -938.31) speed= 4.93m/s road1356 s=  28.0 on_road=True
t=  39.1s (  306.79, -935.24) speed= 5.36m/s road1356 s=  33.5 on_road=True
[전이] t=  39.65s road1917 커넥터 speed= 4.41m/s limit=30km/h
t=  40.1s (  310.37, -932.20) speed= 5.08m/s road1917 s=   2.7 on_road=True
[전이] t=  40.15s road1916 커넥터 speed= 5.17m/s limit=30km/h
[전이] t=  40.40s road1355 일반 speed= 5.14m/s limit=30km/h
t=  41.1s (  314.71, -928.79) speed= 5.09m/s road1355 s=   4.4 on_road=True
t=  42.1s (  318.44, -925.98) speed= 5.21m/s road1355 s=   9.1 on_road=True
t=  43.1s (  322.89, -922.70) speed= 5.04m/s road1355 s=  14.6 on_road=True
t=  44.1s (  326.63, -919.96) speed= 5.45m/s road1355 s=  19.2 on_road=True
t=  45.1s (  331.17, -916.65) speed= 5.14m/s road1355 s=  24.8 on_road=True
t=  46.1s (  334.95, -913.90) speed= 5.35m/s road1355 s=  29.5 on_road=True
t=  47.1s (  339.48, -910.61) speed= 5.08m/s road1355 s=  35.1 on_road=True
t=  48.1s (  343.23, -907.89) speed= 5.41m/s road1355 s=  39.8 on_road=True
t=  49.1s (  347.81, -904.58) speed= 5.13m/s road1355 s=  45.4 on_road=True
t=  50.1s (  351.53, -901.88) speed= 5.12m/s road1355 s=  50.0 on_road=True
[전이] t=  51.00s road1449 커넥터 speed= 5.00m/s limit=30km/h
t=  51.1s (  355.66, -898.29) speed= 4.94m/s road1449 s=   0.0 on_road=True
[전이] t=  51.15s road1355 일반 speed= 4.27m/s limit=30km/h
[전이] t=  51.20s road1446 커넥터 speed= 4.13m/s limit=30km/h
t=  52.1s (  357.57, -894.22) speed= 5.26m/s road1446 s=   5.6 on_road=False
t=  53.1s (  357.11, -888.83) speed= 5.01m/s road1446 s=  13.4 on_road=True
[전이] t=  53.15s road1172 일반 speed= 4.52m/s limit=30km/h
[전이] t=  53.20s road1445 커넥터 speed= 4.52m/s limit=30km/h
[전이] t=  53.45s road1172 일반 speed= 4.40m/s limit=30km/h
t=  54.1s (  355.79, -884.29) speed= 5.17m/s road1172 s=   4.3 on_road=True
t=  55.1s (  353.81, -879.17) speed= 4.44m/s road1172 s=   9.8 on_road=True
t=  56.1s (  351.99, -874.88) speed= 5.16m/s road1172 s=  14.4 on_road=True
t=  57.1s (  349.80, -869.94) speed= 4.17m/s road1172 s=  19.8 on_road=True
t=  58.1s (  347.83, -865.56) speed= 5.30m/s road1172 s=  24.6 on_road=True
t=  59.1s (  345.60, -860.65) speed= 4.14m/s road1172 s=  30.0 on_road=True
--- 메모리 측정(주행중(차량1대+BasicAgent, 동기 20Hz)) ---
total        used        free      shared  buff/cache   available
Mem:            12Gi       7.7Gi       3.5Gi        89Mi       1.5Gi       4.7Gi
Swap:          8.0Gi       838Mi       7.2Gi
gtt_used: 1673043968 bytes (1.56GiB)
t=  60.1s (  343.59, -856.26) speed= 5.23m/s road1172 s=  34.8 on_road=True
t=  61.1s (  341.39, -851.45) speed= 4.09m/s road1172 s=  40.1 on_road=True
t=  62.1s (  339.33, -846.99) speed= 5.38m/s road1172 s=  45.0 on_road=True
t=  63.1s (  337.11, -842.15) speed= 4.22m/s road1172 s=  50.4 on_road=True
t=  64.1s (  335.02, -837.60) speed= 6.09m/s road1172 s=  55.4 on_road=True
t=  65.1s (  332.88, -832.96) speed= 4.05m/s road1172 s=  60.5 on_road=True
t=  66.1s (  330.82, -828.47) speed= 5.33m/s road1172 s=  65.4 on_road=True
t=  67.1s (  328.53, -823.50) speed= 4.32m/s road1172 s=  70.9 on_road=True
t=  68.1s (  326.55, -819.20) speed= 5.38m/s road1172 s=  75.6 on_road=True
t=  69.1s (  324.26, -814.21) speed= 4.29m/s road1172 s=  81.1 on_road=True
t=  70.1s (  322.28, -809.91) speed= 5.26m/s road1172 s=  85.9 on_road=True
t=  71.1s (  320.02, -805.00) speed= 4.13m/s road1172 s=  91.3 on_road=True
t=  72.1s (  318.02, -800.65) speed= 5.30m/s road1172 s=  96.0 on_road=True
t=  73.1s (  315.77, -795.75) speed= 4.13m/s road1172 s= 101.4 on_road=True
t=  74.1s (  313.73, -791.34) speed= 5.31m/s road1172 s= 106.3 on_road=True
t=  75.1s (  311.51, -786.51) speed= 4.12m/s road1172 s= 111.6 on_road=True
t=  76.1s (  309.64, -782.02) speed= 5.48m/s road1172 s= 116.5 on_road=True
[전이] t=  76.40s road1429 커넥터 speed= 5.68m/s limit=30km/h
t=  77.1s (  308.96, -776.94) speed= 4.20m/s road1429 s=   5.0 on_road=True
[전이] t=  77.25s road1434 커넥터 speed= 4.58m/s limit=30km/h

=== 요약 ===
결과: 실패 - 반대 차선 침범(중심) 7tick/0.30s 연속 (road1434 s=11.7)
주행 시간(시뮬): 77.6s
계획 이탈 기록: t=31.45s road1915 는 계획의 현재/다음 road 가 아님(비치명, 계속 주행)

=== 계획 vs 실제 road 시퀀스 ===
 0 계획 1247  실제 1247 
 1 계획 1914  실제 1915   <-- 불일치
 2 계획 1356  실제 1247   <-- 불일치
 3 계획 1917  실제 1914   <-- 불일치
 4 계획 1355  실제 1356   <-- 불일치
 5 계획 1446  실제 1917   <-- 불일치
 6 계획 1172  실제 1916   <-- 불일치
 7 계획 1428  실제 1355   <-- 불일치
 8 계획 1240  실제 1449   <-- 불일치
 9 계획 1695  실제 1355   <-- 불일치
10 계획 1239  실제 1446   <-- 불일치
11 계획 1426  실제 1172   <-- 불일치
12 계획 1238  실제 1445   <-- 불일치
13 계획 1564  실제 1172   <-- 불일치
14 계획 1278  실제 1429   <-- 불일치
15 계획 -     실제 1434   <-- 불일치
첫 불일치 위치: 1번째 (계획 1914 / 실제 1915)
junction 통과(커넥터 road 를 실제로 밟았는지):
junction1   (r1914): 통과
junction107 (r1917): 통과
junction42  (r1446): 통과
junction10  (r1428): 미통과
junction60  (r1695): 미통과
junction84  (r1426): 미통과
junction36  (r1564): 미통과
junction2(출발 전), junction35(종점 밖)는 통과 대상 아님

=== 급회전 커넥터 이탈량 (정의: sharp_offset docstring) ===
r1446 (+78.6°): tick 37, 최대|lat| 1.65m, 최대 차체초과 +0.96m(안쪽, s=10.0), on_road False 9tick, 충돌 0건
r1428 (-68.5°): tick 21, 최대|lat| 1.42m, 최대 차체초과 +0.58m(안쪽, s=4.5), on_road False 0tick, 충돌 0건
r1564 (-82.2°): 측정 없음(미도달 또는 중심선 3.0m 밖)
r1446 진입: t=51.20s speed=4.13m/s(14.9km/h)

=== 차체 판정 road 별 (tick 수, 최대 차선밖 꼭짓점) ===
road1247: 인도 22tick, 차선밖꼭짓점 최대 1/4 (1개 이상 24tick), 반대차선(중심) 0tick, 꼭짓점 침범깊이 최대 0.17m, 메시밖 0tick
road1356: 인도 2tick, 차선밖꼭짓점 최대 1/4 (1개 이상 2tick), 반대차선(중심) 0tick, 꼭짓점 침범깊이 최대 0.00m, 메시밖 0tick
road1917: 인도 3tick, 차선밖꼭짓점 최대 1/4 (1개 이상 3tick), 반대차선(중심) 0tick, 꼭짓점 침범깊이 최대 0.00m, 메시밖 0tick
road1355: 인도 1tick, 차선밖꼭짓점 최대 1/4 (1개 이상 1tick), 반대차선(중심) 0tick, 꼭짓점 침범깊이 최대 0.00m, 메시밖 0tick
road1449: 인도 1tick, 차선밖꼭짓점 최대 1/4 (1개 이상 1tick), 반대차선(중심) 0tick, 꼭짓점 침범깊이 최대 0.00m, 메시밖 0tick
road1446: 인도 39tick, 차선밖꼭짓점 최대 2/4 (1개 이상 39tick), 반대차선(중심) 0tick, 꼭짓점 침범깊이 최대 0.00m, 메시밖 1tick
road1172: 인도 14tick, 차선밖꼭짓점 최대 1/4 (1개 이상 14tick), 반대차선(중심) 0tick, 꼭짓점 침범깊이 최대 0.00m, 메시밖 0tick
road1445: 인도 5tick, 차선밖꼭짓점 최대 1/4 (1개 이상 5tick), 반대차선(중심) 0tick, 꼭짓점 침범깊이 최대 0.00m, 메시밖 0tick
road1429: 인도 0tick, 차선밖꼭짓점 최대 0/4 (1개 이상 0tick), 반대차선(중심) 0tick, 꼭짓점 침범깊이 최대 1.99m, 메시밖 0tick
road1434: 인도 0tick, 차선밖꼭짓점 최대 0/4 (1개 이상 0tick), 반대차선(중심) 7tick, 꼭짓점 침범깊이 최대 3.00m, 메시밖 0tick
(목록에 없는 road 는 전부 0)
follow=on

=== 실패 직전 10초 road 전이 (t_end=77.55s) ===
t=  76.40s road1429  커넥터 speed= 5.68m/s (309.2,-780.0)
t=  77.25s road1434  커넥터 speed= 4.58m/s (309.1,-776.1)
궤적 로그: /home/gm/campus_mobility_sim/map/docs/logs/drive_log_20260925_112842.csv
충돌 센서(actor_id=26) 제거함
실패/예외로 차량(actor_id=25) 제거함
[동기모드] 복귀: synchronous_mode=False fixed_delta_seconds=None
