controller=agent, 동기모드=켬 0.05s
conn_spacing=4.0m(전 구간), sharp_speed=없음
follow=on(뒤 8m, 위 4m, 매 tick)
맵: Carla/Maps/OpenDriveMap, spawn point 1243개
spawn: Location(x=217.845581, y=-1087.414185, z=0.500000) road1247 lane-1 s=0.00
계획 CSV: /home/gyumin/campus_mobility_sim/map/docs/logs/drive_plan_20260926_180655.csv
계획 웨이포인트 총 204개
road   kind  n  s범위          최대간격(m)
1247   road  39 1.96~151.01  4.38
1914   conn  2  1.07~3.22  2.93
1356   road  10 1.85~35.20  4.0
1917   conn  1  1.48~1.48  2.07
1355   road  15 1.87~54.20  4.13
1446   conn  4  1.74~12.17  3.33
1172   road  30 1.98~117.07  3.97
1428   conn  4  1.78~12.46  4.3
1240   road  38 1.97~147.53  4.09
1695   conn  4  1.89~13.23  3.86
1239   road  13 1.95~48.68  4.06
1426   conn  5  1.74~15.69  3.7
1238   road  9  1.91~32.45  3.82
1564   conn  4  1.62~11.34  3.99
1278   road  26 1.93~98.45  3.86
커넥터 안쪽 점: 24개 / 점 없는 커넥터: 없음
전체 최대 간격 4.38m, 평균 3.85m
인접 road 연결 확인: 14쌍 모두 next() 로 이어짐
궤적 로그(tick마다 기록): /home/gyumin/campus_mobility_sim/map/docs/logs/drive_log_20260926_180655.csv
차량 스폰: actor_id=25
bounding box: half_length=1.853m half_width=0.894m half_height=0.775m -> /home/gyumin/campus_mobility_sim/map/docs/logs/vehicle_bbox_20260926_180655.txt
충돌 센서 부착: actor_id=26 -> /home/gyumin/campus_mobility_sim/map/docs/logs/collision_events_20260926_180655.csv
BasicAgent set_global_plan 204점, target_speed=20.0km/h, dt=0.05
[동기모드] 전환 전: synchronous_mode=False fixed_delta_seconds=None
[동기모드] 전환 후: synchronous_mode=True fixed_delta_seconds=0.05
[전이] t=   0.05s road1247 일반 speed= 0.02m/s limit=30km/h
t=   0.1s (  217.85,-1087.41) speed= 0.02m/s road1247 s=   0.0 on_road=True
t=   1.1s (  217.86,-1087.17) speed= 1.50m/s road1247 s=   0.2 on_road=True
t=   2.1s (  217.99,-1084.54) speed= 3.75m/s road1247 s=   2.9 on_road=True
t=   3.1s (  218.22,-1079.78) speed= 5.30m/s road1247 s=   7.6 on_road=True
t=   4.1s (  218.49,-1074.24) speed= 4.65m/s road1247 s=  13.2 on_road=True
t=   5.1s (  218.72,-1069.53) speed= 5.30m/s road1247 s=  17.9 on_road=True
t=   6.1s (  218.99,-1063.99) speed= 4.55m/s road1247 s=  23.4 on_road=True
t=   7.1s (  219.22,-1059.31) speed= 5.37m/s road1247 s=  28.1 on_road=True
t=   8.1s (  219.49,-1053.74) speed= 4.94m/s road1247 s=  33.7 on_road=True
t=   9.1s (  219.71,-1049.10) speed= 5.41m/s road1247 s=  38.4 on_road=True
[tick 대조] fixed_delta=0.05 delta_seconds=0.0500 시뮬경과/프레임=0.0500s 벽시계 202.3 tick/s (프레임 200)
t=  10.1s (  219.99,-1043.54) speed= 5.01m/s road1247 s=  43.9 on_road=True
t=  11.1s (  220.28,-1038.88) speed= 5.13m/s road1247 s=  48.6 on_road=True
t=  12.1s (  220.69,-1033.37) speed= 5.08m/s road1247 s=  54.1 on_road=True
t=  13.1s (  221.09,-1028.76) speed= 5.25m/s road1247 s=  58.7 on_road=True
t=  14.1s (  221.65,-1023.21) speed= 4.84m/s road1247 s=  64.3 on_road=True
t=  15.1s (  222.13,-1018.60) speed= 5.17m/s road1247 s=  68.9 on_road=True
t=  16.1s (  222.82,-1013.14) speed= 4.37m/s road1247 s=  74.4 on_road=True
t=  17.1s (  223.77,-1008.58) speed= 5.44m/s road1247 s=  79.0 on_road=True
t=  18.1s (  225.55,-1003.22) speed= 5.28m/s road1247 s=  84.3 on_road=True
t=  19.1s (  227.24, -998.97) speed= 5.12m/s road1247 s=  88.9 on_road=True
t=  20.1s (  229.99, -994.23) speed= 5.08m/s road1247 s=  94.3 on_road=True
t=  21.1s (  233.09, -990.69) speed= 5.28m/s road1247 s=  98.7 on_road=True
t=  22.1s (  237.13, -986.93) speed= 5.00m/s road1247 s= 104.2 on_road=True
t=  23.1s (  240.67, -983.91) speed= 5.19m/s road1247 s= 108.8 on_road=True
t=  24.1s (  244.92, -980.41) speed= 4.48m/s road1247 s= 114.3 on_road=True
t=  25.1s (  248.54, -977.49) speed= 5.22m/s road1247 s= 119.0 on_road=True
t=  26.1s (  252.81, -974.05) speed= 4.30m/s road1247 s= 124.5 on_road=True
t=  27.1s (  256.51, -971.11) speed= 5.26m/s road1247 s= 129.2 on_road=True
t=  28.1s (  260.76, -967.76) speed= 4.08m/s road1247 s= 134.5 on_road=True
t=  29.1s (  264.53, -964.84) speed= 5.28m/s road1247 s= 139.3 on_road=True
t=  30.1s (  268.82, -961.56) speed= 4.09m/s road1247 s= 144.7 on_road=True
t=  31.1s (  272.65, -958.61) speed= 5.26m/s road1247 s= 149.5 on_road=True
[전이] t=  31.55s road1915 커넥터 speed= 6.08m/s limit=30km/h
[계획 이탈] t=31.55s road1915 는 계획의 현재/다음 road 가 아님(비치명, 계속 주행)
[전이] t=  31.60s road1247 일반 speed= 5.98m/s limit=30km/h
[전이] t=  31.70s road1914 커넥터 speed= 5.61m/s limit=30km/h
t=  32.1s (  276.93, -955.12) speed= 4.60m/s road1914 s=   2.3 on_road=True
[전이] t=  32.60s road1356 일반 speed= 4.71m/s limit=30km/h
t=  33.1s (  280.53, -952.15) speed= 5.19m/s road1356 s=   2.5 on_road=True
t=  34.1s (  284.83, -948.76) speed= 4.26m/s road1356 s=   8.0 on_road=True
t=  35.1s (  288.74, -946.13) speed= 5.22m/s road1356 s=  12.5 on_road=True
t=  36.1s (  293.35, -943.33) speed= 4.11m/s road1356 s=  17.8 on_road=True
t=  37.1s (  297.46, -940.95) speed= 5.22m/s road1356 s=  22.6 on_road=True
t=  38.1s (  302.13, -938.31) speed= 4.12m/s road1356 s=  28.0 on_road=True
t=  39.1s (  306.20, -935.75) speed= 5.12m/s road1356 s=  32.8 on_road=True
[전이] t=  39.70s road1917 커넥터 speed= 5.42m/s limit=30km/h
t=  40.1s (  310.24, -932.34) speed= 3.95m/s road1917 s=   2.5 on_road=True
[전이] t=  40.25s road1916 커넥터 speed= 4.23m/s limit=30km/h
[전이] t=  40.50s road1355 일반 speed= 4.76m/s limit=30km/h
t=  41.1s (  314.00, -929.35) speed= 5.22m/s road1355 s=   3.5 on_road=True
t=  42.1s (  318.21, -926.16) speed= 4.09m/s road1355 s=   8.8 on_road=True
t=  43.1s (  322.13, -923.26) speed= 5.49m/s road1355 s=  13.7 on_road=True
t=  44.1s (  326.37, -920.15) speed= 4.18m/s road1355 s=  18.9 on_road=True
t=  45.1s (  330.40, -917.21) speed= 5.57m/s road1355 s=  23.9 on_road=True
t=  46.1s (  334.66, -914.11) speed= 4.30m/s road1355 s=  29.2 on_road=True
t=  47.1s (  338.80, -911.10) speed= 6.22m/s road1355 s=  34.3 on_road=True
t=  48.1s (  342.91, -908.12) speed= 4.33m/s road1355 s=  39.4 on_road=True
t=  49.1s (  347.12, -905.08) speed= 6.27m/s road1355 s=  44.6 on_road=True
t=  50.1s (  351.20, -902.12) speed= 4.45m/s road1355 s=  49.6 on_road=True
t=  51.1s (  355.29, -898.74) speed= 6.23m/s road1355 s=  54.9 on_road=True
[전이] t=  51.10s road1449 커넥터 speed= 5.98m/s limit=30km/h
[전이] t=  51.25s road1355 일반 speed= 5.50m/s limit=30km/h
[전이] t=  51.30s road1446 커넥터 speed= 5.31m/s limit=30km/h
t=  52.1s (  357.47, -894.55) speed= 4.54m/s road1446 s=   5.2 on_road=False
t=  53.1s (  357.28, -889.32) speed= 6.18m/s road1446 s=  12.7 on_road=True
[전이] t=  53.25s road1445 커넥터 speed= 5.68m/s limit=30km/h
[전이] t=  53.50s road1172 일반 speed= 5.05m/s limit=30km/h
t=  54.1s (  355.95, -884.75) speed= 4.39m/s road1172 s=   3.8 on_road=True
t=  55.1s (  354.08, -879.83) speed= 6.22m/s road1172 s=   9.0 on_road=True
t=  56.1s (  352.20, -875.37) speed= 4.50m/s road1172 s=  13.9 on_road=True
t=  57.1s (  350.04, -870.46) speed= 6.09m/s road1172 s=  19.2 on_road=True
t=  58.1s (  348.08, -866.11) speed= 4.59m/s road1172 s=  24.0 on_road=True
t=  59.1s (  345.84, -861.17) speed= 5.94m/s road1172 s=  29.4 on_road=True
--- 메모리 측정(주행중(차량1대+BasicAgent, 동기 20Hz)) ---
total        used        free      shared  buff/cache   available
Mem:            12Gi       7.3Gi       3.9Gi        96Mi       1.6Gi       5.1Gi
Swap:          8.0Gi       803Mi       7.2Gi
gtt_used: 1636040704 bytes (1.52GiB)
t=  60.1s (  343.86, -856.85) speed= 4.73m/s road1172 s=  34.2 on_road=True
t=  61.1s (  341.63, -851.99) speed= 6.29m/s road1172 s=  39.5 on_road=True
t=  62.1s (  339.52, -847.39) speed= 4.39m/s road1172 s=  44.6 on_road=True
t=  63.1s (  337.37, -842.71) speed= 5.97m/s road1172 s=  49.8 on_road=True
t=  64.1s (  335.20, -838.00) speed= 4.25m/s road1172 s=  54.9 on_road=True
t=  65.1s (  333.07, -833.35) speed= 6.22m/s road1172 s=  60.1 on_road=True
t=  66.1s (  330.94, -828.73) speed= 4.37m/s road1172 s=  65.1 on_road=True
t=  67.1s (  328.79, -824.07) speed= 5.67m/s road1172 s=  70.3 on_road=True
t=  68.1s (  326.60, -819.31) speed= 4.32m/s road1172 s=  75.5 on_road=True
t=  69.1s (  324.48, -814.70) speed= 5.32m/s road1172 s=  80.6 on_road=True
t=  70.1s (  322.26, -809.86) speed= 4.09m/s road1172 s=  85.9 on_road=True
t=  71.1s (  320.21, -805.42) speed= 5.51m/s road1172 s=  90.8 on_road=True
t=  72.1s (  318.02, -800.64) speed= 4.18m/s road1172 s=  96.1 on_road=True
t=  73.1s (  315.92, -796.10) speed= 5.74m/s road1172 s= 101.1 on_road=True
t=  74.1s (  313.73, -791.33) speed= 4.24m/s road1172 s= 106.3 on_road=True
t=  75.1s (  311.61, -786.72) speed= 6.18m/s road1172 s= 111.4 on_road=True
t=  76.1s (  309.63, -782.05) speed= 4.32m/s road1172 s= 116.5 on_road=True
[전이] t=  76.50s road1429 커넥터 speed= 5.20m/s limit=30km/h
t=  77.1s (  308.91, -777.02) speed= 6.19m/s road1429 s=   5.0 on_road=True
[전이] t=  77.20s road1434 커넥터 speed= 5.92m/s limit=30km/h
[전이] t=  78.00s road1431 커넥터 speed= 4.28m/s limit=30km/h
t=  78.1s (  310.00, -772.29) speed= 4.38m/s road1431 s=   6.1 on_road=True
[전이] t=  78.65s road1428 커넥터 speed= 5.25m/s limit=30km/h
[전이] t=  79.05s road1432 커넥터 speed= 6.20m/s limit=30km/h
t=  79.1s (  312.52, -767.73) speed= 6.20m/s road1432 s=   6.0 on_road=True
[전이] t=  79.60s road1240 일반 speed= 4.63m/s limit=30km/h
t=  80.1s (  315.51, -763.85) speed= 4.53m/s road1240 s=   2.5 on_road=True
t=  81.1s (  319.04, -759.79) speed= 6.18m/s road1240 s=   7.9 on_road=True
t=  82.1s (  322.29, -756.26) speed= 4.61m/s road1240 s=  12.7 on_road=True
t=  83.1s (  326.02, -752.31) speed= 5.98m/s road1240 s=  18.1 on_road=True
t=  84.1s (  329.27, -748.90) speed= 4.70m/s road1240 s=  22.8 on_road=True
t=  85.1s (  333.10, -744.89) speed= 6.08m/s road1240 s=  28.4 on_road=True
t=  86.1s (  336.38, -741.48) speed= 4.72m/s road1240 s=  33.1 on_road=True
t=  87.1s (  340.23, -737.53) speed= 5.75m/s road1240 s=  38.6 on_road=True
t=  88.1s (  343.53, -734.26) speed= 4.80m/s road1240 s=  43.3 on_road=True
t=  89.1s (  347.51, -730.45) speed= 5.55m/s road1240 s=  48.7 on_road=True
t=  90.1s (  350.92, -727.28) speed= 4.93m/s road1240 s=  53.3 on_road=True
t=  91.1s (  355.04, -723.52) speed= 5.35m/s road1240 s=  58.9 on_road=True
t=  92.1s (  358.45, -720.44) speed= 5.01m/s road1240 s=  63.5 on_road=True
t=  93.1s (  362.56, -716.74) speed= 5.21m/s road1240 s=  69.0 on_road=True
t=  94.1s (  366.02, -713.63) speed= 5.17m/s road1240 s=  73.7 on_road=True
t=  95.1s (  370.18, -709.89) speed= 5.01m/s road1240 s=  79.3 on_road=True
t=  96.1s (  373.64, -706.78) speed= 5.25m/s road1240 s=  83.9 on_road=True
t=  97.1s (  377.78, -703.06) speed= 5.05m/s road1240 s=  89.5 on_road=True
t=  98.1s (  381.22, -699.98) speed= 5.31m/s road1240 s=  94.1 on_road=True
t=  99.1s (  385.41, -696.21) speed= 5.05m/s road1240 s=  99.7 on_road=True
t= 100.1s (  388.86, -693.12) speed= 5.47m/s road1240 s= 104.4 on_road=True
t= 101.1s (  393.03, -689.38) speed= 5.25m/s road1240 s= 110.0 on_road=True
t= 102.1s (  396.45, -686.29) speed= 5.12m/s road1240 s= 114.6 on_road=True
t= 103.1s (  400.35, -682.31) speed= 5.15m/s road1240 s= 120.3 on_road=True
t= 104.1s (  403.47, -678.89) speed= 5.28m/s road1240 s= 125.0 on_road=True
t= 105.1s (  407.30, -674.82) speed= 5.04m/s road1240 s= 130.6 on_road=True
t= 106.1s (  410.52, -671.53) speed= 5.13m/s road1240 s= 135.1 on_road=True
t= 107.1s (  414.40, -667.63) speed= 5.06m/s road1240 s= 140.6 on_road=True
t= 108.1s (  417.72, -664.32) speed= 5.31m/s road1240 s= 145.3 on_road=True
[전이] t= 108.80s road1696 커넥터 speed= 5.27m/s limit=30km/h
[전이] t= 108.95s road1695 커넥터 speed= 5.09m/s limit=30km/h
t= 109.1s (  421.65, -660.40) speed= 4.61m/s road1695 s=   1.3 on_road=True
t= 110.1s (  424.88, -657.09) speed= 5.17m/s road1695 s=   5.9 on_road=True
t= 111.1s (  428.61, -653.02) speed= 4.34m/s road1695 s=  11.6 on_road=True
[전이] t= 111.85s road1239 일반 speed= 5.28m/s limit=30km/h
t= 112.1s (  431.70, -649.51) speed= 5.33m/s road1239 s=   1.2 on_road=True
t= 113.1s (  435.29, -645.37) speed= 4.23m/s road1239 s=   6.7 on_road=True
t= 114.1s (  438.37, -641.79) speed= 5.37m/s road1239 s=  11.4 on_road=True
t= 115.1s (  441.91, -637.67) speed= 4.17m/s road1239 s=  16.8 on_road=True
t= 116.1s (  445.13, -634.13) speed= 5.36m/s road1239 s=  21.6 on_road=True
t= 117.1s (  449.08, -630.28) speed= 4.04m/s road1239 s=  27.0 on_road=True
t= 118.1s (  452.68, -627.22) speed= 5.20m/s road1239 s=  31.6 on_road=True
t= 119.1s (  456.98, -624.06) speed= 4.10m/s road1239 s=  36.8 on_road=True
t= 120.1s (  460.98, -621.34) speed= 5.32m/s road1239 s=  41.6 on_road=True
t= 121.1s (  465.43, -618.42) speed= 4.11m/s road1239 s=  46.9 on_road=True
[전이] t= 121.85s road1426 커넥터 speed= 5.30m/s limit=30km/h
t= 122.1s (  469.57, -615.79) speed= 5.67m/s road1426 s=   1.2 on_road=True
t= 123.1s (  474.07, -613.14) speed= 4.14m/s road1426 s=   6.4 on_road=True
[전이] t= 123.35s road1422 커넥터 speed= 4.69m/s limit=30km/h
[전이] t= 123.40s road1424 커넥터 speed= 4.79m/s limit=30km/h
[전이] t= 123.50s road1426 커넥터 speed= 5.00m/s limit=30km/h
t= 124.1s (  478.42, -610.77) speed= 5.89m/s road1426 s=  11.2 on_road=True
t= 125.1s (  482.98, -608.40) speed= 4.22m/s road1426 s=  16.4 on_road=True
[전이] t= 125.30s road1238 일반 speed= 4.70m/s limit=30km/h
t= 126.1s (  487.46, -606.08) speed= 6.31m/s road1238 s=   4.0 on_road=True
t= 127.1s (  491.99, -603.74) speed= 4.46m/s road1238 s=   9.1 on_road=True
t= 128.1s (  496.73, -601.32) speed= 6.27m/s road1238 s=  14.4 on_road=True
t= 129.1s (  501.08, -599.09) speed= 4.52m/s road1238 s=  19.3 on_road=True
t= 130.1s (  505.86, -596.65) speed= 6.09m/s road1238 s=  24.7 on_road=True
t= 131.1s (  510.12, -594.51) speed= 4.59m/s road1238 s=  29.4 on_road=True
[전이] t= 132.00s road1564 커넥터 speed= 6.17m/s limit=30km/h
t= 132.1s (  515.15, -592.64) speed= 5.93m/s road1564 s=   0.4 on_road=True
[전이] t= 132.75s road1561 커넥터 speed= 4.40m/s limit=30km/h
t= 133.1s (  519.85, -592.63) speed= 4.53m/s road1561 s=  10.8 on_road=True
[전이] t= 133.50s road1558 커넥터 speed= 5.33m/s limit=30km/h
[전이] t= 134.05s road1559 커넥터 speed= 5.92m/s limit=30km/h
t= 134.1s (  524.60, -595.18) speed= 5.92m/s road1559 s=   4.1 on_road=True
[전이] t= 134.85s road1278 일반 speed= 4.30m/s limit=30km/h
t= 135.1s (  527.94, -598.46) speed= 4.68m/s road1278 s=   1.7 on_road=True
t= 136.1s (  531.42, -602.70) speed= 5.73m/s road1278 s=   7.1 on_road=True
t= 137.1s (  534.22, -606.45) speed= 4.81m/s road1278 s=  11.8 on_road=True
t= 138.1s (  537.39, -610.89) speed= 5.51m/s road1278 s=  17.3 on_road=True
t= 139.1s (  540.09, -614.71) speed= 5.01m/s road1278 s=  21.9 on_road=True
t= 140.1s (  543.28, -619.28) speed= 5.23m/s road1278 s=  27.5 on_road=True
t= 141.1s (  545.92, -623.08) speed= 5.14m/s road1278 s=  32.1 on_road=True
t= 142.1s (  549.11, -627.69) speed= 5.18m/s road1278 s=  37.8 on_road=True
t= 143.1s (  551.80, -631.56) speed= 5.30m/s road1278 s=  42.5 on_road=True
t= 144.1s (  555.03, -636.22) speed= 5.67m/s road1278 s=  48.1 on_road=True
t= 145.1s (  557.67, -640.03) speed= 4.93m/s road1278 s=  52.8 on_road=True
t= 146.1s (  560.84, -644.61) speed= 5.78m/s road1278 s=  58.3 on_road=True
t= 147.1s (  563.51, -648.46) speed= 4.82m/s road1278 s=  63.0 on_road=True
t= 148.1s (  566.67, -653.03) speed= 5.71m/s road1278 s=  68.6 on_road=True
t= 149.1s (  569.36, -656.91) speed= 4.97m/s road1278 s=  73.3 on_road=True
t= 150.1s (  572.53, -661.48) speed= 6.17m/s road1278 s=  78.9 on_road=True
t= 151.1s (  575.26, -665.43) speed= 4.61m/s road1278 s=  83.7 on_road=True
t= 152.1s (  578.27, -669.77) speed= 6.24m/s road1278 s=  88.9 on_road=True
t= 153.1s (  581.16, -673.94) speed= 4.31m/s road1278 s=  94.0 on_road=True
완주: t=153.4s 종점까지 4.98m

=== 요약 ===
결과: 완주
주행 시간(시뮬): 153.4s
계획 이탈 기록: t=31.55s road1915 는 계획의 현재/다음 road 가 아님(비치명, 계속 주행)

=== 계획 vs 실제 road 시퀀스 ===
 0 계획 1247  실제 1247 
 1 계획 1914  실제 1915   <-- 불일치
 2 계획 1356  실제 1247   <-- 불일치
 3 계획 1917  실제 1914   <-- 불일치
 4 계획 1355  실제 1356   <-- 불일치
 5 계획 1446  실제 1917   <-- 불일치
 6 계획 1172  실제 1916   <-- 불일치
 7 계획 1428  실제 1355   <-- 불일치
 8 계획 1240  실제 1449   <-- 불일치
 9 계획 1695  실제 1355   <-- 불일치
10 계획 1239  실제 1446   <-- 불일치
11 계획 1426  실제 1445   <-- 불일치
12 계획 1238  실제 1172   <-- 불일치
13 계획 1564  실제 1429   <-- 불일치
14 계획 1278  실제 1434   <-- 불일치
15 계획 -     실제 1431   <-- 불일치
16 계획 -     실제 1428   <-- 불일치
17 계획 -     실제 1432   <-- 불일치
18 계획 -     실제 1240   <-- 불일치
19 계획 -     실제 1696   <-- 불일치
20 계획 -     실제 1695   <-- 불일치
21 계획 -     실제 1239   <-- 불일치
22 계획 -     실제 1426   <-- 불일치
23 계획 -     실제 1422   <-- 불일치
24 계획 -     실제 1424   <-- 불일치
25 계획 -     실제 1426   <-- 불일치
26 계획 -     실제 1238   <-- 불일치
27 계획 -     실제 1564   <-- 불일치
28 계획 -     실제 1561   <-- 불일치
29 계획 -     실제 1558   <-- 불일치
30 계획 -     실제 1559   <-- 불일치
31 계획 -     실제 1278   <-- 불일치
첫 불일치 위치: 1번째 (계획 1914 / 실제 1915)
junction 통과(커넥터 road 를 실제로 밟았는지):
junction1   (r1914): 통과
junction107 (r1917): 통과
junction42  (r1446): 통과
junction10  (r1428): 통과
junction60  (r1695): 통과
junction84  (r1426): 통과
junction36  (r1564): 통과
junction2(출발 전), junction35(종점 밖)는 통과 대상 아님

=== 급회전 커넥터 이탈량 (정의: sharp_offset docstring) ===
r1446 (+78.6°): tick 38, 최대|lat| 1.63m, 최대 차체초과 +0.97m(안쪽, s=10.0), on_road False 11tick, 충돌 0건
r1428 (-68.5°): tick 56, 최대|lat| 1.39m, 최대 차체초과 +0.64m(안쪽, s=7.2), on_road False 0tick, 충돌 0건
r1564 (-82.2°): tick 51, 최대|lat| 1.66m, 최대 차체초과 +0.83m(안쪽, s=7.0), on_road False 0tick, 충돌 0건
r1446 진입: t=51.30s speed=5.31m/s(19.1km/h)
r1428 진입: t=78.65s speed=5.25m/s(18.9km/h)
r1564 진입: t=132.00s speed=6.17m/s(22.2km/h)

=== 차체 판정 road 별 (tick 수, 최대 차선밖 꼭짓점) ===
road1247: 인도 23tick, 차선밖꼭짓점 최대 1/4 (1개 이상 26tick), 반대차선(중심) 0tick, (계획 차선 안 0tick), 꼭짓점 침범깊이 최대 0.16m, 메시밖 0tick
road1356: 인도 1tick, 차선밖꼭짓점 최대 1/4 (1개 이상 1tick), 반대차선(중심) 0tick, (계획 차선 안 0tick), 꼭짓점 침범깊이 최대 0.00m, 메시밖 0tick
road1917: 인도 3tick, 차선밖꼭짓점 최대 1/4 (1개 이상 3tick), 반대차선(중심) 0tick, (계획 차선 안 0tick), 꼭짓점 침범깊이 최대 0.00m, 메시밖 0tick
road1355: 인도 1tick, 차선밖꼭짓점 최대 1/4 (1개 이상 1tick), 반대차선(중심) 0tick, (계획 차선 안 0tick), 꼭짓점 침범깊이 최대 0.00m, 메시밖 0tick
road1449: 인도 2tick, 차선밖꼭짓점 최대 1/4 (1개 이상 2tick), 반대차선(중심) 0tick, (계획 차선 안 0tick), 꼭짓점 침범깊이 최대 0.00m, 메시밖 0tick
road1446: 인도 39tick, 차선밖꼭짓점 최대 2/4 (1개 이상 39tick), 반대차선(중심) 0tick, (계획 차선 안 0tick), 꼭짓점 침범깊이 최대 0.00m, 메시밖 2tick
road1445: 인도 5tick, 차선밖꼭짓점 최대 1/4 (1개 이상 5tick), 반대차선(중심) 0tick, (계획 차선 안 0tick), 꼭짓점 침범깊이 최대 0.00m, 메시밖 0tick
road1172: 인도 14tick, 차선밖꼭짓점 최대 1/4 (1개 이상 14tick), 반대차선(중심) 0tick, (계획 차선 안 0tick), 꼭짓점 침범깊이 최대 0.00m, 메시밖 0tick
road1429: 인도 0tick, 차선밖꼭짓점 최대 0/4 (1개 이상 0tick), 반대차선(중심) 0tick, (계획 차선 안 0tick), 꼭짓점 침범깊이 최대 1.87m, 메시밖 0tick
road1434: 인도 0tick, 차선밖꼭짓점 최대 0/4 (1개 이상 0tick), 반대차선(중심) 16tick, (계획 차선 안 16tick), 꼭짓점 침범깊이 최대 2.85m, 메시밖 0tick
road1431: 인도 0tick, 차선밖꼭짓점 최대 0/4 (1개 이상 0tick), 반대차선(중심) 3tick, (계획 차선 안 3tick), 꼭짓점 침범깊이 최대 2.58m, 메시밖 0tick
road1428: 인도 0tick, 차선밖꼭짓점 최대 0/4 (1개 이상 0tick), 반대차선(중심) 0tick, (계획 차선 안 0tick), 꼭짓점 침범깊이 최대 2.34m, 메시밖 0tick
road1432: 인도 0tick, 차선밖꼭짓점 최대 0/4 (1개 이상 0tick), 반대차선(중심) 0tick, (계획 차선 안 0tick), 꼭짓점 침범깊이 최대 1.03m, 메시밖 0tick
road1426: 인도 0tick, 차선밖꼭짓점 최대 0/4 (1개 이상 0tick), 반대차선(중심) 0tick, (계획 차선 안 0tick), 꼭짓점 침범깊이 최대 2.01m, 메시밖 0tick
road1422: 인도 0tick, 차선밖꼭짓점 최대 0/4 (1개 이상 0tick), 반대차선(중심) 0tick, (계획 차선 안 0tick), 꼭짓점 침범깊이 최대 0.91m, 메시밖 0tick
road1424: 인도 0tick, 차선밖꼭짓점 최대 0/4 (1개 이상 0tick), 반대차선(중심) 0tick, (계획 차선 안 0tick), 꼭짓점 침범깊이 최대 1.02m, 메시밖 0tick
road1238: 인도 0tick, 차선밖꼭짓점 최대 0/4 (1개 이상 0tick), 반대차선(중심) 0tick, (계획 차선 안 0tick), 꼭짓점 침범깊이 최대 2.56m, 메시밖 0tick
road1564: 인도 0tick, 차선밖꼭짓점 최대 0/4 (1개 이상 0tick), 반대차선(중심) 0tick, (계획 차선 안 0tick), 꼭짓점 침범깊이 최대 2.19m, 메시밖 0tick
road1561: 인도 0tick, 차선밖꼭짓점 최대 0/4 (1개 이상 0tick), 반대차선(중심) 14tick, (계획 차선 안 14tick), 꼭짓점 침범깊이 최대 2.69m, 메시밖 0tick
road1558: 인도 0tick, 차선밖꼭짓점 최대 0/4 (1개 이상 0tick), 반대차선(중심) 4tick, (계획 차선 안 4tick), 꼭짓점 침범깊이 최대 2.48m, 메시밖 0tick
road1559: 인도 0tick, 차선밖꼭짓점 최대 0/4 (1개 이상 0tick), 반대차선(중심) 0tick, (계획 차선 안 0tick), 꼭짓점 침범깊이 최대 2.08m, 메시밖 0tick
road1278: 인도 0tick, 차선밖꼭짓점 최대 0/4 (1개 이상 0tick), 반대차선(중심) 0tick, (계획 차선 안 0tick), 꼭짓점 침범깊이 최대 0.85m, 메시밖 0tick
(목록에 없는 road 는 전부 0)
follow=on
궤적 로그: /home/gyumin/campus_mobility_sim/map/docs/logs/drive_log_20260926_180655.csv
충돌 센서(actor_id=26) 제거함
정상 종료 - 차량(actor_id=25) 브레이크 유지로 남겨둠
[동기모드] 복귀: synchronous_mode=False fixed_delta_seconds=None
