맵 Carla/Maps/OpenDriveMap spawn 1243
현재 설정 sync=False fixed_delta=None
차량 액터 0 센서 0
spawn road1247 lane-1 s=0.00 loc=Location(x=217.845581, y=-1087.414185, z=0.500000)
계획 웨이포인트 총 204개
road   kind  n  s범위          최대간격(m)
1247   road  39 1.96~151.01  4.38
1914   conn  2  1.07~3.22  2.93
1356   road  10 1.85~35.20  4.0
1917   conn  1  1.48~1.48  2.07
1355   road  15 1.87~54.20  4.13
1446   conn  4  1.74~12.17  3.33
1172   road  30 1.98~117.07  3.97
1428   conn  4  1.78~12.46  4.3
1240   road  38 1.97~147.53  4.09
1695   conn  4  1.89~13.23  3.86
1239   road  13 1.95~48.68  4.06
1426   conn  5  1.74~15.69  3.7
1238   road  9  1.91~32.45  3.82
1564   conn  4  1.62~11.34  3.99
1278   road  26 1.93~98.45  3.86
커넥터 안쪽 점: 24개 / 점 없는 커넥터: 없음
전체 최대 간격 4.38m, 평균 3.85m
인접 14쌍 next(): OK
agent 계획 204점, road 순서 [1247, 1914, 1356, 1917, 1355, 1446, 1172, 1428, 1240, 1695, 1239, 1426, 1238, 1564, 1278]
U턴 커넥터 포함: 없음
종점 road1278 s=100.38 loc=Location(x=584.781372, y=-679.170654, z=0.000000)
급회전 표본: r1446 56점, r1428 57점, r1564 52점
