map_sha256=bf835cdfad0cea65 (cbnu_internal_only_localtm_tags73_smooth.xodr)
route=yangseong: 17 road [1247, 1914, 1356, 1917, 1355, 1446, 1172, 1427, 1127, 1699, 1126, 1726, 1125, 1733, 1124, 1826, 1123]
  종점 road1123 lane-1 s=22.0 (완주 s>=21.0 이고 종점 5m 이내) - 양성재(서문) 앞(건물 외곽선 45.7m)
  커넥터 {1914: 1, 1917: 107, 1446: 42, 1427: 10, 1699: 9, 1726: 8, 1733: 7, 1826: 6}, 급회전 {1446: 78.4}
controller=agent, 동기모드=켬 0.05s
conn_spacing=4.0m(전 구간), sharp_speed=없음
follow=on(뒤 8m, 위 4m, 매 tick)
맵: Carla/Maps/OpenDriveMap, spawn point 1243개
server_map_sha256=bf835cdfad0cea65 (파일과 일치)
spawn: Location(x=217.845581, y=-1087.414185, z=0.500000) road1247 lane-1 s=0.00
계획 CSV: /home/gyumin/campus_mobility_sim/map/docs/logs/drive_plan_20261002_012739.csv
계획 웨이포인트 총 168개
road   kind  n  s범위          최대간격(m)
1247   road  39 1.96~151.01  4.38
1914   conn  2  1.07~3.22  2.93
1356   road  10 1.85~35.20  4.0
1917   conn  1  1.48~1.48  2.07
1355   road  15 1.87~54.20  4.13
1446   conn  4  1.74~12.17  3.33
1172   road  30 1.98~117.07  3.97
1427   conn  4  1.99~13.94  3.98
1127   road  6  1.69~18.62  3.69
1699   conn  4  1.88~13.17  3.85
1126   road  16 1.88~58.16  3.77
1726   conn  4  1.94~13.57  3.88
1125   road  15 1.96~56.97  3.93
1733   conn  5  1.69~15.22  3.66
1124   road  3  1.74~8.72  3.5
1826   conn  4  1.99~13.96  4.35
1123   road  6  1.83~20.17  4.1
커넥터 안쪽 점: 28개 / 점 없는 커넥터: 없음
전체 최대 간격 4.38m, 평균 3.80m
인접 road 연결 확인: 16쌍 모두 next() 로 이어짐
판정: record(세션19, 종료/기록 분리)
궤적 로그(tick마다 기록): /home/gyumin/campus_mobility_sim/map/docs/logs/drive_log_20261002_012739.csv
차량 스폰: actor_id=27
bounding box: half_length=1.853m half_width=0.894m half_height=0.775m -> /home/gyumin/campus_mobility_sim/map/docs/logs/vehicle_bbox_20261002_012739.txt
충돌 센서 부착: actor_id=28 -> /home/gyumin/campus_mobility_sim/map/docs/logs/collision_events_20261002_012739.csv
BasicAgent set_global_plan 168점, target_speed=20.0km/h, dt=0.05
[동기모드] 전환 전: synchronous_mode=False fixed_delta_seconds=None
[동기모드] 전환 후: synchronous_mode=True fixed_delta_seconds=0.05
[전이] t=   0.05s road1247 일반 speed= 0.00m/s limit=30km/h
t=   0.1s (  217.85,-1087.41) speed= 0.00m/s road1247 s=   0.0 on_road=True
t=   1.1s (  217.86,-1087.09) speed= 1.58m/s road1247 s=   0.3 on_road=True
t=   2.1s (  217.99,-1084.35) speed= 3.86m/s road1247 s=   3.1 on_road=True
t=   3.1s (  218.23,-1079.51) speed= 5.40m/s road1247 s=   7.9 on_road=True
t=   4.1s (  218.50,-1074.01) speed= 4.44m/s road1247 s=  13.4 on_road=True
t=   5.1s (  218.73,-1069.26) speed= 5.36m/s road1247 s=  18.2 on_road=True
t=   6.1s (  218.99,-1063.82) speed= 4.13m/s road1247 s=  23.6 on_road=True
t=   7.1s (  219.23,-1059.03) speed= 5.38m/s road1247 s=  28.4 on_road=True
t=   8.1s (  219.50,-1053.54) speed= 4.32m/s road1247 s=  33.9 on_road=True
t=   9.1s (  219.73,-1048.78) speed= 5.44m/s road1247 s=  38.7 on_road=True
[tick 대조] fixed_delta=0.05 delta_seconds=0.0500 시뮬경과/프레임=0.0500s 벽시계 132.7 tick/s (프레임 200)
t=  10.1s (  220.02,-1043.21) speed= 5.43m/s road1247 s=  44.3 on_road=True
t=  11.1s (  220.30,-1038.60) speed= 5.05m/s road1247 s=  48.9 on_road=True
t=  12.1s (  220.71,-1033.02) speed= 5.22m/s road1247 s=  54.5 on_road=True
t=  13.1s (  221.12,-1028.43) speed= 5.13m/s road1247 s=  59.0 on_road=True
t=  14.1s (  221.68,-1022.87) speed= 5.05m/s road1247 s=  64.6 on_road=True
t=  15.1s (  222.17,-1018.30) speed= 5.18m/s road1247 s=  69.2 on_road=True
t=  16.1s (  222.86,-1012.78) speed= 5.02m/s road1247 s=  74.8 on_road=True
t=  17.1s (  223.87,-1008.27) speed= 5.17m/s road1247 s=  79.3 on_road=True
t=  18.1s (  225.61,-1003.04) speed= 5.04m/s road1247 s=  84.5 on_road=True
t=  19.1s (  227.34, -998.78) speed= 5.23m/s road1247 s=  89.1 on_road=True
t=  20.1s (  230.15, -994.01) speed= 5.02m/s road1247 s=  94.6 on_road=True
t=  21.1s (  233.21, -990.52) speed= 5.17m/s road1247 s=  98.9 on_road=True
t=  22.1s (  237.25, -986.82) speed= 4.45m/s road1247 s= 104.3 on_road=True
t=  23.1s (  240.84, -983.77) speed= 5.30m/s road1247 s= 109.0 on_road=True
t=  24.1s (  245.07, -980.28) speed= 4.11m/s road1247 s= 114.5 on_road=True
t=  25.1s (  248.73, -977.33) speed= 5.34m/s road1247 s= 119.2 on_road=True
t=  26.1s (  252.97, -973.93) speed= 4.17m/s road1247 s= 124.7 on_road=True
t=  27.1s (  256.72, -970.94) speed= 5.33m/s road1247 s= 129.5 on_road=True
t=  28.1s (  260.92, -967.64) speed= 4.05m/s road1247 s= 134.7 on_road=True
t=  29.1s (  264.74, -964.67) speed= 5.35m/s road1247 s= 139.6 on_road=True
t=  30.1s (  268.98, -961.43) speed= 4.10m/s road1247 s= 144.9 on_road=True
t=  31.1s (  272.86, -958.44) speed= 5.32m/s road1247 s= 149.8 on_road=True
[전이] t=  31.50s road1915 커넥터 speed= 6.27m/s limit=30km/h
[계획 이탈] t=31.50s road1915 는 계획의 현재/다음 road 가 아님(비치명, 계속 주행)
[전이] t=  31.55s road1247 일반 speed= 6.20m/s limit=30km/h
[전이] t=  31.65s road1914 커넥터 speed= 5.84m/s limit=30km/h
t=  32.1s (  277.17, -954.91) speed= 4.45m/s road1914 s=   2.6 on_road=True
[전이] t=  32.50s road1356 일반 speed= 4.52m/s limit=30km/h
t=  33.1s (  280.78, -951.94) speed= 5.33m/s road1356 s=   2.8 on_road=True
t=  34.1s (  285.09, -948.57) speed= 4.18m/s road1356 s=   8.3 on_road=True
t=  35.1s (  288.99, -945.98) speed= 5.22m/s road1356 s=  12.8 on_road=True
t=  36.1s (  293.60, -943.19) speed= 4.14m/s road1356 s=  18.1 on_road=True
t=  37.1s (  297.76, -940.79) speed= 5.28m/s road1356 s=  22.9 on_road=True
t=  38.1s (  302.45, -938.13) speed= 4.10m/s road1356 s=  28.3 on_road=True
t=  39.1s (  306.49, -935.53) speed= 5.13m/s road1356 s=  33.1 on_road=True
[전이] t=  39.60s road1917 커넥터 speed= 5.19m/s limit=30km/h
t=  40.1s (  310.48, -932.15) speed= 3.95m/s road1917 s=   2.8 on_road=True
[전이] t=  40.15s road1916 커넥터 speed= 4.08m/s limit=30km/h
[전이] t=  40.40s road1355 일반 speed= 4.58m/s limit=30km/h
t=  41.1s (  314.25, -929.15) speed= 5.28m/s road1355 s=   3.8 on_road=True
t=  42.1s (  318.49, -925.95) speed= 4.11m/s road1355 s=   9.1 on_road=True
t=  43.1s (  322.41, -923.05) speed= 5.73m/s road1355 s=  14.0 on_road=True
t=  44.1s (  326.58, -919.99) speed= 4.00m/s road1355 s=  19.2 on_road=True
t=  45.1s (  330.53, -917.11) speed= 5.38m/s road1355 s=  24.1 on_road=True
t=  46.1s (  334.91, -913.93) speed= 4.19m/s road1355 s=  29.5 on_road=True
t=  47.1s (  338.87, -911.05) speed= 5.30m/s road1355 s=  34.4 on_road=True
t=  48.1s (  343.39, -907.77) speed= 4.26m/s road1355 s=  40.0 on_road=True
t=  49.1s (  347.16, -905.05) speed= 5.25m/s road1355 s=  44.6 on_road=True
t=  50.1s (  351.60, -901.82) speed= 4.30m/s road1355 s=  50.1 on_road=True
t=  51.1s (  355.22, -898.82) speed= 5.29m/s road1355 s=  54.8 on_road=True
[전이] t=  51.10s road1449 커넥터 speed= 5.18m/s limit=30km/h
[전이] t=  51.25s road1355 일반 speed= 5.92m/s limit=30km/h
[전이] t=  51.30s road1446 커넥터 speed= 6.14m/s limit=30km/h
t=  52.1s (  357.56, -894.12) speed= 4.26m/s road1446 s=   5.7 on_road=False
t=  53.1s (  357.27, -889.39) speed= 5.28m/s road1446 s=  12.7 on_road=True
[전이] t=  53.25s road1445 커넥터 speed= 6.21m/s limit=30km/h
[전이] t=  53.45s road1172 일반 speed= 5.72m/s limit=30km/h
t=  54.1s (  355.81, -884.32) speed= 4.27m/s road1172 s=   4.2 on_road=True
t=  55.1s (  354.00, -879.60) speed= 6.23m/s road1172 s=   9.3 on_road=True
t=  56.1s (  352.03, -874.96) speed= 4.32m/s road1172 s=  14.3 on_road=True
t=  57.1s (  349.93, -870.22) speed= 6.26m/s road1172 s=  19.5 on_road=True
t=  58.1s (  347.89, -865.70) speed= 4.40m/s road1172 s=  24.5 on_road=True
t=  59.1s (  345.71, -860.90) speed= 6.23m/s road1172 s=  29.7 on_road=True
--- 메모리 측정(주행중(차량1대+BasicAgent, 동기 20Hz)) ---
total        used        free      shared  buff/cache   available
Mem:            12Gi       8.8Gi       3.0Gi       146Mi       942Mi       3.5Gi
Swap:          8.0Gi       862Mi       7.2Gi
gtt_used: 1720754176 bytes (1.60GiB)
t=  60.1s (  343.68, -856.45) speed= 4.52m/s road1172 s=  34.6 on_road=True
t=  61.1s (  341.44, -851.58) speed= 6.18m/s road1172 s=  40.0 on_road=True
t=  62.1s (  339.39, -847.11) speed= 4.66m/s road1172 s=  44.9 on_road=True
t=  63.1s (  337.18, -842.31) speed= 6.20m/s road1172 s=  50.2 on_road=True
t=  64.1s (  335.03, -837.62) speed= 4.28m/s road1172 s=  55.3 on_road=True
t=  65.1s (  332.91, -833.02) speed= 5.30m/s road1172 s=  60.4 on_road=True
t=  66.1s (  330.70, -828.21) speed= 4.10m/s road1172 s=  65.7 on_road=True
t=  67.1s (  328.65, -823.75) speed= 5.44m/s road1172 s=  70.6 on_road=True
t=  68.1s (  326.44, -818.96) speed= 4.16m/s road1172 s=  75.9 on_road=True
t=  69.1s (  324.36, -814.43) speed= 5.83m/s road1172 s=  80.9 on_road=True
t=  70.1s (  322.16, -809.65) speed= 4.15m/s road1172 s=  86.1 on_road=True
t=  71.1s (  320.07, -805.11) speed= 5.94m/s road1172 s=  91.1 on_road=True
t=  72.1s (  317.92, -800.44) speed= 4.22m/s road1172 s=  96.3 on_road=True
t=  73.1s (  315.79, -795.81) speed= 6.17m/s road1172 s= 101.4 on_road=True
t=  74.1s (  313.66, -791.18) speed= 4.34m/s road1172 s= 106.5 on_road=True
t=  75.1s (  311.49, -786.45) speed= 6.45m/s road1172 s= 111.7 on_road=True
t=  76.1s (  309.40, -781.93) speed= 4.14m/s road1172 s= 116.7 on_road=True
[전이] t=  76.60s road1427 커넥터 speed= 5.32m/s limit=30km/h
t=  77.1s (  307.29, -777.41) speed= 5.23m/s road1427 s=   2.6 on_road=True
t=  78.1s (  304.91, -772.46) speed= 4.26m/s road1427 s=   8.1 on_road=True
t=  79.1s (  302.83, -768.21) speed= 5.29m/s road1427 s=  12.9 on_road=True
[전이] t=  79.60s road1127 일반 speed= 5.61m/s limit=30km/h
t=  80.1s (  300.44, -763.35) speed= 4.13m/s road1127 s=   2.4 on_road=True
t=  81.1s (  298.31, -759.05) speed= 5.33m/s road1127 s=   7.1 on_road=True
t=  82.1s (  295.87, -754.11) speed= 4.86m/s road1127 s=  12.7 on_road=True
t=  83.1s (  293.76, -749.86) speed= 5.40m/s road1127 s=  17.4 on_road=True
[전이] t=  83.60s road1699 커넥터 speed= 6.29m/s limit=30km/h
t=  84.1s (  291.30, -744.83) speed= 5.07m/s road1699 s=   2.7 on_road=True
t=  85.1s (  289.37, -740.67) speed= 5.26m/s road1699 s=   7.3 on_road=True
[전이] t=  85.15s road1703 커넥터 speed= 5.24m/s limit=30km/h
[전이] t=  85.20s road1699 커넥터 speed= 5.17m/s limit=30km/h
[전이] t=  85.25s road1701 커넥터 speed= 5.27m/s limit=30km/h
[전이] t=  85.30s road1699 커넥터 speed= 5.19m/s limit=30km/h
t=  86.1s (  287.20, -735.56) speed= 5.10m/s road1699 s=  12.7 on_road=True
[전이] t=  86.60s road1126 일반 speed= 4.52m/s limit=30km/h
t=  87.1s (  285.46, -731.27) speed= 5.20m/s road1126 s=   2.3 on_road=True
t=  88.1s (  283.39, -726.13) speed= 4.78m/s road1126 s=   7.8 on_road=True
t=  89.1s (  281.56, -721.90) speed= 5.26m/s road1126 s=  12.5 on_road=True
t=  90.1s (  279.27, -716.86) speed= 4.50m/s road1126 s=  18.1 on_road=True
t=  91.1s (  277.30, -712.61) speed= 5.33m/s road1126 s=  22.8 on_road=True
t=  92.1s (  274.98, -707.66) speed= 4.26m/s road1126 s=  28.2 on_road=True
t=  93.1s (  272.97, -703.40) speed= 5.30m/s road1126 s=  32.9 on_road=True
t=  94.1s (  270.66, -698.49) speed= 4.16m/s road1126 s=  38.4 on_road=True
t=  95.1s (  268.60, -694.14) speed= 5.38m/s road1126 s=  43.2 on_road=True
t=  96.1s (  266.17, -689.01) speed= 4.32m/s road1126 s=  48.9 on_road=True
t=  97.1s (  264.19, -684.81) speed= 5.29m/s road1126 s=  53.5 on_road=True
t=  98.1s (  261.79, -679.74) speed= 4.40m/s road1126 s=  59.1 on_road=True
[전이] t=  98.30s road1726 커넥터 speed= 4.16m/s limit=30km/h
t=  99.1s (  259.79, -675.50) speed= 5.31m/s road1726 s=   3.8 on_road=True
t= 100.1s (  257.40, -670.47) speed= 4.82m/s road1726 s=   9.3 on_road=True
t= 101.1s (  255.36, -666.15) speed= 5.30m/s road1726 s=  14.1 on_road=True
[전이] t= 101.35s road1125 일반 speed= 5.56m/s limit=30km/h
t= 102.1s (  252.98, -661.12) speed= 4.92m/s road1125 s=   4.2 on_road=True
t= 103.1s (  250.95, -656.84) speed= 5.37m/s road1125 s=   8.9 on_road=True
t= 104.1s (  248.57, -651.81) speed= 5.00m/s road1125 s=  14.5 on_road=True
t= 105.1s (  246.58, -647.59) speed= 5.45m/s road1125 s=  19.1 on_road=True
t= 106.1s (  244.18, -642.52) speed= 5.15m/s road1125 s=  24.7 on_road=True
t= 107.1s (  242.18, -638.30) speed= 5.25m/s road1125 s=  29.4 on_road=True
t= 108.1s (  239.77, -633.21) speed= 5.06m/s road1125 s=  35.0 on_road=True
t= 109.1s (  237.81, -629.06) speed= 5.18m/s road1125 s=  39.6 on_road=True
t= 110.1s (  235.38, -623.93) speed= 5.08m/s road1125 s=  45.3 on_road=True
t= 111.1s (  233.41, -619.77) speed= 5.27m/s road1125 s=  49.9 on_road=True
t= 112.1s (  231.00, -614.68) speed= 5.26m/s road1125 s=  55.5 on_road=True
[전이] t= 112.85s road1733 커넥터 speed= 4.71m/s limit=30km/h
t= 113.1s (  229.03, -610.51) speed= 5.13m/s road1733 s=   1.2 on_road=True
t= 114.1s (  226.62, -605.42) speed= 5.20m/s road1733 s=   6.9 on_road=True
t= 115.1s (  224.64, -601.22) speed= 5.22m/s road1733 s=  11.5 on_road=True
[전이] t= 115.85s road1737 커넥터 speed= 6.36m/s limit=30km/h
[전이] t= 116.05s road1124 일반 speed= 5.66m/s limit=30km/h
t= 116.1s (  222.18, -596.12) speed= 5.66m/s road1124 s=   0.2 on_road=True
[전이] t= 116.10s road1736 커넥터 speed= 5.39m/s limit=30km/h
[전이] t= 116.15s road1124 일반 speed= 5.28m/s limit=30km/h
t= 117.1s (  220.11, -591.98) speed= 4.92m/s road1124 s=   4.9 on_road=True
[전이] t= 117.95s road1827 커넥터 speed= 5.71m/s limit=30km/h
[전이] t= 118.00s road1124 일반 speed= 5.58m/s limit=30km/h
t= 118.1s (  217.53, -587.08) speed= 5.33m/s road1124 s=  10.5 on_road=True
[전이] t= 118.10s road1825 커넥터 speed= 5.24m/s limit=30km/h
[전이] t= 118.60s road1826 커넥터 speed= 4.13m/s limit=30km/h
t= 119.1s (  215.40, -583.02) speed= 5.00m/s road1826 s=   4.7 on_road=True
[전이] t= 119.60s road1831 커넥터 speed= 5.91m/s limit=30km/h
[전이] t= 119.75s road1829 커넥터 speed= 6.38m/s limit=30km/h
[전이] t= 120.00s road1826 커넥터 speed= 5.61m/s limit=30km/h
t= 120.1s (  213.45, -577.78) speed= 5.35m/s road1826 s=  10.0 on_road=True
t= 121.1s (  212.49, -573.32) speed= 5.01m/s road1826 s=  14.4 on_road=True
[전이] t= 121.40s road1123 일반 speed= 5.21m/s limit=30km/h
t= 122.1s (  211.75, -567.84) speed= 5.20m/s road1123 s=   3.9 on_road=True
t= 123.1s (  211.47, -563.22) speed= 5.12m/s road1123 s=   8.5 on_road=True
t= 124.1s (  212.21, -557.80) speed= 5.05m/s road1123 s=  13.8 on_road=True
t= 125.1s (  213.32, -553.24) speed= 5.20m/s road1123 s=  18.2 on_road=True
[계획 소진] t=125.30s 완주 전에 계획 웨이포인트가 모두 소진됨(이후 제동, 정체 조건으로 판정)
완주: t=125.6s 종점까지 0.96m

=== 요약 ===
route: yangseong (종점 road1123 s=22.0)
결과: 완주
주행 시간(시뮬): 125.6s
계획 이탈 기록: t=31.50s road1915 는 계획의 현재/다음 road 가 아님(비치명, 계속 주행)

=== 계획 vs 실제 road 시퀀스 ===
 0 계획 1247  실제 1247 
 1 계획 1914  실제 1915   <-- 불일치
 2 계획 1356  실제 1247   <-- 불일치
 3 계획 1917  실제 1914   <-- 불일치
 4 계획 1355  실제 1356   <-- 불일치
 5 계획 1446  실제 1917   <-- 불일치
 6 계획 1172  실제 1916   <-- 불일치
 7 계획 1427  실제 1355   <-- 불일치
 8 계획 1127  실제 1449   <-- 불일치
 9 계획 1699  실제 1355   <-- 불일치
10 계획 1126  실제 1446   <-- 불일치
11 계획 1726  실제 1445   <-- 불일치
12 계획 1125  실제 1172   <-- 불일치
13 계획 1733  실제 1427   <-- 불일치
14 계획 1124  실제 1127   <-- 불일치
15 계획 1826  실제 1699   <-- 불일치
16 계획 1123  실제 1703   <-- 불일치
17 계획 -     실제 1699   <-- 불일치
18 계획 -     실제 1701   <-- 불일치
19 계획 -     실제 1699   <-- 불일치
20 계획 -     실제 1126   <-- 불일치
21 계획 -     실제 1726   <-- 불일치
22 계획 -     실제 1125   <-- 불일치
23 계획 -     실제 1733   <-- 불일치
24 계획 -     실제 1737   <-- 불일치
25 계획 -     실제 1124   <-- 불일치
26 계획 -     실제 1736   <-- 불일치
27 계획 -     실제 1124   <-- 불일치
28 계획 -     실제 1827   <-- 불일치
29 계획 -     실제 1124   <-- 불일치
30 계획 -     실제 1825   <-- 불일치
31 계획 -     실제 1826   <-- 불일치
32 계획 -     실제 1831   <-- 불일치
33 계획 -     실제 1829   <-- 불일치
34 계획 -     실제 1826   <-- 불일치
35 계획 -     실제 1123   <-- 불일치
첫 불일치 위치: 1번째 (계획 1914 / 실제 1915)
junction 통과(커넥터 road 를 실제로 밟았는지):
junction1   (r1914): 통과
junction107 (r1917): 통과
junction42  (r1446): 통과
junction10  (r1427): 통과
junction9   (r1699): 통과
junction8   (r1726): 통과
junction7   (r1733): 통과
junction6   (r1826): 통과
junction2(출발 전), junction35(종점 밖)는 통과 대상 아님

=== 급회전 커넥터 이탈량 (정의: sharp_offset docstring) ===
r1446 (+78.4°): tick 37, 최대|lat| 1.66m, 최대 차체초과 +1.02m(안쪽, s=10.2), on_road False 14tick, 충돌 0건
r1446 진입: t=51.30s speed=6.14m/s(22.1km/h)

=== 차체 판정 road 별 (tick 수, 최대 차선밖 꼭짓점) ===
road1247: 인도 22tick, 차선밖꼭짓점 최대 1/4 (1개 이상 26tick), 반대차선(중심) 0tick, (계획 차선 안 0tick), 꼭짓점 침범깊이 최대 0.12m, 메시밖 0tick
road1356: 인도 1tick, 차선밖꼭짓점 최대 1/4 (1개 이상 1tick), 반대차선(중심) 0tick, (계획 차선 안 0tick), 꼭짓점 침범깊이 최대 0.00m, 메시밖 0tick
road1917: 인도 2tick, 차선밖꼭짓점 최대 1/4 (1개 이상 2tick), 반대차선(중심) 0tick, (계획 차선 안 0tick), 꼭짓점 침범깊이 최대 0.00m, 메시밖 0tick
road1355: 인도 1tick, 차선밖꼭짓점 최대 1/4 (1개 이상 1tick), 반대차선(중심) 0tick, (계획 차선 안 0tick), 꼭짓점 침범깊이 최대 0.00m, 메시밖 0tick
road1446: 인도 39tick, 차선밖꼭짓점 최대 2/4 (1개 이상 39tick), 반대차선(중심) 0tick, (계획 차선 안 0tick), 꼭짓점 침범깊이 최대 0.00m, 메시밖 1tick
road1445: 인도 4tick, 차선밖꼭짓점 최대 1/4 (1개 이상 4tick), 반대차선(중심) 0tick, (계획 차선 안 0tick), 꼭짓점 침범깊이 최대 0.00m, 메시밖 0tick
road1172: 인도 12tick, 차선밖꼭짓점 최대 1/4 (1개 이상 12tick), 반대차선(중심) 0tick, (계획 차선 안 0tick), 꼭짓점 침범깊이 최대 0.00m, 메시밖 0tick
road1699: 인도 0tick, 차선밖꼭짓점 최대 0/4 (1개 이상 0tick), 반대차선(중심) 0tick, (계획 차선 안 0tick), 꼭짓점 침범깊이 최대 1.72m, 메시밖 0tick
road1703: 인도 0tick, 차선밖꼭짓점 최대 0/4 (1개 이상 0tick), 반대차선(중심) 0tick, (계획 차선 안 0tick), 꼭짓점 침범깊이 최대 1.31m, 메시밖 0tick
road1701: 인도 0tick, 차선밖꼭짓점 최대 0/4 (1개 이상 0tick), 반대차선(중심) 0tick, (계획 차선 안 0tick), 꼭짓점 침범깊이 최대 1.19m, 메시밖 0tick
road1726: 인도 0tick, 차선밖꼭짓점 최대 0/4 (1개 이상 0tick), 반대차선(중심) 0tick, (계획 차선 안 0tick), 꼭짓점 침범깊이 최대 1.55m, 메시밖 0tick
road1733: 인도 0tick, 차선밖꼭짓점 최대 0/4 (1개 이상 0tick), 반대차선(중심) 0tick, (계획 차선 안 0tick), 꼭짓점 침범깊이 최대 2.56m, 메시밖 0tick
road1826: 인도 0tick, 차선밖꼭짓점 최대 0/4 (1개 이상 0tick), 반대차선(중심) 0tick, (계획 차선 안 0tick), 꼭짓점 침범깊이 최대 2.52m, 메시밖 0tick
road1831: 인도 0tick, 차선밖꼭짓점 최대 0/4 (1개 이상 0tick), 반대차선(중심) 0tick, (계획 차선 안 0tick), 꼭짓점 침범깊이 최대 1.80m, 메시밖 0tick
road1829: 인도 0tick, 차선밖꼭짓점 최대 0/4 (1개 이상 0tick), 반대차선(중심) 5tick, (계획 차선 안 5tick), 꼭짓점 침범깊이 최대 1.26m, 메시밖 0tick
road1123: 인도 0tick, 차선밖꼭짓점 최대 1/4 (1개 이상 2tick), 반대차선(중심) 0tick, (계획 차선 안 0tick), 꼭짓점 침범깊이 최대 0.16m, 메시밖 0tick
(목록에 없는 road 는 전부 0)

=== 차선 이탈 구간 (차체 기준, 계획 중심선 기준, 세션19) ===
t=20.00~20.90s road1247 -중앙선 쪽 최대 lat -0.88m 차체초과 0.10m 중심초과 0.00m 19tick, 진입 18.4km/h, road 평균R 173.65 R2min 10.28
t=39.50~39.60s road1917 +인도 쪽 최대 lat +0.88m 차체초과 0.10m 중심초과 0.00m 3tick, 진입 20.5km/h, road 평균R inf R2min inf
t=51.35~53.65s road1446 +인도 쪽 최대 lat +1.76m 차체초과 0.98m 중심초과 0.09m 47tick, 진입 22.7km/h, road 평균R 10.12 R2min 7.40
t=123.75~124.50s road1123 -중앙선 쪽 최대 lat -0.93m 차체초과 0.15m 중심초과 0.00m 16tick, 진입 21.2km/h, road 평균R 52.40 R2min 10.28
합계 4구간 (중앙선 쪽 2, 인도 쪽 2), 최대 차체초과 0.98m
충돌 누적 0건
판정: record
follow=on
궤적 로그: /home/gyumin/campus_mobility_sim/map/docs/logs/drive_log_20261002_012739.csv
충돌 센서(actor_id=28) 제거함
정상 종료 - 차량(actor_id=27) 브레이크 유지로 남겨둠
[동기모드] 복귀: synchronous_mode=False fixed_delta_seconds=None
