controller=agent, 동기모드=켬 0.05s
conn_spacing=4.0m(전 구간), sharp_speed=없음
follow=on(뒤 8m, 위 4m, 매 tick)
맵: Carla/Maps/OpenDriveMap, spawn point 1243개
spawn: Location(x=217.845581, y=-1087.414185, z=0.500000) road1247 lane-1 s=0.00
계획 CSV: /home/gm/campus_mobility_sim/map/docs/logs/drive_plan_20260926_144047.csv
계획 웨이포인트 총 204개
road   kind  n  s범위          최대간격(m)
1247   road  39 1.96~151.01  4.38
1914   conn  2  1.07~3.22  2.93
1356   road  10 1.85~35.20  4.0
1917   conn  1  1.48~1.48  2.07
1355   road  15 1.87~54.20  4.13
1446   conn  4  1.74~12.17  3.33
1172   road  30 1.98~117.07  3.97
1428   conn  4  1.78~12.46  4.3
1240   road  38 1.97~147.53  4.09
1695   conn  4  1.89~13.23  3.86
1239   road  13 1.95~48.68  4.06
1426   conn  5  1.74~15.69  3.7
1238   road  9  1.91~32.45  3.82
1564   conn  4  1.62~11.34  3.99
1278   road  26 1.93~98.45  3.86
커넥터 안쪽 점: 24개 / 점 없는 커넥터: 없음
전체 최대 간격 4.38m, 평균 3.85m
인접 road 연결 확인: 14쌍 모두 next() 로 이어짐
궤적 로그(tick마다 기록): /home/gm/campus_mobility_sim/map/docs/logs/drive_log_20260926_144047.csv
차량 스폰: actor_id=25
bounding box: half_length=1.853m half_width=0.894m half_height=0.775m -> /home/gm/campus_mobility_sim/map/docs/logs/vehicle_bbox_20260926_144047.txt
충돌 센서 부착: actor_id=26 -> /home/gm/campus_mobility_sim/map/docs/logs/collision_events_20260926_144047.csv
BasicAgent set_global_plan 204점, target_speed=20.0km/h, dt=0.05
[동기모드] 전환 전: synchronous_mode=False fixed_delta_seconds=None
[동기모드] 전환 후: synchronous_mode=True fixed_delta_seconds=0.05
[전이] t=   0.05s road1247 일반 speed= 0.00m/s limit=30km/h
t=   0.1s (  217.85,-1087.41) speed= 0.00m/s road1247 s=   0.0 on_road=True
t=   1.1s (  217.86,-1087.09) speed= 1.58m/s road1247 s=   0.3 on_road=True
t=   2.1s (  217.99,-1084.35) speed= 3.86m/s road1247 s=   3.1 on_road=True
t=   3.1s (  218.23,-1079.51) speed= 5.38m/s road1247 s=   7.9 on_road=True
t=   4.1s (  218.50,-1074.01) speed= 4.38m/s road1247 s=  13.4 on_road=True
t=   5.1s (  218.73,-1069.25) speed= 5.38m/s road1247 s=  18.2 on_road=True
t=   6.1s (  219.00,-1063.72) speed= 4.50m/s road1247 s=  23.7 on_road=True
t=   7.1s (  219.23,-1058.93) speed= 5.36m/s road1247 s=  28.5 on_road=True
t=   8.1s (  219.50,-1053.45) speed= 4.26m/s road1247 s=  34.0 on_road=True
t=   9.1s (  219.73,-1048.72) speed= 5.39m/s road1247 s=  38.7 on_road=True
[tick 대조] fixed_delta=0.05 delta_seconds=0.0500 시뮬경과/프레임=0.0500s 벽시계 168.6 tick/s (프레임 200)
t=  10.1s (  220.01,-1043.20) speed= 4.98m/s road1247 s=  44.3 on_road=True
t=  11.1s (  220.30,-1038.52) speed= 5.16m/s road1247 s=  49.0 on_road=True
t=  12.1s (  220.71,-1033.05) speed= 4.45m/s road1247 s=  54.4 on_road=True
t=  13.1s (  221.13,-1028.36) speed= 5.35m/s road1247 s=  59.1 on_road=True
t=  14.1s (  221.68,-1022.87) speed= 4.21m/s road1247 s=  64.6 on_road=True
t=  15.1s (  222.18,-1018.20) speed= 5.21m/s road1247 s=  69.3 on_road=True
t=  16.1s (  222.86,-1012.86) speed= 4.15m/s road1247 s=  74.7 on_road=True
t=  17.1s (  223.88,-1008.18) speed= 5.23m/s road1247 s=  79.4 on_road=True
t=  18.1s (  225.59,-1003.06) speed= 4.07m/s road1247 s=  84.5 on_road=True
t=  19.1s (  227.41, -998.62) speed= 5.23m/s road1247 s=  89.3 on_road=True
t=  20.1s (  230.15, -994.11) speed= 4.26m/s road1247 s=  94.5 on_road=True
t=  21.1s (  233.46, -990.33) speed= 6.18m/s road1247 s=  99.2 on_road=True
t=  22.1s (  237.18, -986.89) speed= 4.31m/s road1247 s= 104.2 on_road=True
t=  23.1s (  241.12, -983.54) speed= 6.36m/s road1247 s= 109.4 on_road=True
t=  24.1s (  244.96, -980.38) speed= 4.42m/s road1247 s= 114.4 on_road=True
t=  25.1s (  249.07, -977.06) speed= 6.28m/s road1247 s= 119.7 on_road=True
t=  26.1s (  252.85, -974.02) speed= 4.49m/s road1247 s= 124.5 on_road=True
t=  27.1s (  257.04, -970.69) speed= 6.17m/s road1247 s= 129.9 on_road=True
t=  28.1s (  260.83, -967.71) speed= 4.62m/s road1247 s= 134.6 on_road=True
t=  29.1s (  265.13, -964.37) speed= 5.99m/s road1247 s= 140.1 on_road=True
t=  30.1s (  268.88, -961.51) speed= 4.70m/s road1247 s= 144.8 on_road=True
t=  31.1s (  273.22, -958.15) speed= 5.81m/s road1247 s= 150.3 on_road=True
[전이] t=  31.45s road1915 커넥터 speed= 4.56m/s limit=30km/h
[계획 이탈] t=31.45s road1915 는 계획의 현재/다음 road 가 아님(비치명, 계속 주행)
[전이] t=  31.55s road1247 일반 speed= 4.16m/s limit=30km/h
[전이] t=  31.65s road1914 커넥터 speed= 4.13m/s limit=30km/h
t=  32.1s (  276.86, -955.17) speed= 4.83m/s road1914 s=   2.2 on_road=True
[전이] t=  32.50s road1356 일반 speed= 5.31m/s limit=30km/h
t=  33.1s (  281.15, -951.64) speed= 5.61m/s road1356 s=   3.3 on_road=True
t=  34.1s (  284.79, -948.79) speed= 4.91m/s road1356 s=   7.9 on_road=True
t=  35.1s (  289.37, -945.74) speed= 5.36m/s road1356 s=  13.2 on_road=True
t=  36.1s (  293.36, -943.33) speed= 5.08m/s road1356 s=  17.8 on_road=True
t=  37.1s (  298.23, -940.52) speed= 5.21m/s road1356 s=  23.5 on_road=True
t=  38.1s (  302.23, -938.26) speed= 5.14m/s road1356 s=  28.1 on_road=True
t=  39.1s (  306.87, -935.16) speed= 5.13m/s road1356 s=  33.6 on_road=True
[전이] t=  39.65s road1917 커넥터 speed= 4.46m/s limit=30km/h
t=  40.1s (  310.36, -932.20) speed= 5.17m/s road1917 s=   2.7 on_road=True
[전이] t=  40.15s road1916 커넥터 speed= 5.16m/s limit=30km/h
[전이] t=  40.40s road1355 일반 speed= 5.33m/s limit=30km/h
t=  41.1s (  314.77, -928.74) speed= 5.12m/s road1355 s=   4.5 on_road=True
t=  42.1s (  318.44, -925.98) speed= 5.25m/s road1355 s=   9.1 on_road=True
t=  43.1s (  322.92, -922.67) speed= 5.03m/s road1355 s=  14.6 on_road=True
t=  44.1s (  326.64, -919.95) speed= 5.30m/s road1355 s=  19.2 on_road=True
t=  45.1s (  331.14, -916.68) speed= 5.00m/s road1355 s=  24.8 on_road=True
t=  46.1s (  334.93, -913.92) speed= 5.38m/s road1355 s=  29.5 on_road=True
t=  47.1s (  339.45, -910.63) speed= 5.10m/s road1355 s=  35.1 on_road=True
t=  48.1s (  343.29, -907.85) speed= 5.33m/s road1355 s=  39.8 on_road=True
t=  49.1s (  347.78, -904.60) speed= 4.43m/s road1355 s=  45.4 on_road=True
t=  50.1s (  351.63, -901.80) speed= 5.30m/s road1355 s=  50.1 on_road=True
[전이] t=  50.95s road1449 커넥터 speed= 4.87m/s limit=30km/h
t=  51.1s (  355.81, -898.13) speed= 4.11m/s road1449 s=   0.1 on_road=True
[전이] t=  51.10s road1355 일반 speed= 3.95m/s limit=30km/h
[전이] t=  51.20s road1446 커넥터 speed= 3.92m/s limit=30km/h
t=  52.1s (  357.57, -894.07) speed= 5.13m/s road1446 s=   6.2 on_road=False
t=  53.1s (  357.10, -888.72) speed= 6.22m/s road1446 s=  13.5 on_road=True
[전이] t=  53.15s road1445 커넥터 speed= 6.00m/s limit=30km/h
[전이] t=  53.35s road1172 일반 speed= 5.24m/s limit=30km/h
t=  54.1s (  355.72, -884.09) speed= 4.44m/s road1172 s=   4.5 on_road=True
t=  55.1s (  353.79, -879.13) speed= 6.34m/s road1172 s=   9.8 on_road=True
t=  56.1s (  351.89, -874.66) speed= 4.50m/s road1172 s=  14.7 on_road=True
t=  57.1s (  349.72, -869.75) speed= 6.09m/s road1172 s=  20.0 on_road=True
t=  58.1s (  347.75, -865.39) speed= 4.60m/s road1172 s=  24.8 on_road=True
t=  59.1s (  345.50, -860.45) speed= 5.94m/s road1172 s=  30.2 on_road=True
--- 메모리 측정(주행중(차량1대+BasicAgent, 동기 20Hz)) ---
total        used        free      shared  buff/cache   available
Mem:            12Gi       7.8Gi       2.8Gi       133Mi       2.1Gi       4.5Gi
Swap:          8.0Gi       754Mi       7.3Gi
gtt_used: 1604022272 bytes (1.49GiB)
t=  60.1s (  343.53, -856.12) speed= 4.73m/s road1172 s=  35.0 on_road=True
t=  61.1s (  341.23, -851.11) speed= 5.90m/s road1172 s=  40.5 on_road=True
t=  62.1s (  339.24, -846.78) speed= 4.80m/s road1172 s=  45.3 on_road=True
t=  63.1s (  336.90, -841.70) speed= 5.84m/s road1172 s=  50.9 on_road=True
t=  64.1s (  334.94, -837.44) speed= 4.84m/s road1172 s=  55.6 on_road=True
t=  65.1s (  332.62, -832.40) speed= 5.77m/s road1172 s=  61.1 on_road=True
t=  66.1s (  330.66, -828.13) speed= 4.81m/s road1172 s=  65.8 on_road=True
t=  67.1s (  328.38, -823.18) speed= 6.05m/s road1172 s=  71.2 on_road=True
t=  68.1s (  326.36, -818.78) speed= 4.62m/s road1172 s=  76.1 on_road=True
t=  69.1s (  324.08, -813.83) speed= 6.14m/s road1172 s=  81.5 on_road=True
t=  70.1s (  322.07, -809.45) speed= 4.68m/s road1172 s=  86.4 on_road=True
t=  71.1s (  319.89, -804.72) speed= 5.45m/s road1172 s=  91.6 on_road=True
t=  72.1s (  317.69, -799.94) speed= 4.18m/s road1172 s=  96.8 on_road=True
t=  73.1s (  315.60, -795.40) speed= 5.42m/s road1172 s= 101.8 on_road=True
t=  74.1s (  313.34, -790.48) speed= 4.22m/s road1172 s= 107.2 on_road=True
t=  75.1s (  311.30, -786.02) speed= 5.31m/s road1172 s= 112.2 on_road=True
t=  76.1s (  309.41, -780.92) speed= 4.19m/s road1172 s= 117.6 on_road=True
[전이] t=  76.30s road1429 커넥터 speed= 4.30m/s limit=30km/h
[전이] t=  77.05s road1434 커넥터 speed= 5.39m/s limit=30km/h
t=  77.1s (  309.01, -776.22) speed= 5.39m/s road1434 s=  13.0 on_road=True
[전이] t=  77.80s road1431 커넥터 speed= 6.36m/s limit=30km/h
t=  78.1s (  310.61, -770.87) speed= 5.53m/s road1431 s=   5.6 on_road=True
[전이] t=  78.35s road1428 커넥터 speed= 4.80m/s limit=30km/h
[전이] t=  78.90s road1432 커넥터 speed= 4.63m/s limit=30km/h
t=  79.1s (  313.07, -766.95) speed= 4.95m/s road1432 s=   7.1 on_road=True
[전이] t=  79.45s road1240 일반 speed= 5.28m/s limit=30km/h
t=  80.1s (  316.57, -762.58) speed= 5.45m/s road1240 s=   4.2 on_road=True
t=  81.1s (  319.63, -759.14) speed= 5.03m/s road1240 s=   8.8 on_road=True
t=  82.1s (  323.41, -755.08) speed= 5.22m/s road1240 s=  14.3 on_road=True
t=  83.1s (  326.55, -751.75) speed= 5.13m/s road1240 s=  18.9 on_road=True
t=  84.1s (  330.41, -747.70) speed= 5.05m/s road1240 s=  24.5 on_road=True
t=  85.1s (  333.59, -744.38) speed= 5.18m/s road1240 s=  29.1 on_road=True
t=  86.1s (  337.47, -740.35) speed= 5.02m/s road1240 s=  34.7 on_road=True
t=  87.1s (  340.73, -737.03) speed= 5.27m/s road1240 s=  39.3 on_road=True
t=  88.1s (  344.70, -733.12) speed= 5.04m/s road1240 s=  44.8 on_road=True
t=  89.1s (  348.04, -729.95) speed= 5.31m/s road1240 s=  49.4 on_road=True
t=  90.1s (  352.10, -726.20) speed= 5.00m/s road1240 s=  54.9 on_road=True
t=  91.1s (  355.55, -723.06) speed= 5.24m/s road1240 s=  59.6 on_road=True
t=  92.1s (  359.64, -719.37) speed= 4.51m/s road1240 s=  65.1 on_road=True
t=  93.1s (  363.10, -716.25) speed= 5.21m/s road1240 s=  69.8 on_road=True
t=  94.1s (  367.18, -712.58) speed= 4.30m/s road1240 s=  75.2 on_road=True
t=  95.1s (  370.71, -709.41) speed= 5.30m/s road1240 s=  80.0 on_road=True
t=  96.1s (  374.78, -705.76) speed= 4.25m/s road1240 s=  85.4 on_road=True
t=  97.1s (  378.38, -702.52) speed= 5.34m/s road1240 s=  90.3 on_road=True
t=  98.1s (  382.55, -698.78) speed= 5.13m/s road1240 s=  95.9 on_road=True
t=  99.1s (  386.04, -695.65) speed= 5.26m/s road1240 s= 100.6 on_road=True
t= 100.1s (  390.15, -691.97) speed= 4.51m/s road1240 s= 106.1 on_road=True
t= 101.1s (  393.63, -688.84) speed= 5.34m/s road1240 s= 110.8 on_road=True
t= 102.1s (  397.70, -685.03) speed= 5.05m/s road1240 s= 116.4 on_road=True
t= 103.1s (  400.97, -681.62) speed= 5.27m/s road1240 s= 121.3 on_road=True
t= 104.1s (  404.76, -677.49) speed= 4.72m/s road1240 s= 126.9 on_road=True
t= 105.1s (  407.95, -674.16) speed= 5.22m/s road1240 s= 131.4 on_road=True
t= 106.1s (  411.82, -670.22) speed= 4.48m/s road1240 s= 136.9 on_road=True
t= 107.1s (  415.10, -666.92) speed= 5.23m/s road1240 s= 141.6 on_road=True
t= 108.1s (  418.99, -663.06) speed= 4.30m/s road1240 s= 147.1 on_road=True
[전이] t= 108.65s road1696 커넥터 speed= 4.93m/s limit=30km/h
[전이] t= 108.75s road1695 커넥터 speed= 5.13m/s limit=30km/h
t= 109.1s (  422.31, -659.74) speed= 5.18m/s road1695 s=   2.3 on_road=True
t= 110.1s (  426.04, -655.84) speed= 4.09m/s road1695 s=   7.7 on_road=True
t= 111.1s (  429.25, -652.29) speed= 5.25m/s road1695 s=  12.5 on_road=True
[전이] t= 111.50s road1239 일반 speed= 5.83m/s limit=30km/h
t= 112.1s (  432.80, -648.24) speed= 4.08m/s road1239 s=   2.9 on_road=True
t= 113.1s (  435.96, -644.59) speed= 5.22m/s road1239 s=   7.7 on_road=True
t= 114.1s (  439.41, -640.57) speed= 4.07m/s road1239 s=  13.0 on_road=True
t= 115.1s (  442.63, -636.86) speed= 5.33m/s road1239 s=  17.9 on_road=True
t= 116.1s (  446.26, -633.00) speed= 4.10m/s road1239 s=  23.1 on_road=True
t= 117.1s (  449.76, -629.64) speed= 5.56m/s road1239 s=  27.9 on_road=True
t= 118.1s (  453.81, -626.34) speed= 4.19m/s road1239 s=  33.0 on_road=True
t= 119.1s (  457.89, -623.43) speed= 6.14m/s road1239 s=  37.9 on_road=True
t= 120.1s (  462.18, -620.54) speed= 4.24m/s road1239 s=  43.0 on_road=True
t= 121.1s (  466.44, -617.76) speed= 6.27m/s road1239 s=  48.1 on_road=True
[전이] t= 121.50s road1426 커넥터 speed= 5.04m/s limit=30km/h
t= 122.1s (  470.71, -615.09) speed= 4.29m/s road1426 s=   2.5 on_road=True
[전이] t= 123.05s road1422 커넥터 speed= 6.23m/s limit=30km/h
t= 123.1s (  475.17, -612.53) speed= 6.23m/s road1422 s=   9.2 on_road=True
[전이] t= 123.10s road1424 커넥터 speed= 6.26m/s limit=30km/h
[전이] t= 123.20s road1426 커넥터 speed= 5.97m/s limit=30km/h
t= 124.1s (  479.54, -610.17) speed= 4.37m/s road1426 s=  12.5 on_road=True
[전이] t= 125.05s road1238 일반 speed= 6.18m/s limit=30km/h
t= 125.1s (  484.18, -607.78) speed= 6.18m/s road1238 s=   0.3 on_road=True
t= 126.1s (  488.50, -605.55) speed= 4.54m/s road1238 s=   5.1 on_road=True
t= 127.1s (  493.32, -603.07) speed= 6.15m/s road1238 s=  10.6 on_road=True
t= 128.1s (  497.57, -600.89) speed= 4.61m/s road1238 s=  15.3 on_road=True
t= 129.1s (  502.40, -598.42) speed= 5.97m/s road1238 s=  20.8 on_road=True
t= 130.1s (  506.59, -596.27) speed= 4.70m/s road1238 s=  25.5 on_road=True
t= 131.1s (  511.50, -593.85) speed= 5.77m/s road1238 s=  30.9 on_road=True
[전이] t= 131.80s road1564 커넥터 speed= 4.53m/s limit=30km/h
t= 132.1s (  516.06, -592.45) speed= 4.93m/s road1564 s=   1.3 on_road=True
[전이] t= 132.60s road1561 커넥터 speed= 5.66m/s limit=30km/h
t= 133.1s (  521.32, -593.11) speed= 5.28m/s road1561 s=   9.7 on_road=True
[전이] t= 133.15s road1558 커넥터 speed= 5.02m/s limit=30km/h
[전이] t= 133.90s road1559 커넥터 speed= 4.80m/s limit=30km/h
t= 134.1s (  525.16, -595.60) speed= 5.05m/s road1559 s=   5.0 on_road=True
[전이] t= 134.65s road1278 일반 speed= 6.24m/s limit=30km/h
t= 135.1s (  528.95, -599.59) speed= 5.10m/s road1278 s=   3.2 on_road=True
t= 136.1s (  531.85, -603.24) speed= 5.24m/s road1278 s=   7.8 on_road=True
t= 137.1s (  535.18, -607.78) speed= 5.09m/s road1278 s=  13.4 on_road=True
t= 138.1s (  537.86, -611.53) speed= 5.23m/s road1278 s=  18.1 on_road=True
t= 139.1s (  541.05, -616.09) speed= 5.03m/s road1278 s=  23.6 on_road=True
t= 140.1s (  543.68, -619.87) speed= 5.29m/s road1278 s=  28.2 on_road=True
t= 141.1s (  546.86, -624.44) speed= 5.01m/s road1278 s=  33.8 on_road=True
t= 142.1s (  549.53, -628.29) speed= 5.35m/s road1278 s=  38.5 on_road=True
t= 143.1s (  552.69, -632.85) speed= 4.63m/s road1278 s=  44.0 on_road=True
t= 144.1s (  555.37, -636.71) speed= 5.22m/s road1278 s=  48.7 on_road=True
t= 145.1s (  558.50, -641.23) speed= 4.22m/s road1278 s=  54.2 on_road=True
t= 146.1s (  561.21, -645.14) speed= 5.30m/s road1278 s=  59.0 on_road=True
t= 147.1s (  564.37, -649.70) speed= 5.02m/s road1278 s=  64.5 on_road=True
t= 148.1s (  567.01, -653.52) speed= 5.31m/s road1278 s=  69.2 on_road=True
t= 149.1s (  570.23, -658.16) speed= 5.05m/s road1278 s=  74.8 on_road=True
t= 150.1s (  572.86, -661.96) speed= 5.45m/s road1278 s=  79.4 on_road=True
t= 151.1s (  576.11, -666.64) speed= 5.31m/s road1278 s=  85.1 on_road=True
t= 152.1s (  578.73, -670.43) speed= 5.16m/s road1278 s=  89.8 on_road=True
t= 153.1s (  581.92, -675.04) speed= 5.16m/s road1278 s=  95.4 on_road=True
완주: t=153.1s 종점까지 4.77m

=== 요약 ===
결과: 완주
주행 시간(시뮬): 153.1s
계획 이탈 기록: t=31.45s road1915 는 계획의 현재/다음 road 가 아님(비치명, 계속 주행)

=== 계획 vs 실제 road 시퀀스 ===
 0 계획 1247  실제 1247 
 1 계획 1914  실제 1915   <-- 불일치
 2 계획 1356  실제 1247   <-- 불일치
 3 계획 1917  실제 1914   <-- 불일치
 4 계획 1355  실제 1356   <-- 불일치
 5 계획 1446  실제 1917   <-- 불일치
 6 계획 1172  실제 1916   <-- 불일치
 7 계획 1428  실제 1355   <-- 불일치
 8 계획 1240  실제 1449   <-- 불일치
 9 계획 1695  실제 1355   <-- 불일치
10 계획 1239  실제 1446   <-- 불일치
11 계획 1426  실제 1445   <-- 불일치
12 계획 1238  실제 1172   <-- 불일치
13 계획 1564  실제 1429   <-- 불일치
14 계획 1278  실제 1434   <-- 불일치
15 계획 -     실제 1431   <-- 불일치
16 계획 -     실제 1428   <-- 불일치
17 계획 -     실제 1432   <-- 불일치
18 계획 -     실제 1240   <-- 불일치
19 계획 -     실제 1696   <-- 불일치
20 계획 -     실제 1695   <-- 불일치
21 계획 -     실제 1239   <-- 불일치
22 계획 -     실제 1426   <-- 불일치
23 계획 -     실제 1422   <-- 불일치
24 계획 -     실제 1424   <-- 불일치
25 계획 -     실제 1426   <-- 불일치
26 계획 -     실제 1238   <-- 불일치
27 계획 -     실제 1564   <-- 불일치
28 계획 -     실제 1561   <-- 불일치
29 계획 -     실제 1558   <-- 불일치
30 계획 -     실제 1559   <-- 불일치
31 계획 -     실제 1278   <-- 불일치
첫 불일치 위치: 1번째 (계획 1914 / 실제 1915)
junction 통과(커넥터 road 를 실제로 밟았는지):
junction1   (r1914): 통과
junction107 (r1917): 통과
junction42  (r1446): 통과
junction10  (r1428): 통과
junction60  (r1695): 통과
junction84  (r1426): 통과
junction36  (r1564): 통과
junction2(출발 전), junction35(종점 밖)는 통과 대상 아님

=== 급회전 커넥터 이탈량 (정의: sharp_offset docstring) ===
r1446 (+78.6°): tick 38, 최대|lat| 1.68m, 최대 차체초과 +0.99m(안쪽, s=10.2), on_road False 11tick, 충돌 0건
r1428 (-68.5°): tick 57, 최대|lat| 1.38m, 최대 차체초과 +0.60m(안쪽, s=7.0), on_road False 0tick, 충돌 0건
r1564 (-82.2°): tick 53, 최대|lat| 1.61m, 최대 차체초과 +0.80m(안쪽, s=9.5), on_road False 0tick, 충돌 0건
r1446 진입: t=51.20s speed=3.92m/s(14.1km/h)
r1428 진입: t=78.35s speed=4.80m/s(17.3km/h)
r1564 진입: t=131.80s speed=4.53m/s(16.3km/h)

=== 차체 판정 road 별 (tick 수, 최대 차선밖 꼭짓점) ===
road1247: 인도 22tick, 차선밖꼭짓점 최대 1/4 (1개 이상 25tick), 반대차선(중심) 0tick, (계획 차선 안 0tick), 꼭짓점 침범깊이 최대 0.18m, 메시밖 0tick
road1356: 인도 2tick, 차선밖꼭짓점 최대 1/4 (1개 이상 2tick), 반대차선(중심) 0tick, (계획 차선 안 0tick), 꼭짓점 침범깊이 최대 0.00m, 메시밖 0tick
road1917: 인도 3tick, 차선밖꼭짓점 최대 1/4 (1개 이상 3tick), 반대차선(중심) 0tick, (계획 차선 안 0tick), 꼭짓점 침범깊이 최대 0.00m, 메시밖 0tick
road1355: 인도 2tick, 차선밖꼭짓점 최대 1/4 (1개 이상 2tick), 반대차선(중심) 0tick, (계획 차선 안 0tick), 꼭짓점 침범깊이 최대 0.00m, 메시밖 0tick
road1446: 인도 39tick, 차선밖꼭짓점 최대 2/4 (1개 이상 39tick), 반대차선(중심) 0tick, (계획 차선 안 0tick), 꼭짓점 침범깊이 최대 0.00m, 메시밖 3tick
road1445: 인도 4tick, 차선밖꼭짓점 최대 1/4 (1개 이상 4tick), 반대차선(중심) 0tick, (계획 차선 안 0tick), 꼭짓점 침범깊이 최대 0.00m, 메시밖 0tick
road1172: 인도 14tick, 차선밖꼭짓점 최대 1/4 (1개 이상 14tick), 반대차선(중심) 0tick, (계획 차선 안 0tick), 꼭짓점 침범깊이 최대 0.00m, 메시밖 0tick
road1429: 인도 0tick, 차선밖꼭짓점 최대 0/4 (1개 이상 0tick), 반대차선(중심) 0tick, (계획 차선 안 0tick), 꼭짓점 침범깊이 최대 1.84m, 메시밖 0tick
road1434: 인도 0tick, 차선밖꼭짓점 최대 0/4 (1개 이상 0tick), 반대차선(중심) 15tick, (계획 차선 안 15tick), 꼭짓점 침범깊이 최대 2.96m, 메시밖 0tick
road1431: 인도 0tick, 차선밖꼭짓점 최대 0/4 (1개 이상 0tick), 반대차선(중심) 4tick, (계획 차선 안 4tick), 꼭짓점 침범깊이 최대 2.50m, 메시밖 0tick
road1428: 인도 0tick, 차선밖꼭짓점 최대 0/4 (1개 이상 0tick), 반대차선(중심) 0tick, (계획 차선 안 0tick), 꼭짓점 침범깊이 최대 2.23m, 메시밖 0tick
road1432: 인도 0tick, 차선밖꼭짓점 최대 0/4 (1개 이상 0tick), 반대차선(중심) 0tick, (계획 차선 안 0tick), 꼭짓점 침범깊이 최대 0.91m, 메시밖 0tick
road1426: 인도 0tick, 차선밖꼭짓점 최대 0/4 (1개 이상 0tick), 반대차선(중심) 0tick, (계획 차선 안 0tick), 꼭짓점 침범깊이 최대 1.98m, 메시밖 0tick
road1422: 인도 0tick, 차선밖꼭짓점 최대 0/4 (1개 이상 0tick), 반대차선(중심) 0tick, (계획 차선 안 0tick), 꼭짓점 침범깊이 최대 0.95m, 메시밖 0tick
road1424: 인도 0tick, 차선밖꼭짓점 최대 0/4 (1개 이상 0tick), 반대차선(중심) 0tick, (계획 차선 안 0tick), 꼭짓점 침범깊이 최대 1.06m, 메시밖 0tick
road1238: 인도 0tick, 차선밖꼭짓점 최대 0/4 (1개 이상 0tick), 반대차선(중심) 0tick, (계획 차선 안 0tick), 꼭짓점 침범깊이 최대 2.56m, 메시밖 0tick
road1564: 인도 0tick, 차선밖꼭짓점 최대 0/4 (1개 이상 0tick), 반대차선(중심) 0tick, (계획 차선 안 0tick), 꼭짓점 침범깊이 최대 2.00m, 메시밖 0tick
road1561: 인도 0tick, 차선밖꼭짓점 최대 0/4 (1개 이상 0tick), 반대차선(중심) 10tick, (계획 차선 안 10tick), 꼭짓점 침범깊이 최대 2.84m, 메시밖 0tick
road1558: 인도 0tick, 차선밖꼭짓점 최대 0/4 (1개 이상 0tick), 반대차선(중심) 6tick, (계획 차선 안 6tick), 꼭짓점 침범깊이 최대 2.42m, 메시밖 0tick
road1559: 인도 0tick, 차선밖꼭짓점 최대 0/4 (1개 이상 0tick), 반대차선(중심) 0tick, (계획 차선 안 0tick), 꼭짓점 침범깊이 최대 2.10m, 메시밖 0tick
road1278: 인도 0tick, 차선밖꼭짓점 최대 0/4 (1개 이상 0tick), 반대차선(중심) 0tick, (계획 차선 안 0tick), 꼭짓점 침범깊이 최대 0.75m, 메시밖 0tick
(목록에 없는 road 는 전부 0)
follow=on
궤적 로그: /home/gm/campus_mobility_sim/map/docs/logs/drive_log_20260926_144047.csv
충돌 센서(actor_id=26) 제거함
정상 종료 - 차량(actor_id=25) 브레이크 유지로 남겨둠
[동기모드] 복귀: synchronous_mode=False fixed_delta_seconds=None
