driving samples 28102, start road1247 lane-1 s=0.0
road1237 s=125 TM (117.5,34.0) yaw 30
  road1237 끝 -> r1420 junc=True 25m 뒤 r1368 yaw차 -180°
  road1237 끝 -> r1419 junc=True 25m 뒤 r1219 yaw차 +6°
  road1237 끝 -> r1418 junc=True 25m 뒤 r1205 yaw차 -178°
  후문B 방향(TM, 동=0 반시계) -31°, 거리 622m
  후문정류장41 방향(TM, 동=0 반시계) 37°, 거리 452m
  road1237 진행 방향(TM) -27°
road1333 lane-1 s=1.0: next [1333] prev []
road1333 lane-1 s=483.0: next [] prev [1333]
[후문B 경계횡단(way392632034)] 도달 가능 최근접: road1898 s=5.0 거리 217.2m 정문부터 1219m (앞선 도달불가 road 1개)
    seq [1247, 1914, 1356, 1917, 1355, 1446, 1172, 1427, 1428, 1240, 1695, 1239, 1425, 1426, 1238, 1563, 1237, 1418, 1419, 1219, 1788, 1789, 1218, 1581, 1223, 1571, 1222, 1782, 1783, 1221, 1820, 1821, 1220, 1898]
    turns ['r1914(j1) +2° 직진', 'r1917(j107) +7° 직진', 'r1446(j42) +79° 우', 'r1427(j10) -69° 좌', 'r1695(j60) +5° 직진', 'r1425(j84) -6° 직진', 'r1563(j36) -0° 직진', 'r1418(j105) +6° 직진', 'r1788(j77) -0° 직진', 'r1581(j40) -2° 직진', 'r1571(j38) -3° 직진', 'r1782(j85) -15° 직진', 'r1820(j82) +0° 직진', 'r1898(j106) -36° 좌']
[후문 정류장 12324240641] 도달 가능 최근접: road1281 s=86.0 거리 164.4m 정문부터 1097m (앞선 도달불가 road 0개)
    seq [1247, 1914, 1356, 1917, 1355, 1446, 1447, 1373, 1672, 1673, 1374, 1591, 1375, 1688, 1689, 1376, 1625, 1377, 1640, 1641, 1163, 1629, 1630, 1162, 1983, 1984, 1292, 1654, 1293, 1663, 1294, 1584, 1281]
    turns ['r1914(j1) +2° 직진', 'r1917(j107) +7° 직진', 'r1446(j42) +0° 직진', 'r1672(j58) +0° 직진', 'r1591(j44) -0° 직진', 'r1688(j59) -0° 직진', 'r1625(j47) -0° 직진', 'r1640(j51) -91° 좌', 'r1629(j50) -41° 좌', 'r1983(j49) +58° 우', 'r1654(j52) +0° 직진', 'r1663(j53) -0° 직진', 'r1584(j108) -180° 좌']
[후문 정류장 12324240642] 도달 가능 최근접: road1281 s=106.0 거리 173.6m 정문부터 1118m (앞선 도달불가 road 0개)
    seq [1247, 1914, 1356, 1917, 1355, 1446, 1447, 1373, 1672, 1673, 1374, 1591, 1375, 1688, 1689, 1376, 1625, 1377, 1640, 1641, 1163, 1629, 1630, 1162, 1983, 1984, 1292, 1654, 1293, 1663, 1294, 1584, 1281]
    turns ['r1914(j1) +2° 직진', 'r1917(j107) +7° 직진', 'r1446(j42) +0° 직진', 'r1672(j58) +0° 직진', 'r1591(j44) -0° 직진', 'r1688(j59) -0° 직진', 'r1625(j47) -0° 직진', 'r1640(j51) -91° 좌', 'r1629(j50) -41° 좌', 'r1983(j49) +58° 우', 'r1654(j52) +0° 직진', 'r1663(j53) -0° 직진', 'r1584(j108) -180° 좌']
way446440352 service 75m, 먼 끝 TM (217,473) 끝점1에서 75m, 게이트추정점까지 239m
   첫노드 4437127634 끝노드 4437127635
way446440353 service 38m, 먼 끝 TM (168,521) 끝점1에서 35m, 게이트추정점까지 188m
   첫노드 4437127634 끝노드 4437127637
road1327 s=70 TM (144.9,488.7), 끝점1까지 5.7m, 경영대중심까지 192m
