junction42 커넥터 차선 19쌍: r1449/-1/Driving, r1448/-1/Driving, r1435/-2/Sidewalk, r1435/-1/Driving, r1445/-1/Driving, r1436/-1/Driving, r1437/-1/Driving, r1447/-1/Driving, r1438/-1/Driving, r1439/-2/Sidewalk, r1439/-1/Driving, r1440/-1/Driving, r1441/-1/Driving, r1442/-2/Sidewalk, r1442/-1/Driving, r1443/-1/Driving, r1444/-1/Driving, r1446/-2/Sidewalk, r1446/-1/Driving
r1446 차선폭 3.35m
--- t=51.85 on_road=True 로그 road1446/-1 yaw=69.854
중심: Driving=r1446/-1 Any=None j42차선덮음=r1446/-1 인도중심거리=1.48(r1446/-2 폭2.80)
FL: Driving=r1446/-1 Any=r1446/-1/Driving j42차선덮음=r1446/-1 인도중심거리=2.48(r1446/-2 폭2.80)
FR: Driving=None Any=r1446/-2/Sidewalk j42차선덮음=r1446/-2 인도중심거리=0.76(r1446/-2 폭2.80)
RL: Driving=r1446/-1 Any=r1446/-1/Driving j42차선덮음=r1446/-1 인도중심거리=2.90(r1446/-2 폭2.80)
RR: Driving=None Any=r1446/-2/Sidewalk j42차선덮음=r1446/-2 인도중심거리=1.32(r1446/-2 폭2.80)
--- t=52.0 on_road=False 로그 road1446/-1 yaw=72.109
중심: Driving=None Any=r1446/-2/Sidewalk j42차선덮음=r1446/-2 인도중심거리=1.38(r1446/-2 폭2.80)
FL: Driving=r1446/-1 Any=r1446/-1/Driving j42차선덮음=r1446/-1 인도중심거리=2.54(r1446/-2 폭2.80)
FR: Driving=None Any=r1446/-2/Sidewalk j42차선덮음=r1446/-2 인도중심거리=0.86(r1446/-2 폭2.80)
RL: Driving=r1446/-1 Any=r1446/-1/Driving j42차선덮음=r1446/-1 인도중심거리=2.68(r1446/-2 폭2.80)
RR: Driving=None Any=r1446/-2/Sidewalk j42차선덮음=r1446/-2 인도중심거리=1.06(r1446/-2 폭2.80)
--- t=52.15 on_road=False 로그 road1446/-1 yaw=73.822
중심: Driving=None Any=r1446/-2/Sidewalk j42차선덮음=r1446/-2 인도중심거리=1.36(r1446/-2 폭2.80)
FL: Driving=r1446/-1 Any=r1446/-1/Driving j42차선덮음=r1446/-1 인도중심거리=2.66(r1446/-2 폭2.80)
FR: Driving=None Any=r1446/-2/Sidewalk j42차선덮음=r1446/-2 인도중심거리=1.02(r1446/-2 폭2.80)
RL: Driving=r1446/-1 Any=r1446/-1/Driving j42차선덮음=r1446/-1 인도중심거리=2.48(r1446/-2 폭2.80)
RR: Driving=None Any=r1446/-2/Sidewalk j42차선덮음=r1446/-2 인도중심거리=0.81(r1446/-2 폭2.80)
--- t=52.3 on_road=False 로그 road1446/-1 yaw=78.359
중심: Driving=None Any=r1446/-2/Sidewalk j42차선덮음=r1446/-2 인도중심거리=1.35(r1446/-2 폭2.80)
FL: Driving=r1446/-1 Any=r1446/-1/Driving j42차선덮음=r1446/-1 인도중심거리=2.70(r1446/-2 폭2.80)
FR: Driving=None Any=r1446/-2/Sidewalk j42차선덮음=r1446/-2 인도중심거리=1.05(r1446/-2 폭2.80)
RL: Driving=r1446/-1 Any=r1446/-1/Driving j42차선덮음=r1446/-1 인도중심거리=2.35(r1446/-2 폭2.80)
RR: Driving=None Any=r1446/-2/Sidewalk j42차선덮음=r1446/-2 인도중심거리=0.65(r1446/-2 폭2.80)
