map_sha256=bf835cdfad0cea65 (cbnu_internal_only_localtm_tags73_smooth.xodr)
route=legacy: 15 road [1247, 1914, 1356, 1917, 1355, 1446, 1172, 1428, 1240, 1695, 1239, 1426, 1238, 1564, 1278]
  종점 road1278 lane-1 s=100.38 (완주 s>=95.0 이고 종점 5m 이내) - road1278 s=100.38 도서관 서쪽 모서리(출입구 없음)
  커넥터 {1914: 1, 1917: 107, 1446: 42, 1428: 10, 1695: 60, 1426: 84, 1564: 36}, 급회전 {1446: 78.6, 1428: -68.5, 1564: -82.2}
controller=agent, 동기모드=켬 0.05s
conn_spacing=4.0m(전 구간), sharp_speed=없음
follow=off
맵: Carla/Maps/OpenDriveMap, spawn point 1243개
server_map_sha256=bf835cdfad0cea65 (파일과 일치)
spawn: Location(x=217.845581, y=-1087.414185, z=0.500000) road1247 lane-1 s=0.00
계획 CSV: /home/gyumin/campus_mobility_sim/map/docs/logs/drive_plan_20261002_012938.csv
계획 웨이포인트 총 204개
road   kind  n  s범위          최대간격(m)
1247   road  39 1.96~151.01  4.38
1914   conn  2  1.07~3.22  2.93
1356   road  10 1.85~35.20  4.0
1917   conn  1  1.48~1.48  2.07
1355   road  15 1.87~54.20  4.13
1446   conn  4  1.74~12.17  3.33
1172   road  30 1.98~117.07  3.97
1428   conn  4  1.78~12.46  4.3
1240   road  38 1.97~147.53  4.09
1695   conn  4  1.89~13.23  3.86
1239   road  13 1.95~48.68  4.06
1426   conn  5  1.74~15.69  3.7
1238   road  9  1.91~32.45  3.82
1564   conn  4  1.62~11.34  3.99
1278   road  26 1.93~98.45  3.86
커넥터 안쪽 점: 24개 / 점 없는 커넥터: 없음
전체 최대 간격 4.38m, 평균 3.85m
인접 road 연결 확인: 14쌍 모두 next() 로 이어짐
판정: record(세션19, 종료/기록 분리)
궤적 로그(tick마다 기록): /home/gyumin/campus_mobility_sim/map/docs/logs/drive_log_20261002_012938.csv
차량 스폰: actor_id=45
bounding box: half_length=1.853m half_width=0.894m half_height=0.775m -> /home/gyumin/campus_mobility_sim/map/docs/logs/vehicle_bbox_20261002_012938.txt
충돌 센서 부착: actor_id=46 -> /home/gyumin/campus_mobility_sim/map/docs/logs/collision_events_20261002_012938.csv
BasicAgent set_global_plan 204점, target_speed=20.0km/h, dt=0.05
[동기모드] 전환 전: synchronous_mode=False fixed_delta_seconds=None
[동기모드] 전환 후: synchronous_mode=True fixed_delta_seconds=0.05
[전이] t=   0.05s road1247 일반 speed= 0.02m/s limit=30km/h
t=   0.1s (  217.85,-1087.41) speed= 0.02m/s road1247 s=   0.0 on_road=True
t=   1.1s (  217.86,-1087.09) speed= 1.58m/s road1247 s=   0.3 on_road=True
t=   2.1s (  217.99,-1084.35) speed= 3.86m/s road1247 s=   3.1 on_road=True
t=   3.1s (  218.23,-1079.51) speed= 5.41m/s road1247 s=   7.9 on_road=True
t=   4.1s (  218.49,-1074.10) speed= 4.25m/s road1247 s=  13.3 on_road=True
t=   5.1s (  218.73,-1069.20) speed= 5.38m/s road1247 s=  18.2 on_road=True
t=   6.1s (  219.00,-1063.67) speed= 4.17m/s road1247 s=  23.8 on_road=True
t=   7.1s (  219.23,-1058.95) speed= 5.29m/s road1247 s=  28.5 on_road=True
t=   8.1s (  219.50,-1053.40) speed= 4.47m/s road1247 s=  34.1 on_road=True
t=   9.1s (  219.73,-1048.73) speed= 5.30m/s road1247 s=  38.7 on_road=True
[tick 대조] fixed_delta=0.05 delta_seconds=0.0500 시뮬경과/프레임=0.0500s 벽시계 145.2 tick/s (프레임 200)
t=  10.1s (  220.02,-1043.18) speed= 4.47m/s road1247 s=  44.3 on_road=True
t=  11.1s (  220.30,-1038.53) speed= 5.22m/s road1247 s=  48.9 on_road=True
t=  12.1s (  220.71,-1033.06) speed= 4.30m/s road1247 s=  54.4 on_road=True
t=  13.1s (  221.13,-1028.36) speed= 5.24m/s road1247 s=  59.1 on_road=True
t=  14.1s (  221.67,-1022.97) speed= 4.11m/s road1247 s=  64.5 on_road=True
t=  15.1s (  222.17,-1018.27) speed= 5.18m/s road1247 s=  69.2 on_road=True
t=  16.1s (  222.84,-1012.98) speed= 4.16m/s road1247 s=  74.6 on_road=True
t=  17.1s (  223.89,-1008.19) speed= 5.38m/s road1247 s=  79.3 on_road=True
t=  18.1s (  225.58,-1003.11) speed= 4.08m/s road1247 s=  84.4 on_road=True
t=  19.1s (  227.38, -998.69) speed= 5.16m/s road1247 s=  89.2 on_road=True
t=  20.1s (  230.07, -994.19) speed= 4.26m/s road1247 s=  94.4 on_road=True
t=  21.1s (  233.38, -990.41) speed= 6.18m/s road1247 s=  99.1 on_road=True
t=  22.1s (  237.10, -986.97) speed= 4.31m/s road1247 s= 104.1 on_road=True
t=  23.1s (  241.04, -983.61) speed= 6.25m/s road1247 s= 109.3 on_road=True
t=  24.1s (  244.85, -980.47) speed= 4.39m/s road1247 s= 114.2 on_road=True
t=  25.1s (  248.93, -977.17) speed= 6.22m/s road1247 s= 119.5 on_road=True
t=  26.1s (  252.75, -974.10) speed= 4.52m/s road1247 s= 124.4 on_road=True
t=  27.1s (  256.95, -970.76) speed= 6.18m/s road1247 s= 129.7 on_road=True
t=  28.1s (  260.82, -967.72) speed= 4.65m/s road1247 s= 134.6 on_road=True
t=  29.1s (  265.15, -964.36) speed= 6.03m/s road1247 s= 140.1 on_road=True
t=  30.1s (  268.90, -961.49) speed= 4.71m/s road1247 s= 144.8 on_road=True
t=  31.1s (  273.21, -958.15) speed= 5.73m/s road1247 s= 150.3 on_road=True
[전이] t=  31.45s road1915 커넥터 speed= 4.49m/s limit=30km/h
[계획 이탈] t=31.45s road1915 는 계획의 현재/다음 road 가 아님(비치명, 계속 주행)
[전이] t=  31.55s road1247 일반 speed= 4.15m/s limit=30km/h
[전이] t=  31.65s road1914 커넥터 speed= 4.14m/s limit=30km/h
t=  32.1s (  276.84, -955.18) speed= 4.86m/s road1914 s=   2.2 on_road=True
[전이] t=  32.50s road1356 일반 speed= 5.31m/s limit=30km/h
t=  33.1s (  281.14, -951.64) speed= 5.62m/s road1356 s=   3.3 on_road=True
t=  34.1s (  284.79, -948.79) speed= 4.90m/s road1356 s=   7.9 on_road=True
t=  35.1s (  289.37, -945.74) speed= 5.36m/s road1356 s=  13.2 on_road=True
t=  36.1s (  293.35, -943.33) speed= 5.08m/s road1356 s=  17.8 on_road=True
t=  37.1s (  298.23, -940.52) speed= 5.21m/s road1356 s=  23.5 on_road=True
t=  38.1s (  302.22, -938.26) speed= 5.14m/s road1356 s=  28.1 on_road=True
t=  39.1s (  306.88, -935.16) speed= 5.12m/s road1356 s=  33.6 on_road=True
[전이] t=  39.65s road1917 커넥터 speed= 4.44m/s limit=30km/h
t=  40.1s (  310.35, -932.21) speed= 5.24m/s road1917 s=   2.7 on_road=True
[전이] t=  40.15s road1916 커넥터 speed= 5.19m/s limit=30km/h
[전이] t=  40.40s road1355 일반 speed= 5.25m/s limit=30km/h
t=  41.1s (  314.75, -928.76) speed= 5.09m/s road1355 s=   4.4 on_road=True
t=  42.1s (  318.42, -926.00) speed= 5.25m/s road1355 s=   9.0 on_road=True
t=  43.1s (  322.89, -922.69) speed= 5.05m/s road1355 s=  14.6 on_road=True
t=  44.1s (  326.62, -919.97) speed= 5.26m/s road1355 s=  19.2 on_road=True
t=  45.1s (  331.13, -916.68) speed= 5.02m/s road1355 s=  24.8 on_road=True
t=  46.1s (  334.87, -913.96) speed= 5.42m/s road1355 s=  29.4 on_road=True
t=  47.1s (  339.42, -910.66) speed= 5.11m/s road1355 s=  35.0 on_road=True
t=  48.1s (  343.24, -907.89) speed= 5.31m/s road1355 s=  39.8 on_road=True
t=  49.1s (  347.79, -904.60) speed= 5.01m/s road1355 s=  45.4 on_road=True
t=  50.1s (  351.51, -901.89) speed= 5.13m/s road1355 s=  50.0 on_road=True
[전이] t=  51.00s road1449 커넥터 speed= 5.03m/s limit=30km/h
t=  51.1s (  355.66, -898.34) speed= 4.67m/s road1449 s=   0.0 on_road=True
[전이] t=  51.15s road1355 일반 speed= 4.15m/s limit=30km/h
[전이] t=  51.25s road1446 커넥터 speed= 4.11m/s limit=30km/h
t=  52.1s (  357.58, -894.23) speed= 5.21m/s road1446 s=   5.6 on_road=True
t=  53.1s (  357.14, -888.89) speed= 4.51m/s road1446 s=  13.3 on_road=True
[전이] t=  53.20s road1445 커넥터 speed= 4.27m/s limit=30km/h
[전이] t=  53.50s road1172 일반 speed= 4.68m/s limit=30km/h
t=  54.1s (  355.82, -884.31) speed= 5.25m/s road1172 s=   4.2 on_road=True
t=  55.1s (  353.90, -879.35) speed= 4.06m/s road1172 s=   9.6 on_road=True
t=  56.1s (  352.01, -874.92) speed= 5.30m/s road1172 s=  14.4 on_road=True
t=  57.1s (  349.86, -870.07) speed= 4.13m/s road1172 s=  19.7 on_road=True
t=  58.1s (  347.84, -865.59) speed= 5.68m/s road1172 s=  24.6 on_road=True
t=  59.1s (  345.68, -860.84) speed= 4.13m/s road1172 s=  29.8 on_road=True
--- 메모리 측정(주행중(차량1대+BasicAgent, 동기 20Hz)) ---
total        used        free      shared  buff/cache   available
Mem:            12Gi       8.7Gi       3.1Gi        99Mi       900Mi       3.6Gi
Swap:          8.0Gi       858Mi       7.2Gi
gtt_used: 1714810880 bytes (1.60GiB)
t=  60.1s (  343.61, -856.31) speed= 5.96m/s road1172 s=  34.8 on_road=True
t=  61.1s (  341.45, -851.59) speed= 4.21m/s road1172 s=  40.0 on_road=True
t=  62.1s (  339.35, -847.02) speed= 5.63m/s road1172 s=  45.0 on_road=True
t=  63.1s (  337.17, -842.27) speed= 4.15m/s road1172 s=  50.2 on_road=True
t=  64.1s (  335.09, -837.76) speed= 6.00m/s road1172 s=  55.2 on_road=True
t=  65.1s (  332.93, -833.05) speed= 4.25m/s road1172 s=  60.4 on_road=True
t=  66.1s (  330.82, -828.47) speed= 5.38m/s road1172 s=  65.4 on_road=True
t=  67.1s (  328.60, -823.64) speed= 4.20m/s road1172 s=  70.7 on_road=True
t=  68.1s (  326.51, -819.11) speed= 5.32m/s road1172 s=  75.7 on_road=True
t=  69.1s (  324.28, -814.25) speed= 4.18m/s road1172 s=  81.1 on_road=True
t=  70.1s (  322.21, -809.75) speed= 5.36m/s road1172 s=  86.0 on_road=True
t=  71.1s (  319.89, -804.71) speed= 4.19m/s road1172 s=  91.6 on_road=True
t=  72.1s (  317.90, -800.40) speed= 5.37m/s road1172 s=  96.3 on_road=True
t=  73.1s (  315.52, -795.23) speed= 5.20m/s road1172 s= 102.0 on_road=True
t=  74.1s (  313.62, -791.09) speed= 5.40m/s road1172 s= 106.6 on_road=True
t=  75.1s (  311.28, -785.96) speed= 5.27m/s road1172 s= 112.2 on_road=True
t=  76.1s (  309.52, -781.68) speed= 5.05m/s road1172 s= 116.8 on_road=True
[전이] t=  76.40s road1429 커넥터 speed= 5.23m/s limit=30km/h
t=  77.1s (  309.02, -776.29) speed= 5.07m/s road1429 s=   5.0 on_road=True
[전이] t=  77.10s road1434 커넥터 speed= 5.03m/s limit=30km/h
[전이] t=  77.90s road1431 커넥터 speed= 5.06m/s limit=30km/h
t=  78.1s (  310.15, -771.76) speed= 5.21m/s road1431 s=   6.0 on_road=True
[전이] t=  78.50s road1428 커넥터 speed= 6.34m/s limit=30km/h
[전이] t=  78.90s road1432 커넥터 speed= 5.23m/s limit=30km/h
t=  79.1s (  313.03, -767.01) speed= 5.11m/s road1432 s=   7.0 on_road=True
[전이] t=  79.55s road1240 일반 speed= 4.42m/s limit=30km/h
t=  80.1s (  315.87, -763.41) speed= 5.22m/s road1240 s=   3.1 on_road=True
t=  81.1s (  319.52, -759.26) speed= 4.76m/s road1240 s=   8.6 on_road=True
t=  82.1s (  322.65, -755.88) speed= 5.26m/s road1240 s=  13.2 on_road=True
t=  83.1s (  326.44, -751.87) speed= 4.56m/s road1240 s=  18.7 on_road=True
t=  84.1s (  329.68, -748.47) speed= 5.35m/s road1240 s=  23.4 on_road=True
t=  85.1s (  333.47, -744.51) speed= 4.26m/s road1240 s=  28.9 on_road=True
t=  86.1s (  336.73, -741.11) speed= 5.31m/s road1240 s=  33.6 on_road=True
t=  87.1s (  340.53, -737.24) speed= 4.16m/s road1240 s=  39.0 on_road=True
t=  88.1s (  343.92, -733.87) speed= 5.31m/s road1240 s=  43.8 on_road=True
t=  89.1s (  347.79, -730.18) speed= 4.06m/s road1240 s=  49.1 on_road=True
t=  90.1s (  351.32, -726.91) speed= 5.31m/s road1240 s=  53.9 on_road=True
t=  91.1s (  355.25, -723.33) speed= 4.12m/s road1240 s=  59.2 on_road=True
t=  92.1s (  358.90, -720.03) speed= 5.62m/s road1240 s=  64.1 on_road=True
t=  93.1s (  362.79, -716.53) speed= 4.15m/s road1240 s=  69.3 on_road=True
t=  94.1s (  366.47, -713.22) speed= 5.99m/s road1240 s=  74.3 on_road=True
t=  95.1s (  370.29, -709.79) speed= 4.23m/s road1240 s=  79.4 on_road=True
t=  96.1s (  374.08, -706.38) speed= 6.25m/s road1240 s=  84.5 on_road=True
t=  97.1s (  377.86, -702.99) speed= 4.31m/s road1240 s=  89.6 on_road=True
t=  98.1s (  381.72, -699.53) speed= 6.35m/s road1240 s=  94.8 on_road=True
t=  99.1s (  385.44, -696.19) speed= 4.43m/s road1240 s=  99.8 on_road=True
t= 100.1s (  389.32, -692.71) speed= 6.27m/s road1240 s= 105.0 on_road=True
t= 101.1s (  393.10, -689.32) speed= 4.32m/s road1240 s= 110.1 on_road=True
t= 102.1s (  396.90, -685.84) speed= 6.27m/s road1240 s= 115.2 on_road=True
t= 103.1s (  400.36, -682.29) speed= 4.43m/s road1240 s= 120.3 on_road=True
t= 104.1s (  403.94, -678.37) speed= 6.26m/s road1240 s= 125.7 on_road=True
t= 105.1s (  407.29, -674.82) speed= 4.52m/s road1240 s= 130.5 on_road=True
t= 106.1s (  411.05, -670.99) speed= 6.10m/s road1240 s= 135.8 on_road=True
t= 107.1s (  414.42, -667.61) speed= 4.59m/s road1240 s= 140.6 on_road=True
t= 108.1s (  418.27, -663.77) speed= 6.02m/s road1240 s= 146.0 on_road=True
[전이] t= 108.65s road1697 커넥터 speed= 4.09m/s limit=30km/h
[전이] t= 108.70s road1240 일반 speed= 4.09m/s limit=30km/h
[전이] t= 108.80s road1696 커넥터 speed= 4.20m/s limit=30km/h
[전이] t= 109.00s road1695 커넥터 speed= 4.57m/s limit=30km/h
t= 109.1s (  421.64, -660.42) speed= 4.67m/s road1695 s=   1.3 on_road=True
t= 110.1s (  425.36, -656.58) speed= 6.24m/s road1695 s=   6.6 on_road=True
t= 111.1s (  428.71, -652.91) speed= 4.41m/s road1695 s=  11.7 on_road=True
[전이] t= 111.75s road1239 일반 speed= 5.20m/s limit=30km/h
t= 112.1s (  432.18, -648.96) speed= 6.24m/s road1239 s=   1.9 on_road=True
t= 113.1s (  435.38, -645.27) speed= 4.52m/s road1239 s=   6.8 on_road=True
t= 114.1s (  438.89, -641.18) speed= 6.11m/s road1239 s=  12.2 on_road=True
t= 115.1s (  442.01, -637.56) speed= 4.58m/s road1239 s=  17.0 on_road=True
t= 116.1s (  445.66, -633.58) speed= 5.95m/s road1239 s=  22.4 on_road=True
t= 117.1s (  449.08, -630.27) speed= 4.74m/s road1239 s=  27.0 on_road=True
t= 118.1s (  453.31, -626.74) speed= 5.81m/s road1239 s=  32.4 on_road=True
t= 119.1s (  457.08, -623.99) speed= 4.82m/s road1239 s=  36.9 on_road=True
t= 120.1s (  461.66, -620.88) speed= 5.60m/s road1239 s=  42.4 on_road=True
t= 121.1s (  465.50, -618.35) speed= 4.90m/s road1239 s=  47.0 on_road=True
[전이] t= 121.75s road1426 커넥터 speed= 6.25m/s limit=30km/h
t= 122.1s (  470.14, -615.44) speed= 5.34m/s road1426 s=   1.9 on_road=True
t= 123.1s (  474.17, -613.08) speed= 5.13m/s road1426 s=   6.5 on_road=True
[전이] t= 123.25s road1422 커넥터 speed= 5.19m/s limit=30km/h
[전이] t= 123.35s road1424 커넥터 speed= 5.23m/s limit=30km/h
[전이] t= 123.45s road1426 커넥터 speed= 5.23m/s limit=30km/h
t= 124.1s (  479.06, -610.42) speed= 5.29m/s road1426 s=  12.0 on_road=True
t= 125.1s (  483.20, -608.29) speed= 5.15m/s road1426 s=  16.6 on_road=True
[전이] t= 125.25s road1238 일반 speed= 5.13m/s limit=30km/h
t= 126.1s (  488.12, -605.74) speed= 5.03m/s road1238 s=   4.7 on_road=True
t= 127.1s (  492.22, -603.63) speed= 5.30m/s road1238 s=   9.3 on_road=True
t= 128.1s (  497.17, -601.10) speed= 5.09m/s road1238 s=  14.9 on_road=True
t= 129.1s (  501.31, -598.98) speed= 5.29m/s road1238 s=  19.5 on_road=True
t= 130.1s (  506.25, -596.45) speed= 4.78m/s road1238 s=  25.1 on_road=True
t= 131.1s (  510.36, -594.39) speed= 5.18m/s road1238 s=  29.7 on_road=True
[전이] t= 131.90s road1564 커넥터 speed= 5.06m/s limit=30km/h
t= 132.1s (  515.48, -592.55) speed= 4.50m/s road1564 s=   0.8 on_road=True
[전이] t= 132.75s road1561 커넥터 speed= 5.11m/s limit=30km/h
t= 133.1s (  520.05, -592.70) speed= 5.28m/s road1561 s=  10.7 on_road=True
[전이] t= 133.40s road1558 커넥터 speed= 5.17m/s limit=30km/h
[전이] t= 134.05s road1559 커넥터 speed= 5.54m/s limit=30km/h
t= 134.1s (  524.62, -595.18) speed= 5.54m/s road1559 s=   4.1 on_road=True
[전이] t= 134.70s road1278 일반 speed= 5.04m/s limit=30km/h
t= 135.1s (  528.30, -598.85) speed= 4.26m/s road1278 s=   2.2 on_road=True
t= 136.1s (  531.49, -602.79) speed= 6.26m/s road1278 s=   7.3 on_road=True
t= 137.1s (  534.50, -606.84) speed= 4.30m/s road1278 s=  12.3 on_road=True
t= 138.1s (  537.50, -611.03) speed= 6.33m/s road1278 s=  17.4 on_road=True
t= 139.1s (  540.37, -615.11) speed= 4.43m/s road1278 s=  22.4 on_road=True
t= 140.1s (  543.38, -619.44) speed= 6.24m/s road1278 s=  27.7 on_road=True
t= 141.1s (  546.15, -623.42) speed= 4.51m/s road1278 s=  32.6 on_road=True
t= 142.1s (  549.20, -627.82) speed= 6.18m/s road1278 s=  37.9 on_road=True
t= 143.1s (  552.00, -631.86) speed= 4.64m/s road1278 s=  42.8 on_road=True
t= 144.1s (  555.12, -636.35) speed= 6.17m/s road1278 s=  48.3 on_road=True
t= 145.1s (  557.86, -640.30) speed= 4.62m/s road1278 s=  53.1 on_road=True
t= 146.1s (  560.96, -644.78) speed= 5.99m/s road1278 s=  58.5 on_road=True
t= 147.1s (  563.65, -648.66) speed= 4.70m/s road1278 s=  63.3 on_road=True
t= 148.1s (  566.77, -653.17) speed= 6.08m/s road1278 s=  68.7 on_road=True
t= 149.1s (  569.52, -657.14) speed= 4.77m/s road1278 s=  73.6 on_road=True
t= 150.1s (  572.67, -661.69) speed= 5.81m/s road1278 s=  79.1 on_road=True
t= 151.1s (  575.34, -665.54) speed= 4.83m/s road1278 s=  83.8 on_road=True
t= 152.1s (  578.49, -670.08) speed= 6.02m/s road1278 s=  89.3 on_road=True
t= 153.1s (  581.19, -673.98) speed= 4.71m/s road1278 s=  94.1 on_road=True
완주: t=153.4s 종점까지 4.80m

=== 요약 ===
route: legacy (종점 road1278 s=100.38)
결과: 완주
주행 시간(시뮬): 153.4s
계획 이탈 기록: t=31.45s road1915 는 계획의 현재/다음 road 가 아님(비치명, 계속 주행)

=== 계획 vs 실제 road 시퀀스 ===
 0 계획 1247  실제 1247 
 1 계획 1914  실제 1915   <-- 불일치
 2 계획 1356  실제 1247   <-- 불일치
 3 계획 1917  실제 1914   <-- 불일치
 4 계획 1355  실제 1356   <-- 불일치
 5 계획 1446  실제 1917   <-- 불일치
 6 계획 1172  실제 1916   <-- 불일치
 7 계획 1428  실제 1355   <-- 불일치
 8 계획 1240  실제 1449   <-- 불일치
 9 계획 1695  실제 1355   <-- 불일치
10 계획 1239  실제 1446   <-- 불일치
11 계획 1426  실제 1445   <-- 불일치
12 계획 1238  실제 1172   <-- 불일치
13 계획 1564  실제 1429   <-- 불일치
14 계획 1278  실제 1434   <-- 불일치
15 계획 -     실제 1431   <-- 불일치
16 계획 -     실제 1428   <-- 불일치
17 계획 -     실제 1432   <-- 불일치
18 계획 -     실제 1240   <-- 불일치
19 계획 -     실제 1697   <-- 불일치
20 계획 -     실제 1240   <-- 불일치
21 계획 -     실제 1696   <-- 불일치
22 계획 -     실제 1695   <-- 불일치
23 계획 -     실제 1239   <-- 불일치
24 계획 -     실제 1426   <-- 불일치
25 계획 -     실제 1422   <-- 불일치
26 계획 -     실제 1424   <-- 불일치
27 계획 -     실제 1426   <-- 불일치
28 계획 -     실제 1238   <-- 불일치
29 계획 -     실제 1564   <-- 불일치
30 계획 -     실제 1561   <-- 불일치
31 계획 -     실제 1558   <-- 불일치
32 계획 -     실제 1559   <-- 불일치
33 계획 -     실제 1278   <-- 불일치
첫 불일치 위치: 1번째 (계획 1914 / 실제 1915)
junction 통과(커넥터 road 를 실제로 밟았는지):
junction1   (r1914): 통과
junction107 (r1917): 통과
junction42  (r1446): 통과
junction10  (r1428): 통과
junction60  (r1695): 통과
junction84  (r1426): 통과
junction36  (r1564): 통과
junction2(출발 전), junction35(종점 밖)는 통과 대상 아님

=== 급회전 커넥터 이탈량 (정의: sharp_offset docstring) ===
r1446 (+78.6°): tick 38, 최대|lat| 1.64m, 최대 차체초과 +0.95m(안쪽, s=10.0), on_road False 8tick, 충돌 0건
r1428 (-68.5°): tick 56, 최대|lat| 1.40m, 최대 차체초과 +0.61m(안쪽, s=7.0), on_road False 0tick, 충돌 0건
r1564 (-82.2°): tick 51, 최대|lat| 1.65m, 최대 차체초과 +0.83m(안쪽, s=9.0), on_road False 0tick, 충돌 0건
r1446 진입: t=51.25s speed=4.11m/s(14.8km/h)
r1428 진입: t=78.50s speed=6.34m/s(22.8km/h)
r1564 진입: t=131.90s speed=5.06m/s(18.2km/h)

=== 차체 판정 road 별 (tick 수, 최대 차선밖 꼭짓점) ===
road1247: 인도 22tick, 차선밖꼭짓점 최대 1/4 (1개 이상 26tick), 반대차선(중심) 0tick, (계획 차선 안 0tick), 꼭짓점 침범깊이 최대 0.17m, 메시밖 0tick
road1356: 인도 2tick, 차선밖꼭짓점 최대 1/4 (1개 이상 2tick), 반대차선(중심) 0tick, (계획 차선 안 0tick), 꼭짓점 침범깊이 최대 0.00m, 메시밖 0tick
road1917: 인도 3tick, 차선밖꼭짓점 최대 1/4 (1개 이상 3tick), 반대차선(중심) 0tick, (계획 차선 안 0tick), 꼭짓점 침범깊이 최대 0.00m, 메시밖 0tick
road1355: 인도 2tick, 차선밖꼭짓점 최대 1/4 (1개 이상 2tick), 반대차선(중심) 0tick, (계획 차선 안 0tick), 꼭짓점 침범깊이 최대 0.00m, 메시밖 0tick
road1446: 인도 39tick, 차선밖꼭짓점 최대 2/4 (1개 이상 39tick), 반대차선(중심) 0tick, (계획 차선 안 0tick), 꼭짓점 침범깊이 최대 0.00m, 메시밖 0tick
road1445: 인도 6tick, 차선밖꼭짓점 최대 1/4 (1개 이상 6tick), 반대차선(중심) 0tick, (계획 차선 안 0tick), 꼭짓점 침범깊이 최대 0.00m, 메시밖 0tick
road1172: 인도 11tick, 차선밖꼭짓점 최대 1/4 (1개 이상 11tick), 반대차선(중심) 0tick, (계획 차선 안 0tick), 꼭짓점 침범깊이 최대 0.00m, 메시밖 0tick
road1429: 인도 0tick, 차선밖꼭짓점 최대 0/4 (1개 이상 0tick), 반대차선(중심) 0tick, (계획 차선 안 0tick), 꼭짓점 침범깊이 최대 2.00m, 메시밖 0tick
road1434: 인도 0tick, 차선밖꼭짓점 최대 0/4 (1개 이상 0tick), 반대차선(중심) 16tick, (계획 차선 안 16tick), 꼭짓점 침범깊이 최대 2.93m, 메시밖 0tick
road1431: 인도 0tick, 차선밖꼭짓점 최대 0/4 (1개 이상 0tick), 반대차선(중심) 3tick, (계획 차선 안 3tick), 꼭짓점 침범깊이 최대 2.63m, 메시밖 0tick
road1428: 인도 0tick, 차선밖꼭짓점 최대 0/4 (1개 이상 0tick), 반대차선(중심) 0tick, (계획 차선 안 0tick), 꼭짓점 침범깊이 최대 2.28m, 메시밖 0tick
road1432: 인도 0tick, 차선밖꼭짓점 최대 0/4 (1개 이상 0tick), 반대차선(중심) 0tick, (계획 차선 안 0tick), 꼭짓점 침범깊이 최대 0.94m, 메시밖 0tick
road1426: 인도 0tick, 차선밖꼭짓점 최대 0/4 (1개 이상 0tick), 반대차선(중심) 0tick, (계획 차선 안 0tick), 꼭짓점 침범깊이 최대 2.02m, 메시밖 0tick
road1422: 인도 0tick, 차선밖꼭짓점 최대 0/4 (1개 이상 0tick), 반대차선(중심) 0tick, (계획 차선 안 0tick), 꼭짓점 침범깊이 최대 1.01m, 메시밖 0tick
road1424: 인도 0tick, 차선밖꼭짓점 최대 0/4 (1개 이상 0tick), 반대차선(중심) 0tick, (계획 차선 안 0tick), 꼭짓점 침범깊이 최대 1.10m, 메시밖 0tick
road1238: 인도 0tick, 차선밖꼭짓점 최대 0/4 (1개 이상 0tick), 반대차선(중심) 0tick, (계획 차선 안 0tick), 꼭짓점 침범깊이 최대 2.56m, 메시밖 0tick
road1564: 인도 0tick, 차선밖꼭짓점 최대 0/4 (1개 이상 0tick), 반대차선(중심) 0tick, (계획 차선 안 0tick), 꼭짓점 침범깊이 최대 2.18m, 메시밖 0tick
road1561: 인도 0tick, 차선밖꼭짓점 최대 0/4 (1개 이상 0tick), 반대차선(중심) 13tick, (계획 차선 안 13tick), 꼭짓점 침범깊이 최대 2.85m, 메시밖 0tick
road1558: 인도 0tick, 차선밖꼭짓점 최대 0/4 (1개 이상 0tick), 반대차선(중심) 5tick, (계획 차선 안 5tick), 꼭짓점 침범깊이 최대 2.44m, 메시밖 0tick
road1559: 인도 0tick, 차선밖꼭짓점 최대 1/4 (1개 이상 1tick), 반대차선(중심) 0tick, (계획 차선 안 0tick), 꼭짓점 침범깊이 최대 2.09m, 메시밖 0tick
road1278: 인도 0tick, 차선밖꼭짓점 최대 0/4 (1개 이상 0tick), 반대차선(중심) 0tick, (계획 차선 안 0tick), 꼭짓점 침범깊이 최대 0.73m, 메시밖 0tick
(목록에 없는 road 는 전부 0)

=== 차선 이탈 구간 (차체 기준, 계획 중심선 기준, 세션19) ===
t=19.95~20.90s road1247 -중앙선 쪽 최대 lat -0.95m 차체초과 0.17m 중심초과 0.00m 20tick, 진입 15.2km/h, road 평균R 173.65 R2min 10.28
t=39.45~39.70s road1356 +인도 쪽 최대 lat +0.92m 차체초과 0.14m 중심초과 0.00m 6tick, 진입 15.0km/h, road 평균R 209.60 R2min 13.11
t=51.30~53.65s road1446 +인도 쪽 최대 lat +1.74m 차체초과 0.96m 중심초과 0.06m 48tick, 진입 14.8km/h, road 평균R 10.12 R2min 7.40
t=76.55~79.15s road1428 -중앙선 쪽 최대 lat -1.40m 차체초과 0.62m 중심초과 0.00m 53tick, 진입 21.3km/h, road 평균R 11.90 R2min 6.48
t=132.15~134.85s road1564 -중앙선 쪽 최대 lat -1.62m 차체초과 0.84m 중심초과 0.00m 55tick, 진입 14.8km/h, road 평균R 9.02 R2min 6.42
합계 5구간 (중앙선 쪽 3, 인도 쪽 2), 최대 차체초과 0.96m
충돌 누적 0건
판정: record
follow=off
궤적 로그: /home/gyumin/campus_mobility_sim/map/docs/logs/drive_log_20261002_012938.csv
충돌 센서(actor_id=46) 제거함
정상 종료 - 차량(actor_id=45) 브레이크 유지로 남겨둠
[동기모드] 복귀: synchronous_mode=False fixed_delta_seconds=None
