controller=agent, 동기모드=켬 0.05s
맵: Carla/Maps/OpenDriveMap, spawn point 1243개
spawn: Location(x=217.845581, y=-1087.414185, z=0.500000) road1247 lane-1 s=0.00
계획 CSV: /home/gm/campus_mobility_sim/map/docs/logs/drive_plan_20260924_231850.csv
계획 웨이포인트 총 204개
road   kind  n  s범위          최대간격(m)
1247   road  39 1.96~151.01  4.38
1914   conn  2  1.07~3.22  2.93
1356   road  10 1.85~35.20  4.0
1917   conn  1  1.48~1.48  2.07
1355   road  15 1.87~54.20  4.13
1446   conn  4  1.74~12.17  3.33
1172   road  30 1.98~117.07  3.97
1428   conn  4  1.78~12.46  4.3
1240   road  38 1.97~147.53  4.09
1695   conn  4  1.89~13.23  3.86
1239   road  13 1.95~48.68  4.06
1426   conn  5  1.74~15.69  3.7
1238   road  9  1.91~32.45  3.82
1564   conn  4  1.62~11.34  3.99
1278   road  26 1.93~98.45  3.86
커넥터 안쪽 점: 24개 / 점 없는 커넥터: 없음
전체 최대 간격 4.38m, 평균 3.85m
인접 road 연결 확인: 14쌍 모두 next() 로 이어짐
궤적 로그(tick마다 기록): /home/gm/campus_mobility_sim/map/docs/logs/drive_log_20260924_231850.csv
차량 스폰: actor_id=25
bounding box: half_length=1.853m half_width=0.894m half_height=0.775m -> /home/gm/campus_mobility_sim/map/docs/logs/vehicle_bbox_20260924_231850.txt
충돌 센서 부착: actor_id=26 -> /home/gm/campus_mobility_sim/map/docs/logs/collision_events_20260924_231850.csv
BasicAgent set_global_plan 204점, target_speed=20.0km/h, dt=0.05
[동기모드] 전환 전: synchronous_mode=False fixed_delta_seconds=None
[동기모드] 전환 후: synchronous_mode=True fixed_delta_seconds=0.05
[전이] t=   0.05s road1247 일반 speed= 0.00m/s limit=30km/h
t=   0.1s (  217.85,-1087.41) speed= 0.00m/s road1247 s=   0.0 on_road=True
t=   1.1s (  217.86,-1087.17) speed= 1.50m/s road1247 s=   0.2 on_road=True
t=   2.1s (  217.99,-1084.54) speed= 3.75m/s road1247 s=   2.9 on_road=True
t=   3.1s (  218.22,-1079.78) speed= 5.30m/s road1247 s=   7.6 on_road=True
t=   4.1s (  218.49,-1074.24) speed= 4.68m/s road1247 s=  13.2 on_road=True
t=   5.1s (  218.72,-1069.51) speed= 5.34m/s road1247 s=  17.9 on_road=True
t=   6.1s (  218.99,-1063.84) speed= 5.10m/s road1247 s=  23.6 on_road=True
t=   7.1s (  219.22,-1059.24) speed= 5.21m/s road1247 s=  28.2 on_road=True
t=   8.1s (  219.49,-1053.60) speed= 5.55m/s road1247 s=  33.9 on_road=True
t=   9.1s (  219.72,-1048.98) speed= 4.92m/s road1247 s=  38.5 on_road=True
[tick 대조] fixed_delta=0.05 delta_seconds=0.0500 시뮬경과/프레임=0.0500s 벽시계 226.4 tick/s (프레임 200)
t=  10.1s (  220.00,-1043.42) speed= 5.92m/s road1247 s=  44.1 on_road=True
t=  11.1s (  220.29,-1038.69) speed= 4.75m/s road1247 s=  48.8 on_road=True
t=  12.1s (  220.70,-1033.18) speed= 5.87m/s road1247 s=  54.3 on_road=True
t=  13.1s (  221.12,-1028.49) speed= 4.82m/s road1247 s=  59.0 on_road=True
t=  14.1s (  221.67,-1023.04) speed= 5.52m/s road1247 s=  64.4 on_road=True
t=  15.1s (  222.16,-1018.40) speed= 4.99m/s road1247 s=  69.1 on_road=True
t=  16.1s (  222.85,-1012.90) speed= 6.22m/s road1247 s=  74.7 on_road=True
t=  17.1s (  223.91,-1008.22) speed= 4.62m/s road1247 s=  79.3 on_road=True
t=  18.1s (  225.60,-1003.08) speed= 5.91m/s road1247 s=  84.5 on_road=True
t=  19.1s (  227.36, -998.73) speed= 4.72m/s road1247 s=  89.2 on_road=True
t=  20.1s (  230.14, -994.07) speed= 5.71m/s road1247 s=  94.5 on_road=True
t=  21.1s (  233.20, -990.61) speed= 4.79m/s road1247 s=  98.8 on_road=True
t=  22.1s (  237.22, -986.87) speed= 5.55m/s road1247 s= 104.3 on_road=True
t=  23.1s (  240.76, -983.83) speed= 4.94m/s road1247 s= 108.9 on_road=True
t=  24.1s (  245.07, -980.30) speed= 5.35m/s road1247 s= 114.5 on_road=True
t=  25.1s (  248.64, -977.40) speed= 5.01m/s road1247 s= 119.1 on_road=True
t=  26.1s (  252.98, -973.92) speed= 5.22m/s road1247 s= 124.7 on_road=True
t=  27.1s (  256.59, -971.05) speed= 5.13m/s road1247 s= 129.3 on_road=True
t=  28.1s (  260.98, -967.59) speed= 5.05m/s road1247 s= 134.8 on_road=True
t=  29.1s (  264.62, -964.77) speed= 5.18m/s road1247 s= 139.4 on_road=True
t=  30.1s (  269.06, -961.37) speed= 5.01m/s road1247 s= 145.0 on_road=True
t=  31.1s (  272.75, -958.53) speed= 5.16m/s road1247 s= 149.7 on_road=True
[전이] t=  31.55s road1915 커넥터 speed= 6.33m/s limit=30km/h
[계획 이탈] t=31.55s road1915 는 계획의 현재/다음 road 가 아님(비치명, 계속 주행)
[전이] t=  31.60s road1247 일반 speed= 6.24m/s limit=30km/h
[전이] t=  31.65s road1914 커넥터 speed= 6.10m/s limit=30km/h
t=  32.1s (  277.05, -955.02) speed= 5.09m/s road1914 s=   2.5 on_road=True
[전이] t=  32.55s road1356 일반 speed= 4.41m/s limit=30km/h
t=  33.1s (  280.60, -952.09) speed= 5.30m/s road1356 s=   2.6 on_road=True
t=  34.1s (  284.96, -948.66) speed= 4.86m/s road1356 s=   8.1 on_road=True
t=  35.1s (  288.78, -946.11) speed= 5.12m/s road1356 s=  12.6 on_road=True
t=  36.1s (  293.45, -943.28) speed= 4.48m/s road1356 s=  18.0 on_road=True
t=  37.1s (  297.56, -940.90) speed= 5.26m/s road1356 s=  22.7 on_road=True
t=  38.1s (  302.28, -938.23) speed= 4.11m/s road1356 s=  28.1 on_road=True
t=  39.1s (  306.29, -935.66) speed= 5.31m/s road1356 s=  32.9 on_road=True
[전이] t=  39.65s road1917 커넥터 speed= 5.31m/s limit=30km/h
t=  40.1s (  310.38, -932.22) speed= 3.90m/s road1917 s=   2.7 on_road=True
[전이] t=  40.20s road1916 커넥터 speed= 3.96m/s limit=30km/h
[전이] t=  40.45s road1355 일반 speed= 4.44m/s limit=30km/h
t=  41.1s (  314.03, -929.32) speed= 5.24m/s road1355 s=   3.5 on_road=True
t=  42.1s (  318.34, -926.06) speed= 4.17m/s road1355 s=   8.9 on_road=True
t=  43.1s (  322.16, -923.24) speed= 5.18m/s road1355 s=  13.7 on_road=True
t=  44.1s (  326.46, -920.08) speed= 4.13m/s road1355 s=  19.0 on_road=True
t=  45.1s (  330.41, -917.20) speed= 5.38m/s road1355 s=  23.9 on_road=True
t=  46.1s (  334.77, -914.03) speed= 4.07m/s road1355 s=  29.3 on_road=True
t=  47.1s (  338.70, -911.18) speed= 5.37m/s road1355 s=  34.2 on_road=True
t=  48.1s (  343.17, -907.94) speed= 4.55m/s road1355 s=  39.7 on_road=True
t=  49.1s (  347.06, -905.12) speed= 5.36m/s road1355 s=  44.5 on_road=True
t=  50.1s (  351.46, -901.93) speed= 4.17m/s road1355 s=  49.9 on_road=True
t=  51.1s (  355.16, -898.88) speed= 5.15m/s road1355 s=  54.7 on_road=True
[전이] t=  51.15s road1449 커넥터 speed= 5.93m/s limit=30km/h
[전이] t=  51.25s road1355 일반 speed= 6.10m/s limit=30km/h
[전이] t=  51.30s road1446 커넥터 speed= 6.12m/s limit=30km/h
t=  52.1s (  357.48, -894.39) speed= 4.16m/s road1446 s=   5.4 on_road=False

=== 요약 ===
결과: 실패 - 도로 이탈 7tick/0.30s 연속 (road1446)
주행 시간(시뮬): 52.3s
계획 이탈 기록: t=31.55s road1915 는 계획의 현재/다음 road 가 아님(비치명, 계속 주행)

=== 계획 vs 실제 road 시퀀스 ===
 0 계획 1247  실제 1247 
 1 계획 1914  실제 1915   <-- 불일치
 2 계획 1356  실제 1247   <-- 불일치
 3 계획 1917  실제 1914   <-- 불일치
 4 계획 1355  실제 1356   <-- 불일치
 5 계획 1446  실제 1917   <-- 불일치
 6 계획 1172  실제 1916   <-- 불일치
 7 계획 1428  실제 1355   <-- 불일치
 8 계획 1240  실제 1449   <-- 불일치
 9 계획 1695  실제 1355   <-- 불일치
10 계획 1239  실제 1446   <-- 불일치
11 계획 1426  실제 -      <-- 불일치
12 계획 1238  실제 -      <-- 불일치
13 계획 1564  실제 -      <-- 불일치
14 계획 1278  실제 -      <-- 불일치
첫 불일치 위치: 1번째 (계획 1914 / 실제 1915)
junction 통과(커넥터 road 를 실제로 밟았는지):
junction1   (r1914): 통과
junction107 (r1917): 통과
junction42  (r1446): 통과
junction10  (r1428): 미통과
junction60  (r1695): 미통과
junction84  (r1426): 미통과
junction36  (r1564): 미통과
junction2(출발 전), junction35(종점 밖)는 통과 대상 아님

=== 급회전 커넥터 이탈량 (정의: sharp_offset docstring) ===
r1446 (+78.6°): tick 20, 최대|lat| 1.63m, 최대 차체초과 +0.76m(안쪽, s=7.2), on_road False 7tick, 충돌 0건
r1428 (-68.5°): 측정 없음(미도달 또는 중심선 3.0m 밖)
r1564 (-82.2°): 측정 없음(미도달 또는 중심선 3.0m 밖)

=== 실패 직전 10초 road 전이 (t_end=52.30s) ===
t=  51.15s road1449  커넥터 speed= 5.93m/s (355.6,-898.5)
t=  51.25s road1355  일반  speed= 6.10m/s (355.9,-898.0)
t=  51.30s road1446  커넥터 speed= 6.12m/s (356.1,-897.8)
궤적 로그: /home/gm/campus_mobility_sim/map/docs/logs/drive_log_20260924_231850.csv
충돌 센서(actor_id=26) 제거함
실패/예외로 차량(actor_id=25) 제거함
[동기모드] 복귀: synchronous_mode=False fixed_delta_seconds=None
