route=north: 17 road [1247, 1914, 1356, 1917, 1355, 1447, 1373, 1673, 1374, 1591, 1375, 1689, 1376, 1625, 1377, 1640, 1378]
  종점 road1378 lane-1 s=78.0 (완주 s>=77.0 이고 종점 5m 이내) - 도서관 북문(구관 북동 면 중점 46.1m)
  커넥터 {1914: 1, 1917: 107, 1447: 42, 1673: 58, 1591: 44, 1689: 59, 1625: 47, 1640: 51}, 급회전 없음
controller=agent, 동기모드=켬 0.05s
conn_spacing=4.0m(전 구간), sharp_speed=없음
follow=on(뒤 8m, 위 4m, 매 tick)
맵: Carla/Maps/OpenDriveMap, spawn point 1243개
spawn: Location(x=217.845581, y=-1087.414185, z=0.500000) road1247 lane-1 s=0.00
계획 CSV: /home/gyumin/campus_mobility_sim/map/docs/logs/drive_plan_20260928_224708.csv
계획 웨이포인트 총 165개
road   kind  n  s범위          최대간격(m)
1247   road  39 1.96~151.01  4.38
1914   conn  2  1.07~3.22  2.93
1356   road  10 1.85~35.20  4.0
1917   conn  1  1.48~1.48  2.07
1355   road  15 1.87~54.20  4.13
1447   conn  5  1.63~14.67  3.5
1373   road  16 1.88~58.17  3.75
1673   conn  4  1.91~13.39  3.83
1374   road  21 1.95~79.75  3.9
1591   conn  4  1.93~13.48  3.87
1375   road  2  1.01~3.02  2.93
1689   conn  4  1.92~13.41  3.83
1376   road  4  1.88~13.18  3.8
1625   conn  4  1.91~13.39  3.83
1377   road  10 1.89~35.86  3.8
1640   conn  4  1.91~13.39  3.83
1378   road  20 1.95~76.05  3.9
커넥터 안쪽 점: 28개 / 점 없는 커넥터: 없음
전체 최대 간격 4.38m, 평균 3.78m
인접 road 연결 확인: 16쌍 모두 next() 로 이어짐
궤적 로그(tick마다 기록): /home/gyumin/campus_mobility_sim/map/docs/logs/drive_log_20260928_224708.csv
차량 스폰: actor_id=25
bounding box: half_length=1.853m half_width=0.894m half_height=0.775m -> /home/gyumin/campus_mobility_sim/map/docs/logs/vehicle_bbox_20260928_224708.txt
충돌 센서 부착: actor_id=26 -> /home/gyumin/campus_mobility_sim/map/docs/logs/collision_events_20260928_224708.csv
BasicAgent set_global_plan 165점, target_speed=20.0km/h, dt=0.05
[동기모드] 전환 전: synchronous_mode=False fixed_delta_seconds=None
[동기모드] 전환 후: synchronous_mode=True fixed_delta_seconds=0.05
[전이] t=   0.05s road1247 일반 speed= 0.00m/s limit=30km/h
t=   0.1s (  217.85,-1087.41) speed= 0.00m/s road1247 s=   0.0 on_road=True
t=   1.1s (  217.86,-1087.09) speed= 1.57m/s road1247 s=   0.3 on_road=True
t=   2.1s (  217.99,-1084.35) speed= 3.86m/s road1247 s=   3.1 on_road=True
t=   3.1s (  218.23,-1079.51) speed= 5.36m/s road1247 s=   7.9 on_road=True
t=   4.1s (  218.50,-1074.01) speed= 4.40m/s road1247 s=  13.4 on_road=True
t=   5.1s (  218.73,-1069.24) speed= 5.37m/s road1247 s=  18.2 on_road=True
t=   6.1s (  219.00,-1063.73) speed= 4.61m/s road1247 s=  23.7 on_road=True
t=   7.1s (  219.23,-1058.90) speed= 5.36m/s road1247 s=  28.5 on_road=True
t=   8.1s (  219.50,-1053.37) speed= 4.61m/s road1247 s=  34.1 on_road=True
t=   9.1s (  219.73,-1048.67) speed= 5.38m/s road1247 s=  38.8 on_road=True
[tick 대조] fixed_delta=0.05 delta_seconds=0.0500 시뮬경과/프레임=0.0500s 벽시계 160.7 tick/s (프레임 200)
t=  10.1s (  220.02,-1043.10) speed= 5.06m/s road1247 s=  44.4 on_road=True
t=  11.1s (  220.31,-1038.43) speed= 5.18m/s road1247 s=  49.1 on_road=True
t=  12.1s (  220.72,-1032.92) speed= 4.38m/s road1247 s=  54.6 on_road=True
t=  13.1s (  221.14,-1028.28) speed= 5.30m/s road1247 s=  59.2 on_road=True
t=  14.1s (  221.69,-1022.84) speed= 4.23m/s road1247 s=  64.6 on_road=True
t=  15.1s (  222.18,-1018.19) speed= 5.18m/s road1247 s=  69.3 on_road=True
t=  16.1s (  222.86,-1012.85) speed= 4.18m/s road1247 s=  74.7 on_road=True
t=  17.1s (  223.90,-1008.12) speed= 5.30m/s road1247 s=  79.4 on_road=True
t=  18.1s (  225.61,-1003.00) speed= 4.08m/s road1247 s=  84.5 on_road=True
t=  19.1s (  227.45, -998.57) speed= 5.16m/s road1247 s=  89.3 on_road=True
t=  20.1s (  230.18, -994.08) speed= 4.18m/s road1247 s=  94.5 on_road=True
t=  21.1s (  233.44, -990.36) speed= 5.97m/s road1247 s=  99.2 on_road=True
t=  22.1s (  237.23, -986.85) speed= 4.26m/s road1247 s= 104.3 on_road=True
t=  23.1s (  241.12, -983.53) speed= 6.27m/s road1247 s= 109.4 on_road=True
t=  24.1s (  245.04, -980.32) speed= 4.32m/s road1247 s= 114.5 on_road=True
t=  25.1s (  249.08, -977.05) speed= 6.28m/s road1247 s= 119.7 on_road=True
t=  26.1s (  252.94, -973.95) speed= 4.39m/s road1247 s= 124.6 on_road=True
t=  27.1s (  257.03, -970.70) speed= 6.17m/s road1247 s= 129.8 on_road=True
t=  28.1s (  260.86, -967.68) speed= 4.60m/s road1247 s= 134.7 on_road=True
t=  29.1s (  265.16, -964.35) speed= 5.95m/s road1247 s= 140.1 on_road=True
t=  30.1s (  268.93, -961.46) speed= 4.73m/s road1247 s= 144.8 on_road=True
t=  31.1s (  273.27, -958.10) speed= 5.74m/s road1247 s= 150.3 on_road=True
[전이] t=  31.40s road1915 커넥터 speed= 4.77m/s limit=30km/h
[계획 이탈] t=31.40s road1915 는 계획의 현재/다음 road 가 아님(비치명, 계속 주행)
[전이] t=  31.55s road1247 일반 speed= 4.08m/s limit=30km/h
[전이] t=  31.60s road1914 커넥터 speed= 4.05m/s limit=30km/h
t=  32.1s (  276.87, -955.15) speed= 4.80m/s road1914 s=   2.2 on_road=True
[전이] t=  32.50s road1356 일반 speed= 5.35m/s limit=30km/h
t=  33.1s (  281.16, -951.63) speed= 5.63m/s road1356 s=   3.3 on_road=True
t=  34.1s (  284.83, -948.76) speed= 4.90m/s road1356 s=   8.0 on_road=True
t=  35.1s (  289.41, -945.72) speed= 5.36m/s road1356 s=  13.2 on_road=True
t=  36.1s (  293.39, -943.30) speed= 5.08m/s road1356 s=  17.9 on_road=True
t=  37.1s (  298.27, -940.49) speed= 5.21m/s road1356 s=  23.5 on_road=True
t=  38.1s (  302.26, -938.24) speed= 5.13m/s road1356 s=  28.1 on_road=True
t=  39.1s (  306.90, -935.14) speed= 5.09m/s road1356 s=  33.7 on_road=True
[전이] t=  39.65s road1917 커넥터 speed= 4.39m/s limit=30km/h
t=  40.1s (  310.36, -932.19) speed= 5.20m/s road1917 s=   2.7 on_road=True
[전이] t=  40.15s road1916 커넥터 speed= 5.10m/s limit=30km/h
[전이] t=  40.40s road1355 일반 speed= 5.20m/s limit=30km/h
t=  41.1s (  314.72, -928.77) speed= 5.03m/s road1355 s=   4.4 on_road=True
t=  42.1s (  318.45, -925.98) speed= 5.17m/s road1355 s=   9.1 on_road=True
t=  43.1s (  323.10, -922.53) speed= 5.33m/s road1355 s=  14.9 on_road=True
t=  44.1s (  326.84, -919.80) speed= 5.39m/s road1355 s=  19.5 on_road=True
t=  45.1s (  331.36, -916.51) speed= 5.10m/s road1355 s=  25.1 on_road=True
t=  46.1s (  335.18, -913.73) speed= 5.38m/s road1355 s=  29.8 on_road=True
t=  47.1s (  339.71, -910.45) speed= 5.08m/s road1355 s=  35.4 on_road=True
t=  48.1s (  343.45, -907.73) speed= 5.34m/s road1355 s=  40.0 on_road=True
t=  49.1s (  347.95, -904.48) speed= 4.94m/s road1355 s=  45.6 on_road=True
t=  50.1s (  351.70, -901.77) speed= 5.19m/s road1355 s=  50.2 on_road=True
t=  51.1s (  356.15, -898.55) speed= 4.48m/s road1355 s=  55.7 on_road=True
[전이] t=  51.15s road1448 커넥터 speed= 4.12m/s limit=30km/h
[전이] t=  51.20s road1447 커넥터 speed= 4.09m/s limit=30km/h
t=  52.1s (  359.95, -895.81) speed= 5.34m/s road1447 s=   4.3 on_road=True
t=  53.1s (  364.39, -892.61) speed= 4.26m/s road1447 s=   9.8 on_road=True
t=  54.1s (  368.21, -889.85) speed= 5.33m/s road1447 s=  14.5 on_road=True
[전이] t=  54.35s road1442 커넥터 speed= 6.35m/s limit=30km/h
[전이] t=  54.40s road1373 일반 speed= 6.23m/s limit=30km/h
t=  55.1s (  372.62, -886.67) speed= 4.17m/s road1373 s=   3.6 on_road=True
t=  56.1s (  376.52, -883.86) speed= 5.37m/s road1373 s=   8.4 on_road=True
t=  57.1s (  380.86, -880.72) speed= 4.08m/s road1373 s=  13.8 on_road=True
t=  58.1s (  384.79, -877.88) speed= 5.38m/s road1373 s=  18.6 on_road=True
t=  59.1s (  389.11, -874.77) speed= 4.15m/s road1373 s=  24.0 on_road=True
--- 메모리 측정(주행중(차량1대+BasicAgent, 동기 20Hz)) ---
total        used        free      shared  buff/cache   available
Mem:            12Gi       7.9Gi       3.1Gi       150Mi       1.7Gi       4.4Gi
Swap:          8.0Gi       879Mi       7.1Gi
gtt_used: 1624551424 bytes (1.51GiB)
t=  60.1s (  393.11, -871.88) speed= 5.29m/s road1373 s=  28.9 on_road=True
t=  61.1s (  397.55, -868.68) speed= 4.27m/s road1373 s=  34.4 on_road=True
t=  62.1s (  401.48, -865.84) speed= 5.38m/s road1373 s=  39.2 on_road=True
t=  63.1s (  405.97, -862.61) speed= 4.49m/s road1373 s=  44.8 on_road=True
t=  64.1s (  409.86, -859.80) speed= 5.32m/s road1373 s=  49.6 on_road=True
t=  65.1s (  414.30, -856.60) speed= 4.35m/s road1373 s=  55.0 on_road=True
t=  66.1s (  418.25, -853.75) speed= 5.21m/s road1373 s=  59.9 on_road=True
[전이] t=  66.10s road1673 커넥터 speed= 5.23m/s limit=30km/h
t=  67.1s (  422.75, -850.50) speed= 5.04m/s road1673 s=   5.4 on_road=True
t=  68.1s (  426.46, -847.82) speed= 5.17m/s road1673 s=  10.0 on_road=True
[전이] t=  69.00s road1374 일반 speed= 5.25m/s limit=30km/h
t=  69.1s (  430.99, -844.55) speed= 5.05m/s road1374 s=   0.3 on_road=True
t=  70.1s (  434.75, -841.84) speed= 5.26m/s road1374 s=   4.9 on_road=True
t=  71.1s (  439.31, -838.55) speed= 5.27m/s road1374 s=  10.5 on_road=True
t=  72.1s (  443.05, -835.85) speed= 5.13m/s road1374 s=  15.1 on_road=True
t=  73.1s (  447.61, -832.56) speed= 5.38m/s road1374 s=  20.8 on_road=True
t=  74.1s (  451.36, -829.85) speed= 5.03m/s road1374 s=  25.4 on_road=True
t=  75.1s (  455.90, -826.58) speed= 5.40m/s road1374 s=  31.0 on_road=True
t=  76.1s (  459.71, -823.83) speed= 5.13m/s road1374 s=  35.7 on_road=True
t=  77.1s (  464.24, -820.56) speed= 5.05m/s road1374 s=  41.3 on_road=True
t=  78.1s (  467.97, -817.87) speed= 5.18m/s road1374 s=  45.9 on_road=True
t=  79.1s (  472.52, -814.61) speed= 5.01m/s road1374 s=  51.5 on_road=True
t=  80.1s (  476.29, -811.91) speed= 5.19m/s road1374 s=  56.1 on_road=True
t=  81.1s (  480.79, -808.70) speed= 5.02m/s road1374 s=  61.6 on_road=True
t=  82.1s (  484.52, -806.05) speed= 5.43m/s road1374 s=  66.2 on_road=True
t=  83.1s (  489.14, -802.77) speed= 5.28m/s road1374 s=  71.9 on_road=True
t=  84.1s (  492.89, -800.11) speed= 5.13m/s road1374 s=  76.5 on_road=True
[전이] t=  85.00s road1591 커넥터 speed= 5.25m/s limit=30km/h
t=  85.1s (  497.45, -796.87) speed= 5.05m/s road1591 s=   0.3 on_road=True
t=  86.1s (  501.20, -794.20) speed= 5.18m/s road1591 s=   4.9 on_road=True
[전이] t=  86.70s road1612 커넥터 speed= 6.16m/s limit=30km/h
[전이] t=  86.75s road1591 커넥터 speed= 6.00m/s limit=30km/h
t=  87.1s (  505.77, -790.96) speed= 5.05m/s road1591 s=  10.5 on_road=True
[전이] t=  87.40s road1613 커넥터 speed= 4.23m/s limit=30km/h
[전이] t=  87.45s road1591 커넥터 speed= 4.26m/s limit=30km/h
t=  88.1s (  509.52, -788.29) speed= 5.13m/s road1591 s=  15.2 on_road=True
[전이] t=  88.15s road1375 일반 speed= 5.18m/s limit=30km/h
[전이] t=  88.85s road1688 커넥터 speed= 4.97m/s limit=30km/h
[전이] t=  89.05s road1689 커넥터 speed= 5.08m/s limit=30km/h
t=  89.1s (  513.96, -785.13) speed= 5.08m/s road1689 s=   1.2 on_road=True
t=  90.1s (  518.19, -782.14) speed= 4.44m/s road1689 s=   6.3 on_road=True
t=  91.1s (  522.40, -779.15) speed= 6.34m/s road1689 s=  11.5 on_road=True
[전이] t=  91.75s road1685 커넥터 speed= 4.13m/s limit=30km/h
[전이] t=  91.80s road1376 일반 speed= 4.09m/s limit=30km/h
t=  92.1s (  526.46, -776.27) speed= 4.42m/s road1376 s=   1.2 on_road=True
t=  93.1s (  530.78, -773.21) speed= 6.29m/s road1376 s=   6.4 on_road=True
t=  94.1s (  534.76, -770.38) speed= 4.50m/s road1376 s=  11.3 on_road=True
[전이] t=  94.80s road1625 커넥터 speed= 5.44m/s limit=30km/h
t=  95.1s (  539.14, -767.28) speed= 6.22m/s road1625 s=   1.6 on_road=True
t=  96.1s (  543.09, -764.48) speed= 4.60m/s road1625 s=   6.5 on_road=True
t=  97.1s (  547.52, -761.33) speed= 5.96m/s road1625 s=  11.9 on_road=True
[전이] t=  97.75s road1377 일반 speed= 4.18m/s limit=30km/h
t=  98.1s (  551.40, -758.58) speed= 4.73m/s road1377 s=   1.4 on_road=True
t=  99.1s (  555.90, -755.39) speed= 5.75m/s road1377 s=   6.9 on_road=True
t= 100.1s (  559.71, -752.69) speed= 4.81m/s road1377 s=  11.6 on_road=True
t= 101.1s (  564.24, -749.49) speed= 5.57m/s road1377 s=  17.1 on_road=True
t= 102.1s (  568.04, -746.79) speed= 4.94m/s road1377 s=  21.8 on_road=True
t= 103.1s (  572.59, -743.56) speed= 5.49m/s road1377 s=  27.3 on_road=True
t= 104.1s (  576.45, -740.82) speed= 5.06m/s road1377 s=  32.1 on_road=True
t= 105.1s (  581.02, -737.58) speed= 5.84m/s road1377 s=  37.7 on_road=True
[전이] t= 105.10s road1640 커넥터 speed= 5.71m/s limit=30km/h
t= 106.1s (  584.89, -734.83) speed= 4.86m/s road1640 s=   4.7 on_road=True
t= 107.1s (  589.39, -731.63) speed= 6.03m/s road1640 s=  10.2 on_road=True
t= 108.1s (  593.28, -728.88) speed= 4.73m/s road1640 s=  15.0 on_road=True
[전이] t= 108.15s road1378 일반 speed= 4.93m/s limit=30km/h
t= 109.1s (  597.78, -725.69) speed= 5.76m/s road1378 s=   5.2 on_road=True
t= 110.1s (  601.58, -722.99) speed= 4.80m/s road1378 s=   9.8 on_road=True
t= 111.1s (  606.11, -719.78) speed= 5.59m/s road1378 s=  15.4 on_road=True
t= 112.1s (  609.93, -717.08) speed= 4.94m/s road1378 s=  20.1 on_road=True
t= 113.1s (  614.48, -713.86) speed= 5.42m/s road1378 s=  25.6 on_road=True
t= 114.1s (  618.23, -711.22) speed= 5.01m/s road1378 s=  30.2 on_road=True
t= 115.1s (  622.81, -707.99) speed= 5.46m/s road1378 s=  35.8 on_road=True
t= 116.1s (  626.67, -705.27) speed= 5.09m/s road1378 s=  40.6 on_road=True
t= 117.1s (  631.27, -702.02) speed= 5.37m/s road1378 s=  46.2 on_road=True
t= 118.1s (  635.03, -699.37) speed= 5.02m/s road1378 s=  50.8 on_road=True
t= 119.1s (  639.61, -696.15) speed= 5.24m/s road1378 s=  56.4 on_road=True
t= 120.1s (  643.41, -693.47) speed= 5.14m/s road1378 s=  61.0 on_road=True
t= 121.1s (  647.99, -690.24) speed= 5.12m/s road1378 s=  66.6 on_road=True
t= 122.1s (  651.82, -687.53) speed= 5.31m/s road1378 s=  71.3 on_road=True
[계획 소진] t=122.80s 완주 전에 계획 웨이포인트가 모두 소진됨(이후 제동, 정체 조건으로 판정)
t= 123.1s (  656.33, -684.34) speed= 4.26m/s road1378 s=  76.9 on_road=True
완주: t=123.1s 종점까지 0.93m

=== 요약 ===
route: north (종점 road1378 s=78.0)
결과: 완주
주행 시간(시뮬): 123.1s
계획 이탈 기록: t=31.40s road1915 는 계획의 현재/다음 road 가 아님(비치명, 계속 주행)

=== 계획 vs 실제 road 시퀀스 ===
 0 계획 1247  실제 1247 
 1 계획 1914  실제 1915   <-- 불일치
 2 계획 1356  실제 1247   <-- 불일치
 3 계획 1917  실제 1914   <-- 불일치
 4 계획 1355  실제 1356   <-- 불일치
 5 계획 1447  실제 1917   <-- 불일치
 6 계획 1373  실제 1916   <-- 불일치
 7 계획 1673  실제 1355   <-- 불일치
 8 계획 1374  실제 1448   <-- 불일치
 9 계획 1591  실제 1447   <-- 불일치
10 계획 1375  실제 1442   <-- 불일치
11 계획 1689  실제 1373   <-- 불일치
12 계획 1376  실제 1673   <-- 불일치
13 계획 1625  실제 1374   <-- 불일치
14 계획 1377  실제 1591   <-- 불일치
15 계획 1640  실제 1612   <-- 불일치
16 계획 1378  실제 1591   <-- 불일치
17 계획 -     실제 1613   <-- 불일치
18 계획 -     실제 1591   <-- 불일치
19 계획 -     실제 1375   <-- 불일치
20 계획 -     실제 1688   <-- 불일치
21 계획 -     실제 1689   <-- 불일치
22 계획 -     실제 1685   <-- 불일치
23 계획 -     실제 1376   <-- 불일치
24 계획 -     실제 1625   <-- 불일치
25 계획 -     실제 1377   <-- 불일치
26 계획 -     실제 1640   <-- 불일치
27 계획 -     실제 1378   <-- 불일치
첫 불일치 위치: 1번째 (계획 1914 / 실제 1915)
junction 통과(커넥터 road 를 실제로 밟았는지):
junction1   (r1914): 통과
junction107 (r1917): 통과
junction42  (r1447): 통과
junction58  (r1673): 통과
junction44  (r1591): 통과
junction59  (r1689): 통과
junction47  (r1625): 통과
junction51  (r1640): 통과
junction2(출발 전), junction35(종점 밖)는 통과 대상 아님

=== 급회전 커넥터 이탈량 (정의: sharp_offset docstring) ===

=== 차체 판정 road 별 (tick 수, 최대 차선밖 꼭짓점) ===
road1247: 인도 22tick, 차선밖꼭짓점 최대 1/4 (1개 이상 24tick), 반대차선(중심) 0tick, (계획 차선 안 0tick), 꼭짓점 침범깊이 최대 0.18m, 메시밖 0tick
road1356: 인도 3tick, 차선밖꼭짓점 최대 1/4 (1개 이상 3tick), 반대차선(중심) 0tick, (계획 차선 안 0tick), 꼭짓점 침범깊이 최대 0.00m, 메시밖 0tick
road1917: 인도 3tick, 차선밖꼭짓점 최대 1/4 (1개 이상 3tick), 반대차선(중심) 0tick, (계획 차선 안 0tick), 꼭짓점 침범깊이 최대 0.00m, 메시밖 0tick
road1447: 인도 0tick, 차선밖꼭짓점 최대 0/4 (1개 이상 0tick), 반대차선(중심) 0tick, (계획 차선 안 0tick), 꼭짓점 침범깊이 최대 2.14m, 메시밖 0tick
road1673: 인도 0tick, 차선밖꼭짓점 최대 0/4 (1개 이상 0tick), 반대차선(중심) 0tick, (계획 차선 안 0tick), 꼭짓점 침범깊이 최대 1.60m, 메시밖 0tick
road1689: 인도 0tick, 차선밖꼭짓점 최대 0/4 (1개 이상 0tick), 반대차선(중심) 0tick, (계획 차선 안 0tick), 꼭짓점 침범깊이 최대 1.68m, 메시밖 0tick
(목록에 없는 road 는 전부 0)
follow=on
궤적 로그: /home/gyumin/campus_mobility_sim/map/docs/logs/drive_log_20260928_224708.csv
충돌 센서(actor_id=26) 제거함
정상 종료 - 차량(actor_id=25) 브레이크 유지로 남겨둠
[동기모드] 복귀: synchronous_mode=False fixed_delta_seconds=None
