map_sha256=bf835cdfad0cea65 (cbnu_internal_only_localtm_tags73_smooth.xodr)
route=yangseong: 17 road [1247, 1914, 1356, 1917, 1355, 1446, 1172, 1427, 1127, 1699, 1126, 1726, 1125, 1733, 1124, 1826, 1123]
  종점 road1123 lane-1 s=22.0 (완주 s>=21.0 이고 종점 5m 이내) - 양성재(서문) 앞(건물 외곽선 45.7m)
  커넥터 {1914: 1, 1917: 107, 1446: 42, 1427: 10, 1699: 9, 1726: 8, 1733: 7, 1826: 6}, 급회전 {1446: 78.4}
controller=agent, 동기모드=켬 0.05s
conn_spacing=4.0m(전 구간), sharp_speed=없음
follow=on(뒤 8m, 위 4m, 매 tick)
measure_stop=on (판정 뒤 제동 유지, 속도<0.1m/s 또는 15s 까지)
맵: Carla/Maps/OpenDriveMap, spawn point 1243개
server_map_sha256=bf835cdfad0cea65 (파일과 일치)
spawn: Location(x=217.845581, y=-1087.414185, z=0.500000) road1247 lane-1 s=0.00
계획 CSV: /home/gyumin/campus_mobility_sim/map/docs/logs/drive_plan_20261002_013224.csv
계획 웨이포인트 총 168개
road   kind  n  s범위          최대간격(m)
1247   road  39 1.96~151.01  4.38
1914   conn  2  1.07~3.22  2.93
1356   road  10 1.85~35.20  4.0
1917   conn  1  1.48~1.48  2.07
1355   road  15 1.87~54.20  4.13
1446   conn  4  1.74~12.17  3.33
1172   road  30 1.98~117.07  3.97
1427   conn  4  1.99~13.94  3.98
1127   road  6  1.69~18.62  3.69
1699   conn  4  1.88~13.17  3.85
1126   road  16 1.88~58.16  3.77
1726   conn  4  1.94~13.57  3.88
1125   road  15 1.96~56.97  3.93
1733   conn  5  1.69~15.22  3.66
1124   road  3  1.74~8.72  3.5
1826   conn  4  1.99~13.96  4.35
1123   road  6  1.83~20.17  4.1
커넥터 안쪽 점: 28개 / 점 없는 커넥터: 없음
전체 최대 간격 4.38m, 평균 3.80m
인접 road 연결 확인: 16쌍 모두 next() 로 이어짐
판정: record(세션19, 종료/기록 분리)
궤적 로그(tick마다 기록): /home/gyumin/campus_mobility_sim/map/docs/logs/drive_log_20261002_013224.csv
차량 스폰: actor_id=65
bounding box: half_length=1.853m half_width=0.894m half_height=0.775m -> /home/gyumin/campus_mobility_sim/map/docs/logs/vehicle_bbox_20261002_013224.txt
충돌 센서 부착: actor_id=66 -> /home/gyumin/campus_mobility_sim/map/docs/logs/collision_events_20261002_013224.csv
BasicAgent set_global_plan 168점, target_speed=20.0km/h, dt=0.05
[동기모드] 전환 전: synchronous_mode=False fixed_delta_seconds=None
[동기모드] 전환 후: synchronous_mode=True fixed_delta_seconds=0.05
[전이] t=   0.05s road1247 일반 speed= 0.01m/s limit=30km/h
t=   0.1s (  217.85,-1087.41) speed= 0.01m/s road1247 s=   0.0 on_road=True
t=   1.1s (  217.86,-1087.09) speed= 1.58m/s road1247 s=   0.3 on_road=True
t=   2.1s (  218.00,-1084.35) speed= 3.86m/s road1247 s=   3.1 on_road=True
t=   3.1s (  218.23,-1079.51) speed= 5.31m/s road1247 s=   7.9 on_road=True
t=   4.1s (  218.50,-1073.96) speed= 4.87m/s road1247 s=  13.5 on_road=True
t=   5.1s (  218.73,-1069.33) speed= 5.35m/s road1247 s=  18.1 on_road=True
t=   6.1s (  219.00,-1063.79) speed= 4.63m/s road1247 s=  23.6 on_road=True
t=   7.1s (  219.23,-1059.07) speed= 5.32m/s road1247 s=  28.4 on_road=True
t=   8.1s (  219.50,-1053.49) speed= 5.00m/s road1247 s=  34.0 on_road=True
t=   9.1s (  219.73,-1048.80) speed= 5.41m/s road1247 s=  38.7 on_road=True
[tick 대조] fixed_delta=0.05 delta_seconds=0.0500 시뮬경과/프레임=0.0500s 벽시계 169.2 tick/s (프레임 200)
t=  10.1s (  220.02,-1043.24) speed= 5.74m/s road1247 s=  44.2 on_road=True
t=  11.1s (  220.30,-1038.60) speed= 4.80m/s road1247 s=  48.9 on_road=True
t=  12.1s (  220.70,-1033.10) speed= 5.56m/s road1247 s=  54.4 on_road=True
t=  13.1s (  221.12,-1028.46) speed= 4.94m/s road1247 s=  59.0 on_road=True
t=  14.1s (  221.68,-1022.94) speed= 5.38m/s road1247 s=  64.5 on_road=True
t=  15.1s (  222.16,-1018.37) speed= 5.03m/s road1247 s=  69.1 on_road=True
t=  16.1s (  222.85,-1012.83) speed= 5.25m/s road1247 s=  74.7 on_road=True
t=  17.1s (  223.85,-1008.37) speed= 5.10m/s road1247 s=  79.2 on_road=True
t=  18.1s (  225.60,-1003.10) speed= 5.05m/s road1247 s=  84.4 on_road=True
t=  19.1s (  227.32, -998.83) speed= 5.19m/s road1247 s=  89.1 on_road=True
t=  20.1s (  230.06, -994.10) speed= 5.04m/s road1247 s=  94.4 on_road=True
t=  21.1s (  233.17, -990.58) speed= 5.25m/s road1247 s=  98.8 on_road=True
t=  22.1s (  237.28, -986.79) speed= 4.65m/s road1247 s= 104.4 on_road=True
t=  23.1s (  240.79, -983.80) speed= 5.27m/s road1247 s= 109.0 on_road=True
t=  24.1s (  245.06, -980.29) speed= 4.49m/s road1247 s= 114.5 on_road=True
t=  25.1s (  248.71, -977.35) speed= 5.34m/s road1247 s= 119.2 on_road=True
t=  26.1s (  252.98, -973.92) speed= 4.26m/s road1247 s= 124.7 on_road=True
t=  27.1s (  256.66, -970.99) speed= 5.30m/s road1247 s= 129.4 on_road=True
t=  28.1s (  260.92, -967.64) speed= 4.16m/s road1247 s= 134.7 on_road=True
t=  29.1s (  264.71, -964.70) speed= 5.34m/s road1247 s= 139.5 on_road=True
t=  30.1s (  268.97, -961.44) speed= 4.07m/s road1247 s= 144.9 on_road=True
t=  31.1s (  272.81, -958.48) speed= 5.42m/s road1247 s= 149.7 on_road=True
[전이] t=  31.50s road1915 커넥터 speed= 5.82m/s limit=30km/h
[계획 이탈] t=31.50s road1915 는 계획의 현재/다음 road 가 아님(비치명, 계속 주행)
[전이] t=  31.55s road1247 일반 speed= 5.69m/s limit=30km/h
[전이] t=  31.65s road1914 커넥터 speed= 5.32m/s limit=30km/h
t=  32.1s (  276.99, -955.06) speed= 4.23m/s road1914 s=   2.4 on_road=True
[전이] t=  32.55s road1356 일반 speed= 4.97m/s limit=30km/h
t=  33.1s (  280.75, -951.97) speed= 5.35m/s road1356 s=   2.8 on_road=True
t=  34.1s (  284.94, -948.68) speed= 4.08m/s road1356 s=   8.1 on_road=True
t=  35.1s (  288.99, -945.97) speed= 5.71m/s road1356 s=  12.8 on_road=True
t=  36.1s (  293.45, -943.27) speed= 4.13m/s road1356 s=  18.0 on_road=True
t=  37.1s (  297.74, -940.79) speed= 6.00m/s road1356 s=  22.9 on_road=True
t=  38.1s (  302.24, -938.24) speed= 4.25m/s road1356 s=  28.1 on_road=True
t=  39.1s (  306.50, -935.51) speed= 6.13m/s road1356 s=  33.1 on_road=True
[전이] t=  39.65s road1917 커넥터 speed= 5.40m/s limit=30km/h
t=  40.1s (  310.43, -932.18) speed= 4.23m/s road1917 s=   2.7 on_road=True
[전이] t=  40.15s road1916 커넥터 speed= 4.38m/s limit=30km/h
[전이] t=  40.40s road1355 일반 speed= 4.88m/s limit=30km/h
t=  41.1s (  314.40, -929.03) speed= 6.24m/s road1355 s=   4.0 on_road=True
t=  42.1s (  318.42, -926.00) speed= 4.29m/s road1355 s=   9.0 on_road=True
t=  43.1s (  322.57, -922.93) speed= 6.33m/s road1355 s=  14.2 on_road=True
t=  44.1s (  326.59, -919.98) speed= 4.42m/s road1355 s=  19.2 on_road=True
t=  45.1s (  330.85, -916.88) speed= 6.32m/s road1355 s=  24.5 on_road=True
t=  46.1s (  334.90, -913.94) speed= 4.55m/s road1355 s=  29.5 on_road=True
t=  47.1s (  339.27, -910.76) speed= 6.40m/s road1355 s=  34.9 on_road=True
t=  48.1s (  343.24, -907.89) speed= 4.53m/s road1355 s=  39.8 on_road=True
t=  49.1s (  347.61, -904.72) speed= 6.39m/s road1355 s=  45.2 on_road=True
t=  50.1s (  351.57, -901.85) speed= 4.52m/s road1355 s=  50.1 on_road=True
[전이] t=  51.00s road1449 커넥터 speed= 6.13m/s limit=30km/h
t=  51.1s (  355.57, -898.36) speed= 5.93m/s road1449 s=   0.0 on_road=True
[전이] t=  51.15s road1355 일반 speed= 5.60m/s limit=30km/h
[전이] t=  51.20s road1446 커넥터 speed= 5.48m/s limit=30km/h
t=  52.1s (  357.54, -894.12) speed= 4.66m/s road1446 s=   5.6 on_road=False
t=  53.1s (  357.16, -888.89) speed= 6.32m/s road1446 s=  13.3 on_road=True
[전이] t=  53.15s road1172 일반 speed= 6.17m/s limit=30km/h
[전이] t=  53.20s road1445 커넥터 speed= 6.15m/s limit=30km/h
[전이] t=  53.40s road1172 일반 speed= 5.29m/s limit=30km/h
t=  54.1s (  355.74, -884.13) speed= 4.38m/s road1172 s=   4.4 on_road=True
t=  55.1s (  353.85, -879.25) speed= 6.20m/s road1172 s=   9.7 on_road=True
t=  56.1s (  351.95, -874.77) speed= 4.52m/s road1172 s=  14.5 on_road=True
t=  57.1s (  349.77, -869.85) speed= 6.18m/s road1172 s=  19.9 on_road=True
t=  58.1s (  347.79, -865.47) speed= 4.62m/s road1172 s=  24.7 on_road=True
t=  59.1s (  345.53, -860.51) speed= 6.00m/s road1172 s=  30.2 on_road=True
--- 메모리 측정(주행중(차량1대+BasicAgent, 동기 20Hz)) ---
total        used        free      shared  buff/cache   available
Mem:            12Gi       8.7Gi       3.1Gi        99Mi       905Mi       3.6Gi
Swap:          8.0Gi       842Mi       7.2Gi
gtt_used: 1714810880 bytes (1.60GiB)
t=  60.1s (  343.57, -856.22) speed= 4.70m/s road1172 s=  34.9 on_road=True
t=  61.1s (  341.26, -851.18) speed= 6.08m/s road1172 s=  40.4 on_road=True
t=  62.1s (  339.28, -846.88) speed= 4.73m/s road1172 s=  45.2 on_road=True
t=  63.1s (  336.98, -841.87) speed= 5.91m/s road1172 s=  50.7 on_road=True
t=  64.1s (  334.99, -837.54) speed= 4.80m/s road1172 s=  55.4 on_road=True
t=  65.1s (  332.72, -832.59) speed= 6.11m/s road1172 s=  60.9 on_road=True
t=  66.1s (  330.67, -828.15) speed= 4.66m/s road1172 s=  65.8 on_road=True
t=  67.1s (  328.48, -823.39) speed= 5.85m/s road1172 s=  71.0 on_road=True
t=  68.1s (  326.28, -818.60) speed= 4.15m/s road1172 s=  76.3 on_road=True
t=  69.1s (  324.19, -814.07) speed= 5.34m/s road1172 s=  81.3 on_road=True
t=  70.1s (  321.97, -809.23) speed= 4.13m/s road1172 s=  86.6 on_road=True
t=  71.1s (  319.91, -804.76) speed= 5.39m/s road1172 s=  91.5 on_road=True
t=  72.1s (  317.64, -799.81) speed= 4.15m/s road1172 s=  97.0 on_road=True
t=  73.1s (  315.61, -795.42) speed= 5.30m/s road1172 s= 101.8 on_road=True
t=  74.1s (  313.32, -790.43) speed= 4.26m/s road1172 s= 107.3 on_road=True
t=  75.1s (  311.31, -786.06) speed= 5.31m/s road1172 s= 112.1 on_road=True
t=  76.1s (  308.94, -780.94) speed= 5.04m/s road1172 s= 117.7 on_road=True
[전이] t=  76.40s road1427 커넥터 speed= 4.15m/s limit=30km/h
t=  77.1s (  306.99, -776.77) speed= 5.28m/s road1427 s=   3.3 on_road=True
t=  78.1s (  304.58, -771.78) speed= 4.87m/s road1427 s=   8.8 on_road=True
t=  79.1s (  302.55, -767.64) speed= 5.14m/s road1427 s=  13.5 on_road=True
[전이] t=  79.50s road1127 일반 speed= 6.18m/s limit=30km/h
t=  80.1s (  300.13, -762.73) speed= 4.46m/s road1127 s=   3.0 on_road=True
t=  81.1s (  298.03, -758.49) speed= 5.35m/s road1127 s=   7.8 on_road=True
t=  82.1s (  295.61, -753.59) speed= 4.16m/s road1127 s=  13.2 on_road=True
t=  83.1s (  293.49, -749.31) speed= 5.36m/s road1127 s=  18.0 on_road=True
[전이] t=  83.50s road1699 커넥터 speed= 6.35m/s limit=30km/h
t=  84.1s (  291.03, -744.27) speed= 4.79m/s road1699 s=   3.3 on_road=True
[전이] t=  85.00s road1703 커넥터 speed= 5.18m/s limit=30km/h
t=  85.1s (  289.10, -740.07) speed= 5.25m/s road1703 s=   6.5 on_road=True
[전이] t=  85.10s road1701 커넥터 speed= 5.19m/s limit=30km/h
[전이] t=  85.20s road1699 커넥터 speed= 5.21m/s limit=30km/h
t=  86.1s (  286.96, -734.98) speed= 4.50m/s road1699 s=  13.3 on_road=True
[전이] t=  86.50s road1126 일반 speed= 4.52m/s limit=30km/h
t=  87.1s (  285.21, -730.64) speed= 5.29m/s road1126 s=   2.9 on_road=True
t=  88.1s (  283.16, -725.58) speed= 4.23m/s road1126 s=   8.4 on_road=True
t=  89.1s (  281.29, -721.30) speed= 5.17m/s road1126 s=  13.2 on_road=True
t=  90.1s (  279.06, -716.41) speed= 4.18m/s road1126 s=  18.6 on_road=True
t=  91.1s (  277.02, -712.01) speed= 5.27m/s road1126 s=  23.4 on_road=True
t=  92.1s (  274.77, -707.22) speed= 4.10m/s road1126 s=  28.7 on_road=True
t=  93.1s (  272.68, -702.77) speed= 5.45m/s road1126 s=  33.6 on_road=True
t=  94.1s (  270.43, -698.01) speed= 4.19m/s road1126 s=  38.9 on_road=True
t=  95.1s (  268.29, -693.49) speed= 5.41m/s road1126 s=  43.9 on_road=True
t=  96.1s (  265.99, -688.63) speed= 4.14m/s road1126 s=  49.3 on_road=True
t=  97.1s (  263.91, -684.23) speed= 5.31m/s road1126 s=  54.1 on_road=True
t=  98.1s (  261.64, -679.43) speed= 4.12m/s road1126 s=  59.5 on_road=True
[전이] t=  98.20s road1726 커넥터 speed= 4.31m/s limit=30km/h
t=  99.1s (  259.54, -674.99) speed= 5.46m/s road1726 s=   4.3 on_road=True
t= 100.1s (  257.29, -670.23) speed= 4.19m/s road1726 s=   9.6 on_road=True
t= 101.1s (  255.16, -665.71) speed= 5.42m/s road1726 s=  14.6 on_road=True
[전이] t= 101.25s road1125 일반 speed= 6.18m/s limit=30km/h
t= 102.1s (  252.84, -660.81) speed= 4.22m/s road1125 s=   4.5 on_road=True
t= 103.1s (  250.74, -656.38) speed= 5.32m/s road1125 s=   9.4 on_road=True
t= 104.1s (  248.40, -651.44) speed= 4.34m/s road1125 s=  14.9 on_road=True
t= 105.1s (  246.32, -647.04) speed= 5.29m/s road1125 s=  19.7 on_road=True
t= 106.1s (  243.94, -642.02) speed= 4.47m/s road1125 s=  25.3 on_road=True
t= 107.1s (  241.94, -637.80) speed= 5.25m/s road1125 s=  30.0 on_road=True
t= 108.1s (  239.59, -632.83) speed= 4.31m/s road1125 s=  35.5 on_road=True
t= 109.1s (  237.56, -628.53) speed= 5.30m/s road1125 s=  40.2 on_road=True
t= 110.1s (  235.13, -623.41) speed= 5.10m/s road1125 s=  45.9 on_road=True
t= 111.1s (  233.15, -619.22) speed= 5.38m/s road1125 s=  50.5 on_road=True
t= 112.1s (  230.75, -614.14) speed= 5.09m/s road1125 s=  56.1 on_road=True
[전이] t= 112.70s road1733 커넥터 speed= 4.54m/s limit=30km/h
t= 113.1s (  228.76, -609.93) speed= 5.21m/s road1733 s=   1.9 on_road=True
t= 114.1s (  226.38, -604.90) speed= 6.16m/s road1733 s=   7.4 on_road=True
t= 115.1s (  224.33, -600.58) speed= 4.61m/s road1733 s=  12.2 on_road=True
[전이] t= 115.75s road1737 커넥터 speed= 5.64m/s limit=30km/h
[전이] t= 115.95s road1124 일반 speed= 6.19m/s limit=30km/h
t= 116.1s (  221.99, -595.73) speed= 5.90m/s road1124 s=   0.7 on_road=True
t= 117.1s (  219.87, -591.49) speed= 4.77m/s road1124 s=   5.5 on_road=True
[전이] t= 117.85s road1827 커넥터 speed= 6.36m/s limit=30km/h
[전이] t= 117.90s road1124 일반 speed= 6.21m/s limit=30km/h
[전이] t= 118.00s road1825 커넥터 speed= 5.87m/s limit=30km/h
t= 118.1s (  217.28, -586.59) speed= 5.74m/s road1825 s=   0.6 on_road=True
[전이] t= 118.45s road1826 커넥터 speed= 4.45m/s limit=30km/h
t= 119.1s (  215.08, -582.40) speed= 4.96m/s road1826 s=   5.4 on_road=True
[전이] t= 119.50s road1831 커넥터 speed= 5.23m/s limit=30km/h
[전이] t= 119.65s road1829 커넥터 speed= 6.14m/s limit=30km/h
[전이] t= 119.85s road1826 커넥터 speed= 6.09m/s limit=30km/h
t= 120.1s (  213.28, -577.16) speed= 5.38m/s road1826 s=  10.7 on_road=True
t= 121.1s (  212.36, -572.67) speed= 5.02m/s road1826 s=  15.0 on_road=True
[전이] t= 121.25s road1123 일반 speed= 5.18m/s limit=30km/h
t= 122.1s (  211.70, -567.17) speed= 5.21m/s road1123 s=   4.6 on_road=True
t= 123.1s (  211.50, -562.54) speed= 5.16m/s road1123 s=   9.2 on_road=True
t= 124.1s (  212.32, -557.13) speed= 5.04m/s road1123 s=  14.4 on_road=True
t= 125.1s (  213.48, -552.55) speed= 5.23m/s road1123 s=  18.9 on_road=True
[계획 소진] t=125.20s 완주 전에 계획 웨이포인트가 모두 소진됨(이후 제동, 정체 조건으로 판정)
완주: t=125.5s 종점까지 0.98m

=== 요약 ===
route: yangseong (종점 road1123 s=22.0)
결과: 완주
주행 시간(시뮬): 125.5s
계획 이탈 기록: t=31.50s road1915 는 계획의 현재/다음 road 가 아님(비치명, 계속 주행)

=== 계획 vs 실제 road 시퀀스 ===
 0 계획 1247  실제 1247 
 1 계획 1914  실제 1915   <-- 불일치
 2 계획 1356  실제 1247   <-- 불일치
 3 계획 1917  실제 1914   <-- 불일치
 4 계획 1355  실제 1356   <-- 불일치
 5 계획 1446  실제 1917   <-- 불일치
 6 계획 1172  실제 1916   <-- 불일치
 7 계획 1427  실제 1355   <-- 불일치
 8 계획 1127  실제 1449   <-- 불일치
 9 계획 1699  실제 1355   <-- 불일치
10 계획 1126  실제 1446   <-- 불일치
11 계획 1726  실제 1172   <-- 불일치
12 계획 1125  실제 1445   <-- 불일치
13 계획 1733  실제 1172   <-- 불일치
14 계획 1124  실제 1427   <-- 불일치
15 계획 1826  실제 1127   <-- 불일치
16 계획 1123  실제 1699   <-- 불일치
17 계획 -     실제 1703   <-- 불일치
18 계획 -     실제 1701   <-- 불일치
19 계획 -     실제 1699   <-- 불일치
20 계획 -     실제 1126   <-- 불일치
21 계획 -     실제 1726   <-- 불일치
22 계획 -     실제 1125   <-- 불일치
23 계획 -     실제 1733   <-- 불일치
24 계획 -     실제 1737   <-- 불일치
25 계획 -     실제 1124   <-- 불일치
26 계획 -     실제 1827   <-- 불일치
27 계획 -     실제 1124   <-- 불일치
28 계획 -     실제 1825   <-- 불일치
29 계획 -     실제 1826   <-- 불일치
30 계획 -     실제 1831   <-- 불일치
31 계획 -     실제 1829   <-- 불일치
32 계획 -     실제 1826   <-- 불일치
33 계획 -     실제 1123   <-- 불일치
첫 불일치 위치: 1번째 (계획 1914 / 실제 1915)
junction 통과(커넥터 road 를 실제로 밟았는지):
junction1   (r1914): 통과
junction107 (r1917): 통과
junction42  (r1446): 통과
junction10  (r1427): 통과
junction9   (r1699): 통과
junction8   (r1726): 통과
junction7   (r1733): 통과
junction6   (r1826): 통과
junction2(출발 전), junction35(종점 밖)는 통과 대상 아님

=== 급회전 커넥터 이탈량 (정의: sharp_offset docstring) ===
r1446 (+78.4°): tick 37, 최대|lat| 1.67m, 최대 차체초과 +1.01m(안쪽, s=10.2), on_road False 13tick, 충돌 0건
r1446 진입: t=51.20s speed=5.48m/s(19.7km/h)

=== 차체 판정 road 별 (tick 수, 최대 차선밖 꼭짓점) ===
road1247: 인도 22tick, 차선밖꼭짓점 최대 1/4 (1개 이상 26tick), 반대차선(중심) 0tick, (계획 차선 안 0tick), 꼭짓점 침범깊이 최대 0.14m, 메시밖 0tick
road1356: 인도 2tick, 차선밖꼭짓점 최대 1/4 (1개 이상 2tick), 반대차선(중심) 0tick, (계획 차선 안 0tick), 꼭짓점 침범깊이 최대 0.00m, 메시밖 0tick
road1917: 인도 3tick, 차선밖꼭짓점 최대 1/4 (1개 이상 3tick), 반대차선(중심) 0tick, (계획 차선 안 0tick), 꼭짓점 침범깊이 최대 0.00m, 메시밖 0tick
road1355: 인도 1tick, 차선밖꼭짓점 최대 1/4 (1개 이상 1tick), 반대차선(중심) 0tick, (계획 차선 안 0tick), 꼭짓점 침범깊이 최대 0.00m, 메시밖 0tick
road1449: 인도 2tick, 차선밖꼭짓점 최대 1/4 (1개 이상 2tick), 반대차선(중심) 0tick, (계획 차선 안 0tick), 꼭짓점 침범깊이 최대 0.00m, 메시밖 0tick
road1446: 인도 39tick, 차선밖꼭짓점 최대 2/4 (1개 이상 39tick), 반대차선(중심) 0tick, (계획 차선 안 0tick), 꼭짓점 침범깊이 최대 0.00m, 메시밖 1tick
road1172: 인도 14tick, 차선밖꼭짓점 최대 1/4 (1개 이상 14tick), 반대차선(중심) 0tick, (계획 차선 안 0tick), 꼭짓점 침범깊이 최대 0.00m, 메시밖 0tick
road1445: 인도 4tick, 차선밖꼭짓점 최대 1/4 (1개 이상 4tick), 반대차선(중심) 0tick, (계획 차선 안 0tick), 꼭짓점 침범깊이 최대 0.00m, 메시밖 0tick
road1699: 인도 0tick, 차선밖꼭짓점 최대 0/4 (1개 이상 0tick), 반대차선(중심) 0tick, (계획 차선 안 0tick), 꼭짓점 침범깊이 최대 1.62m, 메시밖 0tick
road1703: 인도 0tick, 차선밖꼭짓점 최대 0/4 (1개 이상 0tick), 반대차선(중심) 0tick, (계획 차선 안 0tick), 꼭짓점 침범깊이 최대 1.39m, 메시밖 0tick
road1701: 인도 0tick, 차선밖꼭짓점 최대 0/4 (1개 이상 0tick), 반대차선(중심) 0tick, (계획 차선 안 0tick), 꼭짓점 침범깊이 최대 1.29m, 메시밖 0tick
road1726: 인도 0tick, 차선밖꼭짓점 최대 0/4 (1개 이상 0tick), 반대차선(중심) 0tick, (계획 차선 안 0tick), 꼭짓점 침범깊이 최대 1.59m, 메시밖 0tick
road1733: 인도 0tick, 차선밖꼭짓점 최대 0/4 (1개 이상 0tick), 반대차선(중심) 0tick, (계획 차선 안 0tick), 꼭짓점 침범깊이 최대 2.50m, 메시밖 0tick
road1826: 인도 0tick, 차선밖꼭짓점 최대 0/4 (1개 이상 0tick), 반대차선(중심) 0tick, (계획 차선 안 0tick), 꼭짓점 침범깊이 최대 2.45m, 메시밖 0tick
road1831: 인도 0tick, 차선밖꼭짓점 최대 0/4 (1개 이상 0tick), 반대차선(중심) 0tick, (계획 차선 안 0tick), 꼭짓점 침범깊이 최대 1.71m, 메시밖 0tick
road1829: 인도 0tick, 차선밖꼭짓점 최대 0/4 (1개 이상 0tick), 반대차선(중심) 4tick, (계획 차선 안 4tick), 꼭짓점 침범깊이 최대 1.23m, 메시밖 0tick
road1123: 인도 0tick, 차선밖꼭짓점 최대 1/4 (1개 이상 2tick), 반대차선(중심) 0tick, (계획 차선 안 0tick), 꼭짓점 침범깊이 최대 0.11m, 메시밖 0tick
(목록에 없는 road 는 전부 0)

=== 차선 이탈 구간 (차체 기준, 계획 중심선 기준, 세션19) ===
t=20.05~20.90s road1247 -중앙선 쪽 최대 lat -0.90m 차체초과 0.12m 중심초과 0.00m 18tick, 진입 18.2km/h, road 평균R 173.65 R2min 10.28
t=39.50~39.65s road1356 +인도 쪽 최대 lat +0.92m 차체초과 0.14m 중심초과 0.00m 4tick, 진입 19.1km/h, road 평균R 209.60 R2min 13.11
t=51.20~53.55s road1446 +인도 쪽 최대 lat +1.77m 차체초과 0.99m 중심초과 0.09m 48tick, 진입 19.7km/h, road 평균R 10.12 R2min 7.40
t=123.65~124.30s road1123 -중앙선 쪽 최대 lat -0.89m 차체초과 0.11m 중심초과 0.00m 14tick, 진입 22.1km/h, road 평균R 52.40 R2min 10.28
합계 4구간 (중앙선 쪽 2, 인도 쪽 2), 최대 차체초과 0.99m
충돌 누적 0건
판정: record
follow=on

=== 실제 정지 위치 (세션20 --measure-stop) ===
판정 시점: t=125.50s 위치(214.02,-550.43) 속도 3.91m/s(14.1km/h) 정차점까지 0.98m (종방향 -0.97m)
정지: 완료 t=125.90s, 판정부터 0.40s(8tick) 0.81m, 최종 속도 0.001m/s
최종 정지 위치 오차: 0.33m (종방향 -0.16m +=지나침, 횡방향 +0.29m +=인도 쪽)
판정~정지 평균 감속도 9.77m/s^2 (판정 tick 에 제동 명령)
궤적 로그: /home/gyumin/campus_mobility_sim/map/docs/logs/drive_log_20261002_013224.csv
충돌 센서(actor_id=66) 제거함
정상 종료 - 차량(actor_id=65) 브레이크 유지로 남겨둠
[동기모드] 복귀: synchronous_mode=False fixed_delta_seconds=None
