route=south: 15 road [1247, 1914, 1356, 1917, 1355, 1446, 1172, 1428, 1240, 1695, 1239, 1426, 1238, 1563, 1237]
  종점 road1237 lane-1 s=47.0 (완주 s>=46.0 이고 종점 5m 이내) - 도서관 남문(자연대-도서관 사이, 남서 면 중점 약 57.5m)
  커넥터 {1914: 1, 1917: 107, 1446: 42, 1428: 10, 1695: 60, 1426: 84, 1563: 36}, 급회전 {1446: 78.4, 1428: -68.1}
controller=agent, 동기모드=켬 0.05s
conn_spacing=4.0m(전 구간), sharp_speed=없음
follow=on(뒤 8m, 위 4m, 매 tick)
맵: Carla/Maps/OpenDriveMap, spawn point 1243개
spawn: Location(x=217.845581, y=-1087.414185, z=0.500000) road1247 lane-1 s=0.00
계획 CSV: /home/gyumin/campus_mobility_sim/map/docs/logs/drive_plan_20260928_224907.csv
계획 웨이포인트 총 190개
road   kind  n  s범위          최대간격(m)
1247   road  39 1.96~151.01  4.38
1914   conn  2  1.07~3.22  2.93
1356   road  10 1.85~35.20  4.0
1917   conn  1  1.48~1.48  2.07
1355   road  15 1.87~54.20  4.13
1446   conn  4  1.74~12.17  3.33
1172   road  30 1.98~117.07  3.97
1428   conn  4  1.78~12.46  4.3
1240   road  38 1.97~147.53  4.09
1695   conn  4  1.89~13.23  3.86
1239   road  13 1.95~48.68  4.06
1426   conn  5  1.74~15.69  3.7
1238   road  9  1.91~32.45  3.82
1563   conn  4  1.93~13.48  3.85
1237   road  12 1.96~45.04  3.92
커넥터 안쪽 점: 24개 / 점 없는 커넥터: 없음
전체 최대 간격 4.38m, 평균 3.85m
인접 road 연결 확인: 14쌍 모두 next() 로 이어짐
궤적 로그(tick마다 기록): /home/gyumin/campus_mobility_sim/map/docs/logs/drive_log_20260928_224907.csv
차량 스폰: actor_id=27
bounding box: half_length=1.853m half_width=0.894m half_height=0.775m -> /home/gyumin/campus_mobility_sim/map/docs/logs/vehicle_bbox_20260928_224907.txt
충돌 센서 부착: actor_id=28 -> /home/gyumin/campus_mobility_sim/map/docs/logs/collision_events_20260928_224907.csv
BasicAgent set_global_plan 190점, target_speed=20.0km/h, dt=0.05
[동기모드] 전환 전: synchronous_mode=False fixed_delta_seconds=None
[동기모드] 전환 후: synchronous_mode=True fixed_delta_seconds=0.05
[전이] t=   0.05s road1247 일반 speed= 0.00m/s limit=30km/h
t=   0.1s (  217.85,-1087.41) speed= 0.00m/s road1247 s=   0.0 on_road=True
t=   1.1s (  217.86,-1087.09) speed= 1.58m/s road1247 s=   0.3 on_road=True
t=   2.1s (  217.99,-1084.35) speed= 3.86m/s road1247 s=   3.1 on_road=True
t=   3.1s (  218.23,-1079.51) speed= 5.41m/s road1247 s=   7.9 on_road=True
t=   4.1s (  218.49,-1074.11) speed= 4.28m/s road1247 s=  13.3 on_road=True
t=   5.1s (  218.73,-1069.20) speed= 5.39m/s road1247 s=  18.2 on_road=True
t=   6.1s (  218.99,-1063.84) speed= 4.11m/s road1247 s=  23.6 on_road=True
t=   7.1s (  219.23,-1058.99) speed= 5.41m/s road1247 s=  28.5 on_road=True
t=   8.1s (  219.49,-1053.60) speed= 4.15m/s road1247 s=  33.8 on_road=True
t=   9.1s (  219.73,-1048.74) speed= 5.40m/s road1247 s=  38.7 on_road=True
[tick 대조] fixed_delta=0.05 delta_seconds=0.0500 시뮬경과/프레임=0.0500s 벽시계 160.5 tick/s (프레임 200)
t=  10.1s (  220.00,-1043.38) speed= 4.08m/s road1247 s=  44.1 on_road=True
t=  11.1s (  220.30,-1038.56) speed= 5.32m/s road1247 s=  48.9 on_road=True
t=  12.1s (  220.69,-1033.27) speed= 4.12m/s road1247 s=  54.2 on_road=True
t=  13.1s (  221.12,-1028.40) speed= 5.67m/s road1247 s=  59.1 on_road=True
t=  14.1s (  221.65,-1023.21) speed= 4.16m/s road1247 s=  64.3 on_road=True
t=  15.1s (  222.17,-1018.24) speed= 5.65m/s road1247 s=  69.3 on_road=True
t=  16.1s (  222.84,-1013.03) speed= 4.31m/s road1247 s=  74.5 on_road=True
t=  17.1s (  223.93,-1008.06) speed= 6.33m/s road1247 s=  79.5 on_road=True
t=  18.1s (  225.51,-1003.27) speed= 4.32m/s road1247 s=  84.2 on_road=True
t=  19.1s (  227.48, -998.50) speed= 6.25m/s road1247 s=  89.4 on_road=True
t=  20.1s (  229.98, -994.32) speed= 4.35m/s road1247 s=  94.2 on_road=True
t=  21.1s (  233.38, -990.41) speed= 6.35m/s road1247 s=  99.1 on_road=True
t=  22.1s (  237.00, -987.05) speed= 4.41m/s road1247 s= 104.0 on_road=True
t=  23.1s (  241.01, -983.62) speed= 6.28m/s road1247 s= 109.3 on_road=True
t=  24.1s (  244.77, -980.54) speed= 4.49m/s road1247 s= 114.1 on_road=True
t=  25.1s (  248.90, -977.19) speed= 6.08m/s road1247 s= 119.4 on_road=True
t=  26.1s (  252.63, -974.20) speed= 4.61m/s road1247 s= 124.2 on_road=True
t=  27.1s (  256.86, -970.83) speed= 6.33m/s road1247 s= 129.6 on_road=True
t=  28.1s (  260.69, -967.82) speed= 4.50m/s road1247 s= 134.4 on_road=True
t=  29.1s (  264.92, -964.53) speed= 6.17m/s road1247 s= 139.8 on_road=True
t=  30.1s (  268.75, -961.61) speed= 4.62m/s road1247 s= 144.6 on_road=True
t=  31.1s (  273.05, -958.28) speed= 5.99m/s road1247 s= 150.0 on_road=True
[전이] t=  31.45s road1915 커넥터 speed= 4.77m/s limit=30km/h
[계획 이탈] t=31.45s road1915 는 계획의 현재/다음 road 가 아님(비치명, 계속 주행)
[전이] t=  31.60s road1247 일반 speed= 4.08m/s limit=30km/h
[전이] t=  31.65s road1914 커넥터 speed= 4.05m/s limit=30km/h
t=  32.1s (  276.68, -955.30) speed= 4.70m/s road1914 s=   1.9 on_road=True
[전이] t=  32.55s road1356 일반 speed= 5.38m/s limit=30km/h
t=  33.1s (  280.93, -951.82) speed= 6.03m/s road1356 s=   3.0 on_road=True
t=  34.1s (  284.66, -948.89) speed= 4.71m/s road1356 s=   7.8 on_road=True
t=  35.1s (  289.18, -945.85) speed= 5.73m/s road1356 s=  13.0 on_road=True
t=  36.1s (  293.18, -943.42) speed= 4.84m/s road1356 s=  17.6 on_road=True
t=  37.1s (  297.99, -940.65) speed= 5.56m/s road1356 s=  23.2 on_road=True
t=  38.1s (  302.04, -938.36) speed= 4.93m/s road1356 s=  27.9 on_road=True
t=  39.1s (  306.70, -935.30) speed= 5.36m/s road1356 s=  33.4 on_road=True
[전이] t=  39.70s road1917 커넥터 speed= 4.38m/s limit=30km/h
t=  40.1s (  310.23, -932.30) speed= 5.04m/s road1917 s=   2.5 on_road=True
[전이] t=  40.20s road1916 커넥터 speed= 5.10m/s limit=30km/h
[전이] t=  40.40s road1355 일반 speed= 5.15m/s limit=30km/h
t=  41.1s (  314.58, -928.87) speed= 5.13m/s road1355 s=   4.2 on_road=True
t=  42.1s (  318.29, -926.09) speed= 5.20m/s road1355 s=   8.9 on_road=True
t=  43.1s (  322.80, -922.76) speed= 5.09m/s road1355 s=  14.5 on_road=True
t=  44.1s (  326.52, -920.04) speed= 5.31m/s road1355 s=  19.1 on_road=True
t=  45.1s (  331.04, -916.75) speed= 5.02m/s road1355 s=  24.7 on_road=True
t=  46.1s (  334.87, -913.96) speed= 5.33m/s road1355 s=  29.4 on_road=True
t=  47.1s (  339.39, -910.68) speed= 5.02m/s road1355 s=  35.0 on_road=True
t=  48.1s (  343.14, -907.96) speed= 5.20m/s road1355 s=  39.6 on_road=True
t=  49.1s (  347.65, -904.70) speed= 4.84m/s road1355 s=  45.2 on_road=True
t=  50.1s (  351.41, -901.96) speed= 5.25m/s road1355 s=  49.9 on_road=True
[전이] t=  51.00s road1449 커넥터 speed= 4.82m/s limit=30km/h
t=  51.1s (  355.58, -898.41) speed= 4.40m/s road1449 s=   0.0 on_road=True
[전이] t=  51.20s road1355 일반 speed= 3.96m/s limit=30km/h
[전이] t=  51.25s road1446 커넥터 speed= 3.99m/s limit=30km/h
t=  52.1s (  357.54, -894.39) speed= 5.24m/s road1446 s=   5.4 on_road=True
t=  53.1s (  357.12, -888.96) speed= 4.73m/s road1446 s=  13.3 on_road=True
[전이] t=  53.20s road1172 일반 speed= 4.11m/s limit=30km/h
[전이] t=  53.25s road1445 커넥터 speed= 4.11m/s limit=30km/h
[전이] t=  53.50s road1172 일반 speed= 4.45m/s limit=30km/h
t=  54.1s (  355.87, -884.52) speed= 5.17m/s road1172 s=   4.0 on_road=True
t=  55.1s (  353.89, -879.35) speed= 4.33m/s road1172 s=   9.6 on_road=True
t=  56.1s (  352.08, -875.09) speed= 5.16m/s road1172 s=  14.2 on_road=True
t=  57.1s (  349.88, -870.11) speed= 4.17m/s road1172 s=  19.6 on_road=True
t=  58.1s (  347.94, -865.80) speed= 5.28m/s road1172 s=  24.4 on_road=True
t=  59.1s (  345.70, -860.87) speed= 4.13m/s road1172 s=  29.8 on_road=True
--- 메모리 측정(주행중(차량1대+BasicAgent, 동기 20Hz)) ---
total        used        free      shared  buff/cache   available
Mem:            12Gi       7.9Gi       3.0Gi       150Mi       1.8Gi       4.4Gi
Swap:          8.0Gi       876Mi       7.1Gi
gtt_used: 1587163136 bytes (1.48GiB)
t=  60.1s (  343.73, -856.56) speed= 5.20m/s road1172 s=  34.5 on_road=True
t=  61.1s (  341.50, -851.71) speed= 4.13m/s road1172 s=  39.8 on_road=True
t=  62.1s (  339.46, -847.26) speed= 5.39m/s road1172 s=  44.7 on_road=True
t=  63.1s (  337.19, -842.32) speed= 4.22m/s road1172 s=  50.2 on_road=True
t=  64.1s (  335.15, -837.89) speed= 5.32m/s road1172 s=  55.1 on_road=True
t=  65.1s (  332.88, -832.95) speed= 4.17m/s road1172 s=  60.5 on_road=True
t=  66.1s (  330.87, -828.58) speed= 5.29m/s road1172 s=  65.3 on_road=True
t=  67.1s (  328.54, -823.53) speed= 5.04m/s road1172 s=  70.9 on_road=True
t=  68.1s (  326.63, -819.36) speed= 5.17m/s road1172 s=  75.5 on_road=True
t=  69.1s (  324.29, -814.27) speed= 5.01m/s road1172 s=  81.1 on_road=True
t=  70.1s (  322.35, -810.07) speed= 5.35m/s road1172 s=  85.7 on_road=True
t=  71.1s (  320.02, -804.99) speed= 5.08m/s road1172 s=  91.3 on_road=True
t=  72.1s (  318.06, -800.75) speed= 5.36m/s road1172 s=  95.9 on_road=True
t=  73.1s (  315.72, -795.64) speed= 5.09m/s road1172 s= 101.6 on_road=True
t=  74.1s (  313.76, -791.40) speed= 5.21m/s road1172 s= 106.2 on_road=True
t=  75.1s (  311.40, -786.26) speed= 5.07m/s road1172 s= 111.9 on_road=True
t=  76.1s (  309.63, -782.02) speed= 5.15m/s road1172 s= 116.5 on_road=True
[전이] t=  76.45s road1429 커넥터 speed= 5.38m/s limit=30km/h
t=  77.1s (  308.92, -776.72) speed= 6.27m/s road1429 s=   5.0 on_road=True
[전이] t=  77.15s road1434 커넥터 speed= 6.22m/s limit=30km/h
[전이] t=  77.90s road1431 커넥터 speed= 4.20m/s limit=30km/h
t=  78.1s (  310.16, -771.87) speed= 4.44m/s road1431 s=   6.0 on_road=True
[전이] t=  78.55s road1428 커넥터 speed= 5.25m/s limit=30km/h
[전이] t=  79.00s road1432 커넥터 speed= 6.26m/s limit=30km/h
t=  79.1s (  312.77, -767.33) speed= 6.19m/s road1432 s=   6.3 on_road=True
[전이] t=  79.55s road1240 일반 speed= 4.86m/s limit=30km/h
t=  80.1s (  315.78, -763.50) speed= 4.55m/s road1240 s=   2.9 on_road=True
t=  81.1s (  319.33, -759.48) speed= 6.16m/s road1240 s=   8.3 on_road=True
t=  82.1s (  322.67, -755.86) speed= 4.68m/s road1240 s=  13.2 on_road=True
t=  83.1s (  326.34, -751.97) speed= 6.28m/s road1240 s=  18.6 on_road=True
t=  84.1s (  329.83, -748.30) speed= 4.45m/s road1240 s=  23.6 on_road=True
t=  85.1s (  333.51, -744.46) speed= 6.27m/s road1240 s=  29.0 on_road=True
t=  86.1s (  336.90, -740.94) speed= 4.52m/s road1240 s=  33.8 on_road=True
t=  87.1s (  340.66, -737.10) speed= 6.16m/s road1240 s=  39.2 on_road=True
t=  88.1s (  344.12, -733.67) speed= 4.65m/s road1240 s=  44.0 on_road=True
t=  89.1s (  348.09, -729.90) speed= 5.97m/s road1240 s=  49.5 on_road=True
t=  90.1s (  351.56, -726.69) speed= 4.73m/s road1240 s=  54.2 on_road=True
t=  91.1s (  355.65, -722.98) speed= 5.77m/s road1240 s=  59.7 on_road=True
t=  92.1s (  359.11, -719.85) speed= 4.80m/s road1240 s=  64.4 on_road=True
t=  93.1s (  363.22, -716.14) speed= 5.56m/s road1240 s=  69.9 on_road=True
t=  94.1s (  366.69, -713.03) speed= 4.93m/s road1240 s=  74.6 on_road=True
t=  95.1s (  370.85, -709.29) speed= 5.43m/s road1240 s=  80.2 on_road=True
t=  96.1s (  374.33, -706.16) speed= 5.07m/s road1240 s=  84.8 on_road=True
t=  97.1s (  378.49, -702.43) speed= 5.36m/s road1240 s=  90.4 on_road=True
t=  98.1s (  382.02, -699.26) speed= 5.23m/s road1240 s=  95.2 on_road=True
t=  99.1s (  386.20, -695.51) speed= 5.25m/s road1240 s= 100.8 on_road=True
t= 100.1s (  389.63, -692.44) speed= 5.12m/s road1240 s= 105.4 on_road=True
t= 101.1s (  393.81, -688.68) speed= 5.25m/s road1240 s= 111.0 on_road=True
t= 102.1s (  397.19, -685.57) speed= 5.11m/s road1240 s= 115.6 on_road=True
t= 103.1s (  401.03, -681.56) speed= 5.05m/s road1240 s= 121.4 on_road=True
t= 104.1s (  404.13, -678.16) speed= 5.18m/s road1240 s= 126.0 on_road=True
t= 105.1s (  408.01, -674.10) speed= 5.05m/s road1240 s= 131.5 on_road=True
t= 106.1s (  411.23, -670.81) speed= 5.18m/s road1240 s= 136.1 on_road=True
t= 107.1s (  415.17, -666.86) speed= 5.03m/s road1240 s= 141.7 on_road=True
t= 108.1s (  418.43, -663.61) speed= 5.34m/s road1240 s= 146.3 on_road=True
[전이] t= 108.65s road1696 커넥터 speed= 6.18m/s limit=30km/h
[전이] t= 108.75s road1695 커넥터 speed= 5.83m/s limit=30km/h
t= 109.1s (  422.37, -659.67) speed= 5.04m/s road1695 s=   2.3 on_road=True
t= 110.1s (  425.57, -656.35) speed= 5.16m/s road1695 s=   7.0 on_road=True
t= 111.1s (  429.29, -652.25) speed= 4.87m/s road1695 s=  12.6 on_road=True
[전이] t= 111.65s road1239 일반 speed= 4.73m/s limit=30km/h
t= 112.1s (  432.35, -648.77) speed= 5.15m/s road1239 s=   2.2 on_road=True
t= 113.1s (  435.95, -644.61) speed= 4.37m/s road1239 s=   7.7 on_road=True
t= 114.1s (  438.99, -641.06) speed= 5.35m/s road1239 s=  12.3 on_road=True
t= 115.1s (  442.58, -636.92) speed= 4.31m/s road1239 s=  17.8 on_road=True
t= 116.1s (  445.77, -633.47) speed= 5.20m/s road1239 s=  22.5 on_road=True
t= 117.1s (  449.65, -629.75) speed= 4.10m/s road1239 s=  27.8 on_road=True
t= 118.1s (  453.32, -626.72) speed= 5.34m/s road1239 s=  32.4 on_road=True
t= 119.1s (  457.65, -623.59) speed= 4.10m/s road1239 s=  37.6 on_road=True
t= 120.1s (  461.62, -620.91) speed= 5.18m/s road1239 s=  42.4 on_road=True
t= 121.1s (  466.04, -618.01) speed= 4.17m/s road1239 s=  47.6 on_road=True
[전이] t= 121.70s road1426 커넥터 speed= 5.20m/s limit=30km/h
t= 122.1s (  470.24, -615.37) speed= 5.99m/s road1426 s=   2.0 on_road=True
t= 123.1s (  474.71, -612.78) speed= 4.25m/s road1426 s=   7.1 on_road=True
[전이] t= 123.15s road1422 커넥터 speed= 4.42m/s limit=30km/h
[전이] t= 123.25s road1424 커넥터 speed= 4.62m/s limit=30km/h
[전이] t= 123.35s road1426 커넥터 speed= 4.83m/s limit=30km/h
t= 124.1s (  479.16, -610.36) speed= 5.42m/s road1426 s=  12.1 on_road=True
t= 125.1s (  483.85, -607.94) speed= 5.43m/s road1426 s=  17.4 on_road=True
[전이] t= 125.10s road1238 일반 speed= 5.42m/s limit=30km/h
t= 126.1s (  488.81, -605.39) speed= 5.19m/s road1238 s=   5.5 on_road=True
t= 127.1s (  492.91, -603.27) speed= 5.16m/s road1238 s=  10.1 on_road=True
t= 128.1s (  497.90, -600.72) speed= 5.16m/s road1238 s=  15.7 on_road=True
t= 129.1s (  502.00, -598.62) speed= 5.28m/s road1238 s=  20.3 on_road=True
t= 130.1s (  507.06, -596.03) speed= 5.68m/s road1238 s=  26.0 on_road=True
t= 131.1s (  511.20, -593.92) speed= 4.94m/s road1238 s=  30.6 on_road=True
[전이] t= 131.75s road1563 커넥터 speed= 6.38m/s limit=30km/h
t= 132.1s (  516.17, -591.38) speed= 5.45m/s road1563 s=   1.9 on_road=True
t= 133.1s (  520.28, -589.27) speed= 5.04m/s road1563 s=   6.5 on_road=True
t= 134.1s (  525.25, -586.73) speed= 5.25m/s road1563 s=  12.1 on_road=True
[전이] t= 134.80s road1237 일반 speed= 4.60m/s limit=30km/h
t= 135.1s (  529.38, -584.62) speed= 5.12m/s road1237 s=   1.3 on_road=True
t= 136.1s (  534.35, -582.08) speed= 5.16m/s road1237 s=   6.9 on_road=True
t= 137.1s (  538.47, -579.97) speed= 5.28m/s road1237 s=  11.5 on_road=True
t= 138.1s (  543.46, -577.42) speed= 5.13m/s road1237 s=  17.1 on_road=True
t= 139.1s (  547.66, -575.27) speed= 5.40m/s road1237 s=  21.8 on_road=True
t= 140.1s (  552.66, -572.71) speed= 5.25m/s road1237 s=  27.4 on_road=True
t= 141.1s (  556.77, -570.61) speed= 5.12m/s road1237 s=  32.1 on_road=True
t= 142.1s (  561.76, -568.06) speed= 5.16m/s road1237 s=  37.7 on_road=True
t= 143.1s (  565.88, -565.95) speed= 5.28m/s road1237 s=  42.3 on_road=True
[계획 소진] t=143.45s 완주 전에 계획 웨이포인트가 모두 소진됨(이후 제동, 정체 조건으로 판정)
완주: t=143.8s 종점까지 0.92m

=== 요약 ===
route: south (종점 road1237 s=47.0)
결과: 완주
주행 시간(시뮬): 143.8s
계획 이탈 기록: t=31.45s road1915 는 계획의 현재/다음 road 가 아님(비치명, 계속 주행)

=== 계획 vs 실제 road 시퀀스 ===
 0 계획 1247  실제 1247 
 1 계획 1914  실제 1915   <-- 불일치
 2 계획 1356  실제 1247   <-- 불일치
 3 계획 1917  실제 1914   <-- 불일치
 4 계획 1355  실제 1356   <-- 불일치
 5 계획 1446  실제 1917   <-- 불일치
 6 계획 1172  실제 1916   <-- 불일치
 7 계획 1428  실제 1355   <-- 불일치
 8 계획 1240  실제 1449   <-- 불일치
 9 계획 1695  실제 1355   <-- 불일치
10 계획 1239  실제 1446   <-- 불일치
11 계획 1426  실제 1172   <-- 불일치
12 계획 1238  실제 1445   <-- 불일치
13 계획 1563  실제 1172   <-- 불일치
14 계획 1237  실제 1429   <-- 불일치
15 계획 -     실제 1434   <-- 불일치
16 계획 -     실제 1431   <-- 불일치
17 계획 -     실제 1428   <-- 불일치
18 계획 -     실제 1432   <-- 불일치
19 계획 -     실제 1240   <-- 불일치
20 계획 -     실제 1696   <-- 불일치
21 계획 -     실제 1695   <-- 불일치
22 계획 -     실제 1239   <-- 불일치
23 계획 -     실제 1426   <-- 불일치
24 계획 -     실제 1422   <-- 불일치
25 계획 -     실제 1424   <-- 불일치
26 계획 -     실제 1426   <-- 불일치
27 계획 -     실제 1238   <-- 불일치
28 계획 -     실제 1563   <-- 불일치
29 계획 -     실제 1237   <-- 불일치
첫 불일치 위치: 1번째 (계획 1914 / 실제 1915)
junction 통과(커넥터 road 를 실제로 밟았는지):
junction1   (r1914): 통과
junction107 (r1917): 통과
junction42  (r1446): 통과
junction10  (r1428): 통과
junction60  (r1695): 통과
junction84  (r1426): 통과
junction36  (r1563): 통과
junction2(출발 전), junction35(종점 밖)는 통과 대상 아님

=== 급회전 커넥터 이탈량 (정의: sharp_offset docstring) ===
r1446 (+78.4°): tick 37, 최대|lat| 1.67m, 최대 차체초과 +0.96m(안쪽, s=10.0), on_road False 10tick, 충돌 0건
r1428 (-68.1°): tick 55, 최대|lat| 1.38m, 최대 차체초과 +0.63m(안쪽, s=7.2), on_road False 0tick, 충돌 0건
r1446 진입: t=51.25s speed=3.99m/s(14.4km/h)
r1428 진입: t=78.55s speed=5.25m/s(18.9km/h)

=== 차체 판정 road 별 (tick 수, 최대 차선밖 꼭짓점) ===
road1247: 인도 22tick, 차선밖꼭짓점 최대 1/4 (1개 이상 25tick), 반대차선(중심) 0tick, (계획 차선 안 0tick), 꼭짓점 침범깊이 최대 0.16m, 메시밖 0tick
road1356: 인도 3tick, 차선밖꼭짓점 최대 1/4 (1개 이상 3tick), 반대차선(중심) 0tick, (계획 차선 안 0tick), 꼭짓점 침범깊이 최대 0.00m, 메시밖 0tick
road1917: 인도 3tick, 차선밖꼭짓점 최대 1/4 (1개 이상 3tick), 반대차선(중심) 0tick, (계획 차선 안 0tick), 꼭짓점 침범깊이 최대 0.00m, 메시밖 0tick
road1355: 인도 1tick, 차선밖꼭짓점 최대 1/4 (1개 이상 1tick), 반대차선(중심) 0tick, (계획 차선 안 0tick), 꼭짓점 침범깊이 최대 0.00m, 메시밖 0tick
road1449: 인도 1tick, 차선밖꼭짓점 최대 1/4 (1개 이상 1tick), 반대차선(중심) 0tick, (계획 차선 안 0tick), 꼭짓점 침범깊이 최대 0.00m, 메시밖 0tick
road1446: 인도 39tick, 차선밖꼭짓점 최대 2/4 (1개 이상 39tick), 반대차선(중심) 0tick, (계획 차선 안 0tick), 꼭짓점 침범깊이 최대 0.00m, 메시밖 1tick
road1172: 인도 14tick, 차선밖꼭짓점 최대 1/4 (1개 이상 14tick), 반대차선(중심) 0tick, (계획 차선 안 0tick), 꼭짓점 침범깊이 최대 0.00m, 메시밖 0tick
road1445: 인도 5tick, 차선밖꼭짓점 최대 1/4 (1개 이상 5tick), 반대차선(중심) 0tick, (계획 차선 안 0tick), 꼭짓점 침범깊이 최대 0.00m, 메시밖 0tick
road1429: 인도 0tick, 차선밖꼭짓점 최대 0/4 (1개 이상 0tick), 반대차선(중심) 0tick, (계획 차선 안 0tick), 꼭짓점 침범깊이 최대 1.86m, 메시밖 0tick
road1434: 인도 0tick, 차선밖꼭짓점 최대 0/4 (1개 이상 0tick), 반대차선(중심) 15tick, (계획 차선 안 15tick), 꼭짓점 침범깊이 최대 2.95m, 메시밖 0tick
road1431: 인도 0tick, 차선밖꼭짓점 최대 0/4 (1개 이상 0tick), 반대차선(중심) 2tick, (계획 차선 안 2tick), 꼭짓점 침범깊이 최대 2.57m, 메시밖 0tick
road1428: 인도 0tick, 차선밖꼭짓점 최대 0/4 (1개 이상 0tick), 반대차선(중심) 0tick, (계획 차선 안 0tick), 꼭짓점 침범깊이 최대 2.36m, 메시밖 0tick
road1432: 인도 0tick, 차선밖꼭짓점 최대 0/4 (1개 이상 0tick), 반대차선(중심) 0tick, (계획 차선 안 0tick), 꼭짓점 침범깊이 최대 0.92m, 메시밖 0tick
road1426: 인도 0tick, 차선밖꼭짓점 최대 0/4 (1개 이상 0tick), 반대차선(중심) 0tick, (계획 차선 안 0tick), 꼭짓점 침범깊이 최대 1.93m, 메시밖 0tick
road1422: 인도 0tick, 차선밖꼭짓점 최대 0/4 (1개 이상 0tick), 반대차선(중심) 0tick, (계획 차선 안 0tick), 꼭짓점 침범깊이 최대 0.99m, 메시밖 0tick
road1424: 인도 0tick, 차선밖꼭짓점 최대 0/4 (1개 이상 0tick), 반대차선(중심) 0tick, (계획 차선 안 0tick), 꼭짓점 침범깊이 최대 1.05m, 메시밖 0tick
road1238: 인도 0tick, 차선밖꼭짓점 최대 0/4 (1개 이상 0tick), 반대차선(중심) 0tick, (계획 차선 안 0tick), 꼭짓점 침범깊이 최대 2.56m, 메시밖 0tick
road1563: 인도 0tick, 차선밖꼭짓점 최대 0/4 (1개 이상 0tick), 반대차선(중심) 0tick, (계획 차선 안 0tick), 꼭짓점 침범깊이 최대 1.92m, 메시밖 0tick
road1237: 인도 0tick, 차선밖꼭짓점 최대 0/4 (1개 이상 0tick), 반대차선(중심) 0tick, (계획 차선 안 0tick), 꼭짓점 침범깊이 최대 1.70m, 메시밖 0tick
(목록에 없는 road 는 전부 0)
follow=on
궤적 로그: /home/gyumin/campus_mobility_sim/map/docs/logs/drive_log_20260928_224907.csv
충돌 센서(actor_id=28) 제거함
정상 종료 - 차량(actor_id=27) 브레이크 유지로 남겨둠
[동기모드] 복귀: synchronous_mode=False fixed_delta_seconds=None
