controller=agent, 동기모드=켬 0.05s
conn_spacing=4.0m(전 구간), sharp_speed=없음
follow=on(뒤 8m, 위 4m, 매 tick)
맵: Carla/Maps/OpenDriveMap, spawn point 1243개
spawn: Location(x=217.845581, y=-1087.414185, z=0.500000) road1247 lane-1 s=0.00
계획 CSV: /home/gyumin/campus_mobility_sim/map/docs/logs/drive_plan_20260926_181143.csv
계획 웨이포인트 총 204개
road   kind  n  s범위          최대간격(m)
1247   road  39 1.96~151.01  4.38
1914   conn  2  1.07~3.22  2.93
1356   road  10 1.85~35.20  4.0
1917   conn  1  1.48~1.48  2.07
1355   road  15 1.87~54.20  4.13
1446   conn  4  1.74~12.17  3.33
1172   road  30 1.98~117.07  3.97
1428   conn  4  1.78~12.46  4.3
1240   road  38 1.97~147.53  4.09
1695   conn  4  1.89~13.23  3.86
1239   road  13 1.95~48.68  4.06
1426   conn  5  1.74~15.69  3.7
1238   road  9  1.91~32.45  3.82
1564   conn  4  1.62~11.34  3.99
1278   road  26 1.93~98.45  3.86
커넥터 안쪽 점: 24개 / 점 없는 커넥터: 없음
전체 최대 간격 4.38m, 평균 3.85m
인접 road 연결 확인: 14쌍 모두 next() 로 이어짐
궤적 로그(tick마다 기록): /home/gyumin/campus_mobility_sim/map/docs/logs/drive_log_20260926_181143.csv
차량 스폰: actor_id=27
bounding box: half_length=1.853m half_width=0.894m half_height=0.775m -> /home/gyumin/campus_mobility_sim/map/docs/logs/vehicle_bbox_20260926_181143.txt
충돌 센서 부착: actor_id=28 -> /home/gyumin/campus_mobility_sim/map/docs/logs/collision_events_20260926_181143.csv
BasicAgent set_global_plan 204점, target_speed=20.0km/h, dt=0.05
[동기모드] 전환 전: synchronous_mode=False fixed_delta_seconds=None
[동기모드] 전환 후: synchronous_mode=True fixed_delta_seconds=0.05
[전이] t=   0.05s road1247 일반 speed= 0.02m/s limit=30km/h
t=   0.1s (  217.85,-1087.41) speed= 0.02m/s road1247 s=   0.0 on_road=True
t=   1.1s (  217.86,-1087.09) speed= 1.58m/s road1247 s=   0.3 on_road=True
t=   2.1s (  217.99,-1084.35) speed= 3.86m/s road1247 s=   3.1 on_road=True
t=   3.1s (  218.23,-1079.52) speed= 5.41m/s road1247 s=   7.9 on_road=True
t=   4.1s (  218.49,-1074.11) speed= 4.24m/s road1247 s=  13.3 on_road=True
t=   5.1s (  218.73,-1069.20) speed= 5.27m/s road1247 s=  18.2 on_road=True
t=   6.1s (  219.00,-1063.65) speed= 4.47m/s road1247 s=  23.8 on_road=True
t=   7.1s (  219.23,-1058.98) speed= 5.33m/s road1247 s=  28.5 on_road=True
t=   8.1s (  219.50,-1053.44) speed= 5.01m/s road1247 s=  34.0 on_road=True
t=   9.1s (  219.73,-1048.74) speed= 5.41m/s road1247 s=  38.7 on_road=True
[tick 대조] fixed_delta=0.05 delta_seconds=0.0500 시뮬경과/프레임=0.0500s 벽시계 192.4 tick/s (프레임 200)
t=  10.1s (  220.02,-1043.14) speed= 5.03m/s road1247 s=  44.3 on_road=True
t=  11.1s (  220.30,-1038.53) speed= 5.20m/s road1247 s=  48.9 on_road=True
t=  12.1s (  220.71,-1033.01) speed= 5.06m/s road1247 s=  54.5 on_road=True
t=  13.1s (  221.13,-1028.37) speed= 5.38m/s road1247 s=  59.1 on_road=True
t=  14.1s (  221.69,-1022.84) speed= 5.00m/s road1247 s=  64.7 on_road=True
t=  15.1s (  222.18,-1018.22) speed= 5.24m/s road1247 s=  69.3 on_road=True
t=  16.1s (  222.87,-1012.74) speed= 4.49m/s road1247 s=  74.8 on_road=True
t=  17.1s (  223.87,-1008.22) speed= 5.18m/s road1247 s=  79.3 on_road=True
t=  18.1s (  225.59,-1003.06) speed= 4.24m/s road1247 s=  84.5 on_road=True
t=  19.1s (  227.38, -998.69) speed= 5.20m/s road1247 s=  89.2 on_road=True
t=  20.1s (  230.11, -994.13) speed= 4.28m/s road1247 s=  94.4 on_road=True
t=  21.1s (  233.39, -990.41) speed= 5.97m/s road1247 s=  99.1 on_road=True
t=  22.1s (  237.18, -986.90) speed= 4.26m/s road1247 s= 104.2 on_road=True
t=  23.1s (  241.07, -983.58) speed= 6.27m/s road1247 s= 109.3 on_road=True
t=  24.1s (  244.98, -980.37) speed= 4.32m/s road1247 s= 114.4 on_road=True
t=  25.1s (  249.02, -977.10) speed= 6.28m/s road1247 s= 119.6 on_road=True
t=  26.1s (  252.89, -974.00) speed= 4.39m/s road1247 s= 124.6 on_road=True
t=  27.1s (  256.97, -970.75) speed= 6.17m/s road1247 s= 129.8 on_road=True
t=  28.1s (  260.81, -967.73) speed= 4.60m/s road1247 s= 134.6 on_road=True
t=  29.1s (  265.09, -964.40) speed= 5.94m/s road1247 s= 140.0 on_road=True
t=  30.1s (  268.87, -961.52) speed= 4.73m/s road1247 s= 144.8 on_road=True
t=  31.1s (  272.99, -958.34) speed= 5.31m/s road1247 s= 150.0 on_road=True
[전이] t=  31.45s road1915 커넥터 speed= 5.78m/s limit=30km/h
[계획 이탈] t=31.45s road1915 는 계획의 현재/다음 road 가 아님(비치명, 계속 주행)
[전이] t=  31.50s road1247 일반 speed= 5.64m/s limit=30km/h
[전이] t=  31.60s road1914 커넥터 speed= 5.26m/s limit=30km/h
t=  32.1s (  277.10, -954.97) speed= 4.07m/s road1914 s=   2.5 on_road=True
[전이] t=  32.50s road1356 일반 speed= 4.92m/s limit=30km/h
t=  33.1s (  280.85, -951.88) speed= 5.64m/s road1356 s=   2.9 on_road=True
t=  34.1s (  284.96, -948.66) speed= 4.22m/s road1356 s=   8.1 on_road=True
t=  35.1s (  289.16, -945.86) speed= 6.21m/s road1356 s=  13.0 on_road=True
t=  36.1s (  293.59, -943.19) speed= 4.32m/s road1356 s=  18.1 on_road=True
t=  37.1s (  298.07, -940.61) speed= 6.34m/s road1356 s=  23.3 on_road=True
t=  38.1s (  302.41, -938.15) speed= 4.42m/s road1356 s=  28.3 on_road=True
t=  39.1s (  306.79, -935.25) speed= 6.18m/s road1356 s=  33.5 on_road=True
[전이] t=  39.60s road1917 커넥터 speed= 4.84m/s limit=30km/h
t=  40.1s (  310.55, -932.08) speed= 4.49m/s road1917 s=   2.9 on_road=True
[전이] t=  40.15s road1916 커넥터 speed= 4.69m/s limit=30km/h
[전이] t=  40.35s road1355 일반 speed= 5.09m/s limit=30km/h
t=  41.1s (  314.75, -928.77) speed= 6.07m/s road1355 s=   4.4 on_road=True
t=  42.1s (  318.57, -925.89) speed= 4.65m/s road1355 s=   9.2 on_road=True
t=  43.1s (  322.97, -922.64) speed= 5.99m/s road1355 s=  14.7 on_road=True
t=  44.1s (  326.78, -919.85) speed= 4.70m/s road1355 s=  19.4 on_road=True
t=  45.1s (  331.23, -916.61) speed= 5.89m/s road1355 s=  24.9 on_road=True
t=  46.1s (  335.03, -913.84) speed= 4.80m/s road1355 s=  29.6 on_road=True
t=  47.1s (  339.48, -910.61) speed= 5.55m/s road1355 s=  35.1 on_road=True
t=  48.1s (  343.25, -907.88) speed= 4.93m/s road1355 s=  39.8 on_road=True
t=  49.1s (  347.78, -904.61) speed= 5.44m/s road1355 s=  45.4 on_road=True
t=  50.1s (  351.57, -901.85) speed= 5.06m/s road1355 s=  50.0 on_road=True
[전이] t=  50.95s road1449 커넥터 speed= 5.44m/s limit=30km/h
t=  51.1s (  355.73, -898.19) speed= 5.10m/s road1449 s=   0.0 on_road=True
[전이] t=  51.15s road1355 일반 speed= 5.07m/s limit=30km/h
[전이] t=  51.20s road1446 커넥터 speed= 5.06m/s limit=30km/h
t=  52.1s (  357.63, -894.03) speed= 5.16m/s road1446 s=   6.2 on_road=True
t=  53.1s (  357.13, -888.65) speed= 6.29m/s road1446 s=  13.6 on_road=True
[전이] t=  53.10s road1172 일반 speed= 6.27m/s limit=30km/h
[전이] t=  53.15s road1445 커넥터 speed= 6.17m/s limit=30km/h
[전이] t=  53.35s road1172 일반 speed= 5.25m/s limit=30km/h
t=  54.1s (  355.70, -884.00) speed= 4.40m/s road1172 s=   4.6 on_road=True
t=  55.1s (  353.79, -879.11) speed= 6.19m/s road1172 s=   9.8 on_road=True
t=  56.1s (  351.88, -874.64) speed= 4.55m/s road1172 s=  14.7 on_road=True
t=  57.1s (  349.77, -869.87) speed= 5.88m/s road1172 s=  19.9 on_road=True
t=  58.1s (  347.65, -865.17) speed= 4.23m/s road1172 s=  25.1 on_road=True
t=  59.1s (  345.54, -860.53) speed= 6.22m/s road1172 s=  30.1 on_road=True
--- 메모리 측정(주행중(차량1대+BasicAgent, 동기 20Hz)) ---
total        used        free      shared  buff/cache   available
Mem:            12Gi       7.4Gi       2.7Gi       125Mi       2.7Gi       4.9Gi
Swap:          8.0Gi       769Mi       7.2Gi
gtt_used: 1564798976 bytes (1.46GiB)
t=  60.1s (  343.43, -855.90) speed= 4.33m/s road1172 s=  35.2 on_road=True
t=  61.1s (  341.26, -851.17) speed= 6.36m/s road1172 s=  40.4 on_road=True
t=  62.1s (  339.18, -846.65) speed= 4.42m/s road1172 s=  45.4 on_road=True
t=  63.1s (  337.00, -841.91) speed= 6.27m/s road1172 s=  50.6 on_road=True
t=  64.1s (  334.88, -837.30) speed= 4.32m/s road1172 s=  55.7 on_road=True
t=  65.1s (  332.75, -832.66) speed= 5.74m/s road1172 s=  60.8 on_road=True
t=  66.1s (  330.55, -827.89) speed= 4.20m/s road1172 s=  66.1 on_road=True
t=  67.1s (  328.45, -823.32) speed= 5.92m/s road1172 s=  71.1 on_road=True
t=  68.1s (  326.29, -818.62) speed= 4.23m/s road1172 s=  76.3 on_road=True
t=  69.1s (  324.16, -813.99) speed= 6.17m/s road1172 s=  81.4 on_road=True
t=  70.1s (  322.03, -809.36) speed= 4.34m/s road1172 s=  86.5 on_road=True
t=  71.1s (  319.85, -804.62) speed= 6.36m/s road1172 s=  91.7 on_road=True
t=  72.1s (  317.76, -800.10) speed= 4.42m/s road1172 s=  96.7 on_road=True
t=  73.1s (  315.56, -795.30) speed= 6.36m/s road1172 s= 101.9 on_road=True
t=  74.1s (  313.48, -790.78) speed= 4.48m/s road1172 s= 106.9 on_road=True
t=  75.1s (  311.27, -785.93) speed= 6.38m/s road1172 s= 112.2 on_road=True
t=  76.1s (  309.40, -781.33) speed= 4.32m/s road1172 s= 117.2 on_road=True
[전이] t=  76.35s road1429 커넥터 speed= 4.99m/s limit=30km/h
[전이] t=  77.05s road1434 커넥터 speed= 6.24m/s limit=30km/h
t=  77.1s (  308.97, -776.19) speed= 6.24m/s road1434 s=  13.0 on_road=True
[전이] t=  77.85s road1431 커넥터 speed= 4.17m/s limit=30km/h
t=  78.1s (  310.31, -771.53) speed= 4.52m/s road1431 s=   6.0 on_road=True
[전이] t=  78.50s road1428 커넥터 speed= 5.27m/s limit=30km/h
[전이] t=  78.95s road1432 커넥터 speed= 6.27m/s limit=30km/h
t=  79.1s (  313.05, -766.98) speed= 6.06m/s road1432 s=   7.0 on_road=True
[전이] t=  79.45s road1240 일반 speed= 5.02m/s limit=30km/h
t=  80.1s (  316.03, -763.23) speed= 4.62m/s road1240 s=   3.3 on_road=True
t=  81.1s (  319.63, -759.16) speed= 5.98m/s road1240 s=   8.7 on_road=True
t=  82.1s (  322.82, -755.70) speed= 4.69m/s road1240 s=  13.5 on_road=True
t=  83.1s (  326.58, -751.72) speed= 5.82m/s road1240 s=  18.9 on_road=True
t=  84.1s (  329.82, -748.32) speed= 4.83m/s road1240 s=  23.6 on_road=True
t=  85.1s (  333.64, -744.33) speed= 5.55m/s road1240 s=  29.1 on_road=True
t=  86.1s (  336.84, -741.00) speed= 4.92m/s road1240 s=  33.8 on_road=True
t=  87.1s (  340.73, -737.03) speed= 5.35m/s road1240 s=  39.3 on_road=True
t=  88.1s (  344.00, -733.79) speed= 5.01m/s road1240 s=  43.9 on_road=True
t=  89.1s (  347.99, -730.01) speed= 5.20m/s road1240 s=  49.4 on_road=True
t=  90.1s (  351.42, -726.83) speed= 5.27m/s road1240 s=  54.0 on_road=True
t=  91.1s (  355.54, -723.07) speed= 5.07m/s road1240 s=  59.6 on_road=True
t=  92.1s (  358.95, -719.99) speed= 5.16m/s road1240 s=  64.2 on_road=True
t=  93.1s (  363.04, -716.30) speed= 5.06m/s road1240 s=  69.7 on_road=True
t=  94.1s (  366.52, -713.17) speed= 5.32m/s road1240 s=  74.4 on_road=True
t=  95.1s (  370.66, -709.46) speed= 4.61m/s road1240 s=  79.9 on_road=True
t=  96.1s (  374.12, -706.35) speed= 5.34m/s road1240 s=  84.6 on_road=True
t=  97.1s (  378.25, -702.64) speed= 4.50m/s road1240 s=  90.1 on_road=True
t=  98.1s (  381.75, -699.50) speed= 5.29m/s road1240 s=  94.8 on_road=True
t=  99.1s (  385.87, -695.80) speed= 4.51m/s road1240 s= 100.4 on_road=True
t= 100.1s (  389.35, -692.68) speed= 5.28m/s road1240 s= 105.0 on_road=True
t= 101.1s (  393.44, -689.01) speed= 4.35m/s road1240 s= 110.5 on_road=True
t= 102.1s (  396.94, -685.80) speed= 5.36m/s road1240 s= 115.3 on_road=True
t= 103.1s (  400.72, -681.88) speed= 4.17m/s road1240 s= 120.9 on_road=True
t= 104.1s (  403.96, -678.34) speed= 5.26m/s road1240 s= 125.8 on_road=True
t= 105.1s (  407.65, -674.45) speed= 4.09m/s road1240 s= 131.0 on_road=True
t= 106.1s (  411.06, -670.98) speed= 5.30m/s road1240 s= 135.8 on_road=True
t= 107.1s (  414.79, -667.23) speed= 4.10m/s road1240 s= 141.1 on_road=True
t= 108.1s (  418.27, -663.77) speed= 5.44m/s road1240 s= 146.0 on_road=True
[전이] t= 108.65s road1696 커넥터 speed= 5.01m/s limit=30km/h
[전이] t= 108.80s road1695 커넥터 speed= 4.62m/s limit=30km/h
t= 109.1s (  422.00, -660.05) speed= 4.16m/s road1695 s=   1.8 on_road=True
t= 110.1s (  425.43, -656.50) speed= 6.01m/s road1695 s=   6.8 on_road=True
t= 111.1s (  428.90, -652.70) speed= 4.33m/s road1695 s=  12.0 on_road=True
[전이] t= 111.70s road1239 일반 speed= 5.28m/s limit=30km/h
t= 112.1s (  432.31, -648.80) speed= 6.26m/s road1239 s=   2.1 on_road=True
t= 113.1s (  435.55, -645.07) speed= 4.39m/s road1239 s=   7.1 on_road=True
t= 114.1s (  438.96, -641.10) speed= 6.18m/s road1239 s=  12.3 on_road=True
t= 115.1s (  442.08, -637.48) speed= 4.45m/s road1239 s=  17.1 on_road=True
t= 116.1s (  445.69, -633.55) speed= 6.34m/s road1239 s=  22.4 on_road=True
t= 117.1s (  449.19, -630.17) speed= 4.50m/s road1239 s=  27.1 on_road=True
t= 118.1s (  453.27, -626.76) speed= 6.07m/s road1239 s=  32.3 on_road=True
t= 119.1s (  457.14, -623.94) speed= 4.61m/s road1239 s=  37.0 on_road=True
t= 120.1s (  461.63, -620.90) speed= 5.97m/s road1239 s=  42.4 on_road=True
t= 121.1s (  465.56, -618.32) speed= 4.70m/s road1239 s=  47.1 on_road=True
[전이] t= 121.75s road1426 커넥터 speed= 5.97m/s limit=30km/h
t= 122.1s (  470.19, -615.41) speed= 5.80m/s road1426 s=   1.9 on_road=True
t= 123.1s (  474.26, -613.03) speed= 4.85m/s road1426 s=   6.6 on_road=True
[전이] t= 123.25s road1422 커넥터 speed= 5.21m/s limit=30km/h
[전이] t= 123.35s road1424 커넥터 speed= 5.18m/s limit=30km/h
[전이] t= 123.45s road1426 커넥터 speed= 5.21m/s limit=30km/h
t= 124.1s (  479.13, -610.38) speed= 5.68m/s road1426 s=  12.0 on_road=True
t= 125.1s (  483.15, -608.30) speed= 4.75m/s road1426 s=  16.6 on_road=True
[전이] t= 125.25s road1238 일반 speed= 5.14m/s limit=30km/h
t= 126.1s (  488.00, -605.80) speed= 6.16m/s road1238 s=   4.6 on_road=True
t= 127.1s (  492.28, -603.60) speed= 4.82m/s road1238 s=   9.4 on_road=True
t= 128.1s (  497.20, -601.08) speed= 5.59m/s road1238 s=  14.9 on_road=True
t= 129.1s (  501.32, -598.97) speed= 4.91m/s road1238 s=  19.5 on_road=True
t= 130.1s (  506.26, -596.45) speed= 5.44m/s road1238 s=  25.1 on_road=True
t= 131.1s (  510.39, -594.38) speed= 5.03m/s road1238 s=  29.7 on_road=True
[전이] t= 131.90s road1564 커넥터 speed= 5.72m/s limit=30km/h
t= 132.1s (  515.60, -592.58) speed= 5.10m/s road1564 s=   0.9 on_road=True
[전이] t= 132.70s road1561 커넥터 speed= 4.38m/s limit=30km/h
t= 133.1s (  519.99, -592.68) speed= 4.70m/s road1561 s=  10.7 on_road=True
[전이] t= 133.45s road1558 커넥터 speed= 5.13m/s limit=30km/h
[전이] t= 134.05s road1559 커넥터 speed= 5.18m/s limit=30km/h
t= 134.1s (  524.71, -595.27) speed= 5.18m/s road1559 s=   4.1 on_road=True
[전이] t= 134.85s road1278 일반 speed= 4.76m/s limit=30km/h
t= 135.1s (  527.99, -598.53) speed= 5.15m/s road1278 s=   1.8 on_road=True
t= 136.1s (  531.53, -602.84) speed= 5.10m/s road1278 s=   7.3 on_road=True
t= 137.1s (  534.27, -606.52) speed= 5.27m/s road1278 s=  11.9 on_road=True
t= 138.1s (  537.51, -611.05) speed= 5.07m/s road1278 s=  17.5 on_road=True
t= 139.1s (  540.16, -614.82) speed= 5.29m/s road1278 s=  22.1 on_road=True
t= 140.1s (  543.34, -619.37) speed= 5.09m/s road1278 s=  27.6 on_road=True
t= 141.1s (  545.99, -623.19) speed= 5.27m/s road1278 s=  32.3 on_road=True
t= 142.1s (  549.16, -627.76) speed= 4.77m/s road1278 s=  37.8 on_road=True
t= 143.1s (  551.79, -631.55) speed= 5.32m/s road1278 s=  42.4 on_road=True
t= 144.1s (  554.96, -636.12) speed= 4.61m/s road1278 s=  48.0 on_road=True
t= 145.1s (  557.62, -639.96) speed= 5.37m/s road1278 s=  52.7 on_road=True
t= 146.1s (  560.78, -644.53) speed= 4.94m/s road1278 s=  58.2 on_road=True
t= 147.1s (  563.43, -648.34) speed= 5.35m/s road1278 s=  62.9 on_road=True
t= 148.1s (  566.58, -652.90) speed= 4.63m/s road1278 s=  68.4 on_road=True
t= 149.1s (  569.27, -656.78) speed= 5.31m/s road1278 s=  73.1 on_road=True
t= 150.1s (  572.43, -661.34) speed= 4.87m/s road1278 s=  78.7 on_road=True
t= 151.1s (  575.15, -665.27) speed= 5.30m/s road1278 s=  83.5 on_road=True
t= 152.1s (  578.32, -669.85) speed= 4.84m/s road1278 s=  89.0 on_road=True
t= 153.1s (  581.03, -673.75) speed= 5.30m/s road1278 s=  93.8 on_road=True
완주: t=153.4s 종점까지 4.97m

=== 요약 ===
결과: 완주
주행 시간(시뮬): 153.4s
계획 이탈 기록: t=31.45s road1915 는 계획의 현재/다음 road 가 아님(비치명, 계속 주행)

=== 계획 vs 실제 road 시퀀스 ===
 0 계획 1247  실제 1247 
 1 계획 1914  실제 1915   <-- 불일치
 2 계획 1356  실제 1247   <-- 불일치
 3 계획 1917  실제 1914   <-- 불일치
 4 계획 1355  실제 1356   <-- 불일치
 5 계획 1446  실제 1917   <-- 불일치
 6 계획 1172  실제 1916   <-- 불일치
 7 계획 1428  실제 1355   <-- 불일치
 8 계획 1240  실제 1449   <-- 불일치
 9 계획 1695  실제 1355   <-- 불일치
10 계획 1239  실제 1446   <-- 불일치
11 계획 1426  실제 1172   <-- 불일치
12 계획 1238  실제 1445   <-- 불일치
13 계획 1564  실제 1172   <-- 불일치
14 계획 1278  실제 1429   <-- 불일치
15 계획 -     실제 1434   <-- 불일치
16 계획 -     실제 1431   <-- 불일치
17 계획 -     실제 1428   <-- 불일치
18 계획 -     실제 1432   <-- 불일치
19 계획 -     실제 1240   <-- 불일치
20 계획 -     실제 1696   <-- 불일치
21 계획 -     실제 1695   <-- 불일치
22 계획 -     실제 1239   <-- 불일치
23 계획 -     실제 1426   <-- 불일치
24 계획 -     실제 1422   <-- 불일치
25 계획 -     실제 1424   <-- 불일치
26 계획 -     실제 1426   <-- 불일치
27 계획 -     실제 1238   <-- 불일치
28 계획 -     실제 1564   <-- 불일치
29 계획 -     실제 1561   <-- 불일치
30 계획 -     실제 1558   <-- 불일치
31 계획 -     실제 1559   <-- 불일치
32 계획 -     실제 1278   <-- 불일치
첫 불일치 위치: 1번째 (계획 1914 / 실제 1915)
junction 통과(커넥터 road 를 실제로 밟았는지):
junction1   (r1914): 통과
junction107 (r1917): 통과
junction42  (r1446): 통과
junction10  (r1428): 통과
junction60  (r1695): 통과
junction84  (r1426): 통과
junction36  (r1564): 통과
junction2(출발 전), junction35(종점 밖)는 통과 대상 아님

=== 급회전 커넥터 이탈량 (정의: sharp_offset docstring) ===
r1446 (+78.6°): tick 38, 최대|lat| 1.61m, 최대 차체초과 +0.94m(안쪽, s=10.2), on_road False 6tick, 충돌 0건
r1428 (-68.5°): tick 55, 최대|lat| 1.40m, 최대 차체초과 +0.65m(안쪽, s=7.5), on_road False 0tick, 충돌 0건
r1564 (-82.2°): tick 53, 최대|lat| 1.66m, 최대 차체초과 +0.84m(안쪽, s=9.0), on_road False 0tick, 충돌 0건
r1446 진입: t=51.20s speed=5.06m/s(18.2km/h)
r1428 진입: t=78.50s speed=5.27m/s(19.0km/h)
r1564 진입: t=131.90s speed=5.72m/s(20.6km/h)

=== 차체 판정 road 별 (tick 수, 최대 차선밖 꼭짓점) ===
road1247: 인도 22tick, 차선밖꼭짓점 최대 1/4 (1개 이상 25tick), 반대차선(중심) 0tick, (계획 차선 안 0tick), 꼭짓점 침범깊이 최대 0.18m, 메시밖 0tick
road1356: 인도 1tick, 차선밖꼭짓점 최대 1/4 (1개 이상 1tick), 반대차선(중심) 0tick, (계획 차선 안 0tick), 꼭짓점 침범깊이 최대 0.00m, 메시밖 0tick
road1917: 인도 3tick, 차선밖꼭짓점 최대 1/4 (1개 이상 3tick), 반대차선(중심) 0tick, (계획 차선 안 0tick), 꼭짓점 침범깊이 최대 0.00m, 메시밖 0tick
road1355: 인도 1tick, 차선밖꼭짓점 최대 1/4 (1개 이상 1tick), 반대차선(중심) 0tick, (계획 차선 안 0tick), 꼭짓점 침범깊이 최대 0.00m, 메시밖 0tick
road1449: 인도 2tick, 차선밖꼭짓점 최대 1/4 (1개 이상 2tick), 반대차선(중심) 0tick, (계획 차선 안 0tick), 꼭짓점 침범깊이 최대 0.00m, 메시밖 0tick
road1446: 인도 38tick, 차선밖꼭짓점 최대 2/4 (1개 이상 38tick), 반대차선(중심) 0tick, (계획 차선 안 0tick), 꼭짓점 침범깊이 최대 0.00m, 메시밖 2tick
road1172: 인도 14tick, 차선밖꼭짓점 최대 1/4 (1개 이상 14tick), 반대차선(중심) 0tick, (계획 차선 안 0tick), 꼭짓점 침범깊이 최대 0.00m, 메시밖 0tick
road1445: 인도 4tick, 차선밖꼭짓점 최대 1/4 (1개 이상 4tick), 반대차선(중심) 0tick, (계획 차선 안 0tick), 꼭짓점 침범깊이 최대 0.00m, 메시밖 0tick
road1429: 인도 0tick, 차선밖꼭짓점 최대 0/4 (1개 이상 0tick), 반대차선(중심) 0tick, (계획 차선 안 0tick), 꼭짓점 침범깊이 최대 1.81m, 메시밖 0tick
road1434: 인도 0tick, 차선밖꼭짓점 최대 0/4 (1개 이상 0tick), 반대차선(중심) 16tick, (계획 차선 안 16tick), 꼭짓점 침범깊이 최대 2.90m, 메시밖 0tick
road1431: 인도 0tick, 차선밖꼭짓점 최대 0/4 (1개 이상 0tick), 반대차선(중심) 3tick, (계획 차선 안 3tick), 꼭짓점 침범깊이 최대 2.53m, 메시밖 0tick
road1428: 인도 0tick, 차선밖꼭짓점 최대 0/4 (1개 이상 0tick), 반대차선(중심) 0tick, (계획 차선 안 0tick), 꼭짓점 침범깊이 최대 2.29m, 메시밖 0tick
road1432: 인도 0tick, 차선밖꼭짓점 최대 0/4 (1개 이상 0tick), 반대차선(중심) 0tick, (계획 차선 안 0tick), 꼭짓점 침범깊이 최대 0.88m, 메시밖 0tick
road1426: 인도 0tick, 차선밖꼭짓점 최대 0/4 (1개 이상 0tick), 반대차선(중심) 0tick, (계획 차선 안 0tick), 꼭짓점 침범깊이 최대 1.94m, 메시밖 0tick
road1422: 인도 0tick, 차선밖꼭짓점 최대 0/4 (1개 이상 0tick), 반대차선(중심) 0tick, (계획 차선 안 0tick), 꼭짓점 침범깊이 최대 0.97m, 메시밖 0tick
road1424: 인도 0tick, 차선밖꼭짓점 최대 0/4 (1개 이상 0tick), 반대차선(중심) 0tick, (계획 차선 안 0tick), 꼭짓점 침범깊이 최대 1.13m, 메시밖 0tick
road1238: 인도 0tick, 차선밖꼭짓점 최대 0/4 (1개 이상 0tick), 반대차선(중심) 0tick, (계획 차선 안 0tick), 꼭짓점 침범깊이 최대 2.56m, 메시밖 0tick
road1564: 인도 0tick, 차선밖꼭짓점 최대 0/4 (1개 이상 0tick), 반대차선(중심) 0tick, (계획 차선 안 0tick), 꼭짓점 침범깊이 최대 2.19m, 메시밖 0tick
road1561: 인도 0tick, 차선밖꼭짓점 최대 0/4 (1개 이상 0tick), 반대차선(중심) 15tick, (계획 차선 안 15tick), 꼭짓점 침범깊이 최대 2.78m, 메시밖 0tick
road1558: 인도 0tick, 차선밖꼭짓점 최대 0/4 (1개 이상 0tick), 반대차선(중심) 5tick, (계획 차선 안 5tick), 꼭짓점 침범깊이 최대 2.35m, 메시밖 0tick
road1559: 인도 0tick, 차선밖꼭짓점 최대 0/4 (1개 이상 0tick), 반대차선(중심) 0tick, (계획 차선 안 0tick), 꼭짓점 침범깊이 최대 2.00m, 메시밖 0tick
road1278: 인도 0tick, 차선밖꼭짓점 최대 0/4 (1개 이상 0tick), 반대차선(중심) 0tick, (계획 차선 안 0tick), 꼭짓점 침범깊이 최대 0.81m, 메시밖 0tick
(목록에 없는 road 는 전부 0)
follow=on
궤적 로그: /home/gyumin/campus_mobility_sim/map/docs/logs/drive_log_20260926_181143.csv
충돌 센서(actor_id=28) 제거함
정상 종료 - 차량(actor_id=27) 브레이크 유지로 남겨둠
[동기모드] 복귀: synchronous_mode=False fixed_delta_seconds=None
