controller=agent, 동기모드=켬 0.05s
conn_spacing=4.0m(전 구간), sharp_speed=없음
follow=on(뒤 8m, 위 4m, 매 tick)
맵: Carla/Maps/OpenDriveMap, spawn point 1243개
spawn: Location(x=217.845581, y=-1087.414185, z=0.500000) road1247 lane-1 s=0.00
계획 CSV: /home/gm/campus_mobility_sim/map/docs/logs/drive_plan_20260925_113316.csv
계획 웨이포인트 총 204개
road   kind  n  s범위          최대간격(m)
1247   road  39 1.96~151.01  4.38
1914   conn  2  1.07~3.22  2.93
1356   road  10 1.85~35.20  4.0
1917   conn  1  1.48~1.48  2.07
1355   road  15 1.87~54.20  4.13
1446   conn  4  1.74~12.17  3.33
1172   road  30 1.98~117.07  3.97
1428   conn  4  1.78~12.46  4.3
1240   road  38 1.97~147.53  4.09
1695   conn  4  1.89~13.23  3.86
1239   road  13 1.95~48.68  4.06
1426   conn  5  1.74~15.69  3.7
1238   road  9  1.91~32.45  3.82
1564   conn  4  1.62~11.34  3.99
1278   road  26 1.93~98.45  3.86
커넥터 안쪽 점: 24개 / 점 없는 커넥터: 없음
전체 최대 간격 4.38m, 평균 3.85m
인접 road 연결 확인: 14쌍 모두 next() 로 이어짐
궤적 로그(tick마다 기록): /home/gm/campus_mobility_sim/map/docs/logs/drive_log_20260925_113316.csv
차량 스폰: actor_id=27
bounding box: half_length=1.853m half_width=0.894m half_height=0.775m -> /home/gm/campus_mobility_sim/map/docs/logs/vehicle_bbox_20260925_113316.txt
충돌 센서 부착: actor_id=28 -> /home/gm/campus_mobility_sim/map/docs/logs/collision_events_20260925_113316.csv
BasicAgent set_global_plan 204점, target_speed=20.0km/h, dt=0.05
[동기모드] 전환 전: synchronous_mode=False fixed_delta_seconds=None
[동기모드] 전환 후: synchronous_mode=True fixed_delta_seconds=0.05
[전이] t=   0.05s road1247 일반 speed= 0.07m/s limit=30km/h
t=   0.1s (  217.85,-1087.41) speed= 0.07m/s road1247 s=   0.0 on_road=True
t=   1.1s (  217.86,-1087.08) speed= 1.61m/s road1247 s=   0.3 on_road=True
t=   2.1s (  218.00,-1084.34) speed= 3.86m/s road1247 s=   3.1 on_road=True
t=   3.1s (  218.23,-1079.50) speed= 5.37m/s road1247 s=   7.9 on_road=True
t=   4.1s (  218.50,-1074.00) speed= 4.40m/s road1247 s=  13.4 on_road=True
t=   5.1s (  218.73,-1069.22) speed= 5.38m/s road1247 s=  18.2 on_road=True
t=   6.1s (  219.00,-1063.67) speed= 5.00m/s road1247 s=  23.8 on_road=True
t=   7.1s (  219.23,-1059.00) speed= 5.33m/s road1247 s=  28.5 on_road=True
t=   8.1s (  219.50,-1053.41) speed= 5.01m/s road1247 s=  34.0 on_road=True
t=   9.1s (  219.73,-1048.71) speed= 5.42m/s road1247 s=  38.8 on_road=True
[tick 대조] fixed_delta=0.05 delta_seconds=0.0500 시뮬경과/프레임=0.0500s 벽시계 215.2 tick/s (프레임 200)
t=  10.1s (  220.02,-1043.10) speed= 5.10m/s road1247 s=  44.4 on_road=True
t=  11.1s (  220.31,-1038.40) speed= 5.16m/s road1247 s=  49.1 on_road=True
t=  12.1s (  220.73,-1032.80) speed= 5.09m/s road1247 s=  54.7 on_road=True
t=  13.1s (  221.14,-1028.22) speed= 5.31m/s road1247 s=  59.2 on_road=True
t=  14.1s (  221.70,-1022.69) speed= 4.87m/s road1247 s=  64.8 on_road=True
t=  15.1s (  222.19,-1018.10) speed= 5.23m/s road1247 s=  69.4 on_road=True
t=  16.1s (  222.88,-1012.63) speed= 4.50m/s road1247 s=  74.9 on_road=True
t=  17.1s (  223.91,-1008.10) speed= 5.20m/s road1247 s=  79.4 on_road=True
t=  18.1s (  225.64,-1002.94) speed= 4.21m/s road1247 s=  84.6 on_road=True
t=  19.1s (  227.42, -998.60) speed= 5.18m/s road1247 s=  89.3 on_road=True
t=  20.1s (  230.19, -994.01) speed= 4.22m/s road1247 s=  94.6 on_road=True
t=  21.1s (  233.40, -990.37) speed= 5.35m/s road1247 s=  99.1 on_road=True
t=  22.1s (  237.33, -986.75) speed= 4.09m/s road1247 s= 104.4 on_road=True
t=  23.1s (  241.04, -983.60) speed= 5.72m/s road1247 s= 109.3 on_road=True
t=  24.1s (  245.07, -980.29) speed= 4.15m/s road1247 s= 114.5 on_road=True
t=  25.1s (  248.95, -977.15) speed= 5.95m/s road1247 s= 119.5 on_road=True
t=  26.1s (  252.97, -973.93) speed= 4.22m/s road1247 s= 124.7 on_road=True
t=  27.1s (  256.90, -970.79) speed= 6.22m/s road1247 s= 129.7 on_road=True
t=  28.1s (  260.87, -967.68) speed= 4.40m/s road1247 s= 134.7 on_road=True
t=  29.1s (  265.03, -964.45) speed= 6.30m/s road1247 s= 139.9 on_road=True
t=  30.1s (  268.92, -961.47) speed= 4.40m/s road1247 s= 144.8 on_road=True
t=  31.1s (  273.10, -958.24) speed= 6.24m/s road1247 s= 150.1 on_road=True
[전이] t=  31.45s road1915 커넥터 speed= 5.02m/s limit=30km/h
[계획 이탈] t=31.45s road1915 는 계획의 현재/다음 road 가 아님(비치명, 계속 주행)
[전이] t=  31.55s road1247 일반 speed= 5.01m/s limit=30km/h
[전이] t=  31.60s road1914 커넥터 speed= 4.63m/s limit=30km/h
t=  32.1s (  276.91, -955.12) speed= 4.53m/s road1914 s=   2.3 on_road=True
[전이] t=  32.50s road1356 일반 speed= 5.41m/s limit=30km/h
t=  33.1s (  280.91, -951.84) speed= 5.30m/s road1356 s=   3.0 on_road=True
t=  34.1s (  285.09, -948.56) speed= 4.10m/s road1356 s=   8.3 on_road=True
t=  35.1s (  289.15, -945.87) speed= 5.70m/s road1356 s=  13.0 on_road=True
t=  36.1s (  293.61, -943.18) speed= 4.13m/s road1356 s=  18.1 on_road=True
t=  37.1s (  297.90, -940.70) speed= 6.04m/s road1356 s=  23.1 on_road=True
t=  38.1s (  302.39, -938.16) speed= 4.24m/s road1356 s=  28.3 on_road=True
t=  39.1s (  306.61, -935.40) speed= 5.99m/s road1356 s=  33.3 on_road=True
[전이] t=  39.60s road1917 커넥터 speed= 5.22m/s limit=30km/h
t=  40.1s (  310.49, -932.13) speed= 4.43m/s road1917 s=   2.8 on_road=True
[전이] t=  40.15s road1916 커넥터 speed= 4.61m/s limit=30km/h
[전이] t=  40.40s road1355 일반 speed= 5.13m/s limit=30km/h
t=  41.1s (  314.64, -928.86) speed= 6.24m/s road1355 s=   4.3 on_road=True
t=  42.1s (  318.50, -925.95) speed= 4.51m/s road1355 s=   9.1 on_road=True
t=  43.1s (  322.82, -922.75) speed= 6.10m/s road1355 s=  14.5 on_road=True
t=  44.1s (  326.68, -919.92) speed= 4.60m/s road1355 s=  19.3 on_road=True
t=  45.1s (  331.07, -916.72) speed= 5.95m/s road1355 s=  24.7 on_road=True
t=  46.1s (  334.92, -913.92) speed= 4.73m/s road1355 s=  29.5 on_road=True
t=  47.1s (  339.37, -910.69) speed= 5.76m/s road1355 s=  35.0 on_road=True
t=  48.1s (  343.13, -907.96) speed= 4.80m/s road1355 s=  39.6 on_road=True
t=  49.1s (  347.63, -904.71) speed= 5.61m/s road1355 s=  45.2 on_road=True
t=  50.1s (  351.41, -901.96) speed= 4.92m/s road1355 s=  49.9 on_road=True
[전이] t=  51.00s road1449 커넥터 speed= 5.45m/s limit=30km/h
t=  51.1s (  355.57, -898.37) speed= 5.19m/s road1449 s=   0.0 on_road=True
[전이] t=  51.20s road1355 일반 speed= 5.08m/s limit=30km/h
[전이] t=  51.25s road1446 커넥터 speed= 5.01m/s limit=30km/h
t=  52.1s (  357.58, -894.27) speed= 5.08m/s road1446 s=   5.5 on_road=True
t=  53.1s (  357.19, -888.86) speed= 5.03m/s road1446 s=  13.4 on_road=True
[전이] t=  53.15s road1172 일반 speed= 4.95m/s limit=30km/h
[전이] t=  53.20s road1445 커넥터 speed= 4.95m/s limit=30km/h
[전이] t=  53.45s road1172 일반 speed= 3.98m/s limit=30km/h
t=  54.1s (  355.93, -884.57) speed= 4.99m/s road1172 s=   4.0 on_road=True
t=  55.1s (  353.92, -879.40) speed= 5.24m/s road1172 s=   9.5 on_road=True
t=  56.1s (  352.12, -875.18) speed= 5.11m/s road1172 s=  14.1 on_road=True
t=  57.1s (  349.88, -870.10) speed= 5.15m/s road1172 s=  19.6 on_road=True
t=  58.1s (  347.98, -865.89) speed= 5.28m/s road1172 s=  24.3 on_road=True
t=  59.1s (  345.67, -860.80) speed= 5.04m/s road1172 s=  29.8 on_road=True
--- 메모리 측정(주행중(차량1대+BasicAgent, 동기 20Hz)) ---
total        used        free      shared  buff/cache   available
Mem:            12Gi       7.7Gi       3.4Gi        89Mi       1.6Gi       4.6Gi
Swap:          8.0Gi       824Mi       7.2Gi
gtt_used: 1634238464 bytes (1.52GiB)
t=  60.1s (  343.75, -856.61) speed= 5.35m/s road1172 s=  34.5 on_road=True
t=  61.1s (  341.42, -851.53) speed= 5.09m/s road1172 s=  40.0 on_road=True
t=  62.1s (  339.48, -847.30) speed= 5.40m/s road1172 s=  44.7 on_road=True
t=  63.1s (  337.15, -842.23) speed= 5.11m/s road1172 s=  50.3 on_road=True
t=  64.1s (  335.18, -837.95) speed= 5.41m/s road1172 s=  55.0 on_road=True
t=  65.1s (  332.83, -832.84) speed= 5.24m/s road1172 s=  60.6 on_road=True
t=  66.1s (  330.89, -828.63) speed= 5.15m/s road1172 s=  65.3 on_road=True
t=  67.1s (  328.55, -823.53) speed= 5.33m/s road1172 s=  70.9 on_road=True
t=  68.1s (  326.58, -819.26) speed= 5.17m/s road1172 s=  75.6 on_road=True
t=  69.1s (  324.23, -814.16) speed= 5.52m/s road1172 s=  81.2 on_road=True
t=  70.1s (  322.27, -809.88) speed= 5.00m/s road1172 s=  85.9 on_road=True
t=  71.1s (  319.95, -804.85) speed= 6.21m/s road1172 s=  91.4 on_road=True
t=  72.1s (  317.94, -800.48) speed= 4.62m/s road1172 s=  96.2 on_road=True
t=  73.1s (  315.71, -795.64) speed= 6.43m/s road1172 s= 101.6 on_road=True
t=  74.1s (  313.59, -791.01) speed= 4.33m/s road1172 s= 106.7 on_road=True
t=  75.1s (  311.44, -786.33) speed= 6.20m/s road1172 s= 111.8 on_road=True
t=  76.1s (  309.49, -781.63) speed= 4.26m/s road1172 s= 116.9 on_road=True
[전이] t=  76.45s road1429 커넥터 speed= 5.10m/s limit=30km/h
t=  77.1s (  308.96, -776.59) speed= 6.27m/s road1429 s=   5.0 on_road=True
[전이] t=  77.15s road1434 커넥터 speed= 6.08m/s limit=30km/h
[전이] t=  77.90s road1431 커넥터 speed= 4.28m/s limit=30km/h
t=  78.1s (  310.19, -771.82) speed= 4.54m/s road1431 s=   6.0 on_road=True
[전이] t=  78.55s road1428 커넥터 speed= 5.23m/s limit=30km/h
[전이] t=  78.95s road1432 커넥터 speed= 6.26m/s limit=30km/h
t=  79.1s (  312.88, -767.23) speed= 6.05m/s road1432 s=   6.4 on_road=True
[전이] t=  79.50s road1240 일반 speed= 4.87m/s limit=30km/h
t=  80.1s (  315.84, -763.46) speed= 4.65m/s road1240 s=   3.0 on_road=True
t=  81.1s (  319.35, -759.45) speed= 6.36m/s road1240 s=   8.3 on_road=True
t=  82.1s (  322.79, -755.73) speed= 4.31m/s road1240 s=  13.4 on_road=True
t=  83.1s (  326.35, -751.96) speed= 6.26m/s road1240 s=  18.6 on_road=True
t=  84.1s (  329.77, -748.37) speed= 4.40m/s road1240 s=  23.5 on_road=True
t=  85.1s (  333.41, -744.57) speed= 6.24m/s road1240 s=  28.8 on_road=True
t=  86.1s (  336.80, -741.04) speed= 4.52m/s road1240 s=  33.7 on_road=True
t=  87.1s (  340.54, -737.22) speed= 6.19m/s road1240 s=  39.0 on_road=True
t=  88.1s (  344.04, -733.75) speed= 4.64m/s road1240 s=  44.0 on_road=True
t=  89.1s (  347.98, -730.00) speed= 5.93m/s road1240 s=  49.4 on_road=True
t=  90.1s (  351.45, -726.79) speed= 4.72m/s road1240 s=  54.0 on_road=True
t=  91.1s (  355.52, -723.09) speed= 5.75m/s road1240 s=  59.5 on_road=True
t=  92.1s (  358.98, -719.96) speed= 4.81m/s road1240 s=  64.2 on_road=True
t=  93.1s (  363.10, -716.25) speed= 5.79m/s road1240 s=  69.8 on_road=True
t=  94.1s (  366.60, -713.10) speed= 4.82m/s road1240 s=  74.5 on_road=True
t=  95.1s (  370.73, -709.39) speed= 5.61m/s road1240 s=  80.0 on_road=True
t=  96.1s (  374.18, -706.30) speed= 4.91m/s road1240 s=  84.6 on_road=True
t=  97.1s (  378.33, -702.57) speed= 5.47m/s road1240 s=  90.2 on_road=True
t=  98.1s (  381.79, -699.46) speed= 5.05m/s road1240 s=  94.9 on_road=True
t=  99.1s (  385.93, -695.75) speed= 6.01m/s road1240 s= 100.4 on_road=True
t= 100.1s (  389.47, -692.57) speed= 4.68m/s road1240 s= 105.2 on_road=True
t= 101.1s (  393.49, -688.96) speed= 6.20m/s road1240 s= 110.6 on_road=True
t= 102.1s (  397.12, -685.64) speed= 4.60m/s road1240 s= 115.5 on_road=True
t= 103.1s (  400.86, -681.76) speed= 5.92m/s road1240 s= 121.1 on_road=True
t= 104.1s (  404.04, -678.27) speed= 4.71m/s road1240 s= 125.9 on_road=True
t= 105.1s (  407.78, -674.34) speed= 5.71m/s road1240 s= 131.2 on_road=True
t= 106.1s (  411.07, -670.98) speed= 4.90m/s road1240 s= 135.9 on_road=True
t= 107.1s (  414.99, -667.04) speed= 5.44m/s road1240 s= 141.4 on_road=True
t= 108.1s (  418.27, -663.77) speed= 5.04m/s road1240 s= 146.1 on_road=True
[전이] t= 108.70s road1696 커넥터 speed= 6.32m/s limit=30km/h
[전이] t= 108.80s road1695 커넥터 speed= 6.10m/s limit=30km/h
t= 109.1s (  422.21, -659.84) speed= 5.23m/s road1695 s=   2.1 on_road=True
t= 110.1s (  425.39, -656.55) speed= 5.13m/s road1695 s=   6.7 on_road=True
t= 111.1s (  429.13, -652.43) speed= 5.04m/s road1695 s=  12.3 on_road=True
[전이] t= 111.70s road1239 일반 speed= 4.49m/s limit=30km/h
t= 112.1s (  432.16, -648.99) speed= 5.20m/s road1239 s=   1.9 on_road=True
t= 113.1s (  435.78, -644.80) speed= 5.05m/s road1239 s=   7.4 on_road=True
t= 114.1s (  438.78, -641.31) speed= 5.29m/s road1239 s=  12.0 on_road=True
t= 115.1s (  442.45, -637.08) speed= 5.01m/s road1239 s=  17.6 on_road=True
t= 116.1s (  445.62, -633.63) speed= 5.20m/s road1239 s=  22.3 on_road=True
t= 117.1s (  449.65, -629.74) speed= 4.75m/s road1239 s=  27.8 on_road=True
t= 118.1s (  453.21, -626.79) speed= 5.18m/s road1239 s=  32.3 on_road=True
t= 119.1s (  457.68, -623.57) speed= 4.40m/s road1239 s=  37.6 on_road=True
t= 120.1s (  461.52, -620.97) speed= 5.19m/s road1239 s=  42.3 on_road=True
t= 121.1s (  466.10, -617.97) speed= 4.30m/s road1239 s=  47.7 on_road=True
[전이] t= 121.75s road1426 커넥터 speed= 5.13m/s limit=30km/h
t= 122.1s (  470.09, -615.46) speed= 5.20m/s road1426 s=   1.8 on_road=True
t= 123.1s (  474.76, -612.76) speed= 4.07m/s road1426 s=   7.1 on_road=True
[전이] t= 123.15s road1422 커넥터 speed= 4.07m/s limit=30km/h
[전이] t= 123.25s road1424 커넥터 speed= 4.21m/s limit=30km/h
[전이] t= 123.35s road1426 커넥터 speed= 4.40m/s limit=30km/h
t= 124.1s (  478.96, -610.47) speed= 5.51m/s road1426 s=  11.9 on_road=True
t= 125.1s (  483.69, -608.02) speed= 6.26m/s road1426 s=  17.2 on_road=True
[전이] t= 125.10s road1238 일반 speed= 6.30m/s limit=30km/h
t= 126.1s (  488.15, -605.72) speed= 4.29m/s road1238 s=   4.7 on_road=True
t= 127.1s (  492.75, -603.36) speed= 6.36m/s road1238 s=   9.9 on_road=True
t= 128.1s (  497.18, -601.09) speed= 4.42m/s road1238 s=  14.9 on_road=True
t= 129.1s (  501.89, -598.68) speed= 6.29m/s road1238 s=  20.2 on_road=True
t= 130.1s (  506.20, -596.47) speed= 4.49m/s road1238 s=  25.0 on_road=True
t= 131.1s (  510.99, -594.08) speed= 6.15m/s road1238 s=  30.4 on_road=True
[전이] t= 131.90s road1564 커넥터 speed= 4.53m/s limit=30km/h
t= 132.1s (  515.61, -592.54) speed= 4.80m/s road1564 s=   0.9 on_road=True
[전이] t= 132.65s road1561 커넥터 speed= 5.36m/s limit=30km/h
t= 133.1s (  520.79, -592.92) speed= 5.41m/s road1561 s=  10.1 on_road=True
[전이] t= 133.30s road1558 커넥터 speed= 5.16m/s limit=30km/h
[전이] t= 133.90s road1559 커넥터 speed= 5.21m/s limit=30km/h
t= 134.1s (  525.24, -595.67) speed= 4.39m/s road1559 s=   5.0 on_road=True
[전이] t= 134.70s road1278 일반 speed= 5.16m/s limit=30km/h
t= 135.1s (  528.61, -599.23) speed= 5.71m/s road1278 s=   2.7 on_road=True
t= 136.1s (  531.87, -603.30) speed= 4.13m/s road1278 s=   7.9 on_road=True
t= 137.1s (  534.81, -607.27) speed= 5.99m/s road1278 s=  12.8 on_road=True
t= 138.1s (  537.79, -611.45) speed= 4.23m/s road1278 s=  18.0 on_road=True
t= 139.1s (  540.70, -615.58) speed= 6.24m/s road1278 s=  23.0 on_road=True
t= 140.1s (  543.58, -619.72) speed= 4.37m/s road1278 s=  28.1 on_road=True
t= 141.1s (  546.51, -623.95) speed= 5.78m/s road1278 s=  33.2 on_road=True
t= 142.1s (  549.49, -628.24) speed= 4.29m/s road1278 s=  38.4 on_road=True
t= 143.1s (  552.43, -632.47) speed= 6.37m/s road1278 s=  43.6 on_road=True
t= 144.1s (  555.32, -636.64) speed= 4.31m/s road1278 s=  48.6 on_road=True
t= 145.1s (  558.28, -640.91) speed= 6.26m/s road1278 s=  53.8 on_road=True
t= 146.1s (  561.11, -645.00) speed= 4.40m/s road1278 s=  58.8 on_road=True
t= 147.1s (  564.10, -649.32) speed= 6.28m/s road1278 s=  64.1 on_road=True
t= 148.1s (  566.94, -653.41) speed= 4.41m/s road1278 s=  69.0 on_road=True
t= 149.1s (  569.95, -657.76) speed= 6.28m/s road1278 s=  74.3 on_road=True
t= 150.1s (  572.72, -661.76) speed= 4.50m/s road1278 s=  79.2 on_road=True
t= 151.1s (  575.74, -666.12) speed= 6.26m/s road1278 s=  84.5 on_road=True
t= 152.1s (  578.58, -670.22) speed= 4.56m/s road1278 s=  89.5 on_road=True
t= 153.1s (  581.60, -674.57) speed= 6.25m/s road1278 s=  94.8 on_road=True
완주: t=153.2s 종점까지 4.97m

=== 요약 ===
결과: 완주
주행 시간(시뮬): 153.2s
계획 이탈 기록: t=31.45s road1915 는 계획의 현재/다음 road 가 아님(비치명, 계속 주행)

=== 계획 vs 실제 road 시퀀스 ===
 0 계획 1247  실제 1247 
 1 계획 1914  실제 1915   <-- 불일치
 2 계획 1356  실제 1247   <-- 불일치
 3 계획 1917  실제 1914   <-- 불일치
 4 계획 1355  실제 1356   <-- 불일치
 5 계획 1446  실제 1917   <-- 불일치
 6 계획 1172  실제 1916   <-- 불일치
 7 계획 1428  실제 1355   <-- 불일치
 8 계획 1240  실제 1449   <-- 불일치
 9 계획 1695  실제 1355   <-- 불일치
10 계획 1239  실제 1446   <-- 불일치
11 계획 1426  실제 1172   <-- 불일치
12 계획 1238  실제 1445   <-- 불일치
13 계획 1564  실제 1172   <-- 불일치
14 계획 1278  실제 1429   <-- 불일치
15 계획 -     실제 1434   <-- 불일치
16 계획 -     실제 1431   <-- 불일치
17 계획 -     실제 1428   <-- 불일치
18 계획 -     실제 1432   <-- 불일치
19 계획 -     실제 1240   <-- 불일치
20 계획 -     실제 1696   <-- 불일치
21 계획 -     실제 1695   <-- 불일치
22 계획 -     실제 1239   <-- 불일치
23 계획 -     실제 1426   <-- 불일치
24 계획 -     실제 1422   <-- 불일치
25 계획 -     실제 1424   <-- 불일치
26 계획 -     실제 1426   <-- 불일치
27 계획 -     실제 1238   <-- 불일치
28 계획 -     실제 1564   <-- 불일치
29 계획 -     실제 1561   <-- 불일치
30 계획 -     실제 1558   <-- 불일치
31 계획 -     실제 1559   <-- 불일치
32 계획 -     실제 1278   <-- 불일치
첫 불일치 위치: 1번째 (계획 1914 / 실제 1915)
junction 통과(커넥터 road 를 실제로 밟았는지):
junction1   (r1914): 통과
junction107 (r1917): 통과
junction42  (r1446): 통과
junction10  (r1428): 통과
junction60  (r1695): 통과
junction84  (r1426): 통과
junction36  (r1564): 통과
junction2(출발 전), junction35(종점 밖)는 통과 대상 아님

=== 급회전 커넥터 이탈량 (정의: sharp_offset docstring) ===
r1446 (+78.6°): tick 37, 최대|lat| 1.61m, 최대 차체초과 +0.94m(안쪽, s=10.2), on_road False 6tick, 충돌 0건
r1428 (-68.5°): tick 55, 최대|lat| 1.40m, 최대 차체초과 +0.66m(안쪽, s=7.2), on_road False 0tick, 충돌 0건
r1564 (-82.2°): tick 52, 최대|lat| 1.62m, 최대 차체초과 +0.77m(안쪽, s=9.0), on_road False 0tick, 충돌 0건
r1446 진입: t=51.25s speed=5.01m/s(18.0km/h)
r1428 진입: t=78.55s speed=5.23m/s(18.8km/h)
r1564 진입: t=131.90s speed=4.53m/s(16.3km/h)

=== 차체 판정 road 별 (tick 수, 최대 차선밖 꼭짓점) ===
road1247: 인도 22tick, 차선밖꼭짓점 최대 1/4 (1개 이상 25tick), 반대차선(중심) 0tick, (계획 차선 안 0tick), 꼭짓점 침범깊이 최대 0.16m, 메시밖 0tick
road1356: 인도 1tick, 차선밖꼭짓점 최대 1/4 (1개 이상 1tick), 반대차선(중심) 0tick, (계획 차선 안 0tick), 꼭짓점 침범깊이 최대 0.00m, 메시밖 0tick
road1917: 인도 3tick, 차선밖꼭짓점 최대 1/4 (1개 이상 3tick), 반대차선(중심) 0tick, (계획 차선 안 0tick), 꼭짓점 침범깊이 최대 0.00m, 메시밖 0tick
road1355: 인도 1tick, 차선밖꼭짓점 최대 1/4 (1개 이상 1tick), 반대차선(중심) 0tick, (계획 차선 안 0tick), 꼭짓점 침범깊이 최대 0.00m, 메시밖 0tick
road1449: 인도 2tick, 차선밖꼭짓점 최대 1/4 (1개 이상 2tick), 반대차선(중심) 0tick, (계획 차선 안 0tick), 꼭짓점 침범깊이 최대 0.00m, 메시밖 0tick
road1446: 인도 38tick, 차선밖꼭짓점 최대 2/4 (1개 이상 38tick), 반대차선(중심) 0tick, (계획 차선 안 0tick), 꼭짓점 침범깊이 최대 0.00m, 메시밖 2tick
road1172: 인도 13tick, 차선밖꼭짓점 최대 1/4 (1개 이상 13tick), 반대차선(중심) 0tick, (계획 차선 안 0tick), 꼭짓점 침범깊이 최대 0.00m, 메시밖 0tick
road1445: 인도 5tick, 차선밖꼭짓점 최대 1/4 (1개 이상 5tick), 반대차선(중심) 0tick, (계획 차선 안 0tick), 꼭짓점 침범깊이 최대 0.00m, 메시밖 0tick
road1429: 인도 0tick, 차선밖꼭짓점 최대 0/4 (1개 이상 0tick), 반대차선(중심) 0tick, (계획 차선 안 0tick), 꼭짓점 침범깊이 최대 1.97m, 메시밖 0tick
road1434: 인도 0tick, 차선밖꼭짓점 최대 0/4 (1개 이상 0tick), 반대차선(중심) 15tick, (계획 차선 안 15tick), 꼭짓점 침범깊이 최대 2.81m, 메시밖 0tick
road1431: 인도 0tick, 차선밖꼭짓점 최대 0/4 (1개 이상 0tick), 반대차선(중심) 3tick, (계획 차선 안 3tick), 꼭짓점 침범깊이 최대 2.50m, 메시밖 0tick
road1428: 인도 0tick, 차선밖꼭짓점 최대 0/4 (1개 이상 0tick), 반대차선(중심) 0tick, (계획 차선 안 0tick), 꼭짓점 침범깊이 최대 2.32m, 메시밖 0tick
road1432: 인도 0tick, 차선밖꼭짓점 최대 0/4 (1개 이상 0tick), 반대차선(중심) 0tick, (계획 차선 안 0tick), 꼭짓점 침범깊이 최대 1.02m, 메시밖 0tick
road1426: 인도 0tick, 차선밖꼭짓점 최대 0/4 (1개 이상 0tick), 반대차선(중심) 0tick, (계획 차선 안 0tick), 꼭짓점 침범깊이 최대 1.87m, 메시밖 0tick
road1422: 인도 0tick, 차선밖꼭짓점 최대 0/4 (1개 이상 0tick), 반대차선(중심) 0tick, (계획 차선 안 0tick), 꼭짓점 침범깊이 최대 0.97m, 메시밖 0tick
road1424: 인도 0tick, 차선밖꼭짓점 최대 0/4 (1개 이상 0tick), 반대차선(중심) 0tick, (계획 차선 안 0tick), 꼭짓점 침범깊이 최대 1.03m, 메시밖 0tick
road1238: 인도 0tick, 차선밖꼭짓점 최대 0/4 (1개 이상 0tick), 반대차선(중심) 0tick, (계획 차선 안 0tick), 꼭짓점 침범깊이 최대 2.56m, 메시밖 0tick
road1564: 인도 0tick, 차선밖꼭짓점 최대 0/4 (1개 이상 0tick), 반대차선(중심) 0tick, (계획 차선 안 0tick), 꼭짓점 침범깊이 최대 1.88m, 메시밖 0tick
road1561: 인도 0tick, 차선밖꼭짓점 최대 0/4 (1개 이상 0tick), 반대차선(중심) 11tick, (계획 차선 안 11tick), 꼭짓점 침범깊이 최대 2.84m, 메시밖 0tick
road1558: 인도 0tick, 차선밖꼭짓점 최대 0/4 (1개 이상 0tick), 반대차선(중심) 5tick, (계획 차선 안 5tick), 꼭짓점 침범깊이 최대 2.52m, 메시밖 0tick
road1559: 인도 0tick, 차선밖꼭짓점 최대 0/4 (1개 이상 0tick), 반대차선(중심) 0tick, (계획 차선 안 0tick), 꼭짓점 침범깊이 최대 1.98m, 메시밖 0tick
road1278: 인도 0tick, 차선밖꼭짓점 최대 0/4 (1개 이상 0tick), 반대차선(중심) 0tick, (계획 차선 안 0tick), 꼭짓점 침범깊이 최대 0.87m, 메시밖 0tick
(목록에 없는 road 는 전부 0)
follow=on
궤적 로그: /home/gm/campus_mobility_sim/map/docs/logs/drive_log_20260925_113316.csv
충돌 센서(actor_id=28) 제거함
정상 종료 - 차량(actor_id=27) 브레이크 유지로 남겨둠
[동기모드] 복귀: synchronous_mode=False fixed_delta_seconds=None
