map_sha256=bf835cdfad0cea65 (cbnu_internal_only_localtm_tags73_smooth.xodr)
route=yangseong: 17 road [1247, 1914, 1356, 1917, 1355, 1446, 1172, 1427, 1127, 1699, 1126, 1726, 1125, 1733, 1124, 1826, 1123]
  종점 road1123 lane-1 s=22.0 (완주 s>=21.0 이고 종점 5m 이내) - 양성재(서문) 앞(건물 외곽선 45.7m)
  커넥터 {1914: 1, 1917: 107, 1446: 42, 1427: 10, 1699: 9, 1726: 8, 1733: 7, 1826: 6}, 급회전 {1446: 78.4}
controller=agent, 동기모드=켬 0.05s
conn_spacing=4.0m(전 구간), sharp_speed=없음
follow=on(뒤 8m, 위 4m, 매 tick)
맵: Carla/Maps/OpenDriveMap, spawn point 1243개
server_map_sha256=bf835cdfad0cea65 (파일과 일치)
기존 차량 액터 제거: [27]
spawn: Location(x=217.845581, y=-1087.414185, z=0.500000) road1247 lane-1 s=0.00
계획 CSV: /home/gyumin/campus_mobility_sim/map/docs/logs/drive_plan_20261002_014752.csv
계획 웨이포인트 총 168개
road   kind  n  s범위          최대간격(m)
1247   road  39 1.96~151.01  4.38
1914   conn  2  1.07~3.22  2.93
1356   road  10 1.85~35.20  4.0
1917   conn  1  1.48~1.48  2.07
1355   road  15 1.87~54.20  4.13
1446   conn  4  1.74~12.17  3.33
1172   road  30 1.98~117.07  3.97
1427   conn  4  1.99~13.94  3.98
1127   road  6  1.69~18.62  3.69
1699   conn  4  1.88~13.17  3.85
1126   road  16 1.88~58.16  3.77
1726   conn  4  1.94~13.57  3.88
1125   road  15 1.96~56.97  3.93
1733   conn  5  1.69~15.22  3.66
1124   road  3  1.74~8.72  3.5
1826   conn  4  1.99~13.96  4.35
1123   road  6  1.83~20.17  4.1
커넥터 안쪽 점: 28개 / 점 없는 커넥터: 없음
전체 최대 간격 4.38m, 평균 3.80m
인접 road 연결 확인: 16쌍 모두 next() 로 이어짐
판정: record(세션19, 종료/기록 분리)
궤적 로그(tick마다 기록): /home/gyumin/campus_mobility_sim/map/docs/logs/drive_log_20261002_014752.csv
차량 스폰: actor_id=29
bounding box: half_length=1.853m half_width=0.894m half_height=0.775m -> /home/gyumin/campus_mobility_sim/map/docs/logs/vehicle_bbox_20261002_014752.txt
충돌 센서 부착: actor_id=30 -> /home/gyumin/campus_mobility_sim/map/docs/logs/collision_events_20261002_014752.csv
BasicAgent set_global_plan 168점, target_speed=20.0km/h, dt=0.05
[동기모드] 전환 전: synchronous_mode=False fixed_delta_seconds=None
[동기모드] 전환 후: synchronous_mode=True fixed_delta_seconds=0.05
[전이] t=   0.05s road1247 일반 speed= 0.03m/s limit=30km/h
t=   0.1s (  217.85,-1087.41) speed= 0.03m/s road1247 s=   0.0 on_road=True
t=   1.1s (  217.86,-1087.09) speed= 1.59m/s road1247 s=   0.3 on_road=True
t=   2.1s (  218.00,-1084.35) speed= 3.86m/s road1247 s=   3.1 on_road=True
t=   3.1s (  218.23,-1079.51) speed= 5.41m/s road1247 s=   7.9 on_road=True
t=   4.1s (  218.50,-1074.09) speed= 4.30m/s road1247 s=  13.3 on_road=True
t=   5.1s (  218.73,-1069.18) speed= 5.33m/s road1247 s=  18.3 on_road=True
t=   6.1s (  219.00,-1063.72) speed= 4.32m/s road1247 s=  23.7 on_road=True
t=   7.1s (  219.24,-1058.88) speed= 5.37m/s road1247 s=  28.6 on_road=True
t=   8.1s (  219.50,-1053.36) speed= 4.61m/s road1247 s=  34.1 on_road=True
t=   9.1s (  219.74,-1048.55) speed= 5.36m/s road1247 s=  38.9 on_road=True
[tick 대조] fixed_delta=0.05 delta_seconds=0.0500 시뮬경과/프레임=0.0500s 벽시계 161.2 tick/s (프레임 200)
t=  10.1s (  220.02,-1043.08) speed= 4.26m/s road1247 s=  44.4 on_road=True
t=  11.1s (  220.31,-1038.38) speed= 5.31m/s road1247 s=  49.1 on_road=True
t=  12.1s (  220.72,-1032.97) speed= 4.16m/s road1247 s=  54.5 on_road=True
t=  13.1s (  221.14,-1028.21) speed= 5.31m/s road1247 s=  59.2 on_road=True
t=  14.1s (  221.68,-1022.89) speed= 4.07m/s road1247 s=  64.6 on_road=True
t=  15.1s (  222.19,-1018.09) speed= 5.32m/s road1247 s=  69.4 on_road=True
t=  16.1s (  222.86,-1012.83) speed= 4.12m/s road1247 s=  74.7 on_road=True
t=  17.1s (  223.92,-1008.04) speed= 5.37m/s road1247 s=  79.5 on_road=True
t=  18.1s (  225.66,-1002.89) speed= 4.18m/s road1247 s=  84.7 on_road=True
t=  19.1s (  227.50, -998.45) speed= 5.25m/s road1247 s=  89.5 on_road=True
t=  20.1s (  230.25, -993.94) speed= 4.16m/s road1247 s=  94.7 on_road=True
t=  21.1s (  233.49, -990.28) speed= 5.73m/s road1247 s=  99.2 on_road=True
t=  22.1s (  237.33, -986.75) speed= 4.14m/s road1247 s= 104.4 on_road=True
t=  23.1s (  241.10, -983.55) speed= 6.02m/s road1247 s= 109.4 on_road=True
t=  24.1s (  245.07, -980.29) speed= 4.30m/s road1247 s= 114.5 on_road=True
t=  25.1s (  249.02, -977.10) speed= 5.56m/s road1247 s= 119.6 on_road=True
t=  26.1s (  253.12, -973.80) speed= 4.25m/s road1247 s= 124.9 on_road=True
t=  27.1s (  257.08, -970.65) speed= 6.18m/s road1247 s= 129.9 on_road=True
t=  28.1s (  261.08, -967.52) speed= 4.33m/s road1247 s= 134.9 on_road=True
t=  29.1s (  265.19, -964.32) speed= 6.26m/s road1247 s= 140.1 on_road=True
t=  30.1s (  269.13, -961.31) speed= 4.40m/s road1247 s= 145.1 on_road=True
t=  31.1s (  273.29, -958.09) speed= 6.22m/s road1247 s= 150.4 on_road=True
[전이] t=  31.40s road1915 커넥터 speed= 5.16m/s limit=30km/h
[계획 이탈] t=31.40s road1915 는 계획의 현재/다음 road 가 아님(비치명, 계속 주행)
[전이] t=  31.50s road1247 일반 speed= 5.09m/s limit=30km/h
[전이] t=  31.55s road1914 커넥터 speed= 4.92m/s limit=30km/h
t=  32.1s (  277.08, -954.99) speed= 4.52m/s road1914 s=   2.5 on_road=True
[전이] t=  32.45s road1356 일반 speed= 5.30m/s limit=30km/h
t=  33.1s (  281.23, -951.57) speed= 6.10m/s road1356 s=   3.4 on_road=True
t=  34.1s (  285.01, -948.62) speed= 4.60m/s road1356 s=   8.2 on_road=True
t=  35.1s (  289.52, -945.63) speed= 5.97m/s road1356 s=  13.4 on_road=True
t=  36.1s (  293.58, -943.19) speed= 4.71m/s road1356 s=  18.1 on_road=True
t=  37.1s (  298.29, -940.48) speed= 5.71m/s road1356 s=  23.5 on_road=True
t=  38.1s (  302.38, -938.17) speed= 4.90m/s road1356 s=  28.2 on_road=True
t=  39.1s (  307.01, -935.05) speed= 5.50m/s road1356 s=  33.8 on_road=True
[전이] t=  39.60s road1917 커넥터 speed= 4.23m/s limit=30km/h
t=  40.1s (  310.55, -932.05) speed= 4.95m/s road1917 s=   2.9 on_road=True
[전이] t=  40.10s road1916 커넥터 speed= 5.06m/s limit=30km/h
[전이] t=  40.35s road1355 일반 speed= 5.15m/s limit=30km/h
t=  41.1s (  314.90, -928.65) speed= 5.21m/s road1355 s=   4.6 on_road=True
t=  42.1s (  318.62, -925.85) speed= 5.17m/s road1355 s=   9.3 on_road=True
t=  43.1s (  323.13, -922.52) speed= 5.02m/s road1355 s=  14.9 on_road=True
t=  44.1s (  326.84, -919.81) speed= 5.29m/s road1355 s=  19.5 on_road=True
t=  45.1s (  331.38, -916.50) speed= 5.14m/s road1355 s=  25.1 on_road=True
t=  46.1s (  335.09, -913.80) speed= 5.29m/s road1355 s=  29.7 on_road=True
t=  47.1s (  339.64, -910.49) speed= 5.05m/s road1355 s=  35.3 on_road=True
t=  48.1s (  343.41, -907.76) speed= 5.39m/s road1355 s=  40.0 on_road=True
t=  49.1s (  347.94, -904.49) speed= 5.08m/s road1355 s=  45.6 on_road=True
t=  50.1s (  351.70, -901.75) speed= 5.11m/s road1355 s=  50.2 on_road=True
[전이] t=  50.95s road1449 커넥터 speed= 5.01m/s limit=30km/h
t=  51.1s (  355.79, -898.10) speed= 4.55m/s road1449 s=   0.1 on_road=True
[전이] t=  51.10s road1355 일반 speed= 4.26m/s limit=30km/h
[전이] t=  51.15s road1446 커넥터 speed= 4.11m/s limit=30km/h
t=  52.1s (  357.58, -894.01) speed= 5.13m/s road1446 s=   6.2 on_road=False
t=  53.1s (  357.09, -888.60) speed= 6.29m/s road1446 s=  13.6 on_road=True
[전이] t=  53.10s road1172 일반 speed= 6.22m/s limit=30km/h
[전이] t=  53.15s road1445 커넥터 speed= 6.18m/s limit=30km/h
[전이] t=  53.35s road1172 일반 speed= 5.31m/s limit=30km/h
t=  54.1s (  355.66, -883.92) speed= 4.48m/s road1172 s=   4.7 on_road=True
t=  55.1s (  353.72, -878.93) speed= 6.08m/s road1172 s=  10.0 on_road=True
t=  56.1s (  351.83, -874.52) speed= 4.60m/s road1172 s=  14.8 on_road=True
t=  57.1s (  349.63, -869.56) speed= 5.95m/s road1172 s=  20.2 on_road=True
t=  58.1s (  347.68, -865.22) speed= 4.73m/s road1172 s=  25.0 on_road=True
t=  59.1s (  345.40, -860.21) speed= 5.75m/s road1172 s=  30.5 on_road=True
--- 메모리 측정(주행중(차량1대+BasicAgent, 동기 20Hz)) ---
total        used        free      shared  buff/cache   available
Mem:            12Gi       8.5Gi       3.7Gi        35Mi       596Mi       3.9Gi
Swap:          8.0Gi       1.1Gi       6.9Gi
gtt_used: 1868546048 bytes (1.74GiB)
t=  60.1s (  343.46, -855.97) speed= 4.80m/s road1172 s=  35.2 on_road=True
t=  61.1s (  341.14, -850.93) speed= 5.60m/s road1172 s=  40.7 on_road=True
t=  62.1s (  339.19, -846.68) speed= 4.93m/s road1172 s=  45.4 on_road=True
t=  63.1s (  336.86, -841.60) speed= 5.35m/s road1172 s=  51.0 on_road=True
t=  64.1s (  334.93, -837.42) speed= 5.01m/s road1172 s=  55.6 on_road=True
t=  65.1s (  332.59, -832.33) speed= 5.25m/s road1172 s=  61.2 on_road=True
t=  66.1s (  330.66, -828.12) speed= 5.13m/s road1172 s=  65.8 on_road=True
t=  67.1s (  328.30, -823.00) speed= 5.53m/s road1172 s=  71.4 on_road=True
t=  68.1s (  326.36, -818.77) speed= 4.96m/s road1172 s=  76.1 on_road=True
t=  69.1s (  324.02, -813.69) speed= 5.36m/s road1172 s=  81.7 on_road=True
t=  70.1s (  322.09, -809.50) speed= 5.01m/s road1172 s=  86.3 on_road=True
t=  71.1s (  319.75, -804.42) speed= 5.24m/s road1172 s=  91.9 on_road=True
t=  72.1s (  317.81, -800.20) speed= 5.16m/s road1172 s=  96.5 on_road=True
t=  73.1s (  315.46, -795.09) speed= 5.67m/s road1172 s= 102.2 on_road=True
t=  74.1s (  313.50, -790.82) speed= 4.95m/s road1172 s= 106.9 on_road=True
t=  75.1s (  311.16, -785.74) speed= 5.64m/s road1172 s= 112.5 on_road=True
t=  76.1s (  309.21, -781.52) speed= 4.92m/s road1172 s= 117.1 on_road=True
[전이] t=  76.45s road1427 커넥터 speed= 5.28m/s limit=30km/h
t=  77.1s (  306.85, -776.49) speed= 5.35m/s road1427 s=   3.6 on_road=True
t=  78.1s (  304.85, -772.34) speed= 5.01m/s road1427 s=   8.2 on_road=True
t=  79.1s (  302.40, -767.33) speed= 5.23m/s road1427 s=  13.8 on_road=True
[전이] t=  79.50s road1127 일반 speed= 4.13m/s limit=30km/h
t=  80.1s (  300.36, -763.18) speed= 5.14m/s road1127 s=   2.5 on_road=True
t=  81.1s (  297.87, -758.16) speed= 5.18m/s road1127 s=   8.1 on_road=True
t=  82.1s (  295.78, -753.94) speed= 5.22m/s road1127 s=  12.8 on_road=True
t=  83.1s (  293.29, -748.91) speed= 5.19m/s road1127 s=  18.5 on_road=True
[전이] t=  83.45s road1698 커넥터 speed= 4.23m/s limit=30km/h
[전이] t=  83.50s road1699 커넥터 speed= 4.24m/s limit=30km/h
t=  84.1s (  291.22, -744.68) speed= 5.27m/s road1699 s=   2.9 on_road=True
[전이] t=  84.90s road1703 커넥터 speed= 5.35m/s limit=30km/h
[전이] t=  85.00s road1701 커넥터 speed= 5.04m/s limit=30km/h
t=  85.1s (  288.91, -739.61) speed= 5.06m/s road1701 s=   6.3 on_road=True
[전이] t=  85.10s road1699 커넥터 speed= 5.04m/s limit=30km/h
t=  86.1s (  287.13, -735.38) speed= 5.16m/s road1699 s=  12.9 on_road=True
[전이] t=  86.50s road1126 일반 speed= 6.22m/s limit=30km/h
t=  87.1s (  285.07, -730.27) speed= 5.05m/s road1126 s=   3.3 on_road=True
t=  88.1s (  283.32, -725.95) speed= 5.30m/s road1126 s=   8.0 on_road=True
t=  89.1s (  280.98, -720.62) speed= 5.31m/s road1126 s=  13.9 on_road=True
t=  90.1s (  279.07, -716.42) speed= 5.20m/s road1126 s=  18.6 on_road=True
t=  91.1s (  276.73, -711.39) speed= 4.92m/s road1126 s=  24.1 on_road=True
t=  92.1s (  274.75, -707.17) speed= 5.22m/s road1126 s=  28.8 on_road=True
t=  93.1s (  272.40, -702.17) speed= 4.48m/s road1126 s=  34.3 on_road=True
t=  94.1s (  270.40, -697.95) speed= 5.31m/s road1126 s=  39.0 on_road=True
t=  95.1s (  268.02, -692.91) speed= 4.81m/s road1126 s=  44.5 on_road=True
t=  96.1s (  265.98, -688.59) speed= 5.33m/s road1126 s=  49.3 on_road=True
t=  97.1s (  263.59, -683.54) speed= 5.05m/s road1126 s=  54.9 on_road=True
t=  98.1s (  261.63, -679.39) speed= 5.17m/s road1126 s=  59.5 on_road=True
[전이] t=  98.20s road1726 커넥터 speed= 5.35m/s limit=30km/h
t=  99.1s (  259.20, -674.25) speed= 5.10m/s road1726 s=   5.1 on_road=True
t= 100.1s (  257.22, -670.09) speed= 5.21m/s road1726 s=   9.8 on_road=True
t= 101.1s (  254.82, -665.01) speed= 5.09m/s road1726 s=  15.4 on_road=True
[전이] t= 101.10s road1125 일반 speed= 5.06m/s limit=30km/h
t= 102.1s (  252.83, -660.80) speed= 5.21m/s road1125 s=   4.5 on_road=True
t= 103.1s (  250.43, -655.73) speed= 5.99m/s road1125 s=  10.1 on_road=True
t= 104.1s (  248.41, -651.46) speed= 4.72m/s road1125 s=  14.9 on_road=True
t= 105.1s (  246.07, -646.53) speed= 6.15m/s road1125 s=  20.3 on_road=True
t= 106.1s (  244.00, -642.13) speed= 4.64m/s road1125 s=  25.2 on_road=True
t= 107.1s (  241.74, -637.37) speed= 6.15m/s road1125 s=  30.4 on_road=True
t= 108.1s (  239.52, -632.68) speed= 4.23m/s road1125 s=  35.6 on_road=True
t= 109.1s (  237.36, -628.12) speed= 5.43m/s road1125 s=  40.7 on_road=True
t= 110.1s (  235.10, -623.35) speed= 4.21m/s road1125 s=  46.0 on_road=True
t= 111.1s (  232.96, -618.82) speed= 5.54m/s road1125 s=  51.0 on_road=True
t= 112.1s (  230.72, -614.07) speed= 4.16m/s road1125 s=  56.2 on_road=True
[전이] t= 112.65s road1733 커넥터 speed= 5.36m/s limit=30km/h
t= 113.1s (  228.58, -609.57) speed= 5.45m/s road1733 s=   2.3 on_road=True
t= 114.1s (  226.29, -604.72) speed= 4.20m/s road1733 s=   7.6 on_road=True
t= 115.1s (  224.21, -600.33) speed= 5.29m/s road1733 s=  12.5 on_road=True
[전이] t= 115.60s road1737 커넥터 speed= 5.25m/s limit=30km/h
[전이] t= 115.85s road1124 일반 speed= 4.51m/s limit=30km/h
[전이] t= 115.95s road1736 커넥터 speed= 4.13m/s limit=30km/h
[전이] t= 116.00s road1124 일반 speed= 4.08m/s limit=30km/h
t= 116.1s (  221.91, -595.57) speed= 4.10m/s road1124 s=   0.9 on_road=True
t= 117.1s (  219.72, -591.20) speed= 5.49m/s road1124 s=   5.8 on_road=True
[전이] t= 117.75s road1827 커넥터 speed= 4.92m/s limit=30km/h
[전이] t= 117.85s road1124 일반 speed= 4.31m/s limit=30km/h
[전이] t= 117.95s road1825 커넥터 speed= 4.13m/s limit=30km/h
t= 118.1s (  217.24, -586.57) speed= 4.19m/s road1825 s=   0.6 on_road=True
[전이] t= 118.50s road1826 커넥터 speed= 5.05m/s limit=30km/h
t= 119.1s (  214.96, -582.11) speed= 6.04m/s road1826 s=   5.7 on_road=True
[전이] t= 119.35s road1831 커넥터 speed= 5.81m/s limit=30km/h
[전이] t= 119.50s road1829 커넥터 speed= 5.22m/s limit=30km/h
[전이] t= 119.75s road1826 커넥터 speed= 4.47m/s limit=30km/h
t= 120.1s (  213.29, -577.25) speed= 4.21m/s road1826 s=  10.6 on_road=True
t= 121.1s (  212.31, -572.30) speed= 6.24m/s road1826 s=  15.4 on_road=True
[전이] t= 121.15s road1123 일반 speed= 6.20m/s limit=30km/h
t= 122.1s (  211.69, -567.30) speed= 4.32m/s road1123 s=   4.4 on_road=True
t= 123.1s (  211.54, -562.15) speed= 6.23m/s road1123 s=   9.6 on_road=True
t= 124.1s (  212.30, -557.34) speed= 4.36m/s road1123 s=  14.2 on_road=True
t= 125.1s (  213.56, -552.26) speed= 6.27m/s road1123 s=  19.2 on_road=True
[계획 소진] t=125.15s 완주 전에 계획 웨이포인트가 모두 소진됨(이후 제동, 정체 조건으로 판정)
완주: t=125.4s 종점까지 0.97m

=== 요약 ===
route: yangseong (종점 road1123 s=22.0)
결과: 완주
주행 시간(시뮬): 125.4s
계획 이탈 기록: t=31.40s road1915 는 계획의 현재/다음 road 가 아님(비치명, 계속 주행)

=== 계획 vs 실제 road 시퀀스 ===
 0 계획 1247  실제 1247 
 1 계획 1914  실제 1915   <-- 불일치
 2 계획 1356  실제 1247   <-- 불일치
 3 계획 1917  실제 1914   <-- 불일치
 4 계획 1355  실제 1356   <-- 불일치
 5 계획 1446  실제 1917   <-- 불일치
 6 계획 1172  실제 1916   <-- 불일치
 7 계획 1427  실제 1355   <-- 불일치
 8 계획 1127  실제 1449   <-- 불일치
 9 계획 1699  실제 1355   <-- 불일치
10 계획 1126  실제 1446   <-- 불일치
11 계획 1726  실제 1172   <-- 불일치
12 계획 1125  실제 1445   <-- 불일치
13 계획 1733  실제 1172   <-- 불일치
14 계획 1124  실제 1427   <-- 불일치
15 계획 1826  실제 1127   <-- 불일치
16 계획 1123  실제 1698   <-- 불일치
17 계획 -     실제 1699   <-- 불일치
18 계획 -     실제 1703   <-- 불일치
19 계획 -     실제 1701   <-- 불일치
20 계획 -     실제 1699   <-- 불일치
21 계획 -     실제 1126   <-- 불일치
22 계획 -     실제 1726   <-- 불일치
23 계획 -     실제 1125   <-- 불일치
24 계획 -     실제 1733   <-- 불일치
25 계획 -     실제 1737   <-- 불일치
26 계획 -     실제 1124   <-- 불일치
27 계획 -     실제 1736   <-- 불일치
28 계획 -     실제 1124   <-- 불일치
29 계획 -     실제 1827   <-- 불일치
30 계획 -     실제 1124   <-- 불일치
31 계획 -     실제 1825   <-- 불일치
32 계획 -     실제 1826   <-- 불일치
33 계획 -     실제 1831   <-- 불일치
34 계획 -     실제 1829   <-- 불일치
35 계획 -     실제 1826   <-- 불일치
36 계획 -     실제 1123   <-- 불일치
첫 불일치 위치: 1번째 (계획 1914 / 실제 1915)
junction 통과(커넥터 road 를 실제로 밟았는지):
junction1   (r1914): 통과
junction107 (r1917): 통과
junction42  (r1446): 통과
junction10  (r1427): 통과
junction9   (r1699): 통과
junction8   (r1726): 통과
junction7   (r1733): 통과
junction6   (r1826): 통과
junction2(출발 전), junction35(종점 밖)는 통과 대상 아님

=== 급회전 커넥터 이탈량 (정의: sharp_offset docstring) ===
r1446 (+78.4°): tick 37, 최대|lat| 1.67m, 최대 차체초과 +0.99m(안쪽, s=10.2), on_road False 10tick, 충돌 0건
r1446 진입: t=51.15s speed=4.11m/s(14.8km/h)

=== 차체 판정 road 별 (tick 수, 최대 차선밖 꼭짓점) ===
road1247: 인도 22tick, 차선밖꼭짓점 최대 1/4 (1개 이상 24tick), 반대차선(중심) 0tick, (계획 차선 안 0tick), 꼭짓점 침범깊이 최대 0.16m, 메시밖 0tick
road1356: 인도 2tick, 차선밖꼭짓점 최대 1/4 (1개 이상 2tick), 반대차선(중심) 0tick, (계획 차선 안 0tick), 꼭짓점 침범깊이 최대 0.00m, 메시밖 0tick
road1917: 인도 3tick, 차선밖꼭짓점 최대 1/4 (1개 이상 3tick), 반대차선(중심) 0tick, (계획 차선 안 0tick), 꼭짓점 침범깊이 최대 0.00m, 메시밖 0tick
road1355: 인도 1tick, 차선밖꼭짓점 최대 1/4 (1개 이상 1tick), 반대차선(중심) 0tick, (계획 차선 안 0tick), 꼭짓점 침범깊이 최대 0.00m, 메시밖 0tick
road1449: 인도 1tick, 차선밖꼭짓점 최대 1/4 (1개 이상 1tick), 반대차선(중심) 0tick, (계획 차선 안 0tick), 꼭짓점 침범깊이 최대 0.00m, 메시밖 0tick
road1446: 인도 39tick, 차선밖꼭짓점 최대 2/4 (1개 이상 39tick), 반대차선(중심) 0tick, (계획 차선 안 0tick), 꼭짓점 침범깊이 최대 0.00m, 메시밖 0tick
road1172: 인도 14tick, 차선밖꼭짓점 최대 1/4 (1개 이상 14tick), 반대차선(중심) 0tick, (계획 차선 안 0tick), 꼭짓점 침범깊이 최대 0.00m, 메시밖 0tick
road1445: 인도 4tick, 차선밖꼭짓점 최대 1/4 (1개 이상 4tick), 반대차선(중심) 0tick, (계획 차선 안 0tick), 꼭짓점 침범깊이 최대 0.00m, 메시밖 0tick
road1699: 인도 0tick, 차선밖꼭짓점 최대 0/4 (1개 이상 0tick), 반대차선(중심) 0tick, (계획 차선 안 0tick), 꼭짓점 침범깊이 최대 1.80m, 메시밖 0tick
road1703: 인도 0tick, 차선밖꼭짓점 최대 0/4 (1개 이상 0tick), 반대차선(중심) 0tick, (계획 차선 안 0tick), 꼭짓점 침범깊이 최대 1.40m, 메시밖 0tick
road1701: 인도 0tick, 차선밖꼭짓점 최대 0/4 (1개 이상 0tick), 반대차선(중심) 0tick, (계획 차선 안 0tick), 꼭짓점 침범깊이 최대 1.27m, 메시밖 0tick
road1726: 인도 0tick, 차선밖꼭짓점 최대 0/4 (1개 이상 0tick), 반대차선(중심) 0tick, (계획 차선 안 0tick), 꼭짓점 침범깊이 최대 1.59m, 메시밖 0tick
road1733: 인도 0tick, 차선밖꼭짓점 최대 0/4 (1개 이상 0tick), 반대차선(중심) 0tick, (계획 차선 안 0tick), 꼭짓점 침범깊이 최대 2.54m, 메시밖 0tick
road1826: 인도 0tick, 차선밖꼭짓점 최대 0/4 (1개 이상 0tick), 반대차선(중심) 0tick, (계획 차선 안 0tick), 꼭짓점 침범깊이 최대 2.41m, 메시밖 0tick
road1831: 인도 0tick, 차선밖꼭짓점 최대 0/4 (1개 이상 0tick), 반대차선(중심) 0tick, (계획 차선 안 0tick), 꼭짓점 침범깊이 최대 1.82m, 메시밖 0tick
road1829: 인도 0tick, 차선밖꼭짓점 최대 0/4 (1개 이상 0tick), 반대차선(중심) 4tick, (계획 차선 안 4tick), 꼭짓점 침범깊이 최대 1.35m, 메시밖 0tick
road1123: 인도 0tick, 차선밖꼭짓점 최대 0/4 (1개 이상 0tick), 반대차선(중심) 0tick, (계획 차선 안 0tick), 꼭짓점 침범깊이 최대 0.14m, 메시밖 0tick
(목록에 없는 road 는 전부 0)

=== 차선 이탈 구간 (차체 기준, 계획 중심선 기준, 세션19) ===
t=19.85~20.85s road1247 -중앙선 쪽 최대 lat -0.92m 차체초과 0.14m 중심초과 0.00m 21tick, 진입 16.7km/h, road 평균R 173.65 R2min 10.28
t=39.40~39.60s road1356 +인도 쪽 최대 lat +0.93m 차체초과 0.15m 중심초과 0.00m 5tick, 진입 16.8km/h, road 평균R 209.60 R2min 13.11
t=51.20~53.50s road1446 +인도 쪽 최대 lat +1.77m 차체초과 0.99m 중심초과 0.09m 47tick, 진입 14.4km/h, road 평균R 10.12 R2min 7.40
t=123.60~124.35s road1123 -중앙선 쪽 최대 lat -0.92m 차체초과 0.14m 중심초과 0.00m 16tick, 진입 16.7km/h, road 평균R 52.40 R2min 10.28
합계 4구간 (중앙선 쪽 2, 인도 쪽 2), 최대 차체초과 0.99m
충돌 누적 0건
판정: record
follow=on
궤적 로그: /home/gyumin/campus_mobility_sim/map/docs/logs/drive_log_20261002_014752.csv
충돌 센서(actor_id=30) 제거함
정상 종료 - 차량(actor_id=29) 브레이크 유지로 남겨둠
[동기모드] 복귀: synchronous_mode=False fixed_delta_seconds=None
